{
  "result": "PASS",
  "cases": [
    {
      "name": "modular: late current notebook edits survive held read, preview, explicit resume and completion",
      "evidence": {
        "heldNativeRead": true,
        "editsAfterPreviewPreserved": true,
        "notebook": {
          "notes": [
            {
              "item": "p1",
              "text": "AFTER-PREVIEW-modular <b>literal</b>\nQuestion p1 retained."
            },
            {
              "item": "p2",
              "text": ""
            },
            {
              "item": "r1",
              "text": ""
            },
            {
              "item": "a1",
              "text": ""
            },
            {
              "item": "x1",
              "text": "AFTER-PREVIEW-x1-modular & distinct ID"
            },
            {
              "item": "g1",
              "text": ""
            }
          ],
          "application": "AFTER-PREVIEW-APPLICATION-modular\nApply = exact current writing."
        },
        "firstAnswers": [
          {
            "item": "p1",
            "choice": 0
          },
          {
            "item": "p2",
            "choice": 1
          },
          {
            "item": "r1",
            "choice": 0
          },
          {
            "item": "a1",
            "choice": 0
          },
          {
            "item": "x1",
            "choice": 0
          },
          {
            "item": "g1",
            "choice": 0
          }
        ],
        "nativeNotes": "b45ea1f7538499fe2327e05ec921399ec81297fb53f96fc131f06d9f459cdd62",
        "nativeTrace": "2d45800af71307c2476e7a4624e43c7b75715989266fcfb07ee1dee228cdf470",
        "notebookExcludedFromTrace": true,
        "width": {
          "document": 1280,
          "viewport": 1280
        }
      },
      "result": "PASS",
      "durationMs": 2015
    },
    {
      "name": "standalone: late current notebook edits survive held read, preview, explicit resume and completion",
      "evidence": {
        "heldNativeRead": true,
        "editsAfterPreviewPreserved": true,
        "notebook": {
          "notes": [
            {
              "item": "p1",
              "text": "AFTER-PREVIEW-standalone <b>literal</b>\nQuestion p1 retained."
            },
            {
              "item": "p2",
              "text": ""
            },
            {
              "item": "r1",
              "text": ""
            },
            {
              "item": "a1",
              "text": ""
            },
            {
              "item": "x1",
              "text": "AFTER-PREVIEW-x1-standalone & distinct ID"
            },
            {
              "item": "g1",
              "text": ""
            }
          ],
          "application": "AFTER-PREVIEW-APPLICATION-standalone\nApply = exact current writing."
        },
        "firstAnswers": [
          {
            "item": "p1",
            "choice": 0
          },
          {
            "item": "p2",
            "choice": 1
          },
          {
            "item": "r1",
            "choice": 0
          },
          {
            "item": "a1",
            "choice": 0
          },
          {
            "item": "x1",
            "choice": 0
          },
          {
            "item": "g1",
            "choice": 0
          }
        ],
        "nativeNotes": "37a6d0f8cb325a0cf47ec2c982e41bcc02fec68c2b0334fae800f000bea0ea5a",
        "nativeTrace": "2a469d84ba32cf76acef5b59dd64d491d1ff63e2d1fd7696246438b53451c4a7",
        "notebookExcludedFromTrace": true,
        "width": {
          "document": 390,
          "viewport": 390
        }
      },
      "result": "PASS",
      "durationMs": 1199
    },
    {
      "name": "Explicit Reset and same-course Start clear writing; equal-state Start fences late native lesson delivery",
      "evidence": {
        "resetClearsWriting": true,
        "stagedPreviewCleared": true,
        "resetThenExplicitResumeDoesNotRecoverClearedWriting": true,
        "sameCourseStartClearsWriting": true,
        "heldDeliveryIgnoredAfterStart": true,
        "equalStateNativeArchivesEqualApartFromTimestamp": true,
        "afterResetAnswers": [
          {
            "item": "p1",
            "choice": 0
          },
          {
            "item": "p2",
            "choice": 1
          },
          {
            "item": "r1",
            "choice": 0
          },
          {
            "item": "a1",
            "choice": 0
          },
          {
            "item": "x1",
            "choice": 0
          },
          {
            "item": "g1",
            "choice": 0
          }
        ],
        "freshAnswers": [
          {
            "item": "p1",
            "choice": 0
          },
          {
            "item": "p2",
            "choice": 0
          },
          {
            "item": "r1",
            "choice": 0
          },
          {
            "item": "a1",
            "choice": 0
          },
          {
            "item": "x1",
            "choice": 0
          },
          {
            "item": "g1",
            "choice": 0
          }
        ],
        "resetNotes": "4a99f74b3ec43fbc18d8a8b6fe89f80ee57354c6095b1043658757f4556d5993",
        "finalNotes": "5a3ec0c2b771f35d5cc065392b3348d88dab2da1e6aafec5e5a48ca18e70367b"
      },
      "result": "PASS",
      "durationMs": 2946
    }
  ],
  "downloads": 10,
  "sourceUnchanged": true,
  "pageErrors": []
}
