*/chrome/updater/*=2
[37316:72386718:1008/083441.592342:VERBOSE1:chrome/updater/updater.cc:367] OS version: 26.6.2, arch: arm64, System uptime (seconds): 1013248, parent pid: 37313
[37316:72386718:1008/083441.594417:VERBOSE1:chrome/updater/updater.cc:372] Available disk space in install directory (/Users/me/Library/Application Support/Google/GoogleUpdater): 1286123520B (1.198GiB) / 994662584320B (926.352GiB)
[37316:72386718:1008/083441.594903:VERBOSE1:chrome/updater/updater.cc:376] Available disk space in temporary directory (/var/folders/_b/0vl_rrg956l17vk8xl5mxps40000gn/T/): 1286123520B (1.198GiB) / 994662584320B (926.352GiB)
[37316:72386718:1008/083441.595526:VERBOSE2:chrome/updater/event_history.cc:266] Emitted a UPDATER_PROCESS START event to the history log
[37318:72386723:1008/083441.609276:VERBOSE1:chrome/updater/updater.cc:364] Version: 156.0.8067.0, opt, ARM_64, command line: /Users/me/Library/Application Support/Google/GoogleUpdater/156.0.8067.0/GoogleUpdater.app/Contents/MacOS/GoogleUpdater --crash-handler --database=/Users/me/Library/Application Support/Google/GoogleUpdater/156.0.8067.0/Crashpad --url=https://clients2.google.com/cr/report --annotation=prod=Update4 --annotation=ver=156.0.8067.0 --handshake-fd=6 --enable-logging --vmodule=*/components/update_client/*=2,*/chrome/enterprise_companion/*=2,*/chrome/updater/*=2
[37318:72386723:1008/083441.609909:VERBOSE1:chrome/updater/updater.cc:367] OS version: 26.6.2, arch: arm64, System uptime (seconds): 1013248, parent pid: 1
[37318:72386723:1008/083441.646243:VERBOSE1:chrome/updater/updater.cc:372] Available disk space in install directory (/Users/me/Library/Application Support/Google/GoogleUpdater): 1286311936B (1.198GiB) / 994662584320B (926.352GiB)
[37318:72386723:1008/083441.646316:VERBOSE1:chrome/updater/updater.cc:376] Available disk space in temporary directory (/var/folders/_b/0vl_rrg956l17vk8xl5mxps40000gn/T/): 1286311936B (1.198GiB) / 994662584320B (926.352GiB)
[37318:72386723:1008/083441.646422:VERBOSE2:chrome/updater/event_history.cc:266] Emitted a UPDATER_PROCESS START event to the history log
[37316:72386718:1008/083441.649171:VERBOSE1:chrome/updater/crash_reporter.cc:123] Crash handler launched and ready.
[37316:72386718:1008/083441.650002:VERBOSE1:chrome/updater/crash_client.cc:108] Found 0 completed crash reports
[37316:72386718:1008/083441.650085:VERBOSE1:chrome/updater/crash_client.cc:132] Found 0 pending crash reports
[37316:72386718:1008/083441.650393:ERROR:third_party/crashpad/crashpad/util/file/file_io_posix.cc:145] open /Users/me/Library/Application Support/Google/RLZ/Crashpad/settings.dat: No such file or directory (2)
[37316:72386718:1008/083441.651118:VERBOSE1:chrome/updater/updater.cc:105] Crash reporting initialized.
[37316:72386718:1008/083441.654874:VERBOSE1:chrome/updater/ipc/update_service_internal_proxy_mojo.cc:61] Run
[37316:72386731:1008/083441.663647:VERBOSE1:chrome/updater/ipc/update_service_dialer_mac.cc:37] DialUpdateService launcher failure: launcher: posix_spawn failed: No such file or directory

[37316:72386731:1008/083441.663683:VERBOSE1:chrome/updater/ipc/update_service_dialer_posix.cc:56] Failed to connect to remote mojo service, is_internal_service: 1, scope: User, no updater exists.
[37316:72386718:1008/083441.663731:VERBOSE2:chrome/updater/ipc/update_service_internal_proxy_mojo.cc:119] No endpoint received.
[37316:72386718:1008/083441.663787:VERBOSE1:chrome/updater/ipc/update_service_internal_proxy_mojo.cc:61] Run
[37316:72386731:1008/083441.668244:VERBOSE1:chrome/updater/ipc/update_service_dialer_mac.cc:37] DialUpdateService launcher failure: launcher: posix_spawn failed: No such file or directory

[37316:72386731:1008/083441.668285:VERBOSE1:chrome/updater/ipc/update_service_dialer_posix.cc:56] Failed to connect to remote mojo service, is_internal_service: 1, scope: User, no updater exists.
[37316:72386718:1008/083441.668312:VERBOSE2:chrome/updater/ipc/update_service_internal_proxy_mojo.cc:119] No endpoint received.
[37316:72386718:1008/083441.668337:VERBOSE1:chrome/updater/ipc/update_service_internal_proxy_mojo.cc:61] Run
[37316:72386731:1008/083441.671993:VERBOSE1:chrome/updater/ipc/update_service_dialer_mac.cc:37] DialUpdateService launcher failure: launcher: posix_spawn failed: No such file or directory

[37316:72386731:1008/083441.672020:VERBOSE1:chrome/updater/ipc/update_service_dialer_posix.cc:56] Failed to connect to remote mojo service, is_internal_service: 1, scope: User, no updater exists.
[37316:72386718:1008/083441.672040:VERBOSE2:chrome/updater/ipc/update_service_internal_proxy_mojo.cc:119] No endpoint received.
[37316:72386718:1008/083441.672069:VERBOSE1:chrome/updater/app/app.cc:52] Shutdown: 0
[37316:72386718:1008/083441.672503:VERBOSE2:chrome/updater/event_history.cc:266] Emitted a UPDATER_PROCESS END event to the history log
[37316:72386718:1008/083441.672514:VERBOSE1:chrome/updater/updater.cc:409] UpdaterMain (--wake) returned 0.
[37318:72386723:1008/083441.673883:VERBOSE2:chrome/updater/event_history.cc:266] Emitted a UPDATER_PROCESS END event to the history log
[37318:72386723:1008/083441.673930:VERBOSE1:chrome/updater/updater.cc:409] UpdaterMain (--crash-handler) returned 0.
[37313:72386714:1008/083441.682566:VERBOSE1:chrome/updater/app/app_wakeall.cc:68] `/Users/me/Library/Application Support/Google/GoogleUpdater/156.0.8067.0/GoogleUpdater.app/Contents/MacOS/GoogleUpdater --wake` exited 0
[37313:72386714:1008/083441.682647:VERBOSE1:chrome/updater/app/app_wakeall.cc:58] Launching `/Users/me/Library/Application Support/Google/GoogleUpdater/152.0.7933.0/GoogleUpdater.app/Contents/MacOS/GoogleUpdater --wake`
[37325:72386741:1008/083441.690813:VERBOSE1:chrome/updater/updater.cc:374] Version: 152.0.7933.0, opt, ARM_64, command line: /Users/me/Library/Application Support/Google/GoogleUpdater/152.0.7933.0/GoogleUpdater.app/Contents/MacOS/GoogleUpdater --wake --enable-logging --vmodule=*/components/update_client/*=2,*/chrome/enterprise_companion/*=2,*/chrome/updater/*=2
[37325:72386741:1008/083441.691464:VERBOSE1:chrome/updater/updater.cc:377] OS version: 26.6.2, arch: arm64, System uptime (seconds): 1013248, parent pid: 37313
[37325:72386741:1008/083441.693228:VERBOSE1:chrome/updater/updater.cc:382] Available disk space in install directory (/Users/me/Library/Application Support/Google/GoogleUpdater): 1286275072B (1.198GiB) / 994662584320B (926.352GiB)
[37325:72386741:1008/083441.693245:VERBOSE1:chrome/updater/updater.cc:386] Available disk space in temporary directory (/var/folders/_b/0vl_rrg956l17vk8xl5mxps40000gn/T/): 1286275072B (1.198GiB) / 994662584320B (926.352GiB)
[37325:72386741:1008/083441.693325:VERBOSE2:chrome/updater/event_history.cc:265] Emitted a UPDATER_PROCESS START event to the history log
[37327:72386745:1008/083441.702043:VERBOSE1:chrome/updater/updater.cc:374] Version: 152.0.7933.0, opt, ARM_64, command line: /Users/me/Library/Application Support/Google/GoogleUpdater/152.0.7933.0/GoogleUpdater.app/Contents/MacOS/GoogleUpdater --crash-handler --database=/Users/me/Library/Application Support/Google/GoogleUpdater/152.0.7933.0/Crashpad --url=https://clients2.google.com/cr/report --annotation=prod=Update4 --annotation=ver=152.0.7933.0 --handshake-fd=6 --enable-logging --vmodule=*/components/update_client/*=2,*/chrome/enterprise_companion/*=2,*/chrome/updater/*=2
[37327:72386745:1008/083441.702533:VERBOSE1:chrome/updater/updater.cc:377] OS version: 26.6.2, arch: arm64, System uptime (seconds): 1013248, parent pid: 1
[37327:72386745:1008/083441.704172:VERBOSE1:chrome/updater/updater.cc:382] Available disk space in install directory (/Users/me/Library/Application Support/Google/GoogleUpdater): 1286275072B (1.198GiB) / 994662584320B (926.352GiB)
[37327:72386745:1008/083441.704185:VERBOSE1:chrome/updater/updater.cc:386] Available disk space in temporary directory (/var/folders/_b/0vl_rrg956l17vk8xl5mxps40000gn/T/): 1286275072B (1.198GiB) / 994662584320B (926.352GiB)
[37327:72386745:1008/083441.704258:VERBOSE2:chrome/updater/event_history.cc:265] Emitted a UPDATER_PROCESS START event to the history log
[37325:72386741:1008/083441.704679:VERBOSE1:chrome/updater/crash_reporter.cc:124] Crash handler launched and ready.
[37325:72386741:1008/083441.705285:VERBOSE1:chrome/updater/crash_client.cc:108] Found 0 completed crash reports
[37325:72386741:1008/083441.705370:VERBOSE1:chrome/updater/crash_client.cc:132] Found 0 pending crash reports
[37325:72386741:1008/083441.705460:ERROR:third_party/crashpad/crashpad/util/file/file_io_posix.cc:145] open /Users/me/Library/Application Support/Google/RLZ/Crashpad/settings.dat: No such file or directory (2)
[37325:72386741:1008/083441.705665:VERBOSE1:chrome/updater/updater.cc:105] Crash reporting initialized.
[37325:72386741:1008/083441.705819:VERBOSE1:chrome/updater/ipc/update_service_internal_proxy_mojo.cc:61] Run
[37325:72386753:1008/083441.709854:VERBOSE1:chrome/updater/ipc/update_service_dialer_mac.cc:37] DialUpdateService launcher failure: launcher: posix_spawn failed: No such file or directory

[37325:72386753:1008/083441.709892:VERBOSE1:chrome/updater/ipc/update_service_dialer_posix.cc:56] Failed to connect to remote mojo service, is_internal_service: 1, scope: User, no updater exists.
[37325:72386741:1008/083441.709954:VERBOSE2:chrome/updater/ipc/update_service_internal_proxy_mojo.cc:119] No endpoint received.
[37325:72386741:1008/083441.710014:VERBOSE1:chrome/updater/ipc/update_service_internal_proxy_mojo.cc:61] Run
[37325:72386753:1008/083441.713277:VERBOSE1:chrome/updater/ipc/update_service_dialer_mac.cc:37] DialUpdateService launcher failure: launcher: posix_spawn failed: No such file or directory

[37325:72386753:1008/083441.713301:VERBOSE1:chrome/updater/ipc/update_service_dialer_posix.cc:56] Failed to connect to remote mojo service, is_internal_service: 1, scope: User, no updater exists.
[37325:72386741:1008/083441.713326:VERBOSE2:chrome/updater/ipc/update_service_internal_proxy_mojo.cc:119] No endpoint received.
[37325:72386741:1008/083441.713345:VERBOSE1:chrome/updater/ipc/update_service_internal_proxy_mojo.cc:61] Run
[37325:72386753:1008/083441.716770:VERBOSE1:chrome/updater/ipc/update_service_dialer_mac.cc:37] DialUpdateService launcher failure: launcher: posix_spawn failed: No such file or directory

[37325:72386753:1008/083441.716806:VERBOSE1:chrome/updater/ipc/update_service_dialer_posix.cc:56] Failed to connect to remote mojo service, is_internal_service: 1, scope: User, no updater exists.
[37325:72386741:1008/083441.716834:VERBOSE2:chrome/updater/ipc/update_service_internal_proxy_mojo.cc:119] No endpoint received.
[37325:72386741:1008/083441.716855:VERBOSE1:chrome/updater/app/app.cc:52] Shutdown: 0
[37325:72386741:1008/083441.717098:VERBOSE2:chrome/updater/event_history.cc:265] Emitted a UPDATER_PROCESS END event to the history log
[37325:72386741:1008/083441.717110:VERBOSE1:chrome/updater/updater.cc:419] UpdaterMain (--wake) returned 0.
[37327:72386745:1008/083441.718151:VERBOSE2:chrome/updater/event_history.cc:265] Emitted a UPDATER_PROCESS END event to the history log
[37327:72386745:1008/083441.718168:VERBOSE1:chrome/updater/updater.cc:419] UpdaterMain (--crash-handler) returned 0.
[37313:72386714:1008/083441.725397:VERBOSE1:chrome/updater/app/app_wakeall.cc:68] `/Users/me/Library/Application Support/Google/GoogleUpdater/152.0.7933.0/GoogleUpdater.app/Contents/MacOS/GoogleUpdater --wake` exited 0
[37313:72386701:1008/083441.725500:VERBOSE1:chrome/updater/app/app.cc:52] Shutdown: 0
[37313:72386701:1008/083441.725752:VERBOSE2:chrome/updater/event_history.cc:265] Emitted a UPDATER_PROCESS END event to the history log
[37313:72386701:1008/083441.725766:VERBOSE1:chrome/updater/updater.cc:419] UpdaterMain (--wake-all) returned 0.
[37315:72386706:1008/083441.727076:VERBOSE2:chrome/updater/event_history.cc:265] Emitted a UPDATER_PROCESS END event to the history log
[37315:72386706:1008/083441.727105:VERBOSE1:chrome/updater/updater.cc:419] UpdaterMain (--crash-handler) returned 0.
