{"name":"worked distant_minimum_crosses_ties","status":"pass"}
{"name":"worked ascending_pair","status":"pass"}
{"name":"worked descending_pair","status":"pass"}
{"name":"worked ascending_three","status":"pass"}
{"name":"worked descending_three","status":"pass"}
{"name":"worked descending_four","status":"pass"}
{"name":"worked ascending_four","status":"pass"}
{"name":"worked equal_four_duplicate_labels","status":"pass"}
{"name":"worked two_tied_groups","status":"pass"}
{"name":"worked negative_tied_groups","status":"pass"}
{"name":"worked negative_zero_tie","status":"pass"}
{"name":"worked ascending_eight_extremes","status":"pass"}
{"name":"worked descending_eight_extremes","status":"pass"}
{"name":"worked equal_eight","status":"pass"}
{"name":"worked alternating_eight","status":"pass"}
{"name":"worked selection_retains_one_example","status":"pass"}
{"name":"exhaustive 1089 inputs with independent inversion and final-order oracle","status":"pass"}
{"name":"exact permitted label/key boundaries, null prototypes and nonenumerable data","status":"pass"}
{"name":"reject malformed top-level, sparse, missing and extra data shapes","status":"pass"}
{"name":"accessor fields and array slots rejected before getter invocation","status":"pass"}
{"name":"numeric admission rejects nonprimitive, nonfinite, fraction and range errors","status":"pass"}
{"name":"label admission rejects blanks, nonstrings, all C0/C1 controls and malformed UTF16","status":"pass"}
{"name":"caller/output custody and deterministic complete traces","status":"pass"}
{"status":"pass","passed":23,"failed":0,"outputPath":"/home/jacob/recallweave-stable-sorting-independent-review-58d79b68c9e4/core-result-v1.json","sourceSha256":"32ccd75596b35f4509b898562c27b8e47638764ad5008fee0d269c77284769b3"}
