2026-10-08T14:23:58.7739852Z Current runner version: '2.337.0'
2026-10-08T14:23:58.7766578Z ##[group]Runner Image Provisioner
2026-10-08T14:23:58.7767584Z Hosted Compute Agent
2026-10-08T14:23:58.7768186Z Version: 20261002.596
2026-10-08T14:23:58.7768971Z Commit: c3d12f3313a95f25162a1503be624f3b0617f8c0
2026-10-08T14:23:58.7769718Z Build Date: 2026-10-02T22:28:27Z
2026-10-08T14:23:58.7770407Z Worker ID: {e4bf127e-71e5-4e6d-8d2a-8442bb5ae4e2}
2026-10-08T14:23:58.7771270Z Region: eastus
2026-10-08T14:23:58.7771811Z Cloud: Azure
2026-10-08T14:23:58.7772449Z ##[endgroup]
2026-10-08T14:23:58.7774111Z ##[group]Operating System
2026-10-08T14:23:58.7774784Z Ubuntu
2026-10-08T14:23:58.7775443Z 24.04.5
2026-10-08T14:23:58.7776198Z LTS
2026-10-08T14:23:58.7777160Z ##[endgroup]
2026-10-08T14:23:58.7777848Z ##[group]Runner Image
2026-10-08T14:23:58.7778561Z Image: ubuntu-24.04
2026-10-08T14:23:58.7779326Z Version: 20261004.327.1
2026-10-08T14:23:58.7780732Z Included Software: https://github.com/actions/runner-images/blob/ubuntu24/20261004.327/images/ubuntu/Ubuntu2404-Readme.md
2026-10-08T14:23:58.7782509Z Image Release: https://github.com/actions/runner-images/releases/tag/ubuntu24%2F20261004.327
2026-10-08T14:23:58.7783654Z ##[endgroup]
2026-10-08T14:23:58.7784807Z ##[group]GITHUB_TOKEN Permissions
2026-10-08T14:23:58.7787287Z Contents: read
2026-10-08T14:23:58.7787910Z Metadata: read
2026-10-08T14:23:58.7788467Z ##[endgroup]
2026-10-08T14:23:58.7790505Z Secret source: Actions
2026-10-08T14:23:58.7791458Z Cache mode: write
2026-10-08T14:23:58.7792362Z Prepare workflow directory
2026-10-08T14:23:58.8120908Z Prepare all required actions
2026-10-08T14:23:58.8168812Z Getting action download info
2026-10-08T14:23:59.0353888Z Download action repository 'actions/checkout@11d5960a326750d5838078e36cf38b85af677262' (SHA:11d5960a326750d5838078e36cf38b85af677262)
2026-10-08T14:23:59.1264538Z Download action repository 'actions/setup-node@49933ea5288caeca8642d1e84afbd3f7d6820020' (SHA:49933ea5288caeca8642d1e84afbd3f7d6820020)
2026-10-08T14:23:59.3237160Z Complete job name: node-test
2026-10-08T14:23:59.4018742Z ##[group]Run actions/checkout@11d5960a326750d5838078e36cf38b85af677262
2026-10-08T14:23:59.4020170Z with:
2026-10-08T14:23:59.4020650Z   repository: Jacob-Met/RecallWeave
2026-10-08T14:23:59.4025230Z   token: ***
2026-10-08T14:23:59.4025956Z   ssh-strict: true
2026-10-08T14:23:59.4026432Z   ssh-user: git
2026-10-08T14:23:59.4026913Z   persist-credentials: true
2026-10-08T14:23:59.4027439Z   clean: true
2026-10-08T14:23:59.4027914Z   sparse-checkout-cone-mode: true
2026-10-08T14:23:59.4028522Z   fetch-depth: 1
2026-10-08T14:23:59.4029023Z   fetch-tags: false
2026-10-08T14:23:59.4029545Z   show-progress: true
2026-10-08T14:23:59.4030069Z   lfs: false
2026-10-08T14:23:59.4030559Z   submodules: false
2026-10-08T14:23:59.4031104Z   set-safe-directory: true
2026-10-08T14:23:59.4031690Z   allow-unsafe-pr-checkout: false
2026-10-08T14:23:59.4032616Z ##[endgroup]
2026-10-08T14:23:59.5129632Z Syncing repository: Jacob-Met/RecallWeave
2026-10-08T14:23:59.5131760Z ##[group]Getting Git version info
2026-10-08T14:23:59.5132752Z Working directory is '/home/runner/work/RecallWeave/RecallWeave'
2026-10-08T14:23:59.5134057Z [command]/usr/bin/git version
2026-10-08T14:23:59.5186801Z git version 2.55.0
2026-10-08T14:23:59.5223043Z ##[endgroup]
2026-10-08T14:23:59.5244285Z Temporarily overriding HOME='/home/runner/work/_temp/c1bc05e0-9304-4dcb-935d-39174cfa380b' before making global git config changes
2026-10-08T14:23:59.5247247Z Adding repository directory to the temporary git global config as a safe directory
2026-10-08T14:23:59.5250818Z [command]/usr/bin/git config --global --add safe.directory /home/runner/work/RecallWeave/RecallWeave
2026-10-08T14:23:59.5302746Z Deleting the contents of '/home/runner/work/RecallWeave/RecallWeave'
2026-10-08T14:23:59.5308410Z ##[group]Initializing the repository
2026-10-08T14:23:59.5313260Z [command]/usr/bin/git init /home/runner/work/RecallWeave/RecallWeave
2026-10-08T14:23:59.5420288Z hint: Using 'master' as the name for the initial branch. This default branch name
2026-10-08T14:23:59.5422323Z hint: will change to "main" in Git 3.0. To configure the initial branch name
2026-10-08T14:23:59.5424065Z hint: to use in all of your new repositories, which will suppress this warning,
2026-10-08T14:23:59.5425927Z hint: call:
2026-10-08T14:23:59.5426957Z hint:
2026-10-08T14:23:59.5436730Z hint: 	git config --global init.defaultBranch <name>
2026-10-08T14:23:59.5438029Z hint:
2026-10-08T14:23:59.5446007Z hint: Names commonly chosen instead of 'master' are 'main', 'trunk' and
2026-10-08T14:23:59.5447882Z hint: 'development'. The just-created branch can be renamed via this command:
2026-10-08T14:23:59.5449324Z hint:
2026-10-08T14:23:59.5450164Z hint: 	git branch -m <name>
2026-10-08T14:23:59.5451156Z hint:
2026-10-08T14:23:59.5454643Z hint: Disable this message with "git config set advice.defaultBranchName false"
2026-10-08T14:23:59.5456968Z Initialized empty Git repository in /home/runner/work/RecallWeave/RecallWeave/.git/
2026-10-08T14:23:59.5460274Z [command]/usr/bin/git remote add origin https://github.com/Jacob-Met/RecallWeave
2026-10-08T14:23:59.5488641Z ##[endgroup]
2026-10-08T14:23:59.5490101Z ##[group]Disabling automatic garbage collection
2026-10-08T14:23:59.5496415Z [command]/usr/bin/git config --local gc.auto 0
2026-10-08T14:23:59.5526246Z ##[endgroup]
2026-10-08T14:23:59.5527851Z ##[group]Setting up auth
2026-10-08T14:23:59.5534935Z [command]/usr/bin/git config --local --name-only --get-regexp core\.sshCommand
2026-10-08T14:23:59.5573635Z [command]/usr/bin/git submodule foreach --recursive sh -c "git config --local --name-only --get-regexp 'core\.sshCommand' && git config --local --unset-all 'core.sshCommand' || :"
2026-10-08T14:23:59.5947597Z [command]/usr/bin/git config --local --name-only --get-regexp http\.https\:\/\/github\.com\/\.extraheader
2026-10-08T14:23:59.5990221Z [command]/usr/bin/git submodule foreach --recursive sh -c "git config --local --name-only --get-regexp 'http\.https\:\/\/github\.com\/\.extraheader' && git config --local --unset-all 'http.https://github.com/.extraheader' || :"
2026-10-08T14:23:59.6229203Z [command]/usr/bin/git config --local --name-only --get-regexp ^includeIf\.gitdir:
2026-10-08T14:23:59.6268610Z [command]/usr/bin/git submodule foreach --recursive git config --local --show-origin --name-only --get-regexp remote.origin.url
2026-10-08T14:23:59.6499238Z [command]/usr/bin/git config --local http.https://github.com/.extraheader AUTHORIZATION: basic ***
2026-10-08T14:23:59.6539521Z ##[endgroup]
2026-10-08T14:23:59.6540636Z ##[group]Fetching the repository
2026-10-08T14:23:59.6551720Z [command]/usr/bin/git -c protocol.version=2 fetch --no-tags --prune --no-recurse-submodules --depth=1 origin +b4d2ca9414c1d311083f2c033809488cc94b4d0c:refs/remotes/pull/51/merge
2026-10-08T14:24:00.5412388Z From https://github.com/Jacob-Met/RecallWeave
2026-10-08T14:24:00.5416586Z  * [new ref]         b4d2ca9414c1d311083f2c033809488cc94b4d0c -> pull/51/merge
2026-10-08T14:24:00.5427274Z ##[endgroup]
2026-10-08T14:24:00.5429942Z ##[group]Determining the checkout info
2026-10-08T14:24:00.5433185Z ##[endgroup]
2026-10-08T14:24:00.5437701Z [command]/usr/bin/git sparse-checkout disable
2026-10-08T14:24:00.5494843Z [command]/usr/bin/git config --local --unset-all extensions.worktreeConfig
2026-10-08T14:24:00.5537152Z ##[group]Checking out the ref
2026-10-08T14:24:00.5540286Z [command]/usr/bin/git checkout --progress --force refs/remotes/pull/51/merge
2026-10-08T14:24:00.6737497Z Note: switching to 'refs/remotes/pull/51/merge'.
2026-10-08T14:24:00.6739140Z 
2026-10-08T14:24:00.6740628Z You are in 'detached HEAD' state. You can look around, make experimental
2026-10-08T14:24:00.6743096Z changes and commit them, and you can discard any commits you make in this
2026-10-08T14:24:00.6745480Z state without impacting any branches by switching back to a branch.
2026-10-08T14:24:00.6747149Z 
2026-10-08T14:24:00.6747904Z If you want to create a new branch to retain commits you create, you may
2026-10-08T14:24:00.6749664Z do so (now or later) by using -c with the switch command. Example:
2026-10-08T14:24:00.6751143Z 
2026-10-08T14:24:00.6751789Z   git switch -c <new-branch-name>
2026-10-08T14:24:00.6752896Z 
2026-10-08T14:24:00.6753652Z Or undo this operation with:
2026-10-08T14:24:00.6754844Z 
2026-10-08T14:24:00.6755524Z   git switch -
2026-10-08T14:24:00.6756731Z 
2026-10-08T14:24:00.6758056Z Turn off this advice by setting config variable advice.detachedHead to false
2026-10-08T14:24:00.6760106Z 
2026-10-08T14:24:00.6762349Z HEAD is now at b4d2ca9 Merge e215c5591adb42b65c594078040ae53d07d03f87 into 3cdebd86e69506709bcaeaeff4026deb3d1fc208
2026-10-08T14:24:00.6769901Z ##[endgroup]
2026-10-08T14:24:00.6809919Z [command]/usr/bin/git log -1 --format=%H
2026-10-08T14:24:00.6838010Z b4d2ca9414c1d311083f2c033809488cc94b4d0c
2026-10-08T14:24:00.7242757Z ##[group]Run actions/setup-node@49933ea5288caeca8642d1e84afbd3f7d6820020
2026-10-08T14:24:00.7244482Z with:
2026-10-08T14:24:00.7245365Z   node-version: 20
2026-10-08T14:24:00.7246528Z   always-auth: false
2026-10-08T14:24:00.7247560Z   check-latest: false
2026-10-08T14:24:00.7258147Z   token: ***
2026-10-08T14:24:00.7259047Z ##[endgroup]
2026-10-08T14:24:00.8756229Z Attempting to download 20...
2026-10-08T14:24:00.8864727Z (node:2250) [DEP0040] DeprecationWarning: The `punycode` module is deprecated. Please use a userland alternative instead.
2026-10-08T14:24:00.8869946Z (Use `node --trace-deprecation ...` to show where the warning was created)
2026-10-08T14:24:01.5059142Z Acquiring 20.20.2 - x64 from https://github.com/actions/node-versions/releases/download/20.20.2-23521894959/node-20.20.2-linux-x64.tar.gz
2026-10-08T14:24:01.8984707Z Extracting ...
2026-10-08T14:24:01.9102233Z [command]/usr/bin/tar xz --strip 1 --warning=no-unknown-keyword --overwrite -C /home/runner/work/_temp/82f567b3-7850-412f-9b3c-91a53b75dd5e -f /home/runner/work/_temp/a0dd0bd4-2159-4e70-87b1-371cc1da9b0b
2026-10-08T14:24:02.9716536Z Adding to the cache ...
2026-10-08T14:24:04.7444233Z ##[group]Environment details
2026-10-08T14:24:04.9646635Z node: v20.20.2
2026-10-08T14:24:04.9647446Z npm: 10.8.2
2026-10-08T14:24:04.9647904Z yarn: 1.22.22
2026-10-08T14:24:04.9648681Z ##[endgroup]
2026-10-08T14:24:04.9839000Z ##[group]Run node --test tests/*.test.mjs
2026-10-08T14:24:04.9839427Z [36;1mnode --test tests/*.test.mjs[0m
2026-10-08T14:24:05.0090601Z shell: /usr/bin/bash -e {0}
2026-10-08T14:24:05.0090961Z ##[endgroup]
2026-10-08T14:24:05.0634903Z TAP version 13
2026-10-08T14:24:05.1247525Z # Subtest: display orders retain every canonical option exactly once and are immutable
2026-10-08T14:24:05.1281155Z ok 1 - display orders retain every canonical option exactly once and are immutable
2026-10-08T14:24:05.1285284Z   ---
2026-10-08T14:24:05.1286337Z   duration_ms: 12.627084
2026-10-08T14:24:05.1287172Z   ...
2026-10-08T14:24:05.1288617Z # Subtest: a stable source replays an order and changed input can put the answer in every display position
2026-10-08T14:24:05.1290593Z ok 2 - a stable source replays an order and changed input can put the answer in every display position
2026-10-08T14:24:05.1291855Z   ---
2026-10-08T14:24:05.1292447Z   duration_ms: 1.297016
2026-10-08T14:24:05.1293197Z   ...
2026-10-08T14:24:05.1294419Z # Subtest: invalid counts or random values cannot produce duplicate, missing, or unaddressable choices
2026-10-08T14:24:05.1296468Z ok 3 - invalid counts or random values cannot produce duplicate, missing, or unaddressable choices
2026-10-08T14:24:05.1297627Z   ---
2026-10-08T14:24:05.1298226Z   duration_ms: 0.440197
2026-10-08T14:24:05.1298901Z   ...
2026-10-08T14:24:05.1327991Z # Subtest: varied displayed choices keep review, corrected practice and study notes tied to their original text
2026-10-08T14:24:05.1330369Z ok 4 - varied displayed choices keep review, corrected practice and study notes tied to their original text
2026-10-08T14:24:05.1331762Z   ---
2026-10-08T14:24:05.1332374Z   duration_ms: 12.455112
2026-10-08T14:24:05.1333030Z   ...
2026-10-08T14:24:05.1502937Z # Subtest: the direct-file author page is generated from all current author modules
2026-10-08T14:24:05.1518768Z ok 5 - the direct-file author page is generated from all current author modules
2026-10-08T14:24:05.1527337Z   ---
2026-10-08T14:24:05.1528110Z   duration_ms: 47.085189
2026-10-08T14:24:05.1528999Z   ...
2026-10-08T14:24:05.1603624Z # Subtest: the binary-search course round-trips through the published deck contract
2026-10-08T14:24:05.1647144Z ok 6 - the binary-search course round-trips through the published deck contract
2026-10-08T14:24:05.1672520Z   ---
2026-10-08T14:24:05.1682636Z   duration_ms: 4.636477
2026-10-08T14:24:05.1683412Z   ...
2026-10-08T14:24:05.1684690Z # Subtest: worked first-occurrence and absent examples agree with an independent linear partition
2026-10-08T14:24:05.1686766Z ok 7 - worked first-occurrence and absent examples agree with an independent linear partition
2026-10-08T14:24:05.1687950Z   ---
2026-10-08T14:24:05.1688628Z   duration_ms: 1.180768
2026-10-08T14:24:05.1689325Z   ...
2026-10-08T14:24:05.1691487Z # Subtest: midpoint and branch answers use the course’s half-open interval convention
2026-10-08T14:24:05.1693552Z ok 8 - midpoint and branch answers use the course’s half-open interval convention
2026-10-08T14:24:05.1694854Z   ---
2026-10-08T14:24:05.1695538Z   duration_ms: 0.365165
2026-10-08T14:24:05.1696621Z   ...
2026-10-08T14:24:05.1697936Z # Subtest: the worked trace and worst-case count follow strictly shrinking intervals
2026-10-08T14:24:05.1699425Z ok 9 - the worked trace and worst-case count follow strictly shrinking intervals
2026-10-08T14:24:05.1700412Z   ---
2026-10-08T14:24:05.1701794Z   duration_ms: 12.81089
2026-10-08T14:24:05.1702541Z   ...
2026-10-08T14:24:05.1703601Z # Subtest: the actual adaptive learner visits every new question and preserves worked feedback
2026-10-08T14:24:05.1705064Z ok 10 - the actual adaptive learner visits every new question and preserves worked feedback
2026-10-08T14:24:05.1706210Z   ---
2026-10-08T14:24:05.1706752Z   duration_ms: 18.509792
2026-10-08T14:24:05.1707286Z   ...
2026-10-08T14:24:05.2173366Z # Subtest: catalog keeps exact raw text and an immutable copy of checked metadata
2026-10-08T14:24:05.2176997Z ok 11 - catalog keeps exact raw text and an immutable copy of checked metadata
2026-10-08T14:24:05.2178554Z   ---
2026-10-08T14:24:05.2179407Z   duration_ms: 3.957032
2026-10-08T14:24:05.2180229Z   ...
2026-10-08T14:24:05.2205944Z # Subtest: curated paths reject traversal, external URLs, authoring sources and duplicates
2026-10-08T14:24:05.2222112Z ok 12 - curated paths reject traversal, external URLs, authoring sources and duplicates
2026-10-08T14:24:05.2223487Z   ---
2026-10-08T14:24:05.2224244Z   duration_ms: 1.673393
2026-10-08T14:24:05.2224987Z   ...
2026-10-08T14:24:05.2226535Z # Subtest: search uses title and concept substrings with stable order and trimmed case
2026-10-08T14:24:05.2228362Z ok 13 - search uses title and concept substrings with stable order and trimmed case
2026-10-08T14:24:05.2229599Z   ---
2026-10-08T14:24:05.2230296Z   duration_ms: 0.736313
2026-10-08T14:24:05.2231221Z   ...
2026-10-08T14:24:05.2416197Z # Subtest: standalone build matches checked-in HTML and embeds every original file unchanged
2026-10-08T14:24:05.2427888Z ok 14 - standalone build matches checked-in HTML and embeds every original file unchanged
2026-10-08T14:24:05.2429683Z   ---
2026-10-08T14:24:05.2430625Z   duration_ms: 28.717895
2026-10-08T14:24:05.2431607Z   ...
2026-10-08T14:24:05.2470619Z # Subtest: embedded course text cannot terminate the data script or become executable markup
2026-10-08T14:24:05.2472639Z ok 15 - embedded course text cannot terminate the data script or become executable markup
2026-10-08T14:24:05.2474311Z   ---
2026-10-08T14:24:05.2475199Z   duration_ms: 6.153306
2026-10-08T14:24:05.2476437Z   ...
2026-10-08T14:24:05.3098200Z # Subtest: builder refuses extra arguments before writing the generated page
2026-10-08T14:24:05.3103507Z ok 16 - builder refuses extra arguments before writing the generated page
2026-10-08T14:24:05.3104608Z   ---
2026-10-08T14:24:05.3105333Z   duration_ms: 62.154776
2026-10-08T14:24:05.3107015Z   ...
2026-10-08T14:24:05.6503189Z # Subtest: unfinished and completely empty drafts save without claiming lesson validity
2026-10-08T14:24:05.6517212Z ok 17 - unfinished and completely empty drafts save without claiming lesson validity
2026-10-08T14:24:05.6546453Z   ---
2026-10-08T14:24:05.6570476Z   duration_ms: 7.125602
2026-10-08T14:24:05.6605229Z   ...
2026-10-08T14:24:05.6606657Z # Subtest: duplicate text, cyclic and self prerequisites, and unfinished selections survive for repair
2026-10-08T14:24:05.6608297Z ok 18 - duplicate text, cyclic and self prerequisites, and unfinished selections survive for repair
2026-10-08T14:24:05.6609232Z   ---
2026-10-08T14:24:05.6609644Z   duration_ms: 1.937008
2026-10-08T14:24:05.6610087Z   ...
2026-10-08T14:24:05.6611137Z # Subtest: ready imported lessons retain public IDs, ordered content, answer identity and checked bytes
2026-10-08T14:24:05.6612741Z ok 19 - ready imported lessons retain public IDs, ordered content, answer identity and checked bytes
2026-10-08T14:24:05.6613689Z   ---
2026-10-08T14:24:05.6614061Z   duration_ms: 2.046864
2026-10-08T14:24:05.6614497Z   ...
2026-10-08T14:24:05.6615546Z # Subtest: canonical private keys recover near-limit counters without changing public IDs or live state
2026-10-08T14:24:05.6617447Z ok 20 - canonical private keys recover near-limit counters without changing public IDs or live state
2026-10-08T14:24:05.6618381Z   ---
2026-10-08T14:24:05.6618777Z   duration_ms: 1.086311
2026-10-08T14:24:05.6619206Z   ...
2026-10-08T14:24:05.6620074Z # Subtest: staged drafts are deeply frozen and replacement copies remain editable
2026-10-08T14:24:05.6621344Z ok 21 - staged drafts are deeply frozen and replacement copies remain editable
2026-10-08T14:24:05.6622143Z   ---
2026-10-08T14:24:05.6622539Z   duration_ms: 0.433505
2026-10-08T14:24:05.6623017Z   ...
2026-10-08T14:24:05.6624129Z # Subtest: missing or ambiguous internal references, malformed shape and unsafe counters refuse before admission
2026-10-08T14:24:05.6656994Z ok 22 - missing or ambiguous internal references, malformed shape and unsafe counters refuse before admission
2026-10-08T14:24:05.6660316Z   ---
2026-10-08T14:24:05.6688051Z   duration_ms: 2.648294
2026-10-08T14:24:05.6695357Z   ...
2026-10-08T14:24:05.6716823Z # Subtest: only recognized editor fields cross the draft boundary
2026-10-08T14:24:05.6746697Z ok 23 - only recognized editor fields cross the draft boundary
2026-10-08T14:24:05.6756367Z   ---
2026-10-08T14:24:05.6786418Z   duration_ms: 0.619142
2026-10-08T14:24:05.6806461Z   ...
2026-10-08T14:24:05.6827260Z # Subtest: a lesson larger than its admission limit can be saved as a draft and repaired later
2026-10-08T14:24:05.6829222Z ok 24 - a lesson larger than its admission limit can be saved as a draft and repaired later
2026-10-08T14:24:05.6830353Z   ---
2026-10-08T14:24:05.6831081Z   duration_ms: 19.90839
2026-10-08T14:24:05.6834945Z   ...
2026-10-08T14:24:05.6836881Z # Subtest: draft size limits count actual UTF-8 bytes and failed saving leaves writing intact
2026-10-08T14:24:05.6838851Z ok 25 - draft size limits count actual UTF-8 bytes and failed saving leaves writing intact
2026-10-08T14:24:05.6840248Z   ---
2026-10-08T14:24:05.6841094Z   duration_ms: 68.34375
2026-10-08T14:24:05.6841973Z   ...
2026-10-08T14:24:05.6843454Z # Subtest: compact drafts remain saveable near and exactly at the byte limit without added whitespace
2026-10-08T14:24:05.6845656Z ok 26 - compact drafts remain saveable near and exactly at the byte limit without added whitespace
2026-10-08T14:24:05.6847278Z   ---
2026-10-08T14:24:05.6848315Z   duration_ms: 271.06283
2026-10-08T14:24:05.6849414Z   ...
2026-10-08T14:24:05.6850955Z # Subtest: a file whose canonical private keys exceed the saved limit is refused before admission
2026-10-08T14:24:05.6853145Z ok 27 - a file whose canonical private keys exceed the saved limit is refused before admission
2026-10-08T14:24:05.6854577Z   ---
2026-10-08T14:24:05.6855419Z   duration_ms: 51.398528
2026-10-08T14:24:05.6856551Z   ...
2026-10-08T14:24:05.7012678Z # Subtest: a valid deck stages without touching authored text and commits once with full immutable content
2026-10-08T14:24:05.7037074Z ok 28 - a valid deck stages without touching authored text and commits once with full immutable content
2026-10-08T14:24:05.7086237Z   ---
2026-10-08T14:24:05.7106489Z   duration_ms: 10.298879
2026-10-08T14:24:05.7121309Z   ...
2026-10-08T14:24:05.7167472Z # Subtest: invalid JSON, invalid answer, oversized file and unreadable file preserve the draft and allow retry
2026-10-08T14:24:05.7237379Z ok 29 - invalid JSON, invalid answer, oversized file and unreadable file preserve the draft and allow retry
2026-10-08T14:24:05.7276669Z   ---
2026-10-08T14:24:05.7316744Z   duration_ms: 9.464254
2026-10-08T14:24:05.7340226Z   ...
2026-10-08T14:24:05.7366992Z # Subtest: unfinished and cyclic draft files stage visibly and replace once with an immutable editable state
2026-10-08T14:24:05.7397003Z ok 30 - unfinished and cyclic draft files stage visibly and replace once with an immutable editable state
2026-10-08T14:24:05.7398305Z   ---
2026-10-08T14:24:05.7404925Z   duration_ms: 4.271021
2026-10-08T14:24:05.7438469Z   ...
2026-10-08T14:24:05.7467244Z # Subtest: a draft suffix cannot admit an oversized lesson deck through the larger draft-file limit
2026-10-08T14:24:05.7472577Z ok 31 - a draft suffix cannot admit an oversized lesson deck through the larger draft-file limit
2026-10-08T14:24:05.7473851Z   ---
2026-10-08T14:24:05.7474580Z   duration_ms: 6.9804
2026-10-08T14:24:05.7475315Z   ...
2026-10-08T14:24:05.7477035Z # Subtest: malformed and unsupported editable drafts preserve the old draft and retire pending previews
2026-10-08T14:24:05.7479077Z ok 32 - malformed and unsupported editable drafts preserve the old draft and retire pending previews
2026-10-08T14:24:05.7480342Z   ---
2026-10-08T14:24:05.7481068Z   duration_ms: 6.342842
2026-10-08T14:24:05.7481805Z   ...
2026-10-08T14:24:05.7483015Z # Subtest: newest selected format wins across slow draft-to-deck and deck-to-draft reads
2026-10-08T14:24:05.7485025Z ok 33 - newest selected format wins across slow draft-to-deck and deck-to-draft reads
2026-10-08T14:24:05.7486613Z   ---
2026-10-08T14:24:05.7487342Z   duration_ms: 2.544689
2026-10-08T14:24:05.7488109Z   ...
2026-10-08T14:24:05.7489425Z # Subtest: explicit Keep current draft clears staged replacement and restores the open control focus
2026-10-08T14:24:05.7491304Z ok 34 - explicit Keep current draft clears staged replacement and restores the open control focus
2026-10-08T14:24:05.7492544Z   ---
2026-10-08T14:24:05.7493264Z   duration_ms: 1.750127
2026-10-08T14:24:05.7494009Z   ...
2026-10-08T14:24:05.7495260Z # Subtest: opening another chooser invalidates its old preview even when the chooser is cancelled
2026-10-08T14:24:05.7497643Z ok 35 - opening another chooser invalidates its old preview even when the chooser is cancelled
2026-10-08T14:24:05.7498872Z   ---
2026-10-08T14:24:05.7499588Z   duration_ms: 2.032189
2026-10-08T14:24:05.7500337Z   ...
2026-10-08T14:24:05.7501382Z # Subtest: a newer valid choice wins over an earlier slow success or failure
2026-10-08T14:24:05.7502815Z ok 36 - a newer valid choice wins over an earlier slow success or failure
2026-10-08T14:24:05.7503815Z   ---
2026-10-08T14:24:05.7504471Z   duration_ms: 3.413541
2026-10-08T14:24:05.7505186Z   ...
2026-10-08T14:24:05.7506664Z # Subtest: cancelled or empty file selection prevents a late read from reopening a preview
2026-10-08T14:24:05.7508383Z ok 37 - cancelled or empty file selection prevents a late read from reopening a preview
2026-10-08T14:24:05.7509547Z   ---
2026-10-08T14:24:05.7510254Z   duration_ms: 1.566973
2026-10-08T14:24:05.7510986Z   ...
2026-10-08T14:24:05.7512123Z # Subtest: invalid newer files invalidate an earlier pending or staged valid deck
2026-10-08T14:24:05.7513692Z ok 38 - invalid newer files invalidate an earlier pending or staged valid deck
2026-10-08T14:24:05.7514735Z   ---
2026-10-08T14:24:05.7515360Z   duration_ms: 2.265215
2026-10-08T14:24:05.7516307Z   ...
2026-10-08T14:24:05.7517952Z # Subtest: undo restores all writing while clearing only references to deliberately removed concepts
2026-10-08T14:24:05.7519795Z ok 39 - undo restores all writing while clearing only references to deliberately removed concepts
2026-10-08T14:24:05.7520987Z   ---
2026-10-08T14:24:05.7521664Z   duration_ms: 3.251116
2026-10-08T14:24:05.7522403Z   ...
2026-10-08T14:24:05.7523906Z # Subtest: undo retains known selections and even unfinished self links while removing a missing prerequisite
2026-10-08T14:24:05.7526189Z ok 40 - undo retains known selections and even unfinished self links while removing a missing prerequisite
2026-10-08T14:24:05.7527501Z   ---
2026-10-08T14:24:05.7528207Z   duration_ms: 0.357561
2026-10-08T14:24:05.7528961Z   ...
2026-10-08T14:24:05.7530057Z # Subtest: blank editor requires authored metadata and a deliberate answer
2026-10-08T14:24:05.7531536Z ok 41 - blank editor requires authored metadata and a deliberate answer
2026-10-08T14:24:05.7532600Z   ---
2026-10-08T14:24:05.7533295Z   duration_ms: 5.465124
2026-10-08T14:24:05.7534018Z   ...
2026-10-08T14:24:05.7535397Z # Subtest: opening a validated lesson makes an independent editable draft and preserves IDs and literals
2026-10-08T14:24:05.7543268Z ok 42 - opening a validated lesson makes an independent editable draft and preserves IDs and literals
2026-10-08T14:24:05.7544580Z   ---
2026-10-08T14:24:05.7545272Z   duration_ms: 1.256761
2026-10-08T14:24:05.7546445Z   ...
2026-10-08T14:24:05.7547797Z # Subtest: correctness follows an option when moved or when a preceding option is removed
2026-10-08T14:24:05.7549688Z ok 43 - correctness follows an option when moved or when a preceding option is removed
2026-10-08T14:24:05.7550866Z   ---
2026-10-08T14:24:05.7551725Z   duration_ms: 0.951357
2026-10-08T14:24:05.7552575Z   ...
2026-10-08T14:24:05.7553754Z # Subtest: option limits refuse without deleting text or changing the answer
2026-10-08T14:24:05.7555319Z ok 44 - option limits refuse without deleting text or changing the answer
2026-10-08T14:24:05.7557478Z   ---
2026-10-08T14:24:05.7558239Z   duration_ms: 0.869603
2026-10-08T14:24:05.7559207Z   ...
2026-10-08T14:24:05.7560635Z # Subtest: concept renaming updates question and prerequisite references while used deletion is refused
2026-10-08T14:24:05.7562546Z ok 45 - concept renaming updates question and prerequisite references while used deletion is refused
2026-10-08T14:24:05.7563756Z   ---
2026-10-08T14:24:05.7564507Z   duration_ms: 0.608643
2026-10-08T14:24:05.7572655Z   ...
2026-10-08T14:24:05.7573978Z # Subtest: cycles, uncovered concepts and duplicate answer text remain repairable drafts
2026-10-08T14:24:05.7575654Z ok 46 - cycles, uncovered concepts and duplicate answer text remain repairable drafts
2026-10-08T14:24:05.7577155Z   ---
2026-10-08T14:24:05.7577882Z   duration_ms: 0.766459
2026-10-08T14:24:05.7578583Z   ...
2026-10-08T14:24:05.7579919Z # Subtest: question reordering and undo restore the removed question without rolling back later edits
2026-10-08T14:24:05.7581837Z ok 47 - question reordering and undo restore the removed question without rolling back later edits
2026-10-08T14:24:05.7583056Z   ---
2026-10-08T14:24:05.7583742Z   duration_ms: 2.101887
2026-10-08T14:24:05.7584446Z   ...
2026-10-08T14:24:05.7585497Z # Subtest: new question IDs do not overwrite IDs from an opened deck
2026-10-08T14:24:05.7587132Z ok 48 - new question IDs do not overwrite IDs from an opened deck
2026-10-08T14:24:05.7588117Z   ---
2026-10-08T14:24:05.7589003Z   duration_ms: 0.565843
2026-10-08T14:24:05.7589836Z   ...
2026-10-08T14:24:05.7591127Z # Subtest: checked snapshots are immutable, deterministic, and separate from later draft edits
2026-10-08T14:24:05.7592919Z ok 49 - checked snapshots are immutable, deterministic, and separate from later draft edits
2026-10-08T14:24:05.7594080Z   ---
2026-10-08T14:24:05.7594691Z   duration_ms: 0.674747
2026-10-08T14:24:05.7595357Z   ...
2026-10-08T14:24:05.7596967Z # Subtest: individually valid multibyte content cannot export a file larger than the importer admits
2026-10-08T14:24:05.7599242Z ok 50 - individually valid multibyte content cannot export a file larger than the importer admits
2026-10-08T14:24:05.7600479Z   ---
2026-10-08T14:24:05.7601126Z   duration_ms: 11.377709
2026-10-08T14:24:05.7601818Z   ...
2026-10-08T14:24:05.7602674Z # Subtest: download filenames are bounded local names
2026-10-08T14:24:05.7603781Z ok 51 - download filenames are bounded local names
2026-10-08T14:24:05.7604570Z   ---
2026-10-08T14:24:05.7605207Z   duration_ms: 0.478468
2026-10-08T14:24:05.7606166Z   ...
2026-10-08T14:24:05.7607281Z # Subtest: the existing bundled deck imports unchanged without a format field
2026-10-08T14:24:05.7608788Z ok 52 - the existing bundled deck imports unchanged without a format field
2026-10-08T14:24:05.7609791Z   ---
2026-10-08T14:24:05.7610447Z   duration_ms: 3.92456
2026-10-08T14:24:05.7611137Z   ...
2026-10-08T14:24:05.7612319Z # Subtest: a deck is an immutable copy, and unknown fields cannot configure the runtime
2026-10-08T14:24:05.7613939Z ok 53 - a deck is an immutable copy, and unknown fields cannot configure the runtime
2026-10-08T14:24:05.7615040Z   ---
2026-10-08T14:24:05.7615927Z   duration_ms: 0.923274
2026-10-08T14:24:05.7616668Z   ...
2026-10-08T14:24:05.7617990Z # Subtest: malformed JSON, unsupported versions and wrong top-level values give actionable errors
2026-10-08T14:24:05.7619812Z ok 54 - malformed JSON, unsupported versions and wrong top-level values give actionable errors
2026-10-08T14:24:05.7620934Z   ---
2026-10-08T14:24:05.7621594Z   duration_ms: 0.445667
2026-10-08T14:24:05.7622468Z   ...
2026-10-08T14:24:05.7623726Z # Subtest: JSON byte limit counts multibyte text and accepts the exact boundary
2026-10-08T14:24:05.7625233Z ok 55 - JSON byte limit counts multibyte text and accepts the exact boundary
2026-10-08T14:24:05.7626543Z   ---
2026-10-08T14:24:05.7627181Z   duration_ms: 3.130218
2026-10-08T14:24:05.7627858Z   ...
2026-10-08T14:24:05.7628963Z # Subtest: required readable metadata and bounded question fields are validated
2026-10-08T14:24:05.7630762Z ok 56 - required readable metadata and bounded question fields are validated
2026-10-08T14:24:05.7631836Z   ---
2026-10-08T14:24:05.7632498Z   duration_ms: 2.314076
2026-10-08T14:24:05.7633194Z   ...
2026-10-08T14:24:05.7634310Z # Subtest: empty and oversized collections and duplicate identities are refused
2026-10-08T14:24:05.7636212Z ok 57 - empty and oversized collections and duplicate identities are refused
2026-10-08T14:24:05.7637161Z   ---
2026-10-08T14:24:05.7637748Z   duration_ms: 0.761881
2026-10-08T14:24:05.7638349Z   ...
2026-10-08T14:24:05.7639301Z # Subtest: every question and prerequisite must name a known covered concept
2026-10-08T14:24:05.7640600Z ok 58 - every question and prerequisite must name a known covered concept
2026-10-08T14:24:05.7641460Z   ---
2026-10-08T14:24:05.7642009Z   duration_ms: 0.425088
2026-10-08T14:24:05.7642580Z   ...
2026-10-08T14:24:05.7643624Z # Subtest: self-requirements and concept cycles across different questions are refused
2026-10-08T14:24:05.7645153Z ok 59 - self-requirements and concept cycles across different questions are refused
2026-10-08T14:24:05.7646514Z   ---
2026-10-08T14:24:05.7647189Z   duration_ms: 0.418886
2026-10-08T14:24:05.7647889Z   ...
2026-10-08T14:24:05.7649066Z # Subtest: choices require distinct readable options and an actual integer answer index
2026-10-08T14:24:05.7650735Z ok 60 - choices require distinct readable options and an actual integer answer index
2026-10-08T14:24:05.7651724Z   ---
2026-10-08T14:24:05.7652320Z   duration_ms: 0.831191
2026-10-08T14:24:05.7652924Z   ...
2026-10-08T14:24:05.7653981Z # Subtest: 100 questions and 32 concepts work through the existing selector to exhaustion
2026-10-08T14:24:05.7662706Z ok 61 - 100 questions and 32 concepts work through the existing selector to exhaustion
2026-10-08T14:24:05.7663819Z   ---
2026-10-08T14:24:05.7664482Z   duration_ms: 163.092402
2026-10-08T14:24:05.7665192Z   ...
2026-10-08T14:24:05.7666744Z # Subtest: imported answer indices, literal text and object-key names survive learning and practice
2026-10-08T14:24:05.7668895Z ok 62 - imported answer indices, literal text and object-key names survive learning and practice
2026-10-08T14:24:05.7670099Z   ---
2026-10-08T14:24:05.7670780Z   duration_ms: 1.007372
2026-10-08T14:24:05.7671489Z   ...
2026-10-08T14:24:05.7672773Z # Subtest: downloadable example round-trips through the import contract with full attribution
2026-10-08T14:24:05.7674480Z ok 63 - downloadable example round-trips through the import contract with full attribution
2026-10-08T14:24:05.7675657Z   ---
2026-10-08T14:24:05.7676561Z   duration_ms: 0.770818
2026-10-08T14:24:05.7677225Z   ...
2026-10-08T14:24:05.7678353Z # Subtest: the exact original course is bounded, admitted, balanced and round-trippable
2026-10-08T14:24:05.7679925Z ok 64 - the exact original course is bounded, admitted, balanced and round-trippable
2026-10-08T14:24:05.7680967Z   ---
2026-10-08T14:24:05.7681542Z   duration_ms: 3.644585
2026-10-08T14:24:05.7682181Z   ...
2026-10-08T14:24:05.7683275Z # Subtest: every stated answer follows the literal graph, with one correct option
2026-10-08T14:24:05.7684364Z     # Subtest: dg-links-1
2026-10-08T14:24:05.7685094Z     ok 1 - dg-links-1
2026-10-08T14:24:05.7686062Z       ---
2026-10-08T14:24:05.7686728Z       duration_ms: 0.542519
2026-10-08T14:24:05.7687428Z       ...
2026-10-08T14:24:05.7688037Z     # Subtest: dg-links-2
2026-10-08T14:24:05.7688743Z     ok 2 - dg-links-2
2026-10-08T14:24:05.7689350Z       ---
2026-10-08T14:24:05.7689908Z       duration_ms: 0.496723
2026-10-08T14:24:05.7690568Z       ...
2026-10-08T14:24:05.7691144Z     # Subtest: dg-links-3
2026-10-08T14:24:05.7691763Z     ok 3 - dg-links-3
2026-10-08T14:24:05.7692398Z       ---
2026-10-08T14:24:05.7693006Z       duration_ms: 1.312926
2026-10-08T14:24:05.7693670Z       ...
2026-10-08T14:24:05.7694251Z     # Subtest: dg-reach-1
2026-10-08T14:24:05.7694880Z     ok 4 - dg-reach-1
2026-10-08T14:24:05.7695533Z       ---
2026-10-08T14:24:05.7696519Z       duration_ms: 0.477417
2026-10-08T14:24:05.7697261Z       ...
2026-10-08T14:24:05.7697891Z     # Subtest: dg-reach-2
2026-10-08T14:24:05.7698865Z     ok 5 - dg-reach-2
2026-10-08T14:24:05.7699635Z       ---
2026-10-08T14:24:05.7700275Z       duration_ms: 0.416532
2026-10-08T14:24:05.7701164Z       ...
2026-10-08T14:24:05.7701999Z     # Subtest: dg-reach-3
2026-10-08T14:24:05.7702802Z     ok 6 - dg-reach-3
2026-10-08T14:24:05.7703518Z       ---
2026-10-08T14:24:05.7704207Z       duration_ms: 0.245131
2026-10-08T14:24:05.7704915Z       ...
2026-10-08T14:24:05.7705582Z     # Subtest: dg-order-1
2026-10-08T14:24:05.7706590Z     ok 7 - dg-order-1
2026-10-08T14:24:05.7707279Z       ---
2026-10-08T14:24:05.7707943Z       duration_ms: 0.293301
2026-10-08T14:24:05.7708578Z       ...
2026-10-08T14:24:05.7709184Z     # Subtest: dg-order-2
2026-10-08T14:24:05.7709912Z     ok 8 - dg-order-2
2026-10-08T14:24:05.7710608Z       ---
2026-10-08T14:24:05.7711201Z       duration_ms: 0.432222
2026-10-08T14:24:05.7711868Z       ...
2026-10-08T14:24:05.7712544Z     # Subtest: dg-order-3
2026-10-08T14:24:05.7713232Z     ok 9 - dg-order-3
2026-10-08T14:24:05.7713901Z       ---
2026-10-08T14:24:05.7714554Z       duration_ms: 0.594707
2026-10-08T14:24:05.7715271Z       ...
2026-10-08T14:24:05.7716226Z     # Subtest: dg-update-1
2026-10-08T14:24:05.7717003Z     ok 10 - dg-update-1
2026-10-08T14:24:05.7730647Z       ---
2026-10-08T14:24:05.7731353Z       duration_ms: 0.792768
2026-10-08T14:24:05.7732090Z       ...
2026-10-08T14:24:05.7732801Z     # Subtest: dg-update-2
2026-10-08T14:24:05.7733541Z     ok 11 - dg-update-2
2026-10-08T14:24:05.7734184Z       ---
2026-10-08T14:24:05.7734844Z       duration_ms: 0.518173
2026-10-08T14:24:05.7735586Z       ...
2026-10-08T14:24:05.7736586Z     # Subtest: dg-update-3
2026-10-08T14:24:05.7737366Z     ok 12 - dg-update-3
2026-10-08T14:24:05.7738103Z       ---
2026-10-08T14:24:05.7738836Z       duration_ms: 0.588094
2026-10-08T14:24:05.7739517Z       ...
2026-10-08T14:24:05.7740100Z     1..12
2026-10-08T14:24:05.7741392Z ok 65 - every stated answer follows the literal graph, with one correct option
2026-10-08T14:24:05.7742351Z   ---
2026-10-08T14:24:05.7743014Z   duration_ms: 9.803972
2026-10-08T14:24:05.7743643Z   ...
2026-10-08T14:24:05.7744859Z # Subtest: structurally valid changed content exposes graph reversal and blocked-descendant mistakes
2026-10-08T14:24:05.7747084Z ok 66 - structurally valid changed content exposes graph reversal and blocked-descendant mistakes
2026-10-08T14:24:05.7748323Z   ---
2026-10-08T14:24:05.7748980Z   duration_ms: 5.490041
2026-10-08T14:24:05.7749668Z   ...
2026-10-08T14:24:05.7750931Z # Subtest: the real selector, review, practice, notes and trace consumer preserve this course
2026-10-08T14:24:05.7752665Z ok 67 - the real selector, review, practice, notes and trace consumer preserve this course
2026-10-08T14:24:05.7753799Z   ---
2026-10-08T14:24:05.7754495Z   duration_ms: 36.61716
2026-10-08T14:24:05.7755183Z   ...
2026-10-08T14:24:05.7756431Z # Subtest: BKT probabilities stay bounded across repeated evidence
2026-10-08T14:24:05.7757835Z ok 68 - BKT probabilities stay bounded across repeated evidence
2026-10-08T14:24:05.7758808Z   ---
2026-10-08T14:24:05.7759478Z   duration_ms: 9.915151
2026-10-08T14:24:05.7760207Z   ...
2026-10-08T14:24:05.7761464Z # Subtest: correct evidence raises and incorrect evidence lowers posterior for interior prior
2026-10-08T14:24:05.7763340Z ok 69 - correct evidence raises and incorrect evidence lowers posterior for interior prior
2026-10-08T14:24:05.7764524Z   ---
2026-10-08T14:24:05.7765193Z   duration_ms: 0.221056
2026-10-08T14:24:05.7766157Z   ...
2026-10-08T14:24:05.7767202Z # Subtest: parameter validation rejects impossible probabilities
2026-10-08T14:24:05.7768549Z ok 70 - parameter validation rejects impossible probabilities
2026-10-08T14:24:05.7769508Z   ---
2026-10-08T14:24:05.7770198Z   duration_ms: 0.675799
2026-10-08T14:24:05.7770930Z   ...
2026-10-08T14:24:05.7772130Z # Subtest: entropy and information gain have expected bounds and peak near uncertainty
2026-10-08T14:24:05.7774131Z ok 71 - entropy and information gain have expected bounds and peak near uncertainty
2026-10-08T14:24:05.7775283Z   ---
2026-10-08T14:24:05.7776254Z   duration_ms: 2.042636
2026-10-08T14:24:05.7776997Z   ...
2026-10-08T14:24:05.7778250Z # Subtest: selector prioritizes a weak prerequisite and is stable after exhaustion
2026-10-08T14:24:05.7779857Z ok 72 - selector prioritizes a weak prerequisite and is stable after exhaustion
2026-10-08T14:24:05.7780966Z   ---
2026-10-08T14:24:05.7781669Z   duration_ms: 0.434025
2026-10-08T14:24:05.7782356Z   ...
2026-10-08T14:24:05.7783388Z # Subtest: initial mastery creates independent named concept values
2026-10-08T14:24:05.7784943Z ok 73 - initial mastery creates independent named concept values
2026-10-08T14:24:05.7786188Z   ---
2026-10-08T14:24:05.7786827Z   duration_ms: 0.978298
2026-10-08T14:24:05.7787544Z   ...
2026-10-08T14:24:05.7788880Z # Subtest: scripted learner simulation is deterministic, bounded, and distinguishes selector modes
2026-10-08T14:24:05.7790774Z ok 74 - scripted learner simulation is deterministic, bounded, and distinguishes selector modes
2026-10-08T14:24:05.7791975Z   ---
2026-10-08T14:24:05.7792652Z   duration_ms: 0.638989
2026-10-08T14:24:05.7793392Z   ...
2026-10-08T14:24:05.7794729Z # Subtest: the original course is admitted by the existing deck contract with all four concepts covered
2026-10-08T14:24:05.7828857Z ok 75 - the original course is admitted by the existing deck contract with all four concepts covered
2026-10-08T14:24:05.7830201Z   ---
2026-10-08T14:24:05.7830957Z   duration_ms: 10.212527
2026-10-08T14:24:05.7831776Z   ...
2026-10-08T14:24:05.7832990Z # Subtest: answer positions are balanced and no correct option is uniquely the longest
2026-10-08T14:24:05.7834680Z ok 76 - answer positions are balanced and no correct option is uniquely the longest
2026-10-08T14:24:05.7836048Z   ---
2026-10-08T14:24:05.7836725Z   duration_ms: 3.478593
2026-10-08T14:24:05.7837424Z   ...
2026-10-08T14:24:05.7839089Z # Subtest: each numerical answer uses the stated correction sign, denominator or independence assumption
2026-10-08T14:24:05.7841059Z ok 77 - each numerical answer uses the stated correction sign, denominator or independence assumption
2026-10-08T14:24:05.7842299Z   ---
2026-10-08T14:24:05.7842951Z   duration_ms: 0.467468
2026-10-08T14:24:05.7843671Z   ...
2026-10-08T14:24:05.7845163Z # Subtest: standalone artifact is deterministic, preserves the exact deck bytes and contains executable classic scripts
2026-10-08T14:24:05.7847493Z ok 78 - standalone artifact is deterministic, preserves the exact deck bytes and contains executable classic scripts
2026-10-08T14:24:05.7848776Z   ---
2026-10-08T14:24:05.7849445Z   duration_ms: 6.728747
2026-10-08T14:24:05.7850124Z   ...
2026-10-08T14:24:05.7851520Z # Subtest: worked four-reading budget distinguishes raw mean, correction, sample scatter and mean uncertainty
2026-10-08T14:24:05.7853557Z ok 79 - worked four-reading budget distinguishes raw mean, correction, sample scatter and mean uncertainty
2026-10-08T14:24:05.7854842Z   ---
2026-10-08T14:24:05.7855536Z   duration_ms: 2.432118
2026-10-08T14:24:05.7856589Z   ...
2026-10-08T14:24:05.7857947Z # Subtest: a shared additive correction shifts the estimate without changing either uncertainty component
2026-10-08T14:24:05.7859842Z ok 80 - a shared additive correction shifts the estimate without changing either uncertainty component
2026-10-08T14:24:05.7861012Z   ---
2026-10-08T14:24:05.7861674Z   duration_ms: 0.368863
2026-10-08T14:24:05.7862388Z   ...
2026-10-08T14:24:05.7863725Z # Subtest: identical readings retain a nonzero shared component and are not rejected for numerical repetition
2026-10-08T14:24:05.7865942Z ok 81 - identical readings retain a nonzero shared component and are not rejected for numerical repetition
2026-10-08T14:24:05.7867220Z   ---
2026-10-08T14:24:05.7867914Z   duration_ms: 1.215673
2026-10-08T14:24:05.7868573Z   ...
2026-10-08T14:24:05.7870059Z # Subtest: future independent sample sizes hold shared calibration fixed while repeatability shrinks by square root
2026-10-08T14:24:05.7872448Z ok 82 - future independent sample sizes hold shared calibration fixed while repeatability shrinks by square root
2026-10-08T14:24:05.7873774Z   ---
2026-10-08T14:24:05.7874421Z   duration_ms: 0.67645
2026-10-08T14:24:05.7875107Z   ...
2026-10-08T14:24:05.7876779Z # Subtest: shared covariance gives the same calibration contribution for a mean of any sample size
2026-10-08T14:24:05.7878770Z ok 83 - shared covariance gives the same calibration contribution for a mean of any sample size
2026-10-08T14:24:05.7879928Z   ---
2026-10-08T14:24:05.7880529Z   duration_ms: 0.374072
2026-10-08T14:24:05.7881133Z   ...
2026-10-08T14:24:05.7882346Z # Subtest: compensated raw means preserve small residuals after large opposing readings cancel
2026-10-08T14:24:05.7884045Z ok 84 - compensated raw means preserve small residuals after large opposing readings cancel
2026-10-08T14:24:05.7885089Z   ---
2026-10-08T14:24:05.7885941Z   duration_ms: 0.286829
2026-10-08T14:24:05.7886612Z   ...
2026-10-08T14:24:05.7887835Z # Subtest: centered scatter remains meaningful for a large shared offset and at supported extremes
2026-10-08T14:24:05.7889761Z ok 85 - centered scatter remains meaningful for a large shared offset and at supported extremes
2026-10-08T14:24:05.7891084Z   ---
2026-10-08T14:24:05.7891807Z   duration_ms: 0.473026
2026-10-08T14:24:05.7892563Z   ...
2026-10-08T14:24:05.7894104Z # Subtest: reordering observations preserves the summary but does not assert statistical independence
2026-10-08T14:24:05.7896421Z ok 86 - reordering observations preserves the summary but does not assert statistical independence
2026-10-08T14:24:05.7897593Z   ---
2026-10-08T14:24:05.7898416Z   duration_ms: 0.908216
2026-10-08T14:24:05.7899128Z   ...
2026-10-08T14:24:05.7899911Z # Subtest: input parsing keeps every observation and refuses malformed or missing comma fields
2026-10-08T14:24:05.7900945Z ok 87 - input parsing keeps every observation and refuses malformed or missing comma fields
2026-10-08T14:24:05.7901879Z   ---
2026-10-08T14:24:05.7902294Z   duration_ms: 1.68783
2026-10-08T14:24:05.7902727Z   ...
2026-10-08T14:24:05.7903438Z # Subtest: supported magnitude and nonnegative half-width boundaries are explicit
2026-10-08T14:24:05.7904380Z ok 88 - supported magnitude and nonnegative half-width boundaries are explicit
2026-10-08T14:24:05.7905086Z   ---
2026-10-08T14:24:05.7906009Z   duration_ms: 0.764806
2026-10-08T14:24:05.7906659Z   ...
2026-10-08T14:24:05.7907740Z # Subtest: public calculations reject missing observations and invalid forecast counts
2026-10-08T14:24:05.7908973Z ok 89 - public calculations reject missing observations and invalid forecast counts
2026-10-08T14:24:05.7909694Z   ---
2026-10-08T14:24:05.7910029Z   duration_ms: 0.551095
2026-10-08T14:24:05.7910412Z   ...
2026-10-08T14:24:05.7911059Z # Subtest: calculation snapshots do not mutate caller arrays or change after later edits
2026-10-08T14:24:05.7911752Z ok 90 - calculation snapshots do not mutate caller arrays or change after later edits
2026-10-08T14:24:05.7912165Z   ---
2026-10-08T14:24:05.7912373Z   duration_ms: 0.290736
2026-10-08T14:24:05.7912594Z   ...
2026-10-08T14:24:05.8493486Z # Subtest: small dyadic arithmetic keeps exact operand and result values
2026-10-08T14:24:05.8495209Z ok 91 - small dyadic arithmetic keeps exact operand and result values
2026-10-08T14:24:05.8499535Z   ---
2026-10-08T14:24:05.8500208Z   duration_ms: 3.228734
2026-10-08T14:24:05.8500864Z   ...
2026-10-08T14:24:05.8501980Z # Subtest: decimal sum retains exact conversion and operation contributions
2026-10-08T14:24:05.8503440Z ok 92 - decimal sum retains exact conversion and operation contributions
2026-10-08T14:24:05.8507065Z   ---
2026-10-08T14:24:05.8507720Z   duration_ms: 0.623471
2026-10-08T14:24:05.8508194Z   ...
2026-10-08T14:24:05.8509040Z # Subtest: conversion can erase a difference while subtraction itself is exact
2026-10-08T14:24:05.8510198Z ok 93 - conversion can erase a difference while subtraction itself is exact
2026-10-08T14:24:05.8510990Z   ---
2026-10-08T14:24:05.8511414Z   duration_ms: 0.389962
2026-10-08T14:24:05.8512257Z   ...
2026-10-08T14:24:05.8513065Z # Subtest: operation rounding can lose an exact integer step
2026-10-08T14:24:05.8514250Z ok 94 - operation rounding can lose an exact integer step
2026-10-08T14:24:05.8526492Z   ---
2026-10-08T14:24:05.8556412Z   duration_ms: 0.50032
2026-10-08T14:24:05.8566579Z   ...
2026-10-08T14:24:05.8567578Z # Subtest: nonzero signed contributions can cancel at an exactly represented result
2026-10-08T14:24:05.8569017Z ok 95 - nonzero signed contributions can cancel at an exactly represented result
2026-10-08T14:24:05.8569845Z   ---
2026-10-08T14:24:05.8570266Z   duration_ms: 0.478679
2026-10-08T14:24:05.8570741Z   ...
2026-10-08T14:24:05.8571825Z # Subtest: individual exact integers outside the safe interval are kept distinct from the API guarantee
2026-10-08T14:24:05.8573491Z ok 96 - individual exact integers outside the safe interval are kept distinct from the API guarantee
2026-10-08T14:24:05.8574418Z   ---
2026-10-08T14:24:05.8575031Z   duration_ms: 0.666692
2026-10-08T14:24:05.8575448Z   ...
2026-10-08T14:24:05.8576403Z # Subtest: signs, exact raw strings and negative zero remain explicit
2026-10-08T14:24:05.8577422Z ok 97 - signs, exact raw strings and negative zero remain explicit
2026-10-08T14:24:05.8578021Z   ---
2026-10-08T14:24:05.8578339Z   duration_ms: 1.7518
2026-10-08T14:24:05.8578679Z   ...
2026-10-08T14:24:05.8579425Z # Subtest: the declared decimal input bounds admit edges and refuse other syntax
2026-10-08T14:24:05.8580556Z ok 98 - the declared decimal input bounds admit edges and refuse other syntax
2026-10-08T14:24:05.8581232Z   ---
2026-10-08T14:24:05.8581570Z   duration_ms: 2.185775
2026-10-08T14:24:05.8581947Z   ...
2026-10-08T14:24:05.8582669Z # Subtest: worked records are complete, deterministic and deeply immutable
2026-10-08T14:24:05.8583712Z ok 99 - worked records are complete, deterministic and deeply immutable
2026-10-08T14:24:05.8584742Z   ---
2026-10-08T14:24:05.8585094Z   duration_ms: 2.667219
2026-10-08T14:24:05.8585562Z   ...
2026-10-08T14:24:05.8586823Z # Subtest: the original lesson passes the unchanged native deck contract with exact export parity
2026-10-08T14:24:05.8588236Z ok 100 - the original lesson passes the unchanged native deck contract with exact export parity
2026-10-08T14:24:05.8589038Z   ---
2026-10-08T14:24:05.8589375Z   duration_ms: 17.290122
2026-10-08T14:24:05.8589757Z   ...
2026-10-08T14:24:05.8590699Z # Subtest: language-specific worked examples agree with actual native Number and BigInt operations
2026-10-08T14:24:05.8592140Z ok 101 - language-specific worked examples agree with actual native Number and BigInt operations
2026-10-08T14:24:05.8592884Z   ---
2026-10-08T14:24:05.8593095Z   duration_ms: 0.391695
2026-10-08T14:24:05.8593476Z   ...
2026-10-08T14:24:05.8594288Z # Subtest: the directly openable explorer is an exact build of its native inputs
2026-10-08T14:24:05.8595533Z ok 102 - the directly openable explorer is an exact build of its native inputs
2026-10-08T14:24:05.8603349Z   ---
2026-10-08T14:24:05.8603772Z   duration_ms: 55.494072
2026-10-08T14:24:05.8604195Z   ...
2026-10-08T14:24:05.8623413Z # Subtest: embedded lesson download preserves exact source bytes
2026-10-08T14:24:05.8631792Z ok 103 - embedded lesson download preserves exact source bytes
2026-10-08T14:24:05.8632911Z   ---
2026-10-08T14:24:05.8633669Z   duration_ms: 18.358464
2026-10-08T14:24:05.8634269Z   ...
2026-10-08T14:24:05.8730507Z # Subtest: question identity survives reordered review, edits and clearing without changing earlier notes
2026-10-08T14:24:05.8743850Z ok 104 - question identity survives reordered review, edits and clearing without changing earlier notes
2026-10-08T14:24:05.8766571Z   ---
2026-10-08T14:24:05.8767303Z   duration_ms: 2.778468
2026-10-08T14:24:05.8767929Z   ...
2026-10-08T14:24:05.8769032Z # Subtest: application writing is separate and a fresh session starts with every field empty
2026-10-08T14:24:05.8770717Z ok 105 - application writing is separate and a fresh session starts with every field empty
2026-10-08T14:24:05.8772086Z   ---
2026-10-08T14:24:05.8772641Z   duration_ms: 1.153556
2026-10-08T14:24:05.8773282Z   ...
2026-10-08T14:24:05.8774230Z # Subtest: unknown or duplicate question identities and non-text edits are refused
2026-10-08T14:24:05.8775559Z ok 106 - unknown or duplicate question identities and non-text edits are refused
2026-10-08T14:24:05.8776636Z   ---
2026-10-08T14:24:05.8777111Z   duration_ms: 0.461247
2026-10-08T14:24:05.8777629Z   ...
2026-10-08T14:24:05.8778815Z # Subtest: actual study notes bind writing to questions while retaining native review, estimates and a paused retry
2026-10-08T14:24:05.8780552Z ok 107 - actual study notes bind writing to questions while retaining native review, estimates and a paused retry
2026-10-08T14:24:05.8781554Z   ---
2026-10-08T14:24:05.8782036Z   duration_ms: 3.346215
2026-10-08T14:24:05.8782536Z   ...
2026-10-08T14:24:05.8783518Z # Subtest: actual export uses the most recent edit and represents cleared fields as unwritten
2026-10-08T14:24:05.8784940Z ok 108 - actual export uses the most recent edit and represents cleared fields as unwritten
2026-10-08T14:24:05.8785981Z   ---
2026-10-08T14:24:05.8786548Z   duration_ms: 2.105745
2026-10-08T14:24:05.8787103Z   ...
2026-10-08T14:24:05.8788459Z # Subtest: export refuses missing, duplicate or foreign notebook identities instead of attaching notes by position
2026-10-08T14:24:05.8790454Z ok 109 - export refuses missing, duplicate or foreign notebook identities instead of attaching notes by position
2026-10-08T14:24:05.8791505Z   ---
2026-10-08T14:24:05.8791986Z   duration_ms: 0.845117
2026-10-08T14:24:05.8792495Z   ...
2026-10-08T14:24:05.8793820Z # Subtest: study notes retain the displayed imported-course application prompt without changing notebook or first-session data
2026-10-08T14:24:05.8796010Z ok 110 - study notes retain the displayed imported-course application prompt without changing notebook or first-session data
2026-10-08T14:24:05.8797432Z   ---
2026-10-08T14:24:05.8797909Z   duration_ms: 0.848374
2026-10-08T14:24:05.8798430Z   ...
2026-10-08T14:24:05.8799387Z # Subtest: a notebook export refuses a missing or non-text displayed application prompt
2026-10-08T14:24:05.8800729Z ok 111 - a notebook export refuses a missing or non-text displayed application prompt
2026-10-08T14:24:05.8801585Z   ---
2026-10-08T14:24:05.8802052Z   duration_ms: 0.600197
2026-10-08T14:24:05.8802555Z   ...
2026-10-08T14:24:05.8803361Z # Subtest: review preserves session order and the actual chosen answer
2026-10-08T14:24:05.8804463Z ok 112 - review preserves session order and the actual chosen answer
2026-10-08T14:24:05.8805205Z   ---
2026-10-08T14:24:05.8805674Z   duration_ms: 1.891282
2026-10-08T14:24:05.8806435Z   ...
2026-10-08T14:24:05.8807304Z # Subtest: review is an immutable snapshot independent of mutable input arrays
2026-10-08T14:24:05.8808507Z ok 113 - review is an immutable snapshot independent of mutable input arrays
2026-10-08T14:24:05.8809302Z   ---
2026-10-08T14:24:05.8809765Z   duration_ms: 0.540856
2026-10-08T14:24:05.8810323Z   ...
2026-10-08T14:24:05.8811157Z # Subtest: a review rejects unknown, duplicate, or invalid first answers
2026-10-08T14:24:05.8812271Z ok 114 - a review rejects unknown, duplicate, or invalid first answers
2026-10-08T14:24:05.8813026Z   ---
2026-10-08T14:24:05.8813496Z   duration_ms: 0.387698
2026-10-08T14:24:05.8814002Z   ...
2026-10-08T14:24:05.8814923Z # Subtest: practice includes only initially missed questions in first-attempt order
2026-10-08T14:24:05.8816464Z ok 115 - practice includes only initially missed questions in first-attempt order
2026-10-08T14:24:05.8817322Z   ---
2026-10-08T14:24:05.8817795Z   duration_ms: 0.365627
2026-10-08T14:24:05.8818304Z   ...
2026-10-08T14:24:05.8819275Z # Subtest: correct and incorrect retries remain separate from the immutable original trace
2026-10-08T14:24:05.8820665Z ok 116 - correct and incorrect retries remain separate from the immutable original trace
2026-10-08T14:24:05.8821535Z   ---
2026-10-08T14:24:05.8821999Z   duration_ms: 0.44738
2026-10-08T14:24:05.8822689Z   ...
2026-10-08T14:24:05.8823871Z # Subtest: practice resumes at the next unanswered question and refuses duplicate or out-of-order writes
2026-10-08T14:24:05.8825463Z ok 117 - practice resumes at the next unanswered question and refuses duplicate or out-of-order writes
2026-10-08T14:24:05.8826625Z   ---
2026-10-08T14:24:05.8827099Z   duration_ms: 0.309741
2026-10-08T14:24:05.8827612Z   ...
2026-10-08T14:24:05.8828391Z # Subtest: an all-correct or empty review has no practice question
2026-10-08T14:24:05.8829644Z ok 118 - an all-correct or empty review has no practice question
2026-10-08T14:24:05.8830506Z   ---
2026-10-08T14:24:05.8831070Z   duration_ms: 0.327745
2026-10-08T14:24:05.8831632Z   ...
2026-10-08T14:24:05.9369448Z # Subtest: the original course survives native validation and serialization with complete connected content
2026-10-08T14:24:05.9371672Z ok 119 - the original course survives native validation and serialization with complete connected content
2026-10-08T14:24:05.9373074Z   ---
2026-10-08T14:24:05.9373658Z   duration_ms: 4.464104
2026-10-08T14:24:05.9374252Z   ...
2026-10-08T14:24:05.9375448Z # Subtest: native item selection reaches all twelve questions and can prioritize the weak sample clock
2026-10-08T14:24:05.9377455Z ok 120 - native item selection reaches all twelve questions and can prioritize the weak sample clock
2026-10-08T14:24:05.9378536Z   ---
2026-10-08T14:24:05.9379099Z   duration_ms: 19.662147
2026-10-08T14:24:05.9379715Z   ...
2026-10-08T14:24:05.9380963Z # Subtest: answer text matches independently stated calculations and explicit sampling assumptions
2026-10-08T14:24:05.9382661Z ok 121 - answer text matches independently stated calculations and explicit sampling assumptions
2026-10-08T14:24:05.9383688Z   ---
2026-10-08T14:24:05.9384304Z   duration_ms: 0.424277
2026-10-08T14:24:05.9384886Z   ...
2026-10-08T14:24:05.9477408Z # Subtest: each supported sample clock uses inclusive endpoints and an actually different matching cosine
2026-10-08T14:24:05.9485999Z ok 122 - each supported sample clock uses inclusive endpoints and an actually different matching cosine
2026-10-08T14:24:05.9487288Z   ---
2026-10-08T14:24:05.9487881Z   duration_ms: 13.235697
2026-10-08T14:24:05.9488542Z   ...
2026-10-08T14:24:05.9489699Z # Subtest: DC, reflected aliases, the half-rate and input limits preserve their distinct meaning
2026-10-08T14:24:05.9491304Z ok 123 - DC, reflected aliases, the half-rate and input limits preserve their distinct meaning
2026-10-08T14:24:05.9492313Z   ---
2026-10-08T14:24:05.9492919Z   duration_ms: 0.414648
2026-10-08T14:24:05.9493519Z   ...
2026-10-08T14:24:05.9494639Z # Subtest: invalid numerical input is refused and snapshots cannot be changed after observation
2026-10-08T14:24:05.9497154Z ok 124 - invalid numerical input is refused and snapshots cannot be changed after observation
2026-10-08T14:24:05.9498225Z   ---
2026-10-08T14:24:05.9498820Z   duration_ms: 1.01707
2026-10-08T14:24:05.9499419Z   ...
2026-10-08T14:24:05.9500628Z # Subtest: CSV carries full precision and current parameter identity, ignoring supplied forged sample rows
2026-10-08T14:24:05.9502361Z ok 125 - CSV carries full precision and current parameter identity, ignoring supplied forged sample rows
2026-10-08T14:24:05.9503472Z   ---
2026-10-08T14:24:05.9504034Z   duration_ms: 2.030553
2026-10-08T14:24:05.9504587Z   ...
2026-10-08T14:24:05.9554486Z # Subtest: notes retain the actual first choices, session order, corrections, transfers, and attribution
2026-10-08T14:24:05.9556848Z ok 126 - notes retain the actual first choices, session order, corrections, transfers, and attribution
2026-10-08T14:24:05.9558136Z   ---
2026-10-08T14:24:05.9558716Z   duration_ms: 3.619268
2026-10-08T14:24:05.9559335Z   ...
2026-10-08T14:24:05.9560580Z # Subtest: paused and completed retries cannot replace the first answers or alter the model
2026-10-08T14:24:05.9562244Z ok 127 - paused and completed retries cannot replace the first answers or alter the model
2026-10-08T14:24:05.9563337Z   ---
2026-10-08T14:24:05.9564291Z   duration_ms: 1.319238
2026-10-08T14:24:05.9565005Z   ...
2026-10-08T14:24:05.9566485Z # Subtest: unstarted, zero-answer paused, and all-correct sessions have honest practice labels
2026-10-08T14:24:05.9568454Z ok 128 - unstarted, zero-answer paused, and all-correct sessions have honest practice labels
2026-10-08T14:24:05.9569570Z   ---
2026-10-08T14:24:05.9570251Z   duration_ms: 2.268871
2026-10-08T14:24:05.9570979Z   ...
2026-10-08T14:24:05.9572450Z # Subtest: incomplete, duplicate, legacy choice-less or malformed traces are refused rather than fabricated
2026-10-08T14:24:05.9574323Z ok 129 - incomplete, duplicate, legacy choice-less or malformed traces are refused rather than fabricated
2026-10-08T14:24:05.9575333Z   ---
2026-10-08T14:24:05.9576055Z   duration_ms: 4.39646
2026-10-08T14:24:05.9576610Z   ...
2026-10-08T14:24:05.9577723Z # Subtest: plain-text output preserves Unicode and literal markup without creating executable content
2026-10-08T14:24:05.9578817Z ok 130 - plain-text output preserves Unicode and literal markup without creating executable content
2026-10-08T14:24:05.9579302Z   ---
2026-10-08T14:24:05.9579508Z   duration_ms: 0.455525
2026-10-08T14:24:05.9579735Z   ...
2026-10-08T14:24:06.1488568Z # Subtest: the original five-vertex example has the hand-calculated settling order and cost-7 route
2026-10-08T14:24:06.1490723Z ok 131 - the original five-vertex example has the hand-calculated settling order and cost-7 route
2026-10-08T14:24:06.1516653Z   ---
2026-10-08T14:24:06.1576368Z   duration_ms: 5.247896
2026-10-08T14:24:06.1576891Z   ...
2026-10-08T14:24:06.1622084Z # Subtest: target discovery remains tentative; the cheaper route is final only on target settlement
2026-10-08T14:24:06.1638792Z ok 132 - target discovery remains tentative; the cheaper route is final only on target settlement
2026-10-08T14:24:06.1640100Z   ---
2026-10-08T14:24:06.1640836Z   duration_ms: 1.663595
2026-10-08T14:24:06.1642189Z   ...
2026-10-08T14:24:06.1643608Z # Subtest: zero weights and equal routes preserve the stated alphabetical and first-predecessor policies
2026-10-08T14:24:06.1645941Z ok 133 - zero weights and equal routes preserve the stated alphabetical and first-predecessor policies
2026-10-08T14:24:06.1647160Z   ---
2026-10-08T14:24:06.1647787Z   duration_ms: 1.391153
2026-10-08T14:24:06.1648429Z   ...
2026-10-08T14:24:06.1649607Z # Subtest: all preset source/target pairs agree with exhaustive simple paths, including reverse direction
2026-10-08T14:24:06.1651292Z ok 134 - all preset source/target pairs agree with exhaustive simple paths, including reverse direction
2026-10-08T14:24:06.1652369Z   ---
2026-10-08T14:24:06.1652922Z   duration_ms: 5.981153
2026-10-08T14:24:06.1653605Z   ...
2026-10-08T14:24:06.1654821Z # Subtest: 80 deterministic bounded graphs agree with a simple-path oracle for every source
2026-10-08T14:24:06.1656612Z ok 135 - 80 deterministic bounded graphs agree with a simple-path oracle for every source
2026-10-08T14:24:06.1677396Z   ---
2026-10-08T14:24:06.1678118Z   duration_ms: 101.927989
2026-10-08T14:24:06.1679106Z   ...
2026-10-08T14:24:06.1680069Z # Subtest: invalid graphs are refused before a runnable state exists
2026-10-08T14:24:06.1681529Z ok 136 - invalid graphs are refused before a runnable state exists
2026-10-08T14:24:06.1682643Z   ---
2026-10-08T14:24:06.1683377Z   duration_ms: 1.371906
2026-10-08T14:24:06.1684490Z   ...
2026-10-08T14:24:06.1692333Z # Subtest: run, graph, presets and trace snapshots cannot be changed by later edits
2026-10-08T14:24:06.1693835Z ok 137 - run, graph, presets and trace snapshots cannot be changed by later edits
2026-10-08T14:24:06.1694969Z   ---
2026-10-08T14:24:06.1695671Z   duration_ms: 0.699614
2026-10-08T14:24:06.1696673Z   ...
2026-10-08T14:24:06.1698092Z # Subtest: the original twelve-question course is valid, canonical and has balanced answer positions
2026-10-08T14:24:06.1700173Z ok 138 - the original twelve-question course is valid, canonical and has balanced answer positions
2026-10-08T14:24:06.1701607Z   ---
2026-10-08T14:24:06.1702865Z   duration_ms: 0.736283
2026-10-08T14:24:06.1703697Z   ...
2026-10-08T14:24:06.1705323Z # Subtest: existing knowledge, review, practice and notes contracts accept the new deck without changing the app
2026-10-08T14:24:06.1708824Z ok 139 - existing knowledge, review, practice and notes contracts accept the new deck without changing the app
2026-10-08T14:24:06.1710270Z   ---
2026-10-08T14:24:06.1710981Z   duration_ms: 15.349998
2026-10-08T14:24:06.1711714Z   ...
2026-10-08T14:24:06.5771079Z # Subtest: the original twelve-item SQL course uses the published import contract without changing its native meaning
2026-10-08T14:24:06.5773494Z ok 140 - the original twelve-item SQL course uses the published import contract without changing its native meaning
2026-10-08T14:24:06.5775074Z   ---
2026-10-08T14:24:06.5775639Z   duration_ms: 4.180621
2026-10-08T14:24:06.5776317Z   ...
2026-10-08T14:24:06.5777853Z # Subtest: actual SQLite regenerates all twenty-two saved queries and their exact course/default bindings
2026-10-08T14:24:06.5778905Z ok 141 - actual SQLite regenerates all twenty-two saved queries and their exact course/default bindings
2026-10-08T14:24:06.5779630Z   ---
2026-10-08T14:24:06.5779930Z   duration_ms: 68.463773
2026-10-08T14:24:06.5780198Z   ...
2026-10-08T14:24:06.5781094Z # Subtest: native adaptive selection, shuffled choices, review, practice and notes preserve all twelve SQL questions
2026-10-08T14:24:06.5782328Z ok 142 - native adaptive selection, shuffled choices, review, practice and notes preserve all twelve SQL questions
2026-10-08T14:24:06.5783032Z   ---
2026-10-08T14:24:06.5783266Z   duration_ms: 18.61468
2026-10-08T14:24:06.5783521Z   ...
2026-10-08T14:24:06.5784106Z # Subtest: a changed answer or invalid query refuses the build and preserves both saved artifacts
2026-10-08T14:24:06.5785020Z ok 143 - a changed answer or invalid query refuses the build and preserves both saved artifacts
2026-10-08T14:24:06.5786271Z   ---
2026-10-08T14:24:06.5786555Z   duration_ms: 458.459912
2026-10-08T14:24:06.5786831Z   ...
2026-10-08T14:24:06.6229171Z # Subtest: a stale generated explorer fails --check without silently replacing the changed file
2026-10-08T14:24:06.6230852Z ok 144 - a stale generated explorer fails --check without silently replacing the changed file
2026-10-08T14:24:06.6231706Z   ---
2026-10-08T14:24:06.6232096Z   duration_ms: 45.967582
2026-10-08T14:24:06.6232513Z   ...
2026-10-08T14:24:06.6307928Z # Subtest: original course fits the existing deck contract with all four concepts represented
2026-10-08T14:24:06.6309433Z ok 145 - original course fits the existing deck contract with all four concepts represented
2026-10-08T14:24:06.6310078Z   ---
2026-10-08T14:24:06.6310313Z   duration_ms: 3.375659
2026-10-08T14:24:06.6310549Z   ...
2026-10-08T14:24:06.6311170Z # Subtest: authored answer keys retain the independently worked quantities and conceptual distinctions
2026-10-08T14:24:06.6312125Z ok 146 - authored answer keys retain the independently worked quantities and conceptual distinctions
2026-10-08T14:24:06.6312682Z   ---
2026-10-08T14:24:06.6312900Z   duration_ms: 0.27162
2026-10-08T14:24:06.6313175Z   ...
2026-10-08T14:24:06.6313709Z # Subtest: course completes native selection, correct first answers, review, retry and study notes
2026-10-08T14:24:06.6314911Z ok 147 - course completes native selection, correct first answers, review, retry and study notes
2026-10-08T14:24:06.6315548Z   ---
2026-10-08T14:24:06.6316100Z   duration_ms: 14.027605
2026-10-08T14:24:06.6316470Z   ...
2026-10-08T14:24:06.6317462Z # Subtest: course completes native selection, mixed first answers, review, retry and study notes
2026-10-08T14:24:06.6318538Z ok 148 - course completes native selection, mixed first answers, review, retry and study notes
2026-10-08T14:24:06.6319148Z   ---
2026-10-08T14:24:06.6319562Z   duration_ms: 3.529659
2026-10-08T14:24:06.6320009Z   ...
2026-10-08T14:24:06.6320849Z # Subtest: course completes native selection, missed first answers, review, retry and study notes
2026-10-08T14:24:06.6322144Z ok 149 - course completes native selection, missed first answers, review, retry and study notes
2026-10-08T14:24:06.6322805Z   ---
2026-10-08T14:24:06.6323241Z   duration_ms: 3.682275
2026-10-08T14:24:06.6323750Z   ...
2026-10-08T14:24:06.6324555Z # Subtest: generated direct-open artifact has exact build parity and embeds the qualified course
2026-10-08T14:24:06.6325548Z ok 150 - generated direct-open artifact has exact build parity and embeds the qualified course
2026-10-08T14:24:06.6326439Z   ---
2026-10-08T14:24:06.6326930Z   duration_ms: 85.365441
2026-10-08T14:24:06.6327309Z   ...
2026-10-08T14:24:06.6328161Z # Subtest: standalone rendering keeps embedded source and course text inside their script elements
2026-10-08T14:24:06.6329468Z ok 151 - standalone rendering keeps embedded source and course text inside their script elements
2026-10-08T14:24:06.6330232Z   ---
2026-10-08T14:24:06.6330567Z   duration_ms: 0.821353
2026-10-08T14:24:06.6330919Z   ...
2026-10-08T14:24:06.6331613Z # Subtest: water: 6 / 2 mol → second
2026-10-08T14:24:06.6332223Z ok 152 - water: 6 / 2 mol → second
2026-10-08T14:24:06.6332639Z   ---
2026-10-08T14:24:06.6332958Z   duration_ms: 1.716935
2026-10-08T14:24:06.6333315Z   ...
2026-10-08T14:24:06.6333781Z # Subtest: water: 2 / 2 mol → first
2026-10-08T14:24:06.6334363Z ok 153 - water: 2 / 2 mol → first
2026-10-08T14:24:06.6334773Z   ---
2026-10-08T14:24:06.6335087Z   duration_ms: 0.15962
2026-10-08T14:24:06.6335447Z   ...
2026-10-08T14:24:06.6336278Z # Subtest: water: 4 / 2 mol → matched
2026-10-08T14:24:06.6336895Z ok 154 - water: 4 / 2 mol → matched
2026-10-08T14:24:06.6337310Z   ---
2026-10-08T14:24:06.6337639Z   duration_ms: 0.204965
2026-10-08T14:24:06.6337996Z   ...
2026-10-08T14:24:06.6338493Z # Subtest: water: 0 / 5 mol → no-product
2026-10-08T14:24:06.6339130Z ok 155 - water: 0 / 5 mol → no-product
2026-10-08T14:24:06.6339563Z   ---
2026-10-08T14:24:06.6340053Z   duration_ms: 0.175931
2026-10-08T14:24:06.6340267Z   ...
2026-10-08T14:24:06.6340573Z # Subtest: water: 5 / 0 mol → no-product
2026-10-08T14:24:06.6340936Z ok 156 - water: 5 / 0 mol → no-product
2026-10-08T14:24:06.6341206Z   ---
2026-10-08T14:24:06.6341398Z   duration_ms: 0.246042
2026-10-08T14:24:06.6341602Z   ...
2026-10-08T14:24:06.6341885Z # Subtest: water: 0 / 0 mol → no-product
2026-10-08T14:24:06.6342240Z ok 157 - water: 0 / 0 mol → no-product
2026-10-08T14:24:06.6342484Z   ---
2026-10-08T14:24:06.6342664Z   duration_ms: 0.145233
2026-10-08T14:24:06.6342879Z   ...
2026-10-08T14:24:06.6343147Z # Subtest: ammonia: 2 / 3 mol → second
2026-10-08T14:24:06.6343483Z ok 158 - ammonia: 2 / 3 mol → second
2026-10-08T14:24:06.6343725Z   ---
2026-10-08T14:24:06.6343904Z   duration_ms: 0.17524
2026-10-08T14:24:06.6344103Z   ...
2026-10-08T14:24:06.6344389Z # Subtest: ammonia: 1 / 2.4 mol → second
2026-10-08T14:24:06.6344749Z ok 159 - ammonia: 1 / 2.4 mol → second
2026-10-08T14:24:06.6344994Z   ---
2026-10-08T14:24:06.6345188Z   duration_ms: 0.217929
2026-10-08T14:24:06.6345395Z   ...
2026-10-08T14:24:06.6345676Z # Subtest: ammonia: 2 / 4.8 mol → second
2026-10-08T14:24:06.6346611Z ok 160 - ammonia: 2 / 4.8 mol → second
2026-10-08T14:24:06.6347051Z   ---
2026-10-08T14:24:06.6347242Z   duration_ms: 0.303981
2026-10-08T14:24:06.6347446Z   ...
2026-10-08T14:24:06.6347737Z # Subtest: ammonia: 0.1 / 0.3 mol → matched
2026-10-08T14:24:06.6348104Z ok 161 - ammonia: 0.1 / 0.3 mol → matched
2026-10-08T14:24:06.6348360Z   ---
2026-10-08T14:24:06.6348550Z   duration_ms: 0.253546
2026-10-08T14:24:06.6348750Z   ...
2026-10-08T14:24:06.6349047Z # Subtest: ammonia: 0.001 / 0.001 mol → second
2026-10-08T14:24:06.6349435Z ok 162 - ammonia: 0.001 / 0.001 mol → second
2026-10-08T14:24:06.6349696Z   ---
2026-10-08T14:24:06.6349877Z   duration_ms: 0.175149
2026-10-08T14:24:06.6350080Z   ...
2026-10-08T14:24:06.6350382Z # Subtest: ammonia: 0.001 / 0.003 mol → matched
2026-10-08T14:24:06.6350769Z ok 163 - ammonia: 0.001 / 0.003 mol → matched
2026-10-08T14:24:06.6351046Z   ---
2026-10-08T14:24:06.6351227Z   duration_ms: 0.158537
2026-10-08T14:24:06.6351594Z   ...
2026-10-08T14:24:06.6351895Z # Subtest: ammonia: 0.001 / 0.004 mol → first
2026-10-08T14:24:06.6352274Z ok 164 - ammonia: 0.001 / 0.004 mol → first
2026-10-08T14:24:06.6352535Z   ---
2026-10-08T14:24:06.6352718Z   duration_ms: 0.198553
2026-10-08T14:24:06.6352920Z   ...
2026-10-08T14:24:06.6353196Z # Subtest: magnesium: 1.5 / 1 mol → first
2026-10-08T14:24:06.6353552Z ok 165 - magnesium: 1.5 / 1 mol → first
2026-10-08T14:24:06.6353815Z   ---
2026-10-08T14:24:06.6353999Z   duration_ms: 0.907044
2026-10-08T14:24:06.6354199Z   ...
2026-10-08T14:24:06.6354484Z # Subtest: magnesium: 1 / 0.499 mol → second
2026-10-08T14:24:06.6354852Z ok 166 - magnesium: 1 / 0.499 mol → second
2026-10-08T14:24:06.6355105Z   ---
2026-10-08T14:24:06.6355310Z   duration_ms: 0.146405
2026-10-08T14:24:06.6355509Z   ...
2026-10-08T14:24:06.6356090Z # Subtest: magnesium: 1 / 0.5 mol → matched
2026-10-08T14:24:06.6356672Z ok 167 - magnesium: 1 / 0.5 mol → matched
2026-10-08T14:24:06.6357034Z   ---
2026-10-08T14:24:06.6357381Z   duration_ms: 0.211137
2026-10-08T14:24:06.6357754Z   ...
2026-10-08T14:24:06.6358278Z # Subtest: magnesium: 1 / 0.501 mol → first
2026-10-08T14:24:06.6358930Z ok 168 - magnesium: 1 / 0.501 mol → first
2026-10-08T14:24:06.6359370Z   ---
2026-10-08T14:24:06.6359685Z   duration_ms: 0.131848
2026-10-08T14:24:06.6360035Z   ...
2026-10-08T14:24:06.6360520Z # Subtest: water: 1000 / 1000 mol → first
2026-10-08T14:24:06.6361147Z ok 169 - water: 1000 / 1000 mol → first
2026-10-08T14:24:06.6361573Z   ---
2026-10-08T14:24:06.6361884Z   duration_ms: 0.238348
2026-10-08T14:24:06.6362232Z   ...
2026-10-08T14:24:06.6362934Z # Subtest: authored equations use the declared species and conserve each element
2026-10-08T14:24:06.6364000Z ok 170 - authored equations use the declared species and conserve each element
2026-10-08T14:24:06.6364673Z   ---
2026-10-08T14:24:06.6364985Z   duration_ms: 0.936028
2026-10-08T14:24:06.6365546Z   ...
2026-10-08T14:24:06.6366478Z # Subtest: all admitted decimal spellings resolve to exact millimoles
2026-10-08T14:24:06.6367191Z ok 171 - all admitted decimal spellings resolve to exact millimoles
2026-10-08T14:24:06.6367537Z   ---
2026-10-08T14:24:06.6367728Z   duration_ms: 0.235673
2026-10-08T14:24:06.6367929Z   ...
2026-10-08T14:24:06.6368537Z # Subtest: invalid or ambiguous amount inputs are refused without numeric coercion
2026-10-08T14:24:06.6369624Z ok 172 - invalid or ambiguous amount inputs are refused without numeric coercion
2026-10-08T14:24:06.6370288Z   ---
2026-10-08T14:24:06.6370606Z   duration_ms: 0.794502
2026-10-08T14:24:06.6370968Z   ...
2026-10-08T14:24:06.6371829Z # Subtest: positive amounts straddling an exact ratio are never classified using a floating tolerance
2026-10-08T14:24:06.6373210Z ok 173 - positive amounts straddling an exact ratio are never classified using a floating tolerance
2026-10-08T14:24:06.6373987Z   ---
2026-10-08T14:24:06.6374178Z   duration_ms: 0.171031
2026-10-08T14:24:06.6374390Z   ...
2026-10-08T14:24:06.6374836Z # Subtest: start = used + left and atom inventory is conserved across a changed-input grid
2026-10-08T14:24:06.6375504Z ok 174 - start = used + left and atom inventory is conserved across a changed-input grid
2026-10-08T14:24:06.6376269Z   ---
2026-10-08T14:24:06.6376542Z   duration_ms: 5.618582
2026-10-08T14:24:06.6376870Z   ...
2026-10-08T14:24:06.6377851Z # Subtest: doubling both supplies doubles theoretical product and excess without changing the limiting identity
2026-10-08T14:24:06.6379372Z ok 175 - doubling both supplies doubles theoretical product and excess without changing the limiting identity
2026-10-08T14:24:06.6380224Z   ---
2026-10-08T14:24:06.6380543Z   duration_ms: 0.59661
2026-10-08T14:24:06.6380893Z   ...
2026-10-08T14:24:06.6381778Z # Subtest: reaction definitions and solved records are deeply immutable without changing caller inputs
2026-10-08T14:24:06.6383166Z ok 176 - reaction definitions and solved records are deeply immutable without changing caller inputs
2026-10-08T14:24:06.6383974Z   ---
2026-10-08T14:24:06.6384514Z   duration_ms: 0.323177
2026-10-08T14:24:06.6384981Z   ...
2026-10-08T14:24:06.6385478Z # Subtest: worked record carries this prediction, mole accounting and the explicit theoretical model
2026-10-08T14:24:06.6386863Z ok 177 - worked record carries this prediction, mole accounting and the explicit theoretical model
2026-10-08T14:24:06.6387339Z   ---
2026-10-08T14:24:06.6387531Z   duration_ms: 0.652004
2026-10-08T14:24:06.6387746Z   ...
2026-10-08T14:24:06.6388263Z # Subtest: completed first answers restore in their original adaptive order with exact, unrounded estimates
2026-10-08T14:24:06.6389067Z ok 178 - completed first answers restore in their original adaptive order with exact, unrounded estimates
2026-10-08T14:24:06.6389538Z   ---
2026-10-08T14:24:06.6389725Z   duration_ms: 20.769046
2026-10-08T14:24:06.6389942Z   ...
2026-10-08T14:24:06.6390420Z # Subtest: unstarted, zero-answer, paused and complete practice remain distinct and can resume once
2026-10-08T14:24:06.6391170Z ok 179 - unstarted, zero-answer, paused and complete practice remain distinct and can resume once
2026-10-08T14:24:06.6391618Z   ---
2026-10-08T14:24:06.6391806Z   duration_ms: 6.513433
2026-10-08T14:24:06.6392011Z   ...
2026-10-08T14:24:06.6392419Z # Subtest: all-correct and all-missed completed traces use canonical answer indices
2026-10-08T14:24:06.6393039Z ok 180 - all-correct and all-missed completed traces use canonical answer indices
2026-10-08T14:24:06.6393419Z   ---
2026-10-08T14:24:06.6393604Z   duration_ms: 3.189179
2026-10-08T14:24:06.6393813Z   ...
2026-10-08T14:24:06.6394222Z # Subtest: incomplete, duplicate, unknown and out-of-range first answers are refused
2026-10-08T14:24:06.6394844Z ok 181 - incomplete, duplicate, unknown and out-of-range first answers are refused
2026-10-08T14:24:06.6395228Z   ---
2026-10-08T14:24:06.6395413Z   duration_ms: 10.336804
2026-10-08T14:24:06.6395623Z   ...
2026-10-08T14:24:06.6396804Z # Subtest: a different course revision cannot replace the current deck; property order is immaterial
2026-10-08T14:24:06.6397575Z ok 182 - a different course revision cannot replace the current deck; property order is immaterial
2026-10-08T14:24:06.6398036Z   ---
2026-10-08T14:24:06.6398228Z   duration_ms: 5.55364
2026-10-08T14:24:06.6398436Z   ...
2026-10-08T14:24:06.6398892Z # Subtest: changed model parameters, rounded estimates and incompatible versions are refused
2026-10-08T14:24:06.6399591Z ok 183 - changed model parameters, rounded estimates and incompatible versions are refused
2026-10-08T14:24:06.6400010Z   ---
2026-10-08T14:24:06.6400203Z   duration_ms: 12.180335
2026-10-08T14:24:06.6400414Z   ...
2026-10-08T14:24:06.6400843Z # Subtest: practice replay refuses duplicate, reordered, correct-first and extra answers
2026-10-08T14:24:06.6401507Z ok 184 - practice replay refuses duplicate, reordered, correct-first and extra answers
2026-10-08T14:24:06.6401914Z   ---
2026-10-08T14:24:06.6402130Z   duration_ms: 10.86736
2026-10-08T14:24:06.6402350Z   ...
2026-10-08T14:24:06.6402776Z # Subtest: bounded parsing refuses invalid JSON and oversized UTF-8 before exposing state
2026-10-08T14:24:06.6403425Z ok 185 - bounded parsing refuses invalid JSON and oversized UTF-8 before exposing state
2026-10-08T14:24:06.6403830Z   ---
2026-10-08T14:24:06.6404011Z   duration_ms: 6.309731
2026-10-08T14:24:06.6404214Z   ...
2026-10-08T14:24:06.6404660Z # Subtest: the downloadable course is the exact admitted course, without external dependencies
2026-10-08T14:24:06.6405344Z ok 186 - the downloadable course is the exact admitted course, without external dependencies
2026-10-08T14:24:06.6405940Z   ---
2026-10-08T14:24:06.6406167Z   duration_ms: 1.86844
2026-10-08T14:24:06.6406373Z   ...
2026-10-08T14:24:06.6406781Z # Subtest: rebuilding the embedded course preserves already current standalone bytes
2026-10-08T14:24:06.6407475Z ok 187 - rebuilding the embedded course preserves already current standalone bytes
2026-10-08T14:24:06.6407913Z   ---
2026-10-08T14:24:06.6408104Z   duration_ms: 47.146767
2026-10-08T14:24:06.6408349Z   ...
2026-10-08T14:24:06.6408961Z # Subtest: the course example retains a component and reconstructs the exact original
2026-10-08T14:24:06.6409660Z ok 188 - the course example retains a component and reconstructs the exact original
2026-10-08T14:24:06.6410075Z   ---
2026-10-08T14:24:06.6410283Z   duration_ms: 1.255057
2026-10-08T14:24:06.6410516Z   ...
2026-10-08T14:24:06.6410961Z # Subtest: the geometric line is unchanged by a positive or negative direction rescaling
2026-10-08T14:24:06.6411680Z ok 189 - the geometric line is unchanged by a positive or negative direction rescaling
2026-10-08T14:24:06.6412116Z   ---
2026-10-08T14:24:06.6412303Z   duration_ms: 0.50007
2026-10-08T14:24:06.6412548Z   ...
2026-10-08T14:24:06.6413029Z # Subtest: perpendicular, parallel, axis-aligned and zero-original cases remain defined
2026-10-08T14:24:06.6413784Z ok 190 - perpendicular, parallel, axis-aligned and zero-original cases remain defined
2026-10-08T14:24:06.6414262Z   ---
2026-10-08T14:24:06.6414473Z   duration_ms: 0.734028
2026-10-08T14:24:06.6414727Z   ...
2026-10-08T14:24:06.6415195Z # Subtest: malformed, missing, out-of-domain and zero direction values are refused
2026-10-08T14:24:06.6416027Z ok 191 - malformed, missing, out-of-domain and zero direction values are refused
2026-10-08T14:24:06.6416472Z   ---
2026-10-08T14:24:06.6416698Z   duration_ms: 1.132828
2026-10-08T14:24:06.6416941Z   ...
2026-10-08T14:24:06.6417360Z # Subtest: calculation does not mutate or alias its input coordinates
2026-10-08T14:24:06.6418061Z ok 192 - calculation does not mutate or alias its input coordinates
2026-10-08T14:24:06.6418530Z   ---
2026-10-08T14:24:06.6418736Z   duration_ms: 1.36846
2026-10-08T14:24:06.6418938Z   ...
2026-10-08T14:24:06.6419471Z # Subtest: 2,000 independently checked geometries satisfy the projection characterization and plot bounds
2026-10-08T14:24:06.6420356Z ok 193 - 2,000 independently checked geometries satisfy the projection characterization and plot bounds
2026-10-08T14:24:06.6421514Z   ---
2026-10-08T14:24:06.6421830Z   duration_ms: 39.374413
2026-10-08T14:24:06.6422097Z   ...
2026-10-08T14:24:06.6422661Z # Subtest: course has twelve original items, two per concept, with a balanced canonical answer key
2026-10-08T14:24:06.6423405Z ok 194 - course has twelve original items, two per concept, with a balanced canonical answer key
2026-10-08T14:24:06.6423837Z   ---
2026-10-08T14:24:06.6424031Z   duration_ms: 2.246128
2026-10-08T14:24:06.6424242Z   ...
2026-10-08T14:24:06.6424674Z # Subtest: displacement subtracts the starting point, including its negative component
2026-10-08T14:24:06.6425339Z ok 195 - displacement subtracts the starting point, including its negative component
2026-10-08T14:24:06.6426031Z   ---
2026-10-08T14:24:06.6426336Z   duration_ms: 0.680838
2026-10-08T14:24:06.6426653Z   ...
2026-10-08T14:24:06.6427101Z # Subtest: sequential displacements combine componentwise and retain the same final point
2026-10-08T14:24:06.6427787Z ok 196 - sequential displacements combine componentwise and retain the same final point
2026-10-08T14:24:06.6428206Z   ---
2026-10-08T14:24:06.6428390Z   duration_ms: 0.290084
2026-10-08T14:24:06.6428596Z   ...
2026-10-08T14:24:06.6429002Z # Subtest: Euclidean length is the square root of the sum of squared components
2026-10-08T14:24:06.6429593Z ok 197 - Euclidean length is the square root of the sum of squared components
2026-10-08T14:24:06.6429963Z   ---
2026-10-08T14:24:06.6430149Z   duration_ms: 0.227637
2026-10-08T14:24:06.6430354Z   ...
2026-10-08T14:24:06.6430762Z # Subtest: the unit direction has length one and preserves the original orientation
2026-10-08T14:24:06.6431383Z ok 198 - the unit direction has length one and preserves the original orientation
2026-10-08T14:24:06.6431763Z   ---
2026-10-08T14:24:06.6432072Z   duration_ms: 0.344897
2026-10-08T14:24:06.6432396Z   ...
2026-10-08T14:24:06.6433011Z # Subtest: the two nonzero perpendicular vectors have zero dot product
2026-10-08T14:24:06.6433659Z ok 199 - the two nonzero perpendicular vectors have zero dot product
2026-10-08T14:24:06.6434272Z   ---
2026-10-08T14:24:06.6434625Z   duration_ms: 0.193413
2026-10-08T14:24:06.6434962Z   ...
2026-10-08T14:24:06.6435482Z # Subtest: a unit-axis component retains the sign of the projected displacement
2026-10-08T14:24:06.6436665Z ok 200 - a unit-axis component retains the sign of the projected displacement
2026-10-08T14:24:06.6490773Z   ---
2026-10-08T14:24:06.6491198Z   duration_ms: 0.198272
2026-10-08T14:24:06.6491560Z   ...
2026-10-08T14:24:06.6492401Z # Subtest: the projection lies on the nonunit direction line and leaves an orthogonal residual
2026-10-08T14:24:06.6493513Z ok 201 - the projection lies on the nonunit direction line and leaves an orthogonal residual
2026-10-08T14:24:06.6494177Z   ---
2026-10-08T14:24:06.6494504Z   duration_ms: 0.337684
2026-10-08T14:24:06.6494859Z   ...
2026-10-08T14:24:06.6495573Z # Subtest: the requested residual reconstructs b as well as being perpendicular
2026-10-08T14:24:06.6497020Z ok 202 - the requested residual reconstructs b as well as being perpendicular
2026-10-08T14:24:06.6497724Z   ---
2026-10-08T14:24:06.6498072Z   duration_ms: 0.323257
2026-10-08T14:24:06.6498454Z   ...
2026-10-08T14:24:06.6499205Z # Subtest: row dot products implement the stated column-vector matrix convention
2026-10-08T14:24:06.6500320Z ok 203 - row dot products implement the stated column-vector matrix convention
2026-10-08T14:24:06.6500985Z   ---
2026-10-08T14:24:06.6501306Z   duration_ms: 0.313559
2026-10-08T14:24:06.6501666Z   ...
2026-10-08T14:24:06.6502157Z # Subtest: basis images retain the coefficients of the input linear combination
2026-10-08T14:24:06.6502776Z ok 204 - basis images retain the coefficients of the input linear combination
2026-10-08T14:24:06.6503157Z   ---
2026-10-08T14:24:06.6503352Z   duration_ms: 0.261812
2026-10-08T14:24:06.6503570Z   ...
2026-10-08T14:24:06.6503978Z # Subtest: rotation before horizontal stretch differs from the reverse order
2026-10-08T14:24:06.6504773Z ok 205 - rotation before horizontal stretch differs from the reverse order
2026-10-08T14:24:06.6505146Z   ---
2026-10-08T14:24:06.6505342Z   duration_ms: 0.277932
2026-10-08T14:24:06.6505555Z   ...
2026-10-08T14:24:06.6506345Z # Subtest: the stated distinct inputs collide under the flattening map
2026-10-08T14:24:06.6507027Z ok 206 - the stated distinct inputs collide under the flattening map
2026-10-08T14:24:06.6507361Z   ---
2026-10-08T14:24:06.6507553Z   duration_ms: 0.240182
2026-10-08T14:24:06.6507767Z   ...
2026-10-08T14:24:06.6507942Z 1..206
2026-10-08T14:24:06.6508122Z # tests 218
2026-10-08T14:24:06.6508310Z # suites 0
2026-10-08T14:24:06.6508507Z # pass 218
2026-10-08T14:24:06.6508689Z # fail 0
2026-10-08T14:24:06.6508874Z # cancelled 0
2026-10-08T14:24:06.6509072Z # skipped 0
2026-10-08T14:24:06.6509252Z # todo 0
2026-10-08T14:24:06.6509459Z # duration_ms 1585.99209
2026-10-08T14:24:06.6544768Z ##[group]Run cp demo.html /tmp/demo-before.html
2026-10-08T14:24:06.6545200Z [36;1mcp demo.html /tmp/demo-before.html[0m
2026-10-08T14:24:06.6545514Z [36;1mpython3 tools/make_demo.py[0m
2026-10-08T14:24:06.6546633Z [36;1mcmp /tmp/demo-before.html demo.html || { echo "demo.html is stale: run 'python3 tools/make_demo.py' and commit the result"; exit 1; }[0m
2026-10-08T14:24:06.6612687Z shell: /usr/bin/bash -e {0}
2026-10-08T14:24:06.6612953Z ##[endgroup]
2026-10-08T14:24:06.6949672Z Built /home/runner/work/RecallWeave/RecallWeave/demo.html (81178 bytes)
2026-10-08T14:24:06.7107254Z Post job cleanup.
2026-10-08T14:24:06.8313495Z (node:2633) [DEP0040] DeprecationWarning: The `punycode` module is deprecated. Please use a userland alternative instead.
2026-10-08T14:24:06.8314891Z (Use `node --trace-deprecation ...` to show where the warning was created)
2026-10-08T14:24:06.8590322Z Post job cleanup.
2026-10-08T14:24:06.9466986Z [command]/usr/bin/git version
2026-10-08T14:24:06.9502833Z git version 2.55.0
2026-10-08T14:24:06.9544330Z Temporarily overriding HOME='/home/runner/work/_temp/c9bc82ed-3f9d-4088-9c2e-8b09fc992e88' before making global git config changes
2026-10-08T14:24:06.9546286Z Adding repository directory to the temporary git global config as a safe directory
2026-10-08T14:24:06.9549010Z [command]/usr/bin/git config --global --add safe.directory /home/runner/work/RecallWeave/RecallWeave
2026-10-08T14:24:06.9588558Z [command]/usr/bin/git config --local --name-only --get-regexp core\.sshCommand
2026-10-08T14:24:06.9624579Z [command]/usr/bin/git submodule foreach --recursive sh -c "git config --local --name-only --get-regexp 'core\.sshCommand' && git config --local --unset-all 'core.sshCommand' || :"
2026-10-08T14:24:06.9916168Z [command]/usr/bin/git config --local --name-only --get-regexp http\.https\:\/\/github\.com\/\.extraheader
2026-10-08T14:24:06.9955341Z http.https://github.com/.extraheader
2026-10-08T14:24:07.0009384Z [command]/usr/bin/git config --local --unset-all http.https://github.com/.extraheader
2026-10-08T14:24:07.0068051Z [command]/usr/bin/git submodule foreach --recursive sh -c "git config --local --name-only --get-regexp 'http\.https\:\/\/github\.com\/\.extraheader' && git config --local --unset-all 'http.https://github.com/.extraheader' || :"
2026-10-08T14:24:07.0298927Z [command]/usr/bin/git config --local --name-only --get-regexp ^includeIf\.gitdir:
2026-10-08T14:24:07.0339587Z [command]/usr/bin/git submodule foreach --recursive git config --local --show-origin --name-only --get-regexp remote.origin.url
2026-10-08T14:24:07.0757417Z Cleaning up orphan processes
2026-10-08T14:24:07.1049745Z ##[warning]Node.js 20 is deprecated. The following actions target Node.js 20 but are being forced to run on Node.js 24: actions/checkout@11d5960a326750d5838078e36cf38b85af677262, actions/setup-node@49933ea5288caeca8642d1e84afbd3f7d6820020. For more information see: https://github.blog/changelog/2025-09-19-deprecation-of-node-20-on-github-actions-runners/
