2026-10-08T14:53:40.8952457Z Current runner version: '2.337.0'
2026-10-08T14:53:40.8979982Z ##[group]Runner Image Provisioner
2026-10-08T14:53:40.8981012Z Hosted Compute Agent
2026-10-08T14:53:40.8981606Z Version: 20261002.596
2026-10-08T14:53:40.8982342Z Commit: c3d12f3313a95f25162a1503be624f3b0617f8c0
2026-10-08T14:53:40.8983082Z Build Date: 2026-10-02T22:28:27Z
2026-10-08T14:53:40.8983758Z Worker ID: {6a55491d-feb6-4173-96b8-eb7c6b93e31b}
2026-10-08T14:53:40.8984575Z Region: northcentralus
2026-10-08T14:53:40.8985174Z Cloud: Azure
2026-10-08T14:53:40.8986017Z ##[endgroup]
2026-10-08T14:53:40.8987533Z ##[group]Operating System
2026-10-08T14:53:40.8988176Z Ubuntu
2026-10-08T14:53:40.8988817Z 24.04.5
2026-10-08T14:53:40.8989336Z LTS
2026-10-08T14:53:40.8989916Z ##[endgroup]
2026-10-08T14:53:40.8990484Z ##[group]Runner Image
2026-10-08T14:53:40.8991096Z Image: ubuntu-24.04
2026-10-08T14:53:40.8991747Z Version: 20261004.327.1
2026-10-08T14:53:40.8993021Z Included Software: https://github.com/actions/runner-images/blob/ubuntu24/20261004.327/images/ubuntu/Ubuntu2404-Readme.md
2026-10-08T14:53:40.8994630Z Image Release: https://github.com/actions/runner-images/releases/tag/ubuntu24%2F20261004.327
2026-10-08T14:53:40.8995854Z ##[endgroup]
2026-10-08T14:53:40.8997001Z ##[group]GITHUB_TOKEN Permissions
2026-10-08T14:53:40.8998952Z Contents: read
2026-10-08T14:53:40.8999663Z Metadata: read
2026-10-08T14:53:40.9000222Z ##[endgroup]
2026-10-08T14:53:40.9002304Z Secret source: Actions
2026-10-08T14:53:40.9003391Z Cache mode: write
2026-10-08T14:53:40.9004069Z Prepare workflow directory
2026-10-08T14:53:40.9354670Z Prepare all required actions
2026-10-08T14:53:40.9403096Z Getting action download info
2026-10-08T14:53:41.1964364Z Download action repository 'actions/checkout@11d5960a326750d5838078e36cf38b85af677262' (SHA:11d5960a326750d5838078e36cf38b85af677262)
2026-10-08T14:53:41.2841810Z Download action repository 'actions/setup-node@49933ea5288caeca8642d1e84afbd3f7d6820020' (SHA:49933ea5288caeca8642d1e84afbd3f7d6820020)
2026-10-08T14:53:41.4735554Z Complete job name: node-test
2026-10-08T14:53:41.5516489Z ##[group]Run actions/checkout@11d5960a326750d5838078e36cf38b85af677262
2026-10-08T14:53:41.5517588Z with:
2026-10-08T14:53:41.5518042Z   repository: Jacob-Met/RecallWeave
2026-10-08T14:53:41.5521690Z   token: ***
2026-10-08T14:53:41.5522126Z   ssh-strict: true
2026-10-08T14:53:41.5522568Z   ssh-user: git
2026-10-08T14:53:41.5523020Z   persist-credentials: true
2026-10-08T14:53:41.5523542Z   clean: true
2026-10-08T14:53:41.5523989Z   sparse-checkout-cone-mode: true
2026-10-08T14:53:41.5524516Z   fetch-depth: 1
2026-10-08T14:53:41.5524959Z   fetch-tags: false
2026-10-08T14:53:41.5525606Z   show-progress: true
2026-10-08T14:53:41.5526057Z   lfs: false
2026-10-08T14:53:41.5526477Z   submodules: false
2026-10-08T14:53:41.5526934Z   set-safe-directory: true
2026-10-08T14:53:41.5527444Z   allow-unsafe-pr-checkout: false
2026-10-08T14:53:41.5528216Z ##[endgroup]
2026-10-08T14:53:41.6527097Z Syncing repository: Jacob-Met/RecallWeave
2026-10-08T14:53:41.6529756Z ##[group]Getting Git version info
2026-10-08T14:53:41.6530669Z Working directory is '/home/runner/work/RecallWeave/RecallWeave'
2026-10-08T14:53:41.6532368Z [command]/usr/bin/git version
2026-10-08T14:53:41.6601578Z git version 2.55.0
2026-10-08T14:53:41.6626090Z ##[endgroup]
2026-10-08T14:53:41.6641561Z Temporarily overriding HOME='/home/runner/work/_temp/c907f586-5beb-4c57-8a0f-7e6a5051b391' before making global git config changes
2026-10-08T14:53:41.6643310Z Adding repository directory to the temporary git global config as a safe directory
2026-10-08T14:53:41.6647633Z [command]/usr/bin/git config --global --add safe.directory /home/runner/work/RecallWeave/RecallWeave
2026-10-08T14:53:41.6709579Z Deleting the contents of '/home/runner/work/RecallWeave/RecallWeave'
2026-10-08T14:53:41.6714082Z ##[group]Initializing the repository
2026-10-08T14:53:41.6718616Z [command]/usr/bin/git init /home/runner/work/RecallWeave/RecallWeave
2026-10-08T14:53:41.6853939Z hint: Using 'master' as the name for the initial branch. This default branch name
2026-10-08T14:53:41.6856202Z hint: will change to "main" in Git 3.0. To configure the initial branch name
2026-10-08T14:53:41.6857456Z hint: to use in all of your new repositories, which will suppress this warning,
2026-10-08T14:53:41.6858746Z hint: call:
2026-10-08T14:53:41.6859182Z hint:
2026-10-08T14:53:41.6859848Z hint: 	git config --global init.defaultBranch <name>
2026-10-08T14:53:41.6860677Z hint:
2026-10-08T14:53:41.6861707Z hint: Names commonly chosen instead of 'master' are 'main', 'trunk' and
2026-10-08T14:53:41.6863091Z hint: 'development'. The just-created branch can be renamed via this command:
2026-10-08T14:53:41.6864374Z hint:
2026-10-08T14:53:41.6864958Z hint: 	git branch -m <name>
2026-10-08T14:53:41.6865772Z hint:
2026-10-08T14:53:41.6866562Z hint: Disable this message with "git config set advice.defaultBranchName false"
2026-10-08T14:53:41.6867811Z Initialized empty Git repository in /home/runner/work/RecallWeave/RecallWeave/.git/
2026-10-08T14:53:41.6871360Z [command]/usr/bin/git remote add origin https://github.com/Jacob-Met/RecallWeave
2026-10-08T14:53:41.6926192Z ##[endgroup]
2026-10-08T14:53:41.6927061Z ##[group]Disabling automatic garbage collection
2026-10-08T14:53:41.6930721Z [command]/usr/bin/git config --local gc.auto 0
2026-10-08T14:53:41.6965098Z ##[endgroup]
2026-10-08T14:53:41.6966469Z ##[group]Setting up auth
2026-10-08T14:53:41.6973829Z [command]/usr/bin/git config --local --name-only --get-regexp core\.sshCommand
2026-10-08T14:53:41.7009242Z [command]/usr/bin/git submodule foreach --recursive sh -c "git config --local --name-only --get-regexp 'core\.sshCommand' && git config --local --unset-all 'core.sshCommand' || :"
2026-10-08T14:53:41.7397931Z [command]/usr/bin/git config --local --name-only --get-regexp http\.https\:\/\/github\.com\/\.extraheader
2026-10-08T14:53:41.7438751Z [command]/usr/bin/git submodule foreach --recursive sh -c "git config --local --name-only --get-regexp 'http\.https\:\/\/github\.com\/\.extraheader' && git config --local --unset-all 'http.https://github.com/.extraheader' || :"
2026-10-08T14:53:41.7674514Z [command]/usr/bin/git config --local --name-only --get-regexp ^includeIf\.gitdir:
2026-10-08T14:53:41.7711353Z [command]/usr/bin/git submodule foreach --recursive git config --local --show-origin --name-only --get-regexp remote.origin.url
2026-10-08T14:53:41.7936144Z [command]/usr/bin/git config --local http.https://github.com/.extraheader AUTHORIZATION: basic ***
2026-10-08T14:53:41.7978157Z ##[endgroup]
2026-10-08T14:53:41.7978943Z ##[group]Fetching the repository
2026-10-08T14:53:41.7987942Z [command]/usr/bin/git -c protocol.version=2 fetch --no-tags --prune --no-recurse-submodules --depth=1 origin +df380ab5f275869f3435bdf4f73980b2fa6d59e1:refs/remotes/pull/51/merge
2026-10-08T14:53:43.2199835Z From https://github.com/Jacob-Met/RecallWeave
2026-10-08T14:53:43.2227141Z  * [new ref]         df380ab5f275869f3435bdf4f73980b2fa6d59e1 -> pull/51/merge
2026-10-08T14:53:43.2248411Z ##[endgroup]
2026-10-08T14:53:43.2249455Z ##[group]Determining the checkout info
2026-10-08T14:53:43.2250593Z ##[endgroup]
2026-10-08T14:53:43.2251176Z [command]/usr/bin/git sparse-checkout disable
2026-10-08T14:53:43.2274948Z [command]/usr/bin/git config --local --unset-all extensions.worktreeConfig
2026-10-08T14:53:43.2315653Z ##[group]Checking out the ref
2026-10-08T14:53:43.2318752Z [command]/usr/bin/git checkout --progress --force refs/remotes/pull/51/merge
2026-10-08T14:53:43.3882508Z Note: switching to 'refs/remotes/pull/51/merge'.
2026-10-08T14:53:43.3883933Z 
2026-10-08T14:53:43.3884641Z You are in 'detached HEAD' state. You can look around, make experimental
2026-10-08T14:53:43.3886591Z changes and commit them, and you can discard any commits you make in this
2026-10-08T14:53:43.3888081Z state without impacting any branches by switching back to a branch.
2026-10-08T14:53:43.3888915Z 
2026-10-08T14:53:43.3889579Z If you want to create a new branch to retain commits you create, you may
2026-10-08T14:53:43.3891000Z do so (now or later) by using -c with the switch command. Example:
2026-10-08T14:53:43.3892093Z 
2026-10-08T14:53:43.3892515Z   git switch -c <new-branch-name>
2026-10-08T14:53:43.3893142Z 
2026-10-08T14:53:43.3893560Z Or undo this operation with:
2026-10-08T14:53:43.3894137Z 
2026-10-08T14:53:43.3894496Z   git switch -
2026-10-08T14:53:43.3894978Z 
2026-10-08T14:53:43.3896046Z Turn off this advice by setting config variable advice.detachedHead to false
2026-10-08T14:53:43.3897019Z 
2026-10-08T14:53:43.3898768Z HEAD is now at df380ab Merge ce97959813f4e4c125a7c7ae02ea731d3ae7e010 into 6f920f177ae90a09958146d41612a0e83f52702f
2026-10-08T14:53:43.3902445Z ##[endgroup]
2026-10-08T14:53:43.3945031Z [command]/usr/bin/git log -1 --format=%H
2026-10-08T14:53:43.3971559Z df380ab5f275869f3435bdf4f73980b2fa6d59e1
2026-10-08T14:53:43.4357304Z ##[group]Run actions/setup-node@49933ea5288caeca8642d1e84afbd3f7d6820020
2026-10-08T14:53:43.4358941Z with:
2026-10-08T14:53:43.4359857Z   node-version: 20
2026-10-08T14:53:43.4360833Z   always-auth: false
2026-10-08T14:53:43.4361834Z   check-latest: false
2026-10-08T14:53:43.4370319Z   token: ***
2026-10-08T14:53:43.4371240Z ##[endgroup]
2026-10-08T14:53:43.5908956Z Attempting to download 20...
2026-10-08T14:53:43.6020757Z (node:2276) [DEP0040] DeprecationWarning: The `punycode` module is deprecated. Please use a userland alternative instead.
2026-10-08T14:53:43.6025167Z (Use `node --trace-deprecation ...` to show where the warning was created)
2026-10-08T14:53:44.2788982Z Acquiring 20.20.2 - x64 from https://github.com/actions/node-versions/releases/download/20.20.2-23521894959/node-20.20.2-linux-x64.tar.gz
2026-10-08T14:53:44.7297786Z Extracting ...
2026-10-08T14:53:44.7423265Z [command]/usr/bin/tar xz --strip 1 --warning=no-unknown-keyword --overwrite -C /home/runner/work/_temp/abf4bbcf-93c1-47c4-b635-e1c43c757259 -f /home/runner/work/_temp/11670f17-f544-41ee-8983-34a80ec01b6c
2026-10-08T14:53:45.8166551Z Adding to the cache ...
2026-10-08T14:53:47.6331400Z ##[group]Environment details
2026-10-08T14:53:47.8590159Z node: v20.20.2
2026-10-08T14:53:47.8590825Z npm: 10.8.2
2026-10-08T14:53:47.8591193Z yarn: 1.22.22
2026-10-08T14:53:47.8591877Z ##[endgroup]
2026-10-08T14:53:47.8778610Z ##[group]Run node --test tests/*.test.mjs
2026-10-08T14:53:47.8779029Z [36;1mnode --test tests/*.test.mjs[0m
2026-10-08T14:53:47.9032924Z shell: /usr/bin/bash -e {0}
2026-10-08T14:53:47.9033300Z ##[endgroup]
2026-10-08T14:53:47.9624420Z TAP version 13
2026-10-08T14:53:48.0043251Z # Subtest: display orders retain every canonical option exactly once and are immutable
2026-10-08T14:53:48.0066621Z ok 1 - display orders retain every canonical option exactly once and are immutable
2026-10-08T14:53:48.0079238Z   ---
2026-10-08T14:53:48.0080140Z   duration_ms: 8.424973
2026-10-08T14:53:48.0080897Z   ...
2026-10-08T14:53:48.0082253Z # Subtest: a stable source replays an order and changed input can put the answer in every display position
2026-10-08T14:53:48.0084237Z ok 2 - a stable source replays an order and changed input can put the answer in every display position
2026-10-08T14:53:48.0086014Z   ---
2026-10-08T14:53:48.0086728Z   duration_ms: 0.505134
2026-10-08T14:53:48.0087598Z   ...
2026-10-08T14:53:48.0088976Z # Subtest: invalid counts or random values cannot produce duplicate, missing, or unaddressable choices
2026-10-08T14:53:48.0091052Z ok 3 - invalid counts or random values cannot produce duplicate, missing, or unaddressable choices
2026-10-08T14:53:48.0092375Z   ---
2026-10-08T14:53:48.0093180Z   duration_ms: 0.274643
2026-10-08T14:53:48.0093980Z   ...
2026-10-08T14:53:48.0096353Z # Subtest: varied displayed choices keep review, corrected practice and study notes tied to their original text
2026-10-08T14:53:48.0109476Z ok 4 - varied displayed choices keep review, corrected practice and study notes tied to their original text
2026-10-08T14:53:48.0116358Z   ---
2026-10-08T14:53:48.0117247Z   duration_ms: 8.980329
2026-10-08T14:53:48.0117953Z   ...
2026-10-08T14:53:48.0548053Z # Subtest: the direct-file author page is generated from all current author modules
2026-10-08T14:53:48.0559278Z ok 5 - the direct-file author page is generated from all current author modules
2026-10-08T14:53:48.0560741Z   ---
2026-10-08T14:53:48.0561532Z   duration_ms: 51.59735
2026-10-08T14:53:48.0562329Z   ...
2026-10-08T14:53:48.0686834Z # Subtest: the binary-search course round-trips through the published deck contract
2026-10-08T14:53:48.0694108Z ok 6 - the binary-search course round-trips through the published deck contract
2026-10-08T14:53:48.0716052Z   ---
2026-10-08T14:53:48.0716764Z   duration_ms: 4.867278
2026-10-08T14:53:48.0717527Z   ...
2026-10-08T14:53:48.0747040Z # Subtest: worked first-occurrence and absent examples agree with an independent linear partition
2026-10-08T14:53:48.0748584Z ok 7 - worked first-occurrence and absent examples agree with an independent linear partition
2026-10-08T14:53:48.0749489Z   ---
2026-10-08T14:53:48.0749872Z   duration_ms: 1.121224
2026-10-08T14:53:48.0750283Z   ...
2026-10-08T14:53:48.0752096Z # Subtest: midpoint and branch answers use the course’s half-open interval convention
2026-10-08T14:53:48.0754415Z ok 8 - midpoint and branch answers use the course’s half-open interval convention
2026-10-08T14:53:48.0755706Z   ---
2026-10-08T14:53:48.0756149Z   duration_ms: 0.370642
2026-10-08T14:53:48.0756649Z   ...
2026-10-08T14:53:48.0757842Z # Subtest: the worked trace and worst-case count follow strictly shrinking intervals
2026-10-08T14:53:48.0759209Z ok 9 - the worked trace and worst-case count follow strictly shrinking intervals
2026-10-08T14:53:48.0760220Z   ---
2026-10-08T14:53:48.0760614Z   duration_ms: 9.22206
2026-10-08T14:53:48.0761078Z   ...
2026-10-08T14:53:48.0762129Z # Subtest: the actual adaptive learner visits every new question and preserves worked feedback
2026-10-08T14:53:48.0763711Z ok 10 - the actual adaptive learner visits every new question and preserves worked feedback
2026-10-08T14:53:48.0764803Z   ---
2026-10-08T14:53:48.0765562Z   duration_ms: 21.522831
2026-10-08T14:53:48.0766038Z   ...
2026-10-08T14:53:48.0977414Z # Subtest: catalog keeps exact raw text and an immutable copy of checked metadata
2026-10-08T14:53:48.0987163Z ok 11 - catalog keeps exact raw text and an immutable copy of checked metadata
2026-10-08T14:53:48.1007158Z   ---
2026-10-08T14:53:48.1007929Z   duration_ms: 3.72755
2026-10-08T14:53:48.1008419Z   ...
2026-10-08T14:53:48.1009380Z # Subtest: curated paths reject traversal, external URLs, authoring sources and duplicates
2026-10-08T14:53:48.1010767Z ok 12 - curated paths reject traversal, external URLs, authoring sources and duplicates
2026-10-08T14:53:48.1011636Z   ---
2026-10-08T14:53:48.1012035Z   duration_ms: 1.43491
2026-10-08T14:53:48.1012465Z   ...
2026-10-08T14:53:48.1013334Z # Subtest: search uses title and concept substrings with stable order and trimmed case
2026-10-08T14:53:48.1014635Z ok 13 - search uses title and concept substrings with stable order and trimmed case
2026-10-08T14:53:48.1015865Z   ---
2026-10-08T14:53:48.1016273Z   duration_ms: 0.627742
2026-10-08T14:53:48.1016748Z   ...
2026-10-08T14:53:48.1161848Z # Subtest: standalone build matches checked-in HTML and embeds every original file unchanged
2026-10-08T14:53:48.1163742Z ok 14 - standalone build matches checked-in HTML and embeds every original file unchanged
2026-10-08T14:53:48.1165069Z   ---
2026-10-08T14:53:48.1166039Z   duration_ms: 25.158378
2026-10-08T14:53:48.1166898Z   ...
2026-10-08T14:53:48.1218850Z # Subtest: embedded course text cannot terminate the data script or become executable markup
2026-10-08T14:53:48.1225013Z ok 15 - embedded course text cannot terminate the data script or become executable markup
2026-10-08T14:53:48.1226622Z   ---
2026-10-08T14:53:48.1227413Z   duration_ms: 5.945215
2026-10-08T14:53:48.1228180Z   ...
2026-10-08T14:53:48.1887446Z # Subtest: builder refuses extra arguments before writing the generated page
2026-10-08T14:53:48.1893202Z ok 16 - builder refuses extra arguments before writing the generated page
2026-10-08T14:53:48.1894434Z   ---
2026-10-08T14:53:48.1895505Z   duration_ms: 67.574712
2026-10-08T14:53:48.1896859Z   ...
2026-10-08T14:53:48.5066280Z # Subtest: unfinished and completely empty drafts save without claiming lesson validity
2026-10-08T14:53:48.5156677Z ok 17 - unfinished and completely empty drafts save without claiming lesson validity
2026-10-08T14:53:48.5186062Z   ---
2026-10-08T14:53:48.5223680Z   duration_ms: 5.372882
2026-10-08T14:53:48.5225828Z   ...
2026-10-08T14:53:48.5227224Z # Subtest: duplicate text, cyclic and self prerequisites, and unfinished selections survive for repair
2026-10-08T14:53:48.5228965Z ok 18 - duplicate text, cyclic and self prerequisites, and unfinished selections survive for repair
2026-10-08T14:53:48.5229939Z   ---
2026-10-08T14:53:48.5230381Z   duration_ms: 1.807204
2026-10-08T14:53:48.5230828Z   ...
2026-10-08T14:53:48.5231989Z # Subtest: ready imported lessons retain public IDs, ordered content, answer identity and checked bytes
2026-10-08T14:53:48.5233752Z ok 19 - ready imported lessons retain public IDs, ordered content, answer identity and checked bytes
2026-10-08T14:53:48.5234782Z   ---
2026-10-08T14:53:48.5235475Z   duration_ms: 2.242307
2026-10-08T14:53:48.5235991Z   ...
2026-10-08T14:53:48.5237171Z # Subtest: canonical private keys recover near-limit counters without changing public IDs or live state
2026-10-08T14:53:48.5238965Z ok 20 - canonical private keys recover near-limit counters without changing public IDs or live state
2026-10-08T14:53:48.5240139Z   ---
2026-10-08T14:53:48.5240676Z   duration_ms: 1.072232
2026-10-08T14:53:48.5241261Z   ...
2026-10-08T14:53:48.5242382Z # Subtest: staged drafts are deeply frozen and replacement copies remain editable
2026-10-08T14:53:48.5243985Z ok 21 - staged drafts are deeply frozen and replacement copies remain editable
2026-10-08T14:53:48.5244965Z   ---
2026-10-08T14:53:48.5246188Z   duration_ms: 0.491487
2026-10-08T14:53:48.5246915Z   ...
2026-10-08T14:53:48.5248463Z # Subtest: missing or ambiguous internal references, malformed shape and unsafe counters refuse before admission
2026-10-08T14:53:48.5250501Z ok 22 - missing or ambiguous internal references, malformed shape and unsafe counters refuse before admission
2026-10-08T14:53:48.5251764Z   ---
2026-10-08T14:53:48.5252171Z   duration_ms: 2.365337
2026-10-08T14:53:48.5252653Z   ...
2026-10-08T14:53:48.5253303Z # Subtest: only recognized editor fields cross the draft boundary
2026-10-08T14:53:48.5254248Z ok 23 - only recognized editor fields cross the draft boundary
2026-10-08T14:53:48.5254827Z   ---
2026-10-08T14:53:48.5255168Z   duration_ms: 0.371053
2026-10-08T14:53:48.5255789Z   ...
2026-10-08T14:53:48.5256664Z # Subtest: a lesson larger than its admission limit can be saved as a draft and repaired later
2026-10-08T14:53:48.5257978Z ok 24 - a lesson larger than its admission limit can be saved as a draft and repaired later
2026-10-08T14:53:48.5258742Z   ---
2026-10-08T14:53:48.5259085Z   duration_ms: 10.376144
2026-10-08T14:53:48.5259468Z   ...
2026-10-08T14:53:48.5260337Z # Subtest: draft size limits count actual UTF-8 bytes and failed saving leaves writing intact
2026-10-08T14:53:48.5261635Z ok 25 - draft size limits count actual UTF-8 bytes and failed saving leaves writing intact
2026-10-08T14:53:48.5262382Z   ---
2026-10-08T14:53:48.5262729Z   duration_ms: 45.951857
2026-10-08T14:53:48.5263112Z   ...
2026-10-08T14:53:48.5264054Z # Subtest: compact drafts remain saveable near and exactly at the byte limit without added whitespace
2026-10-08T14:53:48.5265661Z ok 26 - compact drafts remain saveable near and exactly at the byte limit without added whitespace
2026-10-08T14:53:48.5266532Z   ---
2026-10-08T14:53:48.5266928Z   duration_ms: 264.860928
2026-10-08T14:53:48.5267310Z   ...
2026-10-08T14:53:48.5268192Z # Subtest: a file whose canonical private keys exceed the saved limit is refused before admission
2026-10-08T14:53:48.5269488Z ok 27 - a file whose canonical private keys exceed the saved limit is refused before admission
2026-10-08T14:53:48.5270248Z   ---
2026-10-08T14:53:48.5270588Z   duration_ms: 45.332008
2026-10-08T14:53:48.5271261Z   ...
2026-10-08T14:53:48.5374370Z # Subtest: a valid deck stages without touching authored text and commits once with full immutable content
2026-10-08T14:53:48.5397726Z ok 28 - a valid deck stages without touching authored text and commits once with full immutable content
2026-10-08T14:53:48.5416231Z   ---
2026-10-08T14:53:48.5486790Z   duration_ms: 12.611299
2026-10-08T14:53:48.5518067Z   ...
2026-10-08T14:53:48.5524241Z # Subtest: invalid JSON, invalid answer, oversized file and unreadable file preserve the draft and allow retry
2026-10-08T14:53:48.5586960Z ok 29 - invalid JSON, invalid answer, oversized file and unreadable file preserve the draft and allow retry
2026-10-08T14:53:48.5615953Z   ---
2026-10-08T14:53:48.5644980Z   duration_ms: 10.485709
2026-10-08T14:53:48.5675870Z   ...
2026-10-08T14:53:48.5699532Z # Subtest: unfinished and cyclic draft files stage visibly and replace once with an immutable editable state
2026-10-08T14:53:48.5721886Z ok 30 - unfinished and cyclic draft files stage visibly and replace once with an immutable editable state
2026-10-08T14:53:48.5724154Z   ---
2026-10-08T14:53:48.5727611Z   duration_ms: 4.382704
2026-10-08T14:53:48.5728194Z   ...
2026-10-08T14:53:48.5729301Z # Subtest: a draft suffix cannot admit an oversized lesson deck through the larger draft-file limit
2026-10-08T14:53:48.5730838Z ok 31 - a draft suffix cannot admit an oversized lesson deck through the larger draft-file limit
2026-10-08T14:53:48.5731759Z   ---
2026-10-08T14:53:48.5732244Z   duration_ms: 10.663242
2026-10-08T14:53:48.5732758Z   ...
2026-10-08T14:53:48.5733947Z # Subtest: malformed and unsupported editable drafts preserve the old draft and retire pending previews
2026-10-08T14:53:48.5735821Z ok 32 - malformed and unsupported editable drafts preserve the old draft and retire pending previews
2026-10-08T14:53:48.5736845Z   ---
2026-10-08T14:53:48.5737310Z   duration_ms: 4.907304
2026-10-08T14:53:48.5737816Z   ...
2026-10-08T14:53:48.5738782Z # Subtest: newest selected format wins across slow draft-to-deck and deck-to-draft reads
2026-10-08T14:53:48.5740614Z ok 33 - newest selected format wins across slow draft-to-deck and deck-to-draft reads
2026-10-08T14:53:48.5768469Z   ---
2026-10-08T14:53:48.5769079Z   duration_ms: 2.333988
2026-10-08T14:53:48.5769933Z   ...
2026-10-08T14:53:48.5771347Z # Subtest: explicit Keep current draft clears staged replacement and restores the open control focus
2026-10-08T14:53:48.5773043Z ok 34 - explicit Keep current draft clears staged replacement and restores the open control focus
2026-10-08T14:53:48.5774083Z   ---
2026-10-08T14:53:48.5774646Z   duration_ms: 1.280542
2026-10-08T14:53:48.5775539Z   ...
2026-10-08T14:53:48.5776662Z # Subtest: opening another chooser invalidates its old preview even when the chooser is cancelled
2026-10-08T14:53:48.5778280Z ok 35 - opening another chooser invalidates its old preview even when the chooser is cancelled
2026-10-08T14:53:48.5779244Z   ---
2026-10-08T14:53:48.5779735Z   duration_ms: 1.192998
2026-10-08T14:53:48.5780242Z   ...
2026-10-08T14:53:48.5781105Z # Subtest: a newer valid choice wins over an earlier slow success or failure
2026-10-08T14:53:48.5782314Z ok 36 - a newer valid choice wins over an earlier slow success or failure
2026-10-08T14:53:48.5783084Z   ---
2026-10-08T14:53:48.5783542Z   duration_ms: 2.754183
2026-10-08T14:53:48.5784044Z   ...
2026-10-08T14:53:48.5785022Z # Subtest: cancelled or empty file selection prevents a late read from reopening a preview
2026-10-08T14:53:48.5787002Z ok 37 - cancelled or empty file selection prevents a late read from reopening a preview
2026-10-08T14:53:48.5787911Z   ---
2026-10-08T14:53:48.5788390Z   duration_ms: 2.171375
2026-10-08T14:53:48.5789004Z   ...
2026-10-08T14:53:48.5789986Z # Subtest: invalid newer files invalidate an earlier pending or staged valid deck
2026-10-08T14:53:48.5791375Z ok 38 - invalid newer files invalidate an earlier pending or staged valid deck
2026-10-08T14:53:48.5792286Z   ---
2026-10-08T14:53:48.5792811Z   duration_ms: 1.667162
2026-10-08T14:53:48.5793748Z   ...
2026-10-08T14:53:48.5794930Z # Subtest: undo restores all writing while clearing only references to deliberately removed concepts
2026-10-08T14:53:48.5796865Z ok 39 - undo restores all writing while clearing only references to deliberately removed concepts
2026-10-08T14:53:48.5797803Z   ---
2026-10-08T14:53:48.5798314Z   duration_ms: 2.878535
2026-10-08T14:53:48.5798827Z   ...
2026-10-08T14:53:48.5800204Z # Subtest: undo retains known selections and even unfinished self links while removing a missing prerequisite
2026-10-08T14:53:48.5802070Z ok 40 - undo retains known selections and even unfinished self links while removing a missing prerequisite
2026-10-08T14:53:48.5803182Z   ---
2026-10-08T14:53:48.5803715Z   duration_ms: 0.398133
2026-10-08T14:53:48.5804274Z   ...
2026-10-08T14:53:48.5805482Z # Subtest: blank editor requires authored metadata and a deliberate answer
2026-10-08T14:53:48.5806844Z ok 41 - blank editor requires authored metadata and a deliberate answer
2026-10-08T14:53:48.5807729Z   ---
2026-10-08T14:53:48.5808283Z   duration_ms: 6.074012
2026-10-08T14:53:48.5808849Z   ...
2026-10-08T14:53:48.5810030Z # Subtest: opening a validated lesson makes an independent editable draft and preserves IDs and literals
2026-10-08T14:53:48.5811765Z ok 42 - opening a validated lesson makes an independent editable draft and preserves IDs and literals
2026-10-08T14:53:48.5812802Z   ---
2026-10-08T14:53:48.5813322Z   duration_ms: 1.297803
2026-10-08T14:53:48.5813910Z   ...
2026-10-08T14:53:48.5814944Z # Subtest: correctness follows an option when moved or when a preceding option is removed
2026-10-08T14:53:48.5816787Z ok 43 - correctness follows an option when moved or when a preceding option is removed
2026-10-08T14:53:48.5817676Z   ---
2026-10-08T14:53:48.5818182Z   duration_ms: 1.032518
2026-10-08T14:53:48.5818671Z   ...
2026-10-08T14:53:48.5819499Z # Subtest: option limits refuse without deleting text or changing the answer
2026-10-08T14:53:48.5820784Z ok 44 - option limits refuse without deleting text or changing the answer
2026-10-08T14:53:48.5821678Z   ---
2026-10-08T14:53:48.5822170Z   duration_ms: 0.905271
2026-10-08T14:53:48.5822977Z   ...
2026-10-08T14:53:48.5824238Z # Subtest: concept renaming updates question and prerequisite references while used deletion is refused
2026-10-08T14:53:48.5826223Z ok 45 - concept renaming updates question and prerequisite references while used deletion is refused
2026-10-08T14:53:48.5827242Z   ---
2026-10-08T14:53:48.5827723Z   duration_ms: 0.587497
2026-10-08T14:53:48.5828218Z   ...
2026-10-08T14:53:48.5829161Z # Subtest: cycles, uncovered concepts and duplicate answer text remain repairable drafts
2026-10-08T14:53:48.5830549Z ok 46 - cycles, uncovered concepts and duplicate answer text remain repairable drafts
2026-10-08T14:53:48.5831447Z   ---
2026-10-08T14:53:48.5831901Z   duration_ms: 0.812497
2026-10-08T14:53:48.5832389Z   ...
2026-10-08T14:53:48.5833453Z # Subtest: question reordering and undo restore the removed question without rolling back later edits
2026-10-08T14:53:48.5835033Z ok 47 - question reordering and undo restore the removed question without rolling back later edits
2026-10-08T14:53:48.5836267Z   ---
2026-10-08T14:53:48.5836746Z   duration_ms: 1.720443
2026-10-08T14:53:48.5837255Z   ...
2026-10-08T14:53:48.5837984Z # Subtest: new question IDs do not overwrite IDs from an opened deck
2026-10-08T14:53:48.5838898Z ok 48 - new question IDs do not overwrite IDs from an opened deck
2026-10-08T14:53:48.5839584Z   ---
2026-10-08T14:53:48.5840023Z   duration_ms: 0.611572
2026-10-08T14:53:48.5840488Z   ...
2026-10-08T14:53:48.5841445Z # Subtest: checked snapshots are immutable, deterministic, and separate from later draft edits
2026-10-08T14:53:48.5843108Z ok 49 - checked snapshots are immutable, deterministic, and separate from later draft edits
2026-10-08T14:53:48.5844076Z   ---
2026-10-08T14:53:48.5844611Z   duration_ms: 0.596324
2026-10-08T14:53:48.5845150Z   ...
2026-10-08T14:53:48.5846607Z # Subtest: individually valid multibyte content cannot export a file larger than the importer admits
2026-10-08T14:53:48.5848581Z ok 50 - individually valid multibyte content cannot export a file larger than the importer admits
2026-10-08T14:53:48.5849632Z   ---
2026-10-08T14:53:48.5850119Z   duration_ms: 11.070161
2026-10-08T14:53:48.5850627Z   ...
2026-10-08T14:53:48.5851301Z # Subtest: download filenames are bounded local names
2026-10-08T14:53:48.5852194Z ok 51 - download filenames are bounded local names
2026-10-08T14:53:48.5852839Z   ---
2026-10-08T14:53:48.5853306Z   duration_ms: 0.468746
2026-10-08T14:53:48.5853818Z   ...
2026-10-08T14:53:48.5854679Z # Subtest: the existing bundled deck imports unchanged without a format field
2026-10-08T14:53:48.5856221Z ok 52 - the existing bundled deck imports unchanged without a format field
2026-10-08T14:53:48.5857065Z   ---
2026-10-08T14:53:48.5857553Z   duration_ms: 3.919198
2026-10-08T14:53:48.5858069Z   ...
2026-10-08T14:53:48.5859028Z # Subtest: a deck is an immutable copy, and unknown fields cannot configure the runtime
2026-10-08T14:53:48.5860440Z ok 53 - a deck is an immutable copy, and unknown fields cannot configure the runtime
2026-10-08T14:53:48.5861355Z   ---
2026-10-08T14:53:48.5861890Z   duration_ms: 0.988406
2026-10-08T14:53:48.5862425Z   ...
2026-10-08T14:53:48.5863487Z # Subtest: malformed JSON, unsupported versions and wrong top-level values give actionable errors
2026-10-08T14:53:48.5865029Z ok 54 - malformed JSON, unsupported versions and wrong top-level values give actionable errors
2026-10-08T14:53:48.5866258Z   ---
2026-10-08T14:53:48.5866746Z   duration_ms: 0.485126
2026-10-08T14:53:48.5867263Z   ...
2026-10-08T14:53:48.5868159Z # Subtest: JSON byte limit counts multibyte text and accepts the exact boundary
2026-10-08T14:53:48.5869462Z ok 55 - JSON byte limit counts multibyte text and accepts the exact boundary
2026-10-08T14:53:48.5870250Z   ---
2026-10-08T14:53:48.5870702Z   duration_ms: 3.102303
2026-10-08T14:53:48.5871172Z   ...
2026-10-08T14:53:48.5872039Z # Subtest: required readable metadata and bounded question fields are validated
2026-10-08T14:53:48.5873542Z ok 56 - required readable metadata and bounded question fields are validated
2026-10-08T14:53:48.5874419Z   ---
2026-10-08T14:53:48.5874884Z   duration_ms: 1.92792
2026-10-08T14:53:48.5875664Z   ...
2026-10-08T14:53:48.5876631Z # Subtest: empty and oversized collections and duplicate identities are refused
2026-10-08T14:53:48.5877918Z ok 57 - empty and oversized collections and duplicate identities are refused
2026-10-08T14:53:48.5878758Z   ---
2026-10-08T14:53:48.5879204Z   duration_ms: 0.890343
2026-10-08T14:53:48.5879685Z   ...
2026-10-08T14:53:48.5880555Z # Subtest: every question and prerequisite must name a known covered concept
2026-10-08T14:53:48.5881671Z ok 58 - every question and prerequisite must name a known covered concept
2026-10-08T14:53:48.5882411Z   ---
2026-10-08T14:53:48.5882855Z   duration_ms: 0.496467
2026-10-08T14:53:48.5883339Z   ...
2026-10-08T14:53:48.5884244Z # Subtest: self-requirements and concept cycles across different questions are refused
2026-10-08T14:53:48.5885816Z ok 59 - self-requirements and concept cycles across different questions are refused
2026-10-08T14:53:48.5886680Z   ---
2026-10-08T14:53:48.5887150Z   duration_ms: 0.4712
2026-10-08T14:53:48.5887647Z   ...
2026-10-08T14:53:48.5888520Z # Subtest: choices require distinct readable options and an actual integer answer index
2026-10-08T14:53:48.5889762Z ok 60 - choices require distinct readable options and an actual integer answer index
2026-10-08T14:53:48.5890550Z   ---
2026-10-08T14:53:48.5891003Z   duration_ms: 0.984538
2026-10-08T14:53:48.5891545Z   ...
2026-10-08T14:53:48.5892445Z # Subtest: 100 questions and 32 concepts work through the existing selector to exhaustion
2026-10-08T14:53:48.5893789Z ok 61 - 100 questions and 32 concepts work through the existing selector to exhaustion
2026-10-08T14:53:48.5894644Z   ---
2026-10-08T14:53:48.5895128Z   duration_ms: 118.563913
2026-10-08T14:53:48.5895940Z   ...
2026-10-08T14:53:48.5896987Z # Subtest: imported answer indices, literal text and object-key names survive learning and practice
2026-10-08T14:53:48.5898834Z ok 62 - imported answer indices, literal text and object-key names survive learning and practice
2026-10-08T14:53:48.5899829Z   ---
2026-10-08T14:53:48.5900306Z   duration_ms: 0.909168
2026-10-08T14:53:48.5900823Z   ...
2026-10-08T14:53:48.5901773Z # Subtest: downloadable example round-trips through the import contract with full attribution
2026-10-08T14:53:48.5903219Z ok 63 - downloadable example round-trips through the import contract with full attribution
2026-10-08T14:53:48.5904133Z   ---
2026-10-08T14:53:48.5904575Z   duration_ms: 0.65315
2026-10-08T14:53:48.5905052Z   ...
2026-10-08T14:53:48.5906418Z # Subtest: the exact original course is bounded, admitted, balanced and round-trippable
2026-10-08T14:53:48.5907745Z ok 64 - the exact original course is bounded, admitted, balanced and round-trippable
2026-10-08T14:53:48.5908494Z   ---
2026-10-08T14:53:48.5908870Z   duration_ms: 6.767137
2026-10-08T14:53:48.5909287Z   ...
2026-10-08T14:53:48.5910129Z # Subtest: every stated answer follows the literal graph, with one correct option
2026-10-08T14:53:48.5910914Z     # Subtest: dg-links-1
2026-10-08T14:53:48.5911340Z     ok 1 - dg-links-1
2026-10-08T14:53:48.5911726Z       ---
2026-10-08T14:53:48.5912101Z       duration_ms: 0.595211
2026-10-08T14:53:48.5912508Z       ...
2026-10-08T14:53:48.5912864Z     # Subtest: dg-links-2
2026-10-08T14:53:48.5913271Z     ok 2 - dg-links-2
2026-10-08T14:53:48.5913645Z       ---
2026-10-08T14:53:48.5913996Z       duration_ms: 2.477747
2026-10-08T14:53:48.5914401Z       ...
2026-10-08T14:53:48.5914758Z     # Subtest: dg-links-3
2026-10-08T14:53:48.5915175Z     ok 3 - dg-links-3
2026-10-08T14:53:48.5915787Z       ---
2026-10-08T14:53:48.5916140Z       duration_ms: 1.840176
2026-10-08T14:53:48.5916540Z       ...
2026-10-08T14:53:48.5916887Z     # Subtest: dg-reach-1
2026-10-08T14:53:48.5917300Z     ok 4 - dg-reach-1
2026-10-08T14:53:48.5917686Z       ---
2026-10-08T14:53:48.5918048Z       duration_ms: 0.50291
2026-10-08T14:53:48.5918449Z       ...
2026-10-08T14:53:48.5918796Z     # Subtest: dg-reach-2
2026-10-08T14:53:48.5919442Z     ok 5 - dg-reach-2
2026-10-08T14:53:48.5919839Z       ---
2026-10-08T14:53:48.5920238Z       duration_ms: 0.478083
2026-10-08T14:53:48.5920653Z       ...
2026-10-08T14:53:48.5920996Z     # Subtest: dg-reach-3
2026-10-08T14:53:48.5921475Z     ok 6 - dg-reach-3
2026-10-08T14:53:48.5921851Z       ---
2026-10-08T14:53:48.5922199Z       duration_ms: 0.245228
2026-10-08T14:53:48.5922602Z       ...
2026-10-08T14:53:48.5922964Z     # Subtest: dg-order-1
2026-10-08T14:53:48.5923381Z     ok 7 - dg-order-1
2026-10-08T14:53:48.5923759Z       ---
2026-10-08T14:53:48.5924123Z       duration_ms: 0.332191
2026-10-08T14:53:48.5924533Z       ...
2026-10-08T14:53:48.5924883Z     # Subtest: dg-order-2
2026-10-08T14:53:48.5925527Z     ok 8 - dg-order-2
2026-10-08T14:53:48.5925947Z       ---
2026-10-08T14:53:48.5926311Z       duration_ms: 0.424633
2026-10-08T14:53:48.5926903Z       ...
2026-10-08T14:53:48.5927276Z     # Subtest: dg-order-3
2026-10-08T14:53:48.5927711Z     ok 9 - dg-order-3
2026-10-08T14:53:48.5928121Z       ---
2026-10-08T14:53:48.5928489Z       duration_ms: 0.563943
2026-10-08T14:53:48.5928957Z       ...
2026-10-08T14:53:48.5929318Z     # Subtest: dg-update-1
2026-10-08T14:53:48.5929755Z     ok 10 - dg-update-1
2026-10-08T14:53:48.5930152Z       ---
2026-10-08T14:53:48.5930509Z       duration_ms: 0.796437
2026-10-08T14:53:48.5930939Z       ...
2026-10-08T14:53:48.5931311Z     # Subtest: dg-update-2
2026-10-08T14:53:48.5931746Z     ok 11 - dg-update-2
2026-10-08T14:53:48.5932141Z       ---
2026-10-08T14:53:48.5932507Z       duration_ms: 1.125161
2026-10-08T14:53:48.5932912Z       ...
2026-10-08T14:53:48.5933261Z     # Subtest: dg-update-3
2026-10-08T14:53:48.5933698Z     ok 12 - dg-update-3
2026-10-08T14:53:48.5934089Z       ---
2026-10-08T14:53:48.5934433Z       duration_ms: 0.584602
2026-10-08T14:53:48.5934834Z       ...
2026-10-08T14:53:48.5935164Z     1..12
2026-10-08T14:53:48.5976710Z ok 65 - every stated answer follows the literal graph, with one correct option
2026-10-08T14:53:48.5977446Z   ---
2026-10-08T14:53:48.5977824Z   duration_ms: 12.595009
2026-10-08T14:53:48.5978240Z   ...
2026-10-08T14:53:48.5979235Z # Subtest: structurally valid changed content exposes graph reversal and blocked-descendant mistakes
2026-10-08T14:53:48.5980712Z ok 66 - structurally valid changed content exposes graph reversal and blocked-descendant mistakes
2026-10-08T14:53:48.5981555Z   ---
2026-10-08T14:53:48.5981922Z   duration_ms: 2.908962
2026-10-08T14:53:48.5982366Z   ...
2026-10-08T14:53:48.5983276Z # Subtest: the real selector, review, practice, notes and trace consumer preserve this course
2026-10-08T14:53:48.5984586Z ok 67 - the real selector, review, practice, notes and trace consumer preserve this course
2026-10-08T14:53:48.5985583Z   ---
2026-10-08T14:53:48.5985953Z   duration_ms: 20.622908
2026-10-08T14:53:48.5986363Z   ...
2026-10-08T14:53:48.5987234Z # Subtest: standalone artifact exactly matches sources and contains a valid offline script
2026-10-08T14:53:48.5988540Z ok 68 - standalone artifact exactly matches sources and contains a valid offline script
2026-10-08T14:53:48.5989285Z   ---
2026-10-08T14:53:48.5989628Z   duration_ms: 7.319678
2026-10-08T14:53:48.5990008Z   ...
2026-10-08T14:53:48.5990765Z # Subtest: course survives the existing validator and editable-format round trip
2026-10-08T14:53:48.5991848Z ok 69 - course survives the existing validator and editable-format round trip
2026-10-08T14:53:48.5992438Z   ---
2026-10-08T14:53:48.5992747Z   duration_ms: 2.141148
2026-10-08T14:53:48.5993094Z   ...
2026-10-08T14:53:48.7203991Z # Subtest: literal markup and Unicode in admitted course content cannot close the generated script
2026-10-08T14:53:48.7206357Z ok 70 - literal markup and Unicode in admitted course content cannot close the generated script
2026-10-08T14:53:48.7216079Z   ---
2026-10-08T14:53:48.7216816Z   duration_ms: 28.34571
2026-10-08T14:53:48.7217510Z   ...
2026-10-08T14:53:48.7218517Z # Subtest: check mode reports stale output without replacing a retained artifact
2026-10-08T14:53:48.7220205Z ok 71 - check mode reports stale output without replacing a retained artifact
2026-10-08T14:53:48.7221195Z   ---
2026-10-08T14:53:48.7221859Z   duration_ms: 76.435091
2026-10-08T14:53:48.7222472Z   ...
2026-10-08T14:53:48.7223719Z # Subtest: unexpected UI dependency refuses the build before overwriting its artifact
2026-10-08T14:53:48.7267352Z ok 72 - unexpected UI dependency refuses the build before overwriting its artifact
2026-10-08T14:53:48.7298310Z   ---
2026-10-08T14:53:48.7301746Z   duration_ms: 66.019451
2026-10-08T14:53:48.7302372Z   ...
2026-10-08T14:53:48.7425874Z # Subtest: fictional reversal retains denominators and uses common weights only for reference
2026-10-08T14:53:48.7487022Z ok 73 - fictional reversal retains denominators and uses common weights only for reference
2026-10-08T14:53:48.7516250Z   ---
2026-10-08T14:53:48.7546210Z   duration_ms: 5.774092
2026-10-08T14:53:48.7576040Z   ...
2026-10-08T14:53:48.7606335Z # Subtest: ties and conflicting subgroup directions are not a strict reversal
2026-10-08T14:53:48.7607796Z ok 74 - ties and conflicting subgroup directions are not a strict reversal
2026-10-08T14:53:48.7631408Z   ---
2026-10-08T14:53:48.7635949Z   duration_ms: 1.284919
2026-10-08T14:53:48.7663927Z   ...
2026-10-08T14:53:48.7696491Z # Subtest: empty cells remain unavailable unless their reference weight is exactly zero
2026-10-08T14:53:48.7697874Z ok 75 - empty cells remain unavailable unless their reference weight is exactly zero
2026-10-08T14:53:48.7725807Z   ---
2026-10-08T14:53:48.7755972Z   duration_ms: 0.816846
2026-10-08T14:53:48.7764547Z   ...
2026-10-08T14:53:48.7790555Z # Subtest: an entirely empty option has no pooled rate or inferred group mix
2026-10-08T14:53:48.7816301Z ok 76 - an entirely empty option has no pooled rate or inferred group mix
2026-10-08T14:53:48.7817298Z   ---
2026-10-08T14:53:48.7817873Z   duration_ms: 0.334685
2026-10-08T14:53:48.7819006Z   ...
2026-10-08T14:53:48.7820086Z # Subtest: invalid numeric inputs are refused without truncation or coercion
2026-10-08T14:53:48.7821517Z ok 77 - invalid numeric inputs are refused without truncation or coercion
2026-10-08T14:53:48.7822617Z   ---
2026-10-08T14:53:48.7823274Z   duration_ms: 1.177919
2026-10-08T14:53:48.7823956Z   ...
2026-10-08T14:53:48.7824968Z # Subtest: native count entry distinguishes blank and invalid text from zero
2026-10-08T14:53:48.7826755Z ok 78 - native count entry distinguishes blank and invalid text from zero
2026-10-08T14:53:48.7827737Z   ---
2026-10-08T14:53:48.7828362Z   duration_ms: 26.559032
2026-10-08T14:53:48.7829027Z   ...
2026-10-08T14:53:48.7830128Z # Subtest: a strict difference too small for percentage display is not declared equal
2026-10-08T14:53:48.7831610Z ok 79 - a strict difference too small for percentage display is not declared equal
2026-10-08T14:53:48.7832619Z   ---
2026-10-08T14:53:48.7833251Z   duration_ms: 0.593839
2026-10-08T14:53:48.7833847Z   ...
2026-10-08T14:53:48.7834909Z # Subtest: label and group transformations preserve the intended descriptive quantities
2026-10-08T14:53:48.7836755Z ok 80 - label and group transformations preserve the intended descriptive quantities
2026-10-08T14:53:48.7837840Z   ---
2026-10-08T14:53:48.7838448Z   duration_ms: 2.288733
2026-10-08T14:53:48.7839049Z   ...
2026-10-08T14:53:48.7840125Z # Subtest: shared weights preserve both strict subgroup advantages at every permitted mix
2026-10-08T14:53:48.7841704Z ok 81 - shared weights preserve both strict subgroup advantages at every permitted mix
2026-10-08T14:53:48.7842766Z   ---
2026-10-08T14:53:48.7843407Z   duration_ms: 6.794483
2026-10-08T14:53:48.7844088Z   ...
2026-10-08T14:53:48.7845606Z # Subtest: download contains exact inputs, unavailable values and deterministic recomputable fractions
2026-10-08T14:53:48.7847435Z ok 82 - download contains exact inputs, unavailable values and deterministic recomputable fractions
2026-10-08T14:53:48.7848582Z   ---
2026-10-08T14:53:48.7849204Z   duration_ms: 0.715015
2026-10-08T14:53:48.7849853Z   ...
2026-10-08T14:53:48.7851118Z # Subtest: BKT probabilities stay bounded across repeated evidence
2026-10-08T14:53:48.7852448Z ok 83 - BKT probabilities stay bounded across repeated evidence
2026-10-08T14:53:48.7853336Z   ---
2026-10-08T14:53:48.7853922Z   duration_ms: 8.487939
2026-10-08T14:53:48.7854545Z   ...
2026-10-08T14:53:48.7856126Z # Subtest: correct evidence raises and incorrect evidence lowers posterior for interior prior
2026-10-08T14:53:48.7857816Z ok 84 - correct evidence raises and incorrect evidence lowers posterior for interior prior
2026-10-08T14:53:48.7858864Z   ---
2026-10-08T14:53:48.7859426Z   duration_ms: 0.189814
2026-10-08T14:53:48.7859999Z   ...
2026-10-08T14:53:48.7860860Z # Subtest: parameter validation rejects impossible probabilities
2026-10-08T14:53:48.7861996Z ok 85 - parameter validation rejects impossible probabilities
2026-10-08T14:53:48.7862787Z   ---
2026-10-08T14:53:48.7863370Z   duration_ms: 0.414234
2026-10-08T14:53:48.7863953Z   ...
2026-10-08T14:53:48.7865062Z # Subtest: entropy and information gain have expected bounds and peak near uncertainty
2026-10-08T14:53:48.7866843Z ok 86 - entropy and information gain have expected bounds and peak near uncertainty
2026-10-08T14:53:48.7867917Z   ---
2026-10-08T14:53:48.7868558Z   duration_ms: 1.308293
2026-10-08T14:53:48.7869230Z   ...
2026-10-08T14:53:48.7870285Z # Subtest: selector prioritizes a weak prerequisite and is stable after exhaustion
2026-10-08T14:53:48.7871779Z ok 87 - selector prioritizes a weak prerequisite and is stable after exhaustion
2026-10-08T14:53:48.7872827Z   ---
2026-10-08T14:53:48.7873443Z   duration_ms: 0.424753
2026-10-08T14:53:48.7874088Z   ...
2026-10-08T14:53:48.7875030Z # Subtest: initial mastery creates independent named concept values
2026-10-08T14:53:48.7876605Z ok 88 - initial mastery creates independent named concept values
2026-10-08T14:53:48.7877541Z   ---
2026-10-08T14:53:48.7878158Z   duration_ms: 0.77625
2026-10-08T14:53:48.7879234Z   ...
2026-10-08T14:53:48.7880479Z # Subtest: scripted learner simulation is deterministic, bounded, and distinguishes selector modes
2026-10-08T14:53:48.7882292Z ok 89 - scripted learner simulation is deterministic, bounded, and distinguishes selector modes
2026-10-08T14:53:48.7883469Z   ---
2026-10-08T14:53:48.7884097Z   duration_ms: 0.463145
2026-10-08T14:53:48.7884754Z   ...
2026-10-08T14:53:48.7886359Z # Subtest: the original course is admitted by the existing deck contract with all four concepts covered
2026-10-08T14:53:48.7888247Z ok 90 - the original course is admitted by the existing deck contract with all four concepts covered
2026-10-08T14:53:48.7889413Z   ---
2026-10-08T14:53:48.7890066Z   duration_ms: 2.551745
2026-10-08T14:53:48.7890736Z   ...
2026-10-08T14:53:48.7891852Z # Subtest: answer positions are balanced and no correct option is uniquely the longest
2026-10-08T14:53:48.7893404Z ok 91 - answer positions are balanced and no correct option is uniquely the longest
2026-10-08T14:53:48.7894489Z   ---
2026-10-08T14:53:48.7895122Z   duration_ms: 0.339174
2026-10-08T14:53:48.7896000Z   ...
2026-10-08T14:53:48.7897250Z # Subtest: each numerical answer uses the stated correction sign, denominator or independence assumption
2026-10-08T14:53:48.7899057Z ok 92 - each numerical answer uses the stated correction sign, denominator or independence assumption
2026-10-08T14:53:48.7900209Z   ---
2026-10-08T14:53:48.7900769Z   duration_ms: 0.340605
2026-10-08T14:53:48.7901377Z   ...
2026-10-08T14:53:48.7902767Z # Subtest: standalone artifact is deterministic, preserves the exact deck bytes and contains executable classic scripts
2026-10-08T14:53:48.7904863Z ok 93 - standalone artifact is deterministic, preserves the exact deck bytes and contains executable classic scripts
2026-10-08T14:53:48.7906598Z   ---
2026-10-08T14:53:48.7907213Z   duration_ms: 3.882679
2026-10-08T14:53:48.7907891Z   ...
2026-10-08T14:53:48.7909201Z # Subtest: worked four-reading budget distinguishes raw mean, correction, sample scatter and mean uncertainty
2026-10-08T14:53:48.7911339Z ok 94 - worked four-reading budget distinguishes raw mean, correction, sample scatter and mean uncertainty
2026-10-08T14:53:48.7912527Z   ---
2026-10-08T14:53:48.7913139Z   duration_ms: 2.331694
2026-10-08T14:53:48.7913818Z   ...
2026-10-08T14:53:48.7915111Z # Subtest: a shared additive correction shifts the estimate without changing either uncertainty component
2026-10-08T14:53:48.7917206Z ok 95 - a shared additive correction shifts the estimate without changing either uncertainty component
2026-10-08T14:53:48.7918312Z   ---
2026-10-08T14:53:48.7918876Z   duration_ms: 0.361385
2026-10-08T14:53:48.7919529Z   ...
2026-10-08T14:53:48.7920856Z # Subtest: identical readings retain a nonzero shared component and are not rejected for numerical repetition
2026-10-08T14:53:48.7922764Z ok 96 - identical readings retain a nonzero shared component and are not rejected for numerical repetition
2026-10-08T14:53:48.7923962Z   ---
2026-10-08T14:53:48.7924599Z   duration_ms: 1.783441
2026-10-08T14:53:48.7925478Z   ...
2026-10-08T14:53:48.7926874Z # Subtest: future independent sample sizes hold shared calibration fixed while repeatability shrinks by square root
2026-10-08T14:53:48.7928873Z ok 97 - future independent sample sizes hold shared calibration fixed while repeatability shrinks by square root
2026-10-08T14:53:48.7930110Z   ---
2026-10-08T14:53:48.7930683Z   duration_ms: 0.576016
2026-10-08T14:53:48.7931290Z   ...
2026-10-08T14:53:48.7932422Z # Subtest: shared covariance gives the same calibration contribution for a mean of any sample size
2026-10-08T14:53:48.7934094Z ok 98 - shared covariance gives the same calibration contribution for a mean of any sample size
2026-10-08T14:53:48.7935495Z   ---
2026-10-08T14:53:48.7936188Z   duration_ms: 0.336278
2026-10-08T14:53:48.7936863Z   ...
2026-10-08T14:53:48.7938044Z # Subtest: compensated raw means preserve small residuals after large opposing readings cancel
2026-10-08T14:53:48.7939752Z ok 99 - compensated raw means preserve small residuals after large opposing readings cancel
2026-10-08T14:53:48.7941163Z   ---
2026-10-08T14:53:48.7941771Z   duration_ms: 0.329916
2026-10-08T14:53:48.7942437Z   ...
2026-10-08T14:53:48.7943639Z # Subtest: centered scatter remains meaningful for a large shared offset and at supported extremes
2026-10-08T14:53:48.7945795Z ok 100 - centered scatter remains meaningful for a large shared offset and at supported extremes
2026-10-08T14:53:48.7946956Z   ---
2026-10-08T14:53:48.7947580Z   duration_ms: 0.461371
2026-10-08T14:53:48.7948239Z   ...
2026-10-08T14:53:48.7949429Z # Subtest: reordering observations preserves the summary but does not assert statistical independence
2026-10-08T14:53:48.7951213Z ok 101 - reordering observations preserves the summary but does not assert statistical independence
2026-10-08T14:53:48.7952383Z   ---
2026-10-08T14:53:48.7953002Z   duration_ms: 1.086228
2026-10-08T14:53:48.7953620Z   ...
2026-10-08T14:53:48.7954725Z # Subtest: input parsing keeps every observation and refuses malformed or missing comma fields
2026-10-08T14:53:48.7956659Z ok 102 - input parsing keeps every observation and refuses malformed or missing comma fields
2026-10-08T14:53:48.7957749Z   ---
2026-10-08T14:53:48.7958411Z   duration_ms: 1.860333
2026-10-08T14:53:48.7959097Z   ...
2026-10-08T14:53:48.7960183Z # Subtest: supported magnitude and nonnegative half-width boundaries are explicit
2026-10-08T14:53:48.7961717Z ok 103 - supported magnitude and nonnegative half-width boundaries are explicit
2026-10-08T14:53:48.7962820Z   ---
2026-10-08T14:53:48.7963409Z   duration_ms: 0.812047
2026-10-08T14:53:48.7964044Z   ...
2026-10-08T14:53:48.7965179Z # Subtest: public calculations reject missing observations and invalid forecast counts
2026-10-08T14:53:48.7967057Z ok 104 - public calculations reject missing observations and invalid forecast counts
2026-10-08T14:53:48.7968115Z   ---
2026-10-08T14:53:48.7968721Z   duration_ms: 0.64245
2026-10-08T14:53:48.7969370Z   ...
2026-10-08T14:53:48.7970528Z # Subtest: calculation snapshots do not mutate caller arrays or change after later edits
2026-10-08T14:53:48.7972391Z ok 105 - calculation snapshots do not mutate caller arrays or change after later edits
2026-10-08T14:53:48.7973534Z   ---
2026-10-08T14:53:48.7974179Z   duration_ms: 0.328995
2026-10-08T14:53:48.7974835Z   ...
2026-10-08T14:53:48.7976095Z # Subtest: small dyadic arithmetic keeps exact operand and result values
2026-10-08T14:53:48.7977476Z ok 106 - small dyadic arithmetic keeps exact operand and result values
2026-10-08T14:53:48.7978471Z   ---
2026-10-08T14:53:48.7979059Z   duration_ms: 3.203521
2026-10-08T14:53:48.7979656Z   ...
2026-10-08T14:53:48.7980613Z # Subtest: decimal sum retains exact conversion and operation contributions
2026-10-08T14:53:48.7982026Z ok 107 - decimal sum retains exact conversion and operation contributions
2026-10-08T14:53:48.7983030Z   ---
2026-10-08T14:53:48.7983590Z   duration_ms: 0.71223
2026-10-08T14:53:48.7984193Z   ...
2026-10-08T14:53:48.7985510Z # Subtest: conversion can erase a difference while subtraction itself is exact
2026-10-08T14:53:48.7986999Z ok 108 - conversion can erase a difference while subtraction itself is exact
2026-10-08T14:53:48.7988008Z   ---
2026-10-08T14:53:48.7988618Z   duration_ms: 0.538817
2026-10-08T14:53:48.7989289Z   ...
2026-10-08T14:53:48.7990175Z # Subtest: operation rounding can lose an exact integer step
2026-10-08T14:53:48.7991331Z ok 109 - operation rounding can lose an exact integer step
2026-10-08T14:53:48.7992223Z   ---
2026-10-08T14:53:48.7992861Z   duration_ms: 0.524349
2026-10-08T14:53:48.7993548Z   ...
2026-10-08T14:53:48.7994633Z # Subtest: nonzero signed contributions can cancel at an exactly represented result
2026-10-08T14:53:48.7996460Z ok 110 - nonzero signed contributions can cancel at an exactly represented result
2026-10-08T14:53:48.7997506Z   ---
2026-10-08T14:53:48.7998112Z   duration_ms: 0.532585
2026-10-08T14:53:48.7999395Z   ...
2026-10-08T14:53:48.8000709Z # Subtest: individual exact integers outside the safe interval are kept distinct from the API guarantee
2026-10-08T14:53:48.8002928Z ok 111 - individual exact integers outside the safe interval are kept distinct from the API guarantee
2026-10-08T14:53:48.8004121Z   ---
2026-10-08T14:53:48.8004751Z   duration_ms: 0.741064
2026-10-08T14:53:48.8005688Z   ...
2026-10-08T14:53:48.8006678Z # Subtest: signs, exact raw strings and negative zero remain explicit
2026-10-08T14:53:48.8007993Z ok 112 - signs, exact raw strings and negative zero remain explicit
2026-10-08T14:53:48.8008889Z   ---
2026-10-08T14:53:48.8009490Z   duration_ms: 2.046962
2026-10-08T14:53:48.8010091Z   ...
2026-10-08T14:53:48.8011095Z # Subtest: the declared decimal input bounds admit edges and refuse other syntax
2026-10-08T14:53:48.8012582Z ok 113 - the declared decimal input bounds admit edges and refuse other syntax
2026-10-08T14:53:48.8013560Z   ---
2026-10-08T14:53:48.8014196Z   duration_ms: 2.317708
2026-10-08T14:53:48.8014888Z   ...
2026-10-08T14:53:48.8016159Z # Subtest: worked records are complete, deterministic and deeply immutable
2026-10-08T14:53:48.8017255Z ok 114 - worked records are complete, deterministic and deeply immutable
2026-10-08T14:53:48.8017897Z   ---
2026-10-08T14:53:48.8018235Z   duration_ms: 4.40144
2026-10-08T14:53:48.8018597Z   ...
2026-10-08T14:53:48.8694719Z # Subtest: the original lesson passes the unchanged native deck contract with exact export parity
2026-10-08T14:53:48.8711337Z ok 115 - the original lesson passes the unchanged native deck contract with exact export parity
2026-10-08T14:53:48.8712286Z   ---
2026-10-08T14:53:48.8712709Z   duration_ms: 23.19509
2026-10-08T14:53:48.8713165Z   ...
2026-10-08T14:53:48.8741575Z # Subtest: language-specific worked examples agree with actual native Number and BigInt operations
2026-10-08T14:53:48.8750409Z ok 116 - language-specific worked examples agree with actual native Number and BigInt operations
2026-10-08T14:53:48.8751461Z   ---
2026-10-08T14:53:48.8752085Z   duration_ms: 0.404486
2026-10-08T14:53:48.8752989Z   ...
2026-10-08T14:53:48.8753936Z # Subtest: the directly openable explorer is an exact build of its native inputs
2026-10-08T14:53:48.8755823Z ok 117 - the directly openable explorer is an exact build of its native inputs
2026-10-08T14:53:48.8756867Z   ---
2026-10-08T14:53:48.8757432Z   duration_ms: 64.161183
2026-10-08T14:53:48.8758037Z   ...
2026-10-08T14:53:48.8886021Z # Subtest: embedded lesson download preserves exact source bytes
2026-10-08T14:53:48.8889881Z ok 118 - embedded lesson download preserves exact source bytes
2026-10-08T14:53:48.8890838Z   ---
2026-10-08T14:53:48.8891489Z   duration_ms: 19.837983
2026-10-08T14:53:48.8892152Z   ...
2026-10-08T14:53:48.9024968Z # Subtest: question identity survives reordered review, edits and clearing without changing earlier notes
2026-10-08T14:53:48.9077300Z ok 119 - question identity survives reordered review, edits and clearing without changing earlier notes
2026-10-08T14:53:48.9106056Z   ---
2026-10-08T14:53:48.9110471Z   duration_ms: 3.0151
2026-10-08T14:53:48.9113484Z   ...
2026-10-08T14:53:48.9114689Z # Subtest: application writing is separate and a fresh session starts with every field empty
2026-10-08T14:53:48.9116611Z ok 120 - application writing is separate and a fresh session starts with every field empty
2026-10-08T14:53:48.9117732Z   ---
2026-10-08T14:53:48.9118360Z   duration_ms: 2.393789
2026-10-08T14:53:48.9118998Z   ...
2026-10-08T14:53:48.9120038Z # Subtest: unknown or duplicate question identities and non-text edits are refused
2026-10-08T14:53:48.9121535Z ok 121 - unknown or duplicate question identities and non-text edits are refused
2026-10-08T14:53:48.9122714Z   ---
2026-10-08T14:53:48.9123339Z   duration_ms: 0.509401
2026-10-08T14:53:48.9124080Z   ...
2026-10-08T14:53:48.9125766Z # Subtest: actual study notes bind writing to questions while retaining native review, estimates and a paused retry
2026-10-08T14:53:48.9127763Z ok 122 - actual study notes bind writing to questions while retaining native review, estimates and a paused retry
2026-10-08T14:53:48.9129426Z   ---
2026-10-08T14:53:48.9130002Z   duration_ms: 3.569375
2026-10-08T14:53:48.9130612Z   ...
2026-10-08T14:53:48.9131819Z # Subtest: actual export uses the most recent edit and represents cleared fields as unwritten
2026-10-08T14:53:48.9133499Z ok 123 - actual export uses the most recent edit and represents cleared fields as unwritten
2026-10-08T14:53:48.9134523Z   ---
2026-10-08T14:53:48.9135138Z   duration_ms: 2.218302
2026-10-08T14:53:48.9165940Z   ...
2026-10-08T14:53:48.9189883Z # Subtest: export refuses missing, duplicate or foreign notebook identities instead of attaching notes by position
2026-10-08T14:53:48.9219874Z ok 124 - export refuses missing, duplicate or foreign notebook identities instead of attaching notes by position
2026-10-08T14:53:48.9265936Z   ---
2026-10-08T14:53:48.9275974Z   duration_ms: 0.91053
2026-10-08T14:53:48.9306056Z   ...
2026-10-08T14:53:48.9345010Z # Subtest: study notes retain the displayed imported-course application prompt without changing notebook or first-session data
2026-10-08T14:53:48.9376810Z ok 125 - study notes retain the displayed imported-course application prompt without changing notebook or first-session data
2026-10-08T14:53:48.9385831Z   ---
2026-10-08T14:53:48.9405972Z   duration_ms: 0.92111
2026-10-08T14:53:48.9436126Z   ...
2026-10-08T14:53:48.9456600Z # Subtest: a notebook export refuses a missing or non-text displayed application prompt
2026-10-08T14:53:48.9459131Z ok 126 - a notebook export refuses a missing or non-text displayed application prompt
2026-10-08T14:53:48.9460090Z   ---
2026-10-08T14:53:48.9460627Z   duration_ms: 0.541511
2026-10-08T14:53:48.9461312Z   ...
2026-10-08T14:53:48.9462075Z # Subtest: review preserves session order and the actual chosen answer
2026-10-08T14:53:48.9463073Z ok 127 - review preserves session order and the actual chosen answer
2026-10-08T14:53:48.9463713Z   ---
2026-10-08T14:53:48.9464071Z   duration_ms: 5.902922
2026-10-08T14:53:48.9464455Z   ...
2026-10-08T14:53:48.9465184Z # Subtest: review is an immutable snapshot independent of mutable input arrays
2026-10-08T14:53:48.9466949Z ok 128 - review is an immutable snapshot independent of mutable input arrays
2026-10-08T14:53:48.9467656Z   ---
2026-10-08T14:53:48.9468005Z   duration_ms: 0.72317
2026-10-08T14:53:48.9468386Z   ...
2026-10-08T14:53:48.9469055Z # Subtest: a review rejects unknown, duplicate, or invalid first answers
2026-10-08T14:53:48.9470024Z ok 129 - a review rejects unknown, duplicate, or invalid first answers
2026-10-08T14:53:48.9470666Z   ---
2026-10-08T14:53:48.9471064Z   duration_ms: 0.520151
2026-10-08T14:53:48.9471467Z   ...
2026-10-08T14:53:48.9472284Z # Subtest: practice includes only initially missed questions in first-attempt order
2026-10-08T14:53:48.9473572Z ok 130 - practice includes only initially missed questions in first-attempt order
2026-10-08T14:53:48.9474328Z   ---
2026-10-08T14:53:48.9474655Z   duration_ms: 2.254329
2026-10-08T14:53:48.9475002Z   ...
2026-10-08T14:53:48.9476017Z # Subtest: correct and incorrect retries remain separate from the immutable original trace
2026-10-08T14:53:48.9477223Z ok 131 - correct and incorrect retries remain separate from the immutable original trace
2026-10-08T14:53:48.9477955Z   ---
2026-10-08T14:53:48.9478281Z   duration_ms: 0.411638
2026-10-08T14:53:48.9478644Z   ...
2026-10-08T14:53:48.9479554Z # Subtest: practice resumes at the next unanswered question and refuses duplicate or out-of-order writes
2026-10-08T14:53:48.9481035Z ok 132 - practice resumes at the next unanswered question and refuses duplicate or out-of-order writes
2026-10-08T14:53:48.9481795Z   ---
2026-10-08T14:53:48.9482114Z   duration_ms: 0.320108
2026-10-08T14:53:48.9482461Z   ...
2026-10-08T14:53:48.9483037Z # Subtest: an all-correct or empty review has no practice question
2026-10-08T14:53:48.9483883Z ok 133 - an all-correct or empty review has no practice question
2026-10-08T14:53:48.9484451Z   ---
2026-10-08T14:53:48.9484806Z   duration_ms: 0.241802
2026-10-08T14:53:48.9485167Z   ...
2026-10-08T14:53:48.9526927Z # Subtest: the original course survives native validation and serialization with complete connected content
2026-10-08T14:53:48.9528438Z ok 134 - the original course survives native validation and serialization with complete connected content
2026-10-08T14:53:48.9529313Z   ---
2026-10-08T14:53:48.9529650Z   duration_ms: 3.86105
2026-10-08T14:53:48.9530018Z   ...
2026-10-08T14:53:48.9530911Z # Subtest: native item selection reaches all twelve questions and can prioritize the weak sample clock
2026-10-08T14:53:48.9532306Z ok 135 - native item selection reaches all twelve questions and can prioritize the weak sample clock
2026-10-08T14:53:48.9533117Z   ---
2026-10-08T14:53:48.9533461Z   duration_ms: 18.926521
2026-10-08T14:53:48.9533830Z   ...
2026-10-08T14:53:48.9534683Z # Subtest: answer text matches independently stated calculations and explicit sampling assumptions
2026-10-08T14:53:48.9536330Z ok 136 - answer text matches independently stated calculations and explicit sampling assumptions
2026-10-08T14:53:48.9537121Z   ---
2026-10-08T14:53:48.9537456Z   duration_ms: 0.496467
2026-10-08T14:53:48.9537818Z   ...
2026-10-08T14:53:48.9538762Z # Subtest: each supported sample clock uses inclusive endpoints and an actually different matching cosine
2026-10-08T14:53:48.9540162Z ok 137 - each supported sample clock uses inclusive endpoints and an actually different matching cosine
2026-10-08T14:53:48.9540992Z   ---
2026-10-08T14:53:48.9541323Z   duration_ms: 18.943303
2026-10-08T14:53:48.9541704Z   ...
2026-10-08T14:53:48.9542534Z # Subtest: DC, reflected aliases, the half-rate and input limits preserve their distinct meaning
2026-10-08T14:53:48.9543753Z ok 138 - DC, reflected aliases, the half-rate and input limits preserve their distinct meaning
2026-10-08T14:53:48.9544497Z   ---
2026-10-08T14:53:48.9544822Z   duration_ms: 0.702021
2026-10-08T14:53:48.9545186Z   ...
2026-10-08T14:53:48.9558772Z # Subtest: invalid numerical input is refused and snapshots cannot be changed after observation
2026-10-08T14:53:48.9570572Z ok 139 - invalid numerical input is refused and snapshots cannot be changed after observation
2026-10-08T14:53:48.9571917Z   ---
2026-10-08T14:53:48.9572567Z   duration_ms: 4.092953
2026-10-08T14:53:48.9573129Z   ...
2026-10-08T14:53:48.9574277Z # Subtest: CSV carries full precision and current parameter identity, ignoring supplied forged sample rows
2026-10-08T14:53:48.9576261Z ok 140 - CSV carries full precision and current parameter identity, ignoring supplied forged sample rows
2026-10-08T14:53:48.9577363Z   ---
2026-10-08T14:53:48.9577871Z   duration_ms: 1.720462
2026-10-08T14:53:48.9578459Z   ...
2026-10-08T14:53:48.9942669Z # Subtest: notes retain the actual first choices, session order, corrections, transfers, and attribution
2026-10-08T14:53:48.9976731Z ok 141 - notes retain the actual first choices, session order, corrections, transfers, and attribution
2026-10-08T14:53:48.9987749Z   ---
2026-10-08T14:53:49.0035852Z   duration_ms: 3.304971
2026-10-08T14:53:49.0036321Z   ...
2026-10-08T14:53:49.0056578Z # Subtest: paused and completed retries cannot replace the first answers or alter the model
2026-10-08T14:53:49.0058298Z ok 142 - paused and completed retries cannot replace the first answers or alter the model
2026-10-08T14:53:49.0059225Z   ---
2026-10-08T14:53:49.0059771Z   duration_ms: 1.159376
2026-10-08T14:53:49.0060304Z   ...
2026-10-08T14:53:49.0061292Z # Subtest: unstarted, zero-answer paused, and all-correct sessions have honest practice labels
2026-10-08T14:53:49.0062688Z ok 143 - unstarted, zero-answer paused, and all-correct sessions have honest practice labels
2026-10-08T14:53:49.0063728Z   ---
2026-10-08T14:53:49.0064418Z   duration_ms: 2.241565
2026-10-08T14:53:49.0065014Z   ...
2026-10-08T14:53:49.0066465Z # Subtest: incomplete, duplicate, legacy choice-less or malformed traces are refused rather than fabricated
2026-10-08T14:53:49.0068114Z ok 144 - incomplete, duplicate, legacy choice-less or malformed traces are refused rather than fabricated
2026-10-08T14:53:49.0069130Z   ---
2026-10-08T14:53:49.0070336Z   duration_ms: 1.414782
2026-10-08T14:53:49.0070928Z   ...
2026-10-08T14:53:49.0072015Z # Subtest: plain-text output preserves Unicode and literal markup without creating executable content
2026-10-08T14:53:49.0092082Z ok 145 - plain-text output preserves Unicode and literal markup without creating executable content
2026-10-08T14:53:49.0093006Z   ---
2026-10-08T14:53:49.0093389Z   duration_ms: 0.462524
2026-10-08T14:53:49.0093802Z   ...
2026-10-08T14:53:49.1694226Z # Subtest: the original five-vertex example has the hand-calculated settling order and cost-7 route
2026-10-08T14:53:49.1699901Z ok 146 - the original five-vertex example has the hand-calculated settling order and cost-7 route
2026-10-08T14:53:49.1706881Z   ---
2026-10-08T14:53:49.1707586Z   duration_ms: 5.75726
2026-10-08T14:53:49.1708302Z   ...
2026-10-08T14:53:49.1709691Z # Subtest: target discovery remains tentative; the cheaper route is final only on target settlement
2026-10-08T14:53:49.1711508Z ok 147 - target discovery remains tentative; the cheaper route is final only on target settlement
2026-10-08T14:53:49.1712721Z   ---
2026-10-08T14:53:49.1713396Z   duration_ms: 2.149874
2026-10-08T14:53:49.1714084Z   ...
2026-10-08T14:53:49.1715642Z # Subtest: zero weights and equal routes preserve the stated alphabetical and first-predecessor policies
2026-10-08T14:53:49.1717542Z ok 148 - zero weights and equal routes preserve the stated alphabetical and first-predecessor policies
2026-10-08T14:53:49.1718780Z   ---
2026-10-08T14:53:49.1719421Z   duration_ms: 1.555094
2026-10-08T14:53:49.1720103Z   ...
2026-10-08T14:53:49.1724278Z # Subtest: all preset source/target pairs agree with exhaustive simple paths, including reverse direction
2026-10-08T14:53:49.1727626Z ok 149 - all preset source/target pairs agree with exhaustive simple paths, including reverse direction
2026-10-08T14:53:49.1728852Z   ---
2026-10-08T14:53:49.1729514Z   duration_ms: 9.440007
2026-10-08T14:53:49.1730202Z   ...
2026-10-08T14:53:49.1743141Z # Subtest: 80 deterministic bounded graphs agree with a simple-path oracle for every source
2026-10-08T14:53:49.1745587Z ok 150 - 80 deterministic bounded graphs agree with a simple-path oracle for every source
2026-10-08T14:53:49.1746800Z   ---
2026-10-08T14:53:49.1747509Z   duration_ms: 108.081149
2026-10-08T14:53:49.1748212Z   ...
2026-10-08T14:53:49.1749237Z # Subtest: invalid graphs are refused before a runnable state exists
2026-10-08T14:53:49.1750551Z ok 151 - invalid graphs are refused before a runnable state exists
2026-10-08T14:53:49.1751506Z   ---
2026-10-08T14:53:49.1752143Z   duration_ms: 1.351995
2026-10-08T14:53:49.1752836Z   ...
2026-10-08T14:53:49.1753933Z # Subtest: run, graph, presets and trace snapshots cannot be changed by later edits
2026-10-08T14:53:49.1755820Z ok 152 - run, graph, presets and trace snapshots cannot be changed by later edits
2026-10-08T14:53:49.1756870Z   ---
2026-10-08T14:53:49.1757501Z   duration_ms: 0.670532
2026-10-08T14:53:49.1758201Z   ...
2026-10-08T14:53:49.1762438Z # Subtest: the original twelve-question course is valid, canonical and has balanced answer positions
2026-10-08T14:53:49.1765668Z ok 153 - the original twelve-question course is valid, canonical and has balanced answer positions
2026-10-08T14:53:49.1766896Z   ---
2026-10-08T14:53:49.1767561Z   duration_ms: 0.752966
2026-10-08T14:53:49.1768233Z   ...
2026-10-08T14:53:49.1772602Z # Subtest: existing knowledge, review, practice and notes contracts accept the new deck without changing the app
2026-10-08T14:53:49.1775605Z ok 154 - existing knowledge, review, practice and notes contracts accept the new deck without changing the app
2026-10-08T14:53:49.1777056Z   ---
2026-10-08T14:53:49.1777841Z   duration_ms: 12.533965
2026-10-08T14:53:49.1778554Z   ...
2026-10-08T14:53:49.5685529Z # Subtest: the original twelve-item SQL course uses the published import contract without changing its native meaning
2026-10-08T14:53:49.5687244Z ok 155 - the original twelve-item SQL course uses the published import contract without changing its native meaning
2026-10-08T14:53:49.5688264Z   ---
2026-10-08T14:53:49.5688638Z   duration_ms: 3.9629
2026-10-08T14:53:49.5689007Z   ...
2026-10-08T14:53:49.5689917Z # Subtest: actual SQLite regenerates all twenty-two saved queries and their exact course/default bindings
2026-10-08T14:53:49.5690886Z ok 156 - actual SQLite regenerates all twenty-two saved queries and their exact course/default bindings
2026-10-08T14:53:49.5691369Z   ---
2026-10-08T14:53:49.5691576Z   duration_ms: 75.657474
2026-10-08T14:53:49.5691799Z   ...
2026-10-08T14:53:49.5692380Z # Subtest: native adaptive selection, shuffled choices, review, practice and notes preserve all twelve SQL questions
2026-10-08T14:53:49.5693297Z ok 157 - native adaptive selection, shuffled choices, review, practice and notes preserve all twelve SQL questions
2026-10-08T14:53:49.5693798Z   ---
2026-10-08T14:53:49.5694176Z   duration_ms: 17.873866
2026-10-08T14:53:49.5694574Z   ...
2026-10-08T14:53:49.5695679Z # Subtest: a changed answer or invalid query refuses the build and preserves both saved artifacts
2026-10-08T14:53:49.5696474Z ok 158 - a changed answer or invalid query refuses the build and preserves both saved artifacts
2026-10-08T14:53:49.5697064Z   ---
2026-10-08T14:53:49.5697302Z   duration_ms: 434.296083
2026-10-08T14:53:49.5697522Z   ...
2026-10-08T14:53:49.6146847Z # Subtest: a stale generated explorer fails --check without silently replacing the changed file
2026-10-08T14:53:49.6148446Z ok 159 - a stale generated explorer fails --check without silently replacing the changed file
2026-10-08T14:53:49.6149028Z   ---
2026-10-08T14:53:49.6149254Z   duration_ms: 46.347408
2026-10-08T14:53:49.6149578Z   ...
2026-10-08T14:53:49.6226422Z # Subtest: original course fits the existing deck contract with all four concepts represented
2026-10-08T14:53:49.6227513Z ok 160 - original course fits the existing deck contract with all four concepts represented
2026-10-08T14:53:49.6228142Z   ---
2026-10-08T14:53:49.6228625Z   duration_ms: 4.067635
2026-10-08T14:53:49.6229120Z   ...
2026-10-08T14:53:49.6230456Z # Subtest: authored answer keys retain the independently worked quantities and conceptual distinctions
2026-10-08T14:53:49.6232089Z ok 161 - authored answer keys retain the independently worked quantities and conceptual distinctions
2026-10-08T14:53:49.6235639Z   ---
2026-10-08T14:53:49.6236134Z   duration_ms: 0.38574
2026-10-08T14:53:49.6236553Z   ...
2026-10-08T14:53:49.6237442Z # Subtest: course completes native selection, correct first answers, review, retry and study notes
2026-10-08T14:53:49.6238777Z ok 162 - course completes native selection, correct first answers, review, retry and study notes
2026-10-08T14:53:49.6239553Z   ---
2026-10-08T14:53:49.6239883Z   duration_ms: 19.799101
2026-10-08T14:53:49.6240257Z   ...
2026-10-08T14:53:49.6241082Z # Subtest: course completes native selection, mixed first answers, review, retry and study notes
2026-10-08T14:53:49.6242369Z ok 163 - course completes native selection, mixed first answers, review, retry and study notes
2026-10-08T14:53:49.6243143Z   ---
2026-10-08T14:53:49.6243462Z   duration_ms: 3.547585
2026-10-08T14:53:49.6243812Z   ...
2026-10-08T14:53:49.6244629Z # Subtest: course completes native selection, missed first answers, review, retry and study notes
2026-10-08T14:53:49.6246121Z ok 164 - course completes native selection, missed first answers, review, retry and study notes
2026-10-08T14:53:49.6246860Z   ---
2026-10-08T14:53:49.6247055Z   duration_ms: 2.963364
2026-10-08T14:53:49.6247271Z   ...
2026-10-08T14:53:49.6247763Z # Subtest: generated direct-open artifact has exact build parity and embeds the qualified course
2026-10-08T14:53:49.6248510Z ok 165 - generated direct-open artifact has exact build parity and embeds the qualified course
2026-10-08T14:53:49.6248949Z   ---
2026-10-08T14:53:49.6249143Z   duration_ms: 63.720094
2026-10-08T14:53:49.6249360Z   ...
2026-10-08T14:53:49.6250170Z # Subtest: standalone rendering keeps embedded source and course text inside their script elements
2026-10-08T14:53:49.6251891Z ok 166 - standalone rendering keeps embedded source and course text inside their script elements
2026-10-08T14:53:49.6252661Z   ---
2026-10-08T14:53:49.6253035Z   duration_ms: 0.774095
2026-10-08T14:53:49.6253359Z   ...
2026-10-08T14:53:49.6253921Z # Subtest: water: 6 / 2 mol → second
2026-10-08T14:53:49.6254286Z ok 167 - water: 6 / 2 mol → second
2026-10-08T14:53:49.6254540Z   ---
2026-10-08T14:53:49.6254735Z   duration_ms: 2.400412
2026-10-08T14:53:49.6254946Z   ...
2026-10-08T14:53:49.6255635Z # Subtest: water: 2 / 2 mol → first
2026-10-08T14:53:49.6256141Z ok 168 - water: 2 / 2 mol → first
2026-10-08T14:53:49.6256386Z   ---
2026-10-08T14:53:49.6256582Z   duration_ms: 0.252262
2026-10-08T14:53:49.6256803Z   ...
2026-10-08T14:53:49.6257237Z # Subtest: water: 4 / 2 mol → matched
2026-10-08T14:53:49.6257938Z ok 169 - water: 4 / 2 mol → matched
2026-10-08T14:53:49.6258360Z   ---
2026-10-08T14:53:49.6258663Z   duration_ms: 0.335156
2026-10-08T14:53:49.6259008Z   ...
2026-10-08T14:53:49.6259557Z # Subtest: water: 0 / 5 mol → no-product
2026-10-08T14:53:49.6260024Z ok 170 - water: 0 / 5 mol → no-product
2026-10-08T14:53:49.6260284Z   ---
2026-10-08T14:53:49.6260474Z   duration_ms: 0.249395
2026-10-08T14:53:49.6260844Z   ...
2026-10-08T14:53:49.6261276Z # Subtest: water: 5 / 0 mol → no-product
2026-10-08T14:53:49.6261842Z ok 171 - water: 5 / 0 mol → no-product
2026-10-08T14:53:49.6262101Z   ---
2026-10-08T14:53:49.6262291Z   duration_ms: 0.391712
2026-10-08T14:53:49.6262498Z   ...
2026-10-08T14:53:49.6262790Z # Subtest: water: 0 / 0 mol → no-product
2026-10-08T14:53:49.6263426Z ok 172 - water: 0 / 0 mol → no-product
2026-10-08T14:53:49.6263896Z   ---
2026-10-08T14:53:49.6264237Z   duration_ms: 0.233917
2026-10-08T14:53:49.6264607Z   ...
2026-10-08T14:53:49.6265139Z # Subtest: ammonia: 2 / 3 mol → second
2026-10-08T14:53:49.6266154Z ok 173 - ammonia: 2 / 3 mol → second
2026-10-08T14:53:49.6266591Z   ---
2026-10-08T14:53:49.6266923Z   duration_ms: 0.269313
2026-10-08T14:53:49.6267297Z   ...
2026-10-08T14:53:49.6267836Z # Subtest: ammonia: 1 / 2.4 mol → second
2026-10-08T14:53:49.6268482Z ok 174 - ammonia: 1 / 2.4 mol → second
2026-10-08T14:53:49.6269161Z   ---
2026-10-08T14:53:49.6269515Z   duration_ms: 0.364581
2026-10-08T14:53:49.6269884Z   ...
2026-10-08T14:53:49.6270401Z # Subtest: ammonia: 2 / 4.8 mol → second
2026-10-08T14:53:49.6271070Z ok 175 - ammonia: 2 / 4.8 mol → second
2026-10-08T14:53:49.6271504Z   ---
2026-10-08T14:53:49.6271831Z   duration_ms: 0.412961
2026-10-08T14:53:49.6272214Z   ...
2026-10-08T14:53:49.6272747Z # Subtest: ammonia: 0.1 / 0.3 mol → matched
2026-10-08T14:53:49.6273546Z ok 176 - ammonia: 0.1 / 0.3 mol → matched
2026-10-08T14:53:49.6274013Z   ---
2026-10-08T14:53:49.6274335Z   duration_ms: 0.379389
2026-10-08T14:53:49.6274713Z   ...
2026-10-08T14:53:49.6275520Z # Subtest: ammonia: 0.001 / 0.001 mol → second
2026-10-08T14:53:49.6276253Z ok 177 - ammonia: 0.001 / 0.001 mol → second
2026-10-08T14:53:49.6276718Z   ---
2026-10-08T14:53:49.6277061Z   duration_ms: 0.250458
2026-10-08T14:53:49.6277446Z   ...
2026-10-08T14:53:49.6278003Z # Subtest: ammonia: 0.001 / 0.003 mol → matched
2026-10-08T14:53:49.6278739Z ok 178 - ammonia: 0.001 / 0.003 mol → matched
2026-10-08T14:53:49.6279206Z   ---
2026-10-08T14:53:49.6279548Z   duration_ms: 0.191487
2026-10-08T14:53:49.6279921Z   ...
2026-10-08T14:53:49.6280480Z # Subtest: ammonia: 0.001 / 0.004 mol → first
2026-10-08T14:53:49.6281173Z ok 179 - ammonia: 0.001 / 0.004 mol → first
2026-10-08T14:53:49.6281634Z   ---
2026-10-08T14:53:49.6281965Z   duration_ms: 0.297455
2026-10-08T14:53:49.6282330Z   ...
2026-10-08T14:53:49.6282854Z # Subtest: magnesium: 1.5 / 1 mol → first
2026-10-08T14:53:49.6283558Z ok 180 - magnesium: 1.5 / 1 mol → first
2026-10-08T14:53:49.6284031Z   ---
2026-10-08T14:53:49.6284373Z   duration_ms: 0.241642
2026-10-08T14:53:49.6284744Z   ...
2026-10-08T14:53:49.6285697Z # Subtest: magnesium: 1 / 0.499 mol → second
2026-10-08T14:53:49.6286517Z ok 181 - magnesium: 1 / 0.499 mol → second
2026-10-08T14:53:49.6287008Z   ---
2026-10-08T14:53:49.6287620Z   duration_ms: 0.184685
2026-10-08T14:53:49.6287997Z   ...
2026-10-08T14:53:49.6288651Z # Subtest: magnesium: 1 / 0.5 mol → matched
2026-10-08T14:53:49.6289394Z ok 182 - magnesium: 1 / 0.5 mol → matched
2026-10-08T14:53:49.6289845Z   ---
2026-10-08T14:53:49.6290051Z   duration_ms: 0.33177
2026-10-08T14:53:49.6290284Z   ...
2026-10-08T14:53:49.6290598Z # Subtest: magnesium: 1 / 0.501 mol → first
2026-10-08T14:53:49.6291002Z ok 183 - magnesium: 1 / 0.501 mol → first
2026-10-08T14:53:49.6291269Z   ---
2026-10-08T14:53:49.6291460Z   duration_ms: 0.145131
2026-10-08T14:53:49.6291668Z   ...
2026-10-08T14:53:49.6291994Z # Subtest: water: 1000 / 1000 mol → first
2026-10-08T14:53:49.6292352Z ok 184 - water: 1000 / 1000 mol → first
2026-10-08T14:53:49.6292602Z   ---
2026-10-08T14:53:49.6292793Z   duration_ms: 0.324967
2026-10-08T14:53:49.6292999Z   ...
2026-10-08T14:53:49.6293404Z # Subtest: authored equations use the declared species and conserve each element
2026-10-08T14:53:49.6294005Z ok 185 - authored equations use the declared species and conserve each element
2026-10-08T14:53:49.6294400Z   ---
2026-10-08T14:53:49.6294590Z   duration_ms: 1.372212
2026-10-08T14:53:49.6294796Z   ...
2026-10-08T14:53:49.6295148Z # Subtest: all admitted decimal spellings resolve to exact millimoles
2026-10-08T14:53:49.6296203Z ok 186 - all admitted decimal spellings resolve to exact millimoles
2026-10-08T14:53:49.6296797Z   ---
2026-10-08T14:53:49.6297107Z   duration_ms: 0.339905
2026-10-08T14:53:49.6297458Z   ...
2026-10-08T14:53:49.6297878Z # Subtest: invalid or ambiguous amount inputs are refused without numeric coercion
2026-10-08T14:53:49.6298484Z ok 187 - invalid or ambiguous amount inputs are refused without numeric coercion
2026-10-08T14:53:49.6299114Z   ---
2026-10-08T14:53:49.6299428Z   duration_ms: 1.058196
2026-10-08T14:53:49.6299754Z   ...
2026-10-08T14:53:49.6300257Z # Subtest: positive amounts straddling an exact ratio are never classified using a floating tolerance
2026-10-08T14:53:49.6301024Z ok 188 - positive amounts straddling an exact ratio are never classified using a floating tolerance
2026-10-08T14:53:49.6301482Z   ---
2026-10-08T14:53:49.6301848Z   duration_ms: 0.285163
2026-10-08T14:53:49.6302063Z   ...
2026-10-08T14:53:49.6302508Z # Subtest: start = used + left and atom inventory is conserved across a changed-input grid
2026-10-08T14:53:49.6303159Z ok 189 - start = used + left and atom inventory is conserved across a changed-input grid
2026-10-08T14:53:49.6303560Z   ---
2026-10-08T14:53:49.6303750Z   duration_ms: 7.853785
2026-10-08T14:53:49.6303962Z   ...
2026-10-08T14:53:49.6304508Z # Subtest: doubling both supplies doubles theoretical product and excess without changing the limiting identity
2026-10-08T14:53:49.6305646Z ok 190 - doubling both supplies doubles theoretical product and excess without changing the limiting identity
2026-10-08T14:53:49.6306151Z   ---
2026-10-08T14:53:49.6306363Z   duration_ms: 1.017741
2026-10-08T14:53:49.6306572Z   ...
2026-10-08T14:53:49.6307085Z # Subtest: reaction definitions and solved records are deeply immutable without changing caller inputs
2026-10-08T14:53:49.6307926Z ok 191 - reaction definitions and solved records are deeply immutable without changing caller inputs
2026-10-08T14:53:49.6308413Z   ---
2026-10-08T14:53:49.6308629Z   duration_ms: 0.366985
2026-10-08T14:53:49.6308860Z   ...
2026-10-08T14:53:49.6309746Z # Subtest: worked record carries this prediction, mole accounting and the explicit theoretical model
2026-10-08T14:53:49.6310567Z ok 192 - worked record carries this prediction, mole accounting and the explicit theoretical model
2026-10-08T14:53:49.6311051Z   ---
2026-10-08T14:53:49.6311242Z   duration_ms: 0.951958
2026-10-08T14:53:49.6311480Z   ...
2026-10-08T14:53:49.6312034Z # Subtest: completed first answers restore in their original adaptive order with exact, unrounded estimates
2026-10-08T14:53:49.6312940Z ok 193 - completed first answers restore in their original adaptive order with exact, unrounded estimates
2026-10-08T14:53:49.6313460Z   ---
2026-10-08T14:53:49.6313883Z   duration_ms: 15.663518
2026-10-08T14:53:49.6314178Z   ...
2026-10-08T14:53:49.6314865Z # Subtest: unstarted, zero-answer, paused and complete practice remain distinct and can resume once
2026-10-08T14:53:49.6316097Z ok 194 - unstarted, zero-answer, paused and complete practice remain distinct and can resume once
2026-10-08T14:53:49.6316613Z   ---
2026-10-08T14:53:49.6316820Z   duration_ms: 4.20333
2026-10-08T14:53:49.6317066Z   ...
2026-10-08T14:53:49.6317719Z # Subtest: all-correct and all-missed completed traces use canonical answer indices
2026-10-08T14:53:49.6318450Z ok 195 - all-correct and all-missed completed traces use canonical answer indices
2026-10-08T14:53:49.6318883Z   ---
2026-10-08T14:53:49.6319107Z   duration_ms: 2.521058
2026-10-08T14:53:49.6319351Z   ...
2026-10-08T14:53:49.6319841Z # Subtest: incomplete, duplicate, unknown and out-of-range first answers are refused
2026-10-08T14:53:49.6320649Z ok 196 - incomplete, duplicate, unknown and out-of-range first answers are refused
2026-10-08T14:53:49.6321179Z   ---
2026-10-08T14:53:49.6321437Z   duration_ms: 9.745097
2026-10-08T14:53:49.6321718Z   ...
2026-10-08T14:53:49.6322297Z # Subtest: a different course revision cannot replace the current deck; property order is immaterial
2026-10-08T14:53:49.6323116Z ok 197 - a different course revision cannot replace the current deck; property order is immaterial
2026-10-08T14:53:49.6323831Z   ---
2026-10-08T14:53:49.6324170Z   duration_ms: 10.983077
2026-10-08T14:53:49.6324554Z   ...
2026-10-08T14:53:49.6325558Z # Subtest: changed model parameters, rounded estimates and incompatible versions are refused
2026-10-08T14:53:49.6326289Z ok 198 - changed model parameters, rounded estimates and incompatible versions are refused
2026-10-08T14:53:49.6326705Z   ---
2026-10-08T14:53:49.6326903Z   duration_ms: 8.862719
2026-10-08T14:53:49.6327123Z   ...
2026-10-08T14:53:49.6327817Z # Subtest: practice replay refuses duplicate, reordered, correct-first and extra answers
2026-10-08T14:53:49.6328636Z ok 199 - practice replay refuses duplicate, reordered, correct-first and extra answers
2026-10-08T14:53:49.6329246Z   ---
2026-10-08T14:53:49.6329701Z   duration_ms: 9.833282
2026-10-08T14:53:49.6330004Z   ...
2026-10-08T14:53:49.6330618Z # Subtest: bounded parsing refuses invalid JSON and oversized UTF-8 before exposing state
2026-10-08T14:53:49.6331388Z ok 200 - bounded parsing refuses invalid JSON and oversized UTF-8 before exposing state
2026-10-08T14:53:49.6332006Z   ---
2026-10-08T14:53:49.6332296Z   duration_ms: 4.951376
2026-10-08T14:53:49.6332585Z   ...
2026-10-08T14:53:49.6333194Z # Subtest: the downloadable course is the exact admitted course, without external dependencies
2026-10-08T14:53:49.6384771Z ok 201 - the downloadable course is the exact admitted course, without external dependencies
2026-10-08T14:53:49.6385702Z   ---
2026-10-08T14:53:49.6385913Z   duration_ms: 1.800021
2026-10-08T14:53:49.6386127Z   ...
2026-10-08T14:53:49.6386568Z # Subtest: rebuilding the embedded course preserves already current standalone bytes
2026-10-08T14:53:49.6387239Z ok 202 - rebuilding the embedded course preserves already current standalone bytes
2026-10-08T14:53:49.6387644Z   ---
2026-10-08T14:53:49.6387850Z   duration_ms: 37.341137
2026-10-08T14:53:49.6388072Z   ...
2026-10-08T14:53:49.6388516Z # Subtest: the course example retains a component and reconstructs the exact original
2026-10-08T14:53:49.6389183Z ok 203 - the course example retains a component and reconstructs the exact original
2026-10-08T14:53:49.6389579Z   ---
2026-10-08T14:53:49.6389771Z   duration_ms: 1.461439
2026-10-08T14:53:49.6389983Z   ...
2026-10-08T14:53:49.6390420Z # Subtest: the geometric line is unchanged by a positive or negative direction rescaling
2026-10-08T14:53:49.6391084Z ok 204 - the geometric line is unchanged by a positive or negative direction rescaling
2026-10-08T14:53:49.6391478Z   ---
2026-10-08T14:53:49.6391667Z   duration_ms: 0.58351
2026-10-08T14:53:49.6391870Z   ...
2026-10-08T14:53:49.6392295Z # Subtest: perpendicular, parallel, axis-aligned and zero-original cases remain defined
2026-10-08T14:53:49.6393145Z ok 205 - perpendicular, parallel, axis-aligned and zero-original cases remain defined
2026-10-08T14:53:49.6393543Z   ---
2026-10-08T14:53:49.6393728Z   duration_ms: 0.660253
2026-10-08T14:53:49.6393933Z   ...
2026-10-08T14:53:49.6394328Z # Subtest: malformed, missing, out-of-domain and zero direction values are refused
2026-10-08T14:53:49.6394926Z ok 206 - malformed, missing, out-of-domain and zero direction values are refused
2026-10-08T14:53:49.6395591Z   ---
2026-10-08T14:53:49.6395784Z   duration_ms: 2.292331
2026-10-08T14:53:49.6395989Z   ...
2026-10-08T14:53:49.6396339Z # Subtest: calculation does not mutate or alias its input coordinates
2026-10-08T14:53:49.6396850Z ok 207 - calculation does not mutate or alias its input coordinates
2026-10-08T14:53:49.6397188Z   ---
2026-10-08T14:53:49.6397376Z   duration_ms: 0.32663
2026-10-08T14:53:49.6397577Z   ...
2026-10-08T14:53:49.6398085Z # Subtest: 2,000 independently checked geometries satisfy the projection characterization and plot bounds
2026-10-08T14:53:49.6398887Z ok 208 - 2,000 independently checked geometries satisfy the projection characterization and plot bounds
2026-10-08T14:53:49.6399341Z   ---
2026-10-08T14:53:49.6399528Z   duration_ms: 36.780149
2026-10-08T14:53:49.6399744Z   ...
2026-10-08T14:53:49.6400214Z # Subtest: course has twelve original items, two per concept, with a balanced canonical answer key
2026-10-08T14:53:49.6400937Z ok 209 - course has twelve original items, two per concept, with a balanced canonical answer key
2026-10-08T14:53:49.6401363Z   ---
2026-10-08T14:53:49.6401551Z   duration_ms: 3.004931
2026-10-08T14:53:49.6401758Z   ...
2026-10-08T14:53:49.6402186Z # Subtest: displacement subtracts the starting point, including its negative component
2026-10-08T14:53:49.6402827Z ok 210 - displacement subtracts the starting point, including its negative component
2026-10-08T14:53:49.6403221Z   ---
2026-10-08T14:53:49.6403400Z   duration_ms: 0.903357
2026-10-08T14:53:49.6403606Z   ...
2026-10-08T14:53:49.6404168Z # Subtest: sequential displacements combine componentwise and retain the same final point
2026-10-08T14:53:49.6404862Z ok 211 - sequential displacements combine componentwise and retain the same final point
2026-10-08T14:53:49.6405516Z   ---
2026-10-08T14:53:49.6405716Z   duration_ms: 0.415927
2026-10-08T14:53:49.6405930Z   ...
2026-10-08T14:53:49.6406334Z # Subtest: Euclidean length is the square root of the sum of squared components
2026-10-08T14:53:49.6406932Z ok 212 - Euclidean length is the square root of the sum of squared components
2026-10-08T14:53:49.6407308Z   ---
2026-10-08T14:53:49.6407494Z   duration_ms: 0.365873
2026-10-08T14:53:49.6407699Z   ...
2026-10-08T14:53:49.6408107Z # Subtest: the unit direction has length one and preserves the original orientation
2026-10-08T14:53:49.6408715Z ok 213 - the unit direction has length one and preserves the original orientation
2026-10-08T14:53:49.6409088Z   ---
2026-10-08T14:53:49.6409283Z   duration_ms: 0.457124
2026-10-08T14:53:49.6409488Z   ...
2026-10-08T14:53:49.6409838Z # Subtest: the two nonzero perpendicular vectors have zero dot product
2026-10-08T14:53:49.6410370Z ok 214 - the two nonzero perpendicular vectors have zero dot product
2026-10-08T14:53:49.6410697Z   ---
2026-10-08T14:53:49.6410880Z   duration_ms: 0.266939
2026-10-08T14:53:49.6411080Z   ...
2026-10-08T14:53:49.6411463Z # Subtest: a unit-axis component retains the sign of the projected displacement
2026-10-08T14:53:49.6412039Z ok 215 - a unit-axis component retains the sign of the projected displacement
2026-10-08T14:53:49.6412398Z   ---
2026-10-08T14:53:49.6412578Z   duration_ms: 0.286115
2026-10-08T14:53:49.6412780Z   ...
2026-10-08T14:53:49.6413229Z # Subtest: the projection lies on the nonunit direction line and leaves an orthogonal residual
2026-10-08T14:53:49.6413908Z ok 216 - the projection lies on the nonunit direction line and leaves an orthogonal residual
2026-10-08T14:53:49.6414319Z   ---
2026-10-08T14:53:49.6414636Z   duration_ms: 0.480016
2026-10-08T14:53:49.6414838Z   ...
2026-10-08T14:53:49.6415451Z # Subtest: the requested residual reconstructs b as well as being perpendicular
2026-10-08T14:53:49.6416072Z ok 217 - the requested residual reconstructs b as well as being perpendicular
2026-10-08T14:53:49.6416439Z   ---
2026-10-08T14:53:49.6416621Z   duration_ms: 0.496397
2026-10-08T14:53:49.6416825Z   ...
2026-10-08T14:53:49.6417215Z # Subtest: row dot products implement the stated column-vector matrix convention
2026-10-08T14:53:49.6417799Z ok 218 - row dot products implement the stated column-vector matrix convention
2026-10-08T14:53:49.6418164Z   ---
2026-10-08T14:53:49.6418346Z   duration_ms: 0.491458
2026-10-08T14:53:49.6418548Z   ...
2026-10-08T14:53:49.6418928Z # Subtest: basis images retain the coefficients of the input linear combination
2026-10-08T14:53:49.6419501Z ok 219 - basis images retain the coefficients of the input linear combination
2026-10-08T14:53:49.6419869Z   ---
2026-10-08T14:53:49.6420058Z   duration_ms: 0.339484
2026-10-08T14:53:49.6420260Z   ...
2026-10-08T14:53:49.6420636Z # Subtest: rotation before horizontal stretch differs from the reverse order
2026-10-08T14:53:49.6421199Z ok 220 - rotation before horizontal stretch differs from the reverse order
2026-10-08T14:53:49.6421565Z   ---
2026-10-08T14:53:49.6421744Z   duration_ms: 0.510994
2026-10-08T14:53:49.6421944Z   ...
2026-10-08T14:53:49.6422292Z # Subtest: the stated distinct inputs collide under the flattening map
2026-10-08T14:53:49.6422807Z ok 221 - the stated distinct inputs collide under the flattening map
2026-10-08T14:53:49.6423140Z   ---
2026-10-08T14:53:49.6423332Z   duration_ms: 0.348431
2026-10-08T14:53:49.6423536Z   ...
2026-10-08T14:53:49.6423703Z 1..221
2026-10-08T14:53:49.6423881Z # tests 233
2026-10-08T14:53:49.6424063Z # suites 0
2026-10-08T14:53:49.6424244Z # pass 233
2026-10-08T14:53:49.6424422Z # fail 0
2026-10-08T14:53:49.6424601Z # cancelled 0
2026-10-08T14:53:49.6424795Z # skipped 0
2026-10-08T14:53:49.6424977Z # todo 0
2026-10-08T14:53:49.6425393Z # duration_ms 1681.550456
2026-10-08T14:53:49.6461593Z ##[group]Run cp demo.html /tmp/demo-before.html
2026-10-08T14:53:49.6461996Z [36;1mcp demo.html /tmp/demo-before.html[0m
2026-10-08T14:53:49.6462308Z [36;1mpython3 tools/make_demo.py[0m
2026-10-08T14:53:49.6462910Z [36;1mcmp /tmp/demo-before.html demo.html || { echo "demo.html is stale: run 'python3 tools/make_demo.py' and commit the result"; exit 1; }[0m
2026-10-08T14:53:49.6528965Z shell: /usr/bin/bash -e {0}
2026-10-08T14:53:49.6529227Z ##[endgroup]
2026-10-08T14:53:49.6876953Z Built /home/runner/work/RecallWeave/RecallWeave/demo.html (81178 bytes)
2026-10-08T14:53:49.7031406Z Post job cleanup.
2026-10-08T14:53:49.8261717Z (node:2705) [DEP0040] DeprecationWarning: The `punycode` module is deprecated. Please use a userland alternative instead.
2026-10-08T14:53:49.8262748Z (Use `node --trace-deprecation ...` to show where the warning was created)
2026-10-08T14:53:49.8501219Z Post job cleanup.
2026-10-08T14:53:49.9415500Z [command]/usr/bin/git version
2026-10-08T14:53:49.9476041Z git version 2.55.0
2026-10-08T14:53:49.9509571Z Temporarily overriding HOME='/home/runner/work/_temp/5ff7e523-f9eb-4461-9be3-504c89d84efb' before making global git config changes
2026-10-08T14:53:49.9511044Z Adding repository directory to the temporary git global config as a safe directory
2026-10-08T14:53:49.9512319Z [command]/usr/bin/git config --global --add safe.directory /home/runner/work/RecallWeave/RecallWeave
2026-10-08T14:53:49.9574068Z [command]/usr/bin/git config --local --name-only --get-regexp core\.sshCommand
2026-10-08T14:53:49.9608289Z [command]/usr/bin/git submodule foreach --recursive sh -c "git config --local --name-only --get-regexp 'core\.sshCommand' && git config --local --unset-all 'core.sshCommand' || :"
2026-10-08T14:53:49.9843912Z [command]/usr/bin/git config --local --name-only --get-regexp http\.https\:\/\/github\.com\/\.extraheader
2026-10-08T14:53:49.9876727Z http.https://github.com/.extraheader
2026-10-08T14:53:49.9889094Z [command]/usr/bin/git config --local --unset-all http.https://github.com/.extraheader
2026-10-08T14:53:49.9938020Z [command]/usr/bin/git submodule foreach --recursive sh -c "git config --local --name-only --get-regexp 'http\.https\:\/\/github\.com\/\.extraheader' && git config --local --unset-all 'http.https://github.com/.extraheader' || :"
2026-10-08T14:53:50.0200941Z [command]/usr/bin/git config --local --name-only --get-regexp ^includeIf\.gitdir:
2026-10-08T14:53:50.0239609Z [command]/usr/bin/git submodule foreach --recursive git config --local --show-origin --name-only --get-regexp remote.origin.url
2026-10-08T14:53:50.0796904Z Cleaning up orphan processes
2026-10-08T14:53:50.1084287Z ##[warning]Node.js 20 is deprecated. The following actions target Node.js 20 but are being forced to run on Node.js 24: actions/checkout@11d5960a326750d5838078e36cf38b85af677262, actions/setup-node@49933ea5288caeca8642d1e84afbd3f7d6820020. For more information see: https://github.blog/changelog/2025-09-19-deprecation-of-node-20-on-github-actions-runners/
