2026-10-08T13:53:14.1090080Z Current runner version: '2.337.0'
2026-10-08T13:53:14.1115287Z ##[group]Runner Image Provisioner
2026-10-08T13:53:14.1116150Z Hosted Compute Agent
2026-10-08T13:53:14.1116789Z Version: 20261002.596
2026-10-08T13:53:14.1117364Z Commit: c3d12f3313a95f25162a1503be624f3b0617f8c0
2026-10-08T13:53:14.1118001Z Build Date: 2026-10-02T22:28:27Z
2026-10-08T13:53:14.1118806Z Worker ID: {727c9d9d-6121-4bb7-ab24-3e45f55148a7}
2026-10-08T13:53:14.1119478Z Region: westus3
2026-10-08T13:53:14.1119981Z Cloud: Azure
2026-10-08T13:53:14.1120482Z ##[endgroup]
2026-10-08T13:53:14.1121900Z ##[group]Operating System
2026-10-08T13:53:14.1122506Z Ubuntu
2026-10-08T13:53:14.1123009Z 24.04.5
2026-10-08T13:53:14.1123514Z LTS
2026-10-08T13:53:14.1124002Z ##[endgroup]
2026-10-08T13:53:14.1124491Z ##[group]Runner Image
2026-10-08T13:53:14.1125069Z Image: ubuntu-24.04
2026-10-08T13:53:14.1125608Z Version: 20261004.327.1
2026-10-08T13:53:14.1126796Z Included Software: https://github.com/actions/runner-images/blob/ubuntu24/20261004.327/images/ubuntu/Ubuntu2404-Readme.md
2026-10-08T13:53:14.1128509Z Image Release: https://github.com/actions/runner-images/releases/tag/ubuntu24%2F20261004.327
2026-10-08T13:53:14.1129569Z ##[endgroup]
2026-10-08T13:53:14.1130611Z ##[group]GITHUB_TOKEN Permissions
2026-10-08T13:53:14.1132623Z Contents: read
2026-10-08T13:53:14.1133156Z Metadata: read
2026-10-08T13:53:14.1133649Z ##[endgroup]
2026-10-08T13:53:14.1135776Z Secret source: Actions
2026-10-08T13:53:14.1136637Z Cache mode: write
2026-10-08T13:53:14.1137395Z Prepare workflow directory
2026-10-08T13:53:14.1465791Z Prepare all required actions
2026-10-08T13:53:14.1517401Z Getting action download info
2026-10-08T13:53:14.4615297Z Download action repository 'actions/checkout@11d5960a326750d5838078e36cf38b85af677262' (SHA:11d5960a326750d5838078e36cf38b85af677262)
2026-10-08T13:53:14.6024366Z Download action repository 'actions/setup-node@49933ea5288caeca8642d1e84afbd3f7d6820020' (SHA:49933ea5288caeca8642d1e84afbd3f7d6820020)
2026-10-08T13:53:14.8482884Z Complete job name: node-test
2026-10-08T13:53:14.9385487Z ##[group]Run actions/checkout@11d5960a326750d5838078e36cf38b85af677262
2026-10-08T13:53:14.9386414Z with:
2026-10-08T13:53:14.9386845Z   repository: Jacob-Met/RecallWeave
2026-10-08T13:53:14.9390948Z   token: ***
2026-10-08T13:53:14.9391344Z   ssh-strict: true
2026-10-08T13:53:14.9391755Z   ssh-user: git
2026-10-08T13:53:14.9392180Z   persist-credentials: true
2026-10-08T13:53:14.9392640Z   clean: true
2026-10-08T13:53:14.9393056Z   sparse-checkout-cone-mode: true
2026-10-08T13:53:14.9393545Z   fetch-depth: 1
2026-10-08T13:53:14.9393936Z   fetch-tags: false
2026-10-08T13:53:14.9394337Z   show-progress: true
2026-10-08T13:53:14.9394746Z   lfs: false
2026-10-08T13:53:14.9395115Z   submodules: false
2026-10-08T13:53:14.9395517Z   set-safe-directory: true
2026-10-08T13:53:14.9395976Z   allow-unsafe-pr-checkout: false
2026-10-08T13:53:14.9396750Z ##[endgroup]
2026-10-08T13:53:15.0473104Z Syncing repository: Jacob-Met/RecallWeave
2026-10-08T13:53:15.0475750Z ##[group]Getting Git version info
2026-10-08T13:53:15.0477033Z Working directory is '/home/runner/work/RecallWeave/RecallWeave'
2026-10-08T13:53:15.0478618Z [command]/usr/bin/git version
2026-10-08T13:53:15.0571188Z git version 2.55.0
2026-10-08T13:53:15.0597838Z ##[endgroup]
2026-10-08T13:53:15.0625364Z Temporarily overriding HOME='/home/runner/work/_temp/131a774f-2475-4f49-81b3-69e2a69a7dc6' before making global git config changes
2026-10-08T13:53:15.0627512Z Adding repository directory to the temporary git global config as a safe directory
2026-10-08T13:53:15.0636151Z [command]/usr/bin/git config --global --add safe.directory /home/runner/work/RecallWeave/RecallWeave
2026-10-08T13:53:15.0716842Z Deleting the contents of '/home/runner/work/RecallWeave/RecallWeave'
2026-10-08T13:53:15.0727614Z ##[group]Initializing the repository
2026-10-08T13:53:15.0729573Z [command]/usr/bin/git init /home/runner/work/RecallWeave/RecallWeave
2026-10-08T13:53:15.0893992Z hint: Using 'master' as the name for the initial branch. This default branch name
2026-10-08T13:53:15.0896426Z hint: will change to "main" in Git 3.0. To configure the initial branch name
2026-10-08T13:53:15.0898002Z hint: to use in all of your new repositories, which will suppress this warning,
2026-10-08T13:53:15.0899018Z hint: call:
2026-10-08T13:53:15.0899656Z hint:
2026-10-08T13:53:15.0900242Z hint: 	git config --global init.defaultBranch <name>
2026-10-08T13:53:15.0900892Z hint:
2026-10-08T13:53:15.0901512Z hint: Names commonly chosen instead of 'master' are 'main', 'trunk' and
2026-10-08T13:53:15.0902458Z hint: 'development'. The just-created branch can be renamed via this command:
2026-10-08T13:53:15.0903220Z hint:
2026-10-08T13:53:15.0903699Z hint: 	git branch -m <name>
2026-10-08T13:53:15.0905235Z hint:
2026-10-08T13:53:15.0906120Z hint: Disable this message with "git config set advice.defaultBranchName false"
2026-10-08T13:53:15.0907287Z Initialized empty Git repository in /home/runner/work/RecallWeave/RecallWeave/.git/
2026-10-08T13:53:15.0909513Z [command]/usr/bin/git remote add origin https://github.com/Jacob-Met/RecallWeave
2026-10-08T13:53:15.0963508Z ##[endgroup]
2026-10-08T13:53:15.0964242Z ##[group]Disabling automatic garbage collection
2026-10-08T13:53:15.0969314Z [command]/usr/bin/git config --local gc.auto 0
2026-10-08T13:53:15.1000645Z ##[endgroup]
2026-10-08T13:53:15.1001525Z ##[group]Setting up auth
2026-10-08T13:53:15.1009412Z [command]/usr/bin/git config --local --name-only --get-regexp core\.sshCommand
2026-10-08T13:53:15.1042344Z [command]/usr/bin/git submodule foreach --recursive sh -c "git config --local --name-only --get-regexp 'core\.sshCommand' && git config --local --unset-all 'core.sshCommand' || :"
2026-10-08T13:53:15.1370276Z [command]/usr/bin/git config --local --name-only --get-regexp http\.https\:\/\/github\.com\/\.extraheader
2026-10-08T13:53:15.1403816Z [command]/usr/bin/git submodule foreach --recursive sh -c "git config --local --name-only --get-regexp 'http\.https\:\/\/github\.com\/\.extraheader' && git config --local --unset-all 'http.https://github.com/.extraheader' || :"
2026-10-08T13:53:15.1641552Z [command]/usr/bin/git config --local --name-only --get-regexp ^includeIf\.gitdir:
2026-10-08T13:53:15.1689855Z [command]/usr/bin/git submodule foreach --recursive git config --local --show-origin --name-only --get-regexp remote.origin.url
2026-10-08T13:53:15.1894726Z [command]/usr/bin/git config --local http.https://github.com/.extraheader AUTHORIZATION: basic ***
2026-10-08T13:53:15.1938068Z ##[endgroup]
2026-10-08T13:53:15.1939879Z ##[group]Fetching the repository
2026-10-08T13:53:15.1951023Z [command]/usr/bin/git -c protocol.version=2 fetch --no-tags --prune --no-recurse-submodules --depth=1 origin +4d630b63d878844005925b5457abd15f24e0708e:refs/remotes/pull/51/merge
2026-10-08T13:53:16.6797006Z From https://github.com/Jacob-Met/RecallWeave
2026-10-08T13:53:16.6800051Z  * [new ref]         4d630b63d878844005925b5457abd15f24e0708e -> pull/51/merge
2026-10-08T13:53:16.6806545Z ##[endgroup]
2026-10-08T13:53:16.6809263Z ##[group]Determining the checkout info
2026-10-08T13:53:16.6811806Z ##[endgroup]
2026-10-08T13:53:16.6812894Z [command]/usr/bin/git sparse-checkout disable
2026-10-08T13:53:16.6862238Z [command]/usr/bin/git config --local --unset-all extensions.worktreeConfig
2026-10-08T13:53:16.6894015Z ##[group]Checking out the ref
2026-10-08T13:53:16.6897335Z [command]/usr/bin/git checkout --progress --force refs/remotes/pull/51/merge
2026-10-08T13:53:16.7609645Z Note: switching to 'refs/remotes/pull/51/merge'.
2026-10-08T13:53:16.7610686Z 
2026-10-08T13:53:16.7611497Z You are in 'detached HEAD' state. You can look around, make experimental
2026-10-08T13:53:16.7613503Z changes and commit them, and you can discard any commits you make in this
2026-10-08T13:53:16.7615513Z state without impacting any branches by switching back to a branch.
2026-10-08T13:53:16.7616669Z 
2026-10-08T13:53:16.7617423Z If you want to create a new branch to retain commits you create, you may
2026-10-08T13:53:16.7619486Z do so (now or later) by using -c with the switch command. Example:
2026-10-08T13:53:16.7620904Z 
2026-10-08T13:53:16.7621573Z   git switch -c <new-branch-name>
2026-10-08T13:53:16.7622747Z 
2026-10-08T13:53:16.7623564Z Or undo this operation with:
2026-10-08T13:53:16.7624483Z 
2026-10-08T13:53:16.7625008Z   git switch -
2026-10-08T13:53:16.7625666Z 
2026-10-08T13:53:16.7626669Z Turn off this advice by setting config variable advice.detachedHead to false
2026-10-08T13:53:16.7628288Z 
2026-10-08T13:53:16.7629889Z HEAD is now at 4d630b6 Merge 3490a7fc85f626bcdad7e76d8761b886efa3a848 into 98d43c30b3e0d8cc488339b6979867cb93f9586f
2026-10-08T13:53:16.7635044Z ##[endgroup]
2026-10-08T13:53:16.7666589Z [command]/usr/bin/git log -1 --format=%H
2026-10-08T13:53:16.7691410Z 4d630b63d878844005925b5457abd15f24e0708e
2026-10-08T13:53:16.8080372Z ##[group]Run actions/setup-node@49933ea5288caeca8642d1e84afbd3f7d6820020
2026-10-08T13:53:16.8082009Z with:
2026-10-08T13:53:16.8082882Z   node-version: 20
2026-10-08T13:53:16.8083819Z   always-auth: false
2026-10-08T13:53:16.8084798Z   check-latest: false
2026-10-08T13:53:16.8094135Z   token: ***
2026-10-08T13:53:16.8095024Z ##[endgroup]
2026-10-08T13:53:17.0182405Z Attempting to download 20...
2026-10-08T13:53:17.0323324Z (node:2223) [DEP0040] DeprecationWarning: The `punycode` module is deprecated. Please use a userland alternative instead.
2026-10-08T13:53:17.0324226Z (Use `node --trace-deprecation ...` to show where the warning was created)
2026-10-08T13:53:18.1300188Z Acquiring 20.20.2 - x64 from https://github.com/actions/node-versions/releases/download/20.20.2-23521894959/node-20.20.2-linux-x64.tar.gz
2026-10-08T13:53:18.6751473Z Extracting ...
2026-10-08T13:53:18.6867552Z [command]/usr/bin/tar xz --strip 1 --warning=no-unknown-keyword --overwrite -C /home/runner/work/_temp/2e86f0c4-09c9-4762-97ca-ae08789a8b55 -f /home/runner/work/_temp/d32d7b0c-3c41-4c2e-a72a-2587328e3082
2026-10-08T13:53:19.6430190Z Adding to the cache ...
2026-10-08T13:53:20.9928907Z ##[group]Environment details
2026-10-08T13:53:21.4277874Z node: v20.20.2
2026-10-08T13:53:21.4278706Z npm: 10.8.2
2026-10-08T13:53:21.4279038Z yarn: 1.22.22
2026-10-08T13:53:21.4279812Z ##[endgroup]
2026-10-08T13:53:21.4432220Z ##[group]Run node --test tests/*.test.mjs
2026-10-08T13:53:21.4432700Z [36;1mnode --test tests/*.test.mjs[0m
2026-10-08T13:53:21.4620943Z shell: /usr/bin/bash -e {0}
2026-10-08T13:53:21.4621289Z ##[endgroup]
2026-10-08T13:53:21.5187276Z TAP version 13
2026-10-08T13:53:21.5790240Z # Subtest: display orders retain every canonical option exactly once and are immutable
2026-10-08T13:53:21.5817711Z ok 1 - display orders retain every canonical option exactly once and are immutable
2026-10-08T13:53:21.5818915Z   ---
2026-10-08T13:53:21.5819550Z   duration_ms: 12.313014
2026-10-08T13:53:21.5820160Z   ...
2026-10-08T13:53:21.5821311Z # Subtest: a stable source replays an order and changed input can put the answer in every display position
2026-10-08T13:53:21.5823174Z ok 2 - a stable source replays an order and changed input can put the answer in every display position
2026-10-08T13:53:21.5824329Z   ---
2026-10-08T13:53:21.5825003Z   duration_ms: 0.807671
2026-10-08T13:53:21.5825695Z   ...
2026-10-08T13:53:21.5826806Z # Subtest: invalid counts or random values cannot produce duplicate, missing, or unaddressable choices
2026-10-08T13:53:21.5828501Z ok 3 - invalid counts or random values cannot produce duplicate, missing, or unaddressable choices
2026-10-08T13:53:21.5829569Z   ---
2026-10-08T13:53:21.5830107Z   duration_ms: 0.549402
2026-10-08T13:53:21.5830669Z   ...
2026-10-08T13:53:21.5854964Z # Subtest: varied displayed choices keep review, corrected practice and study notes tied to their original text
2026-10-08T13:53:21.5869820Z ok 4 - varied displayed choices keep review, corrected practice and study notes tied to their original text
2026-10-08T13:53:21.5890988Z   ---
2026-10-08T13:53:21.5891843Z   duration_ms: 10.080964
2026-10-08T13:53:21.5892947Z   ...
2026-10-08T13:53:21.6005713Z # Subtest: the direct-file author page is generated from all current author modules
2026-10-08T13:53:21.6008414Z ok 5 - the direct-file author page is generated from all current author modules
2026-10-08T13:53:21.6009595Z   ---
2026-10-08T13:53:21.6010222Z   duration_ms: 47.545145
2026-10-08T13:53:21.6010938Z   ...
2026-10-08T13:53:21.6087738Z # Subtest: the binary-search course round-trips through the published deck contract
2026-10-08T13:53:21.6110044Z ok 6 - the binary-search course round-trips through the published deck contract
2026-10-08T13:53:21.6142308Z   ---
2026-10-08T13:53:21.6144811Z   duration_ms: 3.096835
2026-10-08T13:53:21.6145507Z   ...
2026-10-08T13:53:21.6146551Z # Subtest: worked first-occurrence and absent examples agree with an independent linear partition
2026-10-08T13:53:21.6148099Z ok 7 - worked first-occurrence and absent examples agree with an independent linear partition
2026-10-08T13:53:21.6149473Z   ---
2026-10-08T13:53:21.6150006Z   duration_ms: 0.247346
2026-10-08T13:53:21.6150550Z   ...
2026-10-08T13:53:21.6152391Z # Subtest: midpoint and branch answers use the course’s half-open interval convention
2026-10-08T13:53:21.6154150Z ok 8 - midpoint and branch answers use the course’s half-open interval convention
2026-10-08T13:53:21.6154947Z   ---
2026-10-08T13:53:21.6155405Z   duration_ms: 1.506988
2026-10-08T13:53:21.6155874Z   ...
2026-10-08T13:53:21.6156716Z # Subtest: the worked trace and worst-case count follow strictly shrinking intervals
2026-10-08T13:53:21.6157870Z ok 9 - the worked trace and worst-case count follow strictly shrinking intervals
2026-10-08T13:53:21.6158807Z   ---
2026-10-08T13:53:21.6159298Z   duration_ms: 11.527721
2026-10-08T13:53:21.6159795Z   ...
2026-10-08T13:53:21.6160708Z # Subtest: the actual adaptive learner visits every new question and preserves worked feedback
2026-10-08T13:53:21.6162003Z ok 10 - the actual adaptive learner visits every new question and preserves worked feedback
2026-10-08T13:53:21.6162826Z   ---
2026-10-08T13:53:21.6163285Z   duration_ms: 13.904265
2026-10-08T13:53:21.6163787Z   ...
2026-10-08T13:53:21.6680213Z # Subtest: catalog keeps exact raw text and an immutable copy of checked metadata
2026-10-08T13:53:21.6700582Z ok 11 - catalog keeps exact raw text and an immutable copy of checked metadata
2026-10-08T13:53:21.6725057Z   ---
2026-10-08T13:53:21.6759840Z   duration_ms: 3.549026
2026-10-08T13:53:21.6769387Z   ...
2026-10-08T13:53:21.6791013Z # Subtest: curated paths reject traversal, external URLs, authoring sources and duplicates
2026-10-08T13:53:21.6807121Z ok 12 - curated paths reject traversal, external URLs, authoring sources and duplicates
2026-10-08T13:53:21.6829588Z   ---
2026-10-08T13:53:21.6830299Z   duration_ms: 1.505021
2026-10-08T13:53:21.6831063Z   ...
2026-10-08T13:53:21.6832214Z # Subtest: search uses title and concept substrings with stable order and trimmed case
2026-10-08T13:53:21.6833763Z ok 13 - search uses title and concept substrings with stable order and trimmed case
2026-10-08T13:53:21.6834656Z   ---
2026-10-08T13:53:21.6835176Z   duration_ms: 0.687569
2026-10-08T13:53:21.6835732Z   ...
2026-10-08T13:53:21.6853565Z # Subtest: standalone build matches checked-in HTML and embeds every original file unchanged
2026-10-08T13:53:21.6855460Z ok 14 - standalone build matches checked-in HTML and embeds every original file unchanged
2026-10-08T13:53:21.6856826Z   ---
2026-10-08T13:53:21.6857499Z   duration_ms: 23.092948
2026-10-08T13:53:21.6858060Z   ...
2026-10-08T13:53:21.6957196Z # Subtest: embedded course text cannot terminate the data script or become executable markup
2026-10-08T13:53:21.6959101Z ok 15 - embedded course text cannot terminate the data script or become executable markup
2026-10-08T13:53:21.6960175Z   ---
2026-10-08T13:53:21.6960716Z   duration_ms: 6.88009
2026-10-08T13:53:21.6961229Z   ...
2026-10-08T13:53:21.7490084Z # Subtest: builder refuses extra arguments before writing the generated page
2026-10-08T13:53:21.7491822Z ok 16 - builder refuses extra arguments before writing the generated page
2026-10-08T13:53:21.7492764Z   ---
2026-10-08T13:53:21.7493305Z   duration_ms: 56.902832
2026-10-08T13:53:21.7494306Z   ...
2026-10-08T13:53:22.0507647Z # Subtest: unfinished and completely empty drafts save without claiming lesson validity
2026-10-08T13:53:22.0575379Z ok 17 - unfinished and completely empty drafts save without claiming lesson validity
2026-10-08T13:53:22.0617531Z   ---
2026-10-08T13:53:22.0632168Z   duration_ms: 6.653294
2026-10-08T13:53:22.0634365Z   ...
2026-10-08T13:53:22.0635573Z # Subtest: duplicate text, cyclic and self prerequisites, and unfinished selections survive for repair
2026-10-08T13:53:22.0663287Z ok 18 - duplicate text, cyclic and self prerequisites, and unfinished selections survive for repair
2026-10-08T13:53:22.0664547Z   ---
2026-10-08T13:53:22.0665235Z   duration_ms: 1.917941
2026-10-08T13:53:22.0667394Z   ...
2026-10-08T13:53:22.0668928Z # Subtest: ready imported lessons retain public IDs, ordered content, answer identity and checked bytes
2026-10-08T13:53:22.0670833Z ok 19 - ready imported lessons retain public IDs, ordered content, answer identity and checked bytes
2026-10-08T13:53:22.0672306Z   ---
2026-10-08T13:53:22.0672825Z   duration_ms: 2.692839
2026-10-08T13:53:22.0673401Z   ...
2026-10-08T13:53:22.0674649Z # Subtest: canonical private keys recover near-limit counters without changing public IDs or live state
2026-10-08T13:53:22.0676668Z ok 20 - canonical private keys recover near-limit counters without changing public IDs or live state
2026-10-08T13:53:22.0678288Z   ---
2026-10-08T13:53:22.0678973Z   duration_ms: 2.595798
2026-10-08T13:53:22.0679648Z   ...
2026-10-08T13:53:22.0680767Z # Subtest: staged drafts are deeply frozen and replacement copies remain editable
2026-10-08T13:53:22.0682249Z ok 21 - staged drafts are deeply frozen and replacement copies remain editable
2026-10-08T13:53:22.0683257Z   ---
2026-10-08T13:53:22.0683891Z   duration_ms: 0.511754
2026-10-08T13:53:22.0684580Z   ...
2026-10-08T13:53:22.0685870Z # Subtest: missing or ambiguous internal references, malformed shape and unsafe counters refuse before admission
2026-10-08T13:53:22.0687854Z ok 22 - missing or ambiguous internal references, malformed shape and unsafe counters refuse before admission
2026-10-08T13:53:22.0689774Z   ---
2026-10-08T13:53:22.0690638Z   duration_ms: 2.965983
2026-10-08T13:53:22.0691442Z   ...
2026-10-08T13:53:22.0692420Z # Subtest: only recognized editor fields cross the draft boundary
2026-10-08T13:53:22.0693705Z ok 23 - only recognized editor fields cross the draft boundary
2026-10-08T13:53:22.0694649Z   ---
2026-10-08T13:53:22.0695281Z   duration_ms: 0.556318
2026-10-08T13:53:22.0695952Z   ...
2026-10-08T13:53:22.0697206Z # Subtest: a lesson larger than its admission limit can be saved as a draft and repaired later
2026-10-08T13:53:22.0699009Z ok 24 - a lesson larger than its admission limit can be saved as a draft and repaired later
2026-10-08T13:53:22.0700129Z   ---
2026-10-08T13:53:22.0700828Z   duration_ms: 15.473609
2026-10-08T13:53:22.0701576Z   ...
2026-10-08T13:53:22.0702748Z # Subtest: draft size limits count actual UTF-8 bytes and failed saving leaves writing intact
2026-10-08T13:53:22.0704429Z ok 25 - draft size limits count actual UTF-8 bytes and failed saving leaves writing intact
2026-10-08T13:53:22.0705642Z   ---
2026-10-08T13:53:22.0706357Z   duration_ms: 53.252215
2026-10-08T13:53:22.0707186Z   ...
2026-10-08T13:53:22.0708743Z # Subtest: compact drafts remain saveable near and exactly at the byte limit without added whitespace
2026-10-08T13:53:22.0710924Z ok 26 - compact drafts remain saveable near and exactly at the byte limit without added whitespace
2026-10-08T13:53:22.0712226Z   ---
2026-10-08T13:53:22.0712980Z   duration_ms: 271.006794
2026-10-08T13:53:22.0713803Z   ...
2026-10-08T13:53:22.0715232Z # Subtest: a file whose canonical private keys exceed the saved limit is refused before admission
2026-10-08T13:53:22.0716784Z ok 27 - a file whose canonical private keys exceed the saved limit is refused before admission
2026-10-08T13:53:22.0717765Z   ---
2026-10-08T13:53:22.0718419Z   duration_ms: 26.139797
2026-10-08T13:53:22.0719343Z   ...
2026-10-08T13:53:22.0830325Z # Subtest: a valid deck stages without touching authored text and commits once with full immutable content
2026-10-08T13:53:22.0831744Z ok 28 - a valid deck stages without touching authored text and commits once with full immutable content
2026-10-08T13:53:22.0832532Z   ---
2026-10-08T13:53:22.0833103Z   duration_ms: 10.510376
2026-10-08T13:53:22.0833502Z   ...
2026-10-08T13:53:22.0834483Z # Subtest: invalid JSON, invalid answer, oversized file and unreadable file preserve the draft and allow retry
2026-10-08T13:53:22.0836004Z ok 29 - invalid JSON, invalid answer, oversized file and unreadable file preserve the draft and allow retry
2026-10-08T13:53:22.0836878Z   ---
2026-10-08T13:53:22.0837216Z   duration_ms: 7.888726
2026-10-08T13:53:22.0837586Z   ...
2026-10-08T13:53:22.0838772Z # Subtest: unfinished and cyclic draft files stage visibly and replace once with an immutable editable state
2026-10-08T13:53:22.0840311Z ok 30 - unfinished and cyclic draft files stage visibly and replace once with an immutable editable state
2026-10-08T13:53:22.0840923Z   ---
2026-10-08T13:53:22.0841148Z   duration_ms: 2.955978
2026-10-08T13:53:22.0841383Z   ...
2026-10-08T13:53:22.0841913Z # Subtest: a draft suffix cannot admit an oversized lesson deck through the larger draft-file limit
2026-10-08T13:53:22.0842748Z ok 31 - a draft suffix cannot admit an oversized lesson deck through the larger draft-file limit
2026-10-08T13:53:22.0843237Z   ---
2026-10-08T13:53:22.0843444Z   duration_ms: 6.607746
2026-10-08T13:53:22.0843681Z   ...
2026-10-08T13:53:22.0844244Z # Subtest: malformed and unsupported editable drafts preserve the old draft and retire pending previews
2026-10-08T13:53:22.0845132Z ok 32 - malformed and unsupported editable drafts preserve the old draft and retire pending previews
2026-10-08T13:53:22.0845652Z   ---
2026-10-08T13:53:22.0845855Z   duration_ms: 5.422543
2026-10-08T13:53:22.0846091Z   ...
2026-10-08T13:53:22.0846571Z # Subtest: newest selected format wins across slow draft-to-deck and deck-to-draft reads
2026-10-08T13:53:22.0847588Z ok 33 - newest selected format wins across slow draft-to-deck and deck-to-draft reads
2026-10-08T13:53:22.0848061Z   ---
2026-10-08T13:53:22.0848640Z   duration_ms: 2.760901
2026-10-08T13:53:22.0848984Z   ...
2026-10-08T13:53:22.0849832Z # Subtest: explicit Keep current draft clears staged replacement and restores the open control focus
2026-10-08T13:53:22.0851178Z ok 34 - explicit Keep current draft clears staged replacement and restores the open control focus
2026-10-08T13:53:22.0851890Z   ---
2026-10-08T13:53:22.0852212Z   duration_ms: 1.45317
2026-10-08T13:53:22.0852584Z   ...
2026-10-08T13:53:22.0853447Z # Subtest: opening another chooser invalidates its old preview even when the chooser is cancelled
2026-10-08T13:53:22.0854735Z ok 35 - opening another chooser invalidates its old preview even when the chooser is cancelled
2026-10-08T13:53:22.0855488Z   ---
2026-10-08T13:53:22.0855817Z   duration_ms: 2.392592
2026-10-08T13:53:22.0856200Z   ...
2026-10-08T13:53:22.0856921Z # Subtest: a newer valid choice wins over an earlier slow success or failure
2026-10-08T13:53:22.0857902Z ok 36 - a newer valid choice wins over an earlier slow success or failure
2026-10-08T13:53:22.0869269Z   ---
2026-10-08T13:53:22.0869685Z   duration_ms: 3.421225
2026-10-08T13:53:22.0870095Z   ...
2026-10-08T13:53:22.0871054Z # Subtest: cancelled or empty file selection prevents a late read from reopening a preview
2026-10-08T13:53:22.0872357Z ok 37 - cancelled or empty file selection prevents a late read from reopening a preview
2026-10-08T13:53:22.0873097Z   ---
2026-10-08T13:53:22.0873444Z   duration_ms: 1.339623
2026-10-08T13:53:22.0873828Z   ...
2026-10-08T13:53:22.0874596Z # Subtest: invalid newer files invalidate an earlier pending or staged valid deck
2026-10-08T13:53:22.0875705Z ok 38 - invalid newer files invalidate an earlier pending or staged valid deck
2026-10-08T13:53:22.0876308Z   ---
2026-10-08T13:53:22.0876637Z   duration_ms: 1.58521
2026-10-08T13:53:22.0877019Z   ...
2026-10-08T13:53:22.0898568Z # Subtest: undo restores all writing while clearing only references to deliberately removed concepts
2026-10-08T13:53:22.0900216Z ok 39 - undo restores all writing while clearing only references to deliberately removed concepts
2026-10-08T13:53:22.0901219Z   ---
2026-10-08T13:53:22.0901595Z   duration_ms: 2.245846
2026-10-08T13:53:22.0901996Z   ...
2026-10-08T13:53:22.0902944Z # Subtest: undo retains known selections and even unfinished self links while removing a missing prerequisite
2026-10-08T13:53:22.0904458Z ok 40 - undo retains known selections and even unfinished self links while removing a missing prerequisite
2026-10-08T13:53:22.0905367Z   ---
2026-10-08T13:53:22.0905824Z   duration_ms: 0.278953
2026-10-08T13:53:22.0906194Z   ...
2026-10-08T13:53:22.0906904Z # Subtest: blank editor requires authored metadata and a deliberate answer
2026-10-08T13:53:22.0907885Z ok 41 - blank editor requires authored metadata and a deliberate answer
2026-10-08T13:53:22.0908672Z   ---
2026-10-08T13:53:22.0909090Z   duration_ms: 3.682967
2026-10-08T13:53:22.0909466Z   ...
2026-10-08T13:53:22.0910368Z # Subtest: opening a validated lesson makes an independent editable draft and preserves IDs and literals
2026-10-08T13:53:22.0911773Z ok 42 - opening a validated lesson makes an independent editable draft and preserves IDs and literals
2026-10-08T13:53:22.0912581Z   ---
2026-10-08T13:53:22.0912932Z   duration_ms: 0.909461
2026-10-08T13:53:22.0913353Z   ...
2026-10-08T13:53:22.0914165Z # Subtest: correctness follows an option when moved or when a preceding option is removed
2026-10-08T13:53:22.0915365Z ok 43 - correctness follows an option when moved or when a preceding option is removed
2026-10-08T13:53:22.0916061Z   ---
2026-10-08T13:53:22.0916408Z   duration_ms: 0.685192
2026-10-08T13:53:22.0916829Z   ...
2026-10-08T13:53:22.0917534Z # Subtest: option limits refuse without deleting text or changing the answer
2026-10-08T13:53:22.0929080Z ok 44 - option limits refuse without deleting text or changing the answer
2026-10-08T13:53:22.0929935Z   ---
2026-10-08T13:53:22.0930311Z   duration_ms: 0.650333
2026-10-08T13:53:22.0931050Z   ...
2026-10-08T13:53:22.0932140Z # Subtest: concept renaming updates question and prerequisite references while used deletion is refused
2026-10-08T13:53:22.0933768Z ok 45 - concept renaming updates question and prerequisite references while used deletion is refused
2026-10-08T13:53:22.0934711Z   ---
2026-10-08T13:53:22.0935100Z   duration_ms: 0.398657
2026-10-08T13:53:22.0935518Z   ...
2026-10-08T13:53:22.0936421Z # Subtest: cycles, uncovered concepts and duplicate answer text remain repairable drafts
2026-10-08T13:53:22.0937812Z ok 46 - cycles, uncovered concepts and duplicate answer text remain repairable drafts
2026-10-08T13:53:22.0938788Z   ---
2026-10-08T13:53:22.0939152Z   duration_ms: 0.558905
2026-10-08T13:53:22.0939572Z   ...
2026-10-08T13:53:22.0940571Z # Subtest: question reordering and undo restore the removed question without rolling back later edits
2026-10-08T13:53:22.0942200Z ok 47 - question reordering and undo restore the removed question without rolling back later edits
2026-10-08T13:53:22.0943149Z   ---
2026-10-08T13:53:22.0943525Z   duration_ms: 1.524126
2026-10-08T13:53:22.0943948Z   ...
2026-10-08T13:53:22.0944703Z # Subtest: new question IDs do not overwrite IDs from an opened deck
2026-10-08T13:53:22.0945724Z ok 48 - new question IDs do not overwrite IDs from an opened deck
2026-10-08T13:53:22.0946398Z   ---
2026-10-08T13:53:22.0946785Z   duration_ms: 0.415679
2026-10-08T13:53:22.0947195Z   ...
2026-10-08T13:53:22.0948301Z # Subtest: checked snapshots are immutable, deterministic, and separate from later draft edits
2026-10-08T13:53:22.0949811Z ok 49 - checked snapshots are immutable, deterministic, and separate from later draft edits
2026-10-08T13:53:22.0950794Z   ---
2026-10-08T13:53:22.0951132Z   duration_ms: 0.422484
2026-10-08T13:53:22.0951505Z   ...
2026-10-08T13:53:22.0952474Z # Subtest: individually valid multibyte content cannot export a file larger than the importer admits
2026-10-08T13:53:22.0954214Z ok 50 - individually valid multibyte content cannot export a file larger than the importer admits
2026-10-08T13:53:22.0955099Z   ---
2026-10-08T13:53:22.0955443Z   duration_ms: 7.093464
2026-10-08T13:53:22.0955818Z   ...
2026-10-08T13:53:22.0956350Z # Subtest: download filenames are bounded local names
2026-10-08T13:53:22.0957105Z ok 51 - download filenames are bounded local names
2026-10-08T13:53:22.0957645Z   ---
2026-10-08T13:53:22.0957987Z   duration_ms: 0.501226
2026-10-08T13:53:22.0989005Z   ...
2026-10-08T13:53:22.0989820Z # Subtest: the existing bundled deck imports unchanged without a format field
2026-10-08T13:53:22.0990750Z ok 52 - the existing bundled deck imports unchanged without a format field
2026-10-08T13:53:22.0991390Z   ---
2026-10-08T13:53:22.0991696Z   duration_ms: 4.484802
2026-10-08T13:53:22.0992012Z   ...
2026-10-08T13:53:22.0992712Z # Subtest: a deck is an immutable copy, and unknown fields cannot configure the runtime
2026-10-08T13:53:22.0993866Z ok 53 - a deck is an immutable copy, and unknown fields cannot configure the runtime
2026-10-08T13:53:22.0994594Z   ---
2026-10-08T13:53:22.0994939Z   duration_ms: 0.925531
2026-10-08T13:53:22.0995319Z   ...
2026-10-08T13:53:22.0996168Z # Subtest: malformed JSON, unsupported versions and wrong top-level values give actionable errors
2026-10-08T13:53:22.0997290Z ok 54 - malformed JSON, unsupported versions and wrong top-level values give actionable errors
2026-10-08T13:53:22.0997995Z   ---
2026-10-08T13:53:22.1019408Z   duration_ms: 0.443167
2026-10-08T13:53:22.1019863Z   ...
2026-10-08T13:53:22.1020648Z # Subtest: JSON byte limit counts multibyte text and accepts the exact boundary
2026-10-08T13:53:22.1021684Z ok 55 - JSON byte limit counts multibyte text and accepts the exact boundary
2026-10-08T13:53:22.1022358Z   ---
2026-10-08T13:53:22.1022717Z   duration_ms: 2.827181
2026-10-08T13:53:22.1023137Z   ...
2026-10-08T13:53:22.1023896Z # Subtest: required readable metadata and bounded question fields are validated
2026-10-08T13:53:22.1025322Z ok 56 - required readable metadata and bounded question fields are validated
2026-10-08T13:53:22.1025974Z   ---
2026-10-08T13:53:22.1026312Z   duration_ms: 2.087875
2026-10-08T13:53:22.1026690Z   ...
2026-10-08T13:53:22.1027440Z # Subtest: empty and oversized collections and duplicate identities are refused
2026-10-08T13:53:22.1028855Z ok 57 - empty and oversized collections and duplicate identities are refused
2026-10-08T13:53:22.1029539Z   ---
2026-10-08T13:53:22.1029884Z   duration_ms: 0.779397
2026-10-08T13:53:22.1030249Z   ...
2026-10-08T13:53:22.1030926Z # Subtest: every question and prerequisite must name a known covered concept
2026-10-08T13:53:22.1031846Z ok 58 - every question and prerequisite must name a known covered concept
2026-10-08T13:53:22.1032389Z   ---
2026-10-08T13:53:22.1032706Z   duration_ms: 0.451512
2026-10-08T13:53:22.1033042Z   ...
2026-10-08T13:53:22.1033836Z # Subtest: self-requirements and concept cycles across different questions are refused
2026-10-08T13:53:22.1034844Z ok 59 - self-requirements and concept cycles across different questions are refused
2026-10-08T13:53:22.1035518Z   ---
2026-10-08T13:53:22.1035840Z   duration_ms: 0.431771
2026-10-08T13:53:22.1036204Z   ...
2026-10-08T13:53:22.1036944Z # Subtest: choices require distinct readable options and an actual integer answer index
2026-10-08T13:53:22.1048445Z ok 60 - choices require distinct readable options and an actual integer answer index
2026-10-08T13:53:22.1049394Z   ---
2026-10-08T13:53:22.1049775Z   duration_ms: 1.356685
2026-10-08T13:53:22.1050157Z   ...
2026-10-08T13:53:22.1050964Z # Subtest: 100 questions and 32 concepts work through the existing selector to exhaustion
2026-10-08T13:53:22.1052135Z ok 61 - 100 questions and 32 concepts work through the existing selector to exhaustion
2026-10-08T13:53:22.1052823Z   ---
2026-10-08T13:53:22.1053153Z   duration_ms: 165.593806
2026-10-08T13:53:22.1053546Z   ...
2026-10-08T13:53:22.1054427Z # Subtest: imported answer indices, literal text and object-key names survive learning and practice
2026-10-08T13:53:22.1055994Z ok 62 - imported answer indices, literal text and object-key names survive learning and practice
2026-10-08T13:53:22.1056719Z   ---
2026-10-08T13:53:22.1057041Z   duration_ms: 0.857533
2026-10-08T13:53:22.1057422Z   ...
2026-10-08T13:53:22.1058468Z # Subtest: downloadable example round-trips through the import contract with full attribution
2026-10-08T13:53:22.1059761Z ok 63 - downloadable example round-trips through the import contract with full attribution
2026-10-08T13:53:22.1060471Z   ---
2026-10-08T13:53:22.1060799Z   duration_ms: 0.710384
2026-10-08T13:53:22.1061182Z   ...
2026-10-08T13:53:22.1061957Z # Subtest: the exact original course is bounded, admitted, balanced and round-trippable
2026-10-08T13:53:22.1063148Z ok 64 - the exact original course is bounded, admitted, balanced and round-trippable
2026-10-08T13:53:22.1063877Z   ---
2026-10-08T13:53:22.1064219Z   duration_ms: 4.061779
2026-10-08T13:53:22.1064619Z   ...
2026-10-08T13:53:22.1065389Z # Subtest: every stated answer follows the literal graph, with one correct option
2026-10-08T13:53:22.1066133Z     # Subtest: dg-links-1
2026-10-08T13:53:22.1066557Z     ok 1 - dg-links-1
2026-10-08T13:53:22.1066937Z       ---
2026-10-08T13:53:22.1067284Z       duration_ms: 0.646734
2026-10-08T13:53:22.1067697Z       ...
2026-10-08T13:53:22.1068066Z     # Subtest: dg-links-2
2026-10-08T13:53:22.1068645Z     ok 2 - dg-links-2
2026-10-08T13:53:22.1069028Z       ---
2026-10-08T13:53:22.1069372Z       duration_ms: 0.594179
2026-10-08T13:53:22.1069774Z       ...
2026-10-08T13:53:22.1070128Z     # Subtest: dg-links-3
2026-10-08T13:53:22.1070527Z     ok 3 - dg-links-3
2026-10-08T13:53:22.1070874Z       ---
2026-10-08T13:53:22.1071214Z       duration_ms: 0.576635
2026-10-08T13:53:22.1071603Z       ...
2026-10-08T13:53:22.1071950Z     # Subtest: dg-reach-1
2026-10-08T13:53:22.1072362Z     ok 4 - dg-reach-1
2026-10-08T13:53:22.1072705Z       ---
2026-10-08T13:53:22.1072996Z       duration_ms: 0.602627
2026-10-08T13:53:22.1073356Z       ...
2026-10-08T13:53:22.1073736Z     # Subtest: dg-reach-2
2026-10-08T13:53:22.1074459Z     ok 5 - dg-reach-2
2026-10-08T13:53:22.1099114Z       ---
2026-10-08T13:53:22.1144979Z       duration_ms: 0.460674
2026-10-08T13:53:22.1179191Z       ...
2026-10-08T13:53:22.1201100Z     # Subtest: dg-reach-3
2026-10-08T13:53:22.1212441Z     ok 6 - dg-reach-3
2026-10-08T13:53:22.1213106Z       ---
2026-10-08T13:53:22.1213583Z       duration_ms: 0.296877
2026-10-08T13:53:22.1214114Z       ...
2026-10-08T13:53:22.1214589Z     # Subtest: dg-order-1
2026-10-08T13:53:22.1215138Z     ok 7 - dg-order-1
2026-10-08T13:53:22.1215628Z       ---
2026-10-08T13:53:22.1216087Z       duration_ms: 0.364239
2026-10-08T13:53:22.1216609Z       ...
2026-10-08T13:53:22.1217060Z     # Subtest: dg-order-2
2026-10-08T13:53:22.1217559Z     ok 8 - dg-order-2
2026-10-08T13:53:22.1218068Z       ---
2026-10-08T13:53:22.1218678Z       duration_ms: 0.509458
2026-10-08T13:53:22.1219212Z       ...
2026-10-08T13:53:22.1219663Z     # Subtest: dg-order-3
2026-10-08T13:53:22.1220198Z     ok 9 - dg-order-3
2026-10-08T13:53:22.1220710Z       ---
2026-10-08T13:53:22.1221166Z       duration_ms: 0.660512
2026-10-08T13:53:22.1221685Z       ...
2026-10-08T13:53:22.1222127Z     # Subtest: dg-update-1
2026-10-08T13:53:22.1222680Z     ok 10 - dg-update-1
2026-10-08T13:53:22.1223182Z       ---
2026-10-08T13:53:22.1223649Z       duration_ms: 0.874057
2026-10-08T13:53:22.1224154Z       ...
2026-10-08T13:53:22.1224602Z     # Subtest: dg-update-2
2026-10-08T13:53:22.1225126Z     ok 11 - dg-update-2
2026-10-08T13:53:22.1225657Z       ---
2026-10-08T13:53:22.1226139Z       duration_ms: 1.272342
2026-10-08T13:53:22.1226687Z       ...
2026-10-08T13:53:22.1227173Z     # Subtest: dg-update-3
2026-10-08T13:53:22.1227735Z     ok 12 - dg-update-3
2026-10-08T13:53:22.1228433Z       ---
2026-10-08T13:53:22.1228929Z       duration_ms: 0.706088
2026-10-08T13:53:22.1229479Z       ...
2026-10-08T13:53:22.1229947Z     1..12
2026-10-08T13:53:22.1231227Z ok 65 - every stated answer follows the literal graph, with one correct option
2026-10-08T13:53:22.1232088Z   ---
2026-10-08T13:53:22.1232584Z   duration_ms: 11.349884
2026-10-08T13:53:22.1233109Z   ...
2026-10-08T13:53:22.1234192Z # Subtest: structurally valid changed content exposes graph reversal and blocked-descendant mistakes
2026-10-08T13:53:22.1235783Z ok 66 - structurally valid changed content exposes graph reversal and blocked-descendant mistakes
2026-10-08T13:53:22.1236763Z   ---
2026-10-08T13:53:22.1237241Z   duration_ms: 3.344199
2026-10-08T13:53:22.1237762Z   ...
2026-10-08T13:53:22.1238800Z # Subtest: the real selector, review, practice, notes and trace consumer preserve this course
2026-10-08T13:53:22.1240074Z ok 67 - the real selector, review, practice, notes and trace consumer preserve this course
2026-10-08T13:53:22.1241586Z   ---
2026-10-08T13:53:22.1242295Z   duration_ms: 23.518067
2026-10-08T13:53:22.1243097Z   ...
2026-10-08T13:53:22.1243895Z # Subtest: BKT probabilities stay bounded across repeated evidence
2026-10-08T13:53:22.1245046Z ok 68 - BKT probabilities stay bounded across repeated evidence
2026-10-08T13:53:22.1245824Z   ---
2026-10-08T13:53:22.1246256Z   duration_ms: 9.972541
2026-10-08T13:53:22.1246707Z   ...
2026-10-08T13:53:22.1247567Z # Subtest: correct evidence raises and incorrect evidence lowers posterior for interior prior
2026-10-08T13:53:22.1249176Z ok 69 - correct evidence raises and incorrect evidence lowers posterior for interior prior
2026-10-08T13:53:22.1250149Z   ---
2026-10-08T13:53:22.1250657Z   duration_ms: 0.242702
2026-10-08T13:53:22.1251213Z   ...
2026-10-08T13:53:22.1252055Z # Subtest: parameter validation rejects impossible probabilities
2026-10-08T13:53:22.1253182Z ok 70 - parameter validation rejects impossible probabilities
2026-10-08T13:53:22.1253953Z   ---
2026-10-08T13:53:22.1254461Z   duration_ms: 0.564267
2026-10-08T13:53:22.1255011Z   ...
2026-10-08T13:53:22.1256035Z # Subtest: entropy and information gain have expected bounds and peak near uncertainty
2026-10-08T13:53:22.1257720Z ok 71 - entropy and information gain have expected bounds and peak near uncertainty
2026-10-08T13:53:22.1258666Z   ---
2026-10-08T13:53:22.1259118Z   duration_ms: 4.27668
2026-10-08T13:53:22.1259604Z   ...
2026-10-08T13:53:22.1262263Z # Subtest: selector prioritizes a weak prerequisite and is stable after exhaustion
2026-10-08T13:53:22.1263653Z ok 72 - selector prioritizes a weak prerequisite and is stable after exhaustion
2026-10-08T13:53:22.1264480Z   ---
2026-10-08T13:53:22.1264971Z   duration_ms: 0.626072
2026-10-08T13:53:22.1265501Z   ...
2026-10-08T13:53:22.1266299Z # Subtest: initial mastery creates independent named concept values
2026-10-08T13:53:22.1267481Z ok 73 - initial mastery creates independent named concept values
2026-10-08T13:53:22.1268321Z   ---
2026-10-08T13:53:22.1268811Z   duration_ms: 1.870156
2026-10-08T13:53:22.1269318Z   ...
2026-10-08T13:53:22.1270352Z # Subtest: scripted learner simulation is deterministic, bounded, and distinguishes selector modes
2026-10-08T13:53:22.1271895Z ok 74 - scripted learner simulation is deterministic, bounded, and distinguishes selector modes
2026-10-08T13:53:22.1272815Z   ---
2026-10-08T13:53:22.1273280Z   duration_ms: 0.898433
2026-10-08T13:53:22.1273784Z   ...
2026-10-08T13:53:22.1625020Z # Subtest: the original course is admitted by the existing deck contract with all four concepts covered
2026-10-08T13:53:22.1630935Z ok 75 - the original course is admitted by the existing deck contract with all four concepts covered
2026-10-08T13:53:22.1785789Z   ---
2026-10-08T13:53:22.1790225Z   duration_ms: 3.549352
2026-10-08T13:53:22.1790989Z   ...
2026-10-08T13:53:22.1792087Z # Subtest: answer positions are balanced and no correct option is uniquely the longest
2026-10-08T13:53:22.1793473Z ok 76 - answer positions are balanced and no correct option is uniquely the longest
2026-10-08T13:53:22.1794364Z   ---
2026-10-08T13:53:22.1794874Z   duration_ms: 0.438407
2026-10-08T13:53:22.1795433Z   ...
2026-10-08T13:53:22.1796922Z # Subtest: each numerical answer uses the stated correction sign, denominator or independence assumption
2026-10-08T13:53:22.1798834Z ok 77 - each numerical answer uses the stated correction sign, denominator or independence assumption
2026-10-08T13:53:22.1799869Z   ---
2026-10-08T13:53:22.1800393Z   duration_ms: 0.476874
2026-10-08T13:53:22.1800936Z   ...
2026-10-08T13:53:22.1802138Z # Subtest: standalone artifact is deterministic, preserves the exact deck bytes and contains executable classic scripts
2026-10-08T13:53:22.1803855Z ok 78 - standalone artifact is deterministic, preserves the exact deck bytes and contains executable classic scripts
2026-10-08T13:53:22.1804923Z   ---
2026-10-08T13:53:22.1805446Z   duration_ms: 5.81493
2026-10-08T13:53:22.1806052Z   ...
2026-10-08T13:53:22.1831981Z # Subtest: worked four-reading budget distinguishes raw mean, correction, sample scatter and mean uncertainty
2026-10-08T13:53:22.1833770Z ok 79 - worked four-reading budget distinguishes raw mean, correction, sample scatter and mean uncertainty
2026-10-08T13:53:22.1834951Z   ---
2026-10-08T13:53:22.1835588Z   duration_ms: 2.208084
2026-10-08T13:53:22.1836131Z   ...
2026-10-08T13:53:22.1837234Z # Subtest: a shared additive correction shifts the estimate without changing either uncertainty component
2026-10-08T13:53:22.1839000Z ok 80 - a shared additive correction shifts the estimate without changing either uncertainty component
2026-10-08T13:53:22.1840078Z   ---
2026-10-08T13:53:22.1840552Z   duration_ms: 0.363991
2026-10-08T13:53:22.1841047Z   ...
2026-10-08T13:53:22.1842147Z # Subtest: identical readings retain a nonzero shared component and are not rejected for numerical repetition
2026-10-08T13:53:22.1843788Z ok 81 - identical readings retain a nonzero shared component and are not rejected for numerical repetition
2026-10-08T13:53:22.1844754Z   ---
2026-10-08T13:53:22.1845209Z   duration_ms: 1.629985
2026-10-08T13:53:22.1845788Z   ...
2026-10-08T13:53:22.1846993Z # Subtest: future independent sample sizes hold shared calibration fixed while repeatability shrinks by square root
2026-10-08T13:53:22.1849335Z ok 82 - future independent sample sizes hold shared calibration fixed while repeatability shrinks by square root
2026-10-08T13:53:22.1850441Z   ---
2026-10-08T13:53:22.1850961Z   duration_ms: 0.514114
2026-10-08T13:53:22.1851492Z   ...
2026-10-08T13:53:22.1852535Z # Subtest: shared covariance gives the same calibration contribution for a mean of any sample size
2026-10-08T13:53:22.1854010Z ok 83 - shared covariance gives the same calibration contribution for a mean of any sample size
2026-10-08T13:53:22.1854932Z   ---
2026-10-08T13:53:22.1855406Z   duration_ms: 0.278413
2026-10-08T13:53:22.1855930Z   ...
2026-10-08T13:53:22.1856919Z # Subtest: compensated raw means preserve small residuals after large opposing readings cancel
2026-10-08T13:53:22.1858628Z ok 84 - compensated raw means preserve small residuals after large opposing readings cancel
2026-10-08T13:53:22.1859570Z   ---
2026-10-08T13:53:22.1860101Z   duration_ms: 0.283973
2026-10-08T13:53:22.1860634Z   ...
2026-10-08T13:53:22.1861682Z # Subtest: centered scatter remains meaningful for a large shared offset and at supported extremes
2026-10-08T13:53:22.1863100Z ok 85 - centered scatter remains meaningful for a large shared offset and at supported extremes
2026-10-08T13:53:22.1863992Z   ---
2026-10-08T13:53:22.1864481Z   duration_ms: 0.39309
2026-10-08T13:53:22.1864962Z   ...
2026-10-08T13:53:22.1865977Z # Subtest: reordering observations preserves the summary but does not assert statistical independence
2026-10-08T13:53:22.1867410Z ok 86 - reordering observations preserves the summary but does not assert statistical independence
2026-10-08T13:53:22.1868521Z   ---
2026-10-08T13:53:22.1868948Z   duration_ms: 1.033614
2026-10-08T13:53:22.1869405Z   ...
2026-10-08T13:53:22.1870395Z # Subtest: input parsing keeps every observation and refuses malformed or missing comma fields
2026-10-08T13:53:22.1871630Z ok 87 - input parsing keeps every observation and refuses malformed or missing comma fields
2026-10-08T13:53:22.1872946Z   ---
2026-10-08T13:53:22.1873431Z   duration_ms: 1.670825
2026-10-08T13:53:22.1873957Z   ...
2026-10-08T13:53:22.1874843Z # Subtest: supported magnitude and nonnegative half-width boundaries are explicit
2026-10-08T13:53:22.1876049Z ok 88 - supported magnitude and nonnegative half-width boundaries are explicit
2026-10-08T13:53:22.1876904Z   ---
2026-10-08T13:53:22.1877383Z   duration_ms: 0.742952
2026-10-08T13:53:22.1877931Z   ...
2026-10-08T13:53:22.1879025Z # Subtest: public calculations reject missing observations and invalid forecast counts
2026-10-08T13:53:22.1880400Z ok 89 - public calculations reject missing observations and invalid forecast counts
2026-10-08T13:53:22.1881249Z   ---
2026-10-08T13:53:22.1881763Z   duration_ms: 0.555216
2026-10-08T13:53:22.1882286Z   ...
2026-10-08T13:53:22.1883227Z # Subtest: calculation snapshots do not mutate caller arrays or change after later edits
2026-10-08T13:53:22.1884583Z ok 90 - calculation snapshots do not mutate caller arrays or change after later edits
2026-10-08T13:53:22.1885489Z   ---
2026-10-08T13:53:22.1886026Z   duration_ms: 0.338698
2026-10-08T13:53:22.1886554Z   ...
2026-10-08T13:53:22.1928395Z # Subtest: review preserves session order and the actual chosen answer
2026-10-08T13:53:22.1966021Z ok 91 - review preserves session order and the actual chosen answer
2026-10-08T13:53:22.1979344Z   ---
2026-10-08T13:53:22.1980005Z   duration_ms: 2.756503
2026-10-08T13:53:22.1980587Z   ...
2026-10-08T13:53:22.1981559Z # Subtest: review is an immutable snapshot independent of mutable input arrays
2026-10-08T13:53:22.1982909Z ok 92 - review is an immutable snapshot independent of mutable input arrays
2026-10-08T13:53:22.1983781Z   ---
2026-10-08T13:53:22.1984334Z   duration_ms: 0.804889
2026-10-08T13:53:22.1984938Z   ...
2026-10-08T13:53:22.1985841Z # Subtest: a review rejects unknown, duplicate, or invalid first answers
2026-10-08T13:53:22.1987266Z ok 93 - a review rejects unknown, duplicate, or invalid first answers
2026-10-08T13:53:22.1988092Z   ---
2026-10-08T13:53:22.1988677Z   duration_ms: 0.37369
2026-10-08T13:53:22.1989490Z   ...
2026-10-08T13:53:22.1990738Z # Subtest: practice includes only initially missed questions in first-attempt order
2026-10-08T13:53:22.1991452Z ok 94 - practice includes only initially missed questions in first-attempt order
2026-10-08T13:53:22.1991842Z   ---
2026-10-08T13:53:22.1992056Z   duration_ms: 0.298566
2026-10-08T13:53:22.1992280Z   ...
2026-10-08T13:53:22.1992729Z # Subtest: correct and incorrect retries remain separate from the immutable original trace
2026-10-08T13:53:22.1993380Z ok 95 - correct and incorrect retries remain separate from the immutable original trace
2026-10-08T13:53:22.1993774Z   ---
2026-10-08T13:53:22.1993984Z   duration_ms: 0.51368
2026-10-08T13:53:22.1994203Z   ...
2026-10-08T13:53:22.1994706Z # Subtest: practice resumes at the next unanswered question and refuses duplicate or out-of-order writes
2026-10-08T13:53:22.1995456Z ok 96 - practice resumes at the next unanswered question and refuses duplicate or out-of-order writes
2026-10-08T13:53:22.1995924Z   ---
2026-10-08T13:53:22.1996133Z   duration_ms: 0.422508
2026-10-08T13:53:22.1996375Z   ...
2026-10-08T13:53:22.1996734Z # Subtest: an all-correct or empty review has no practice question
2026-10-08T13:53:22.1997219Z ok 97 - an all-correct or empty review has no practice question
2026-10-08T13:53:22.1997544Z   ---
2026-10-08T13:53:22.1997743Z   duration_ms: 0.3691
2026-10-08T13:53:22.1997961Z   ...
2026-10-08T13:53:22.2617538Z # Subtest: the original course survives native validation and serialization with complete connected content
2026-10-08T13:53:22.2640693Z ok 98 - the original course survives native validation and serialization with complete connected content
2026-10-08T13:53:22.2659498Z   ---
2026-10-08T13:53:22.2660238Z   duration_ms: 4.064147
2026-10-08T13:53:22.2660890Z   ...
2026-10-08T13:53:22.2662016Z # Subtest: native item selection reaches all twelve questions and can prioritize the weak sample clock
2026-10-08T13:53:22.2664079Z ok 99 - native item selection reaches all twelve questions and can prioritize the weak sample clock
2026-10-08T13:53:22.2665466Z   ---
2026-10-08T13:53:22.2665983Z   duration_ms: 17.99372
2026-10-08T13:53:22.2666484Z   ...
2026-10-08T13:53:22.2667491Z # Subtest: answer text matches independently stated calculations and explicit sampling assumptions
2026-10-08T13:53:22.2669196Z ok 100 - answer text matches independently stated calculations and explicit sampling assumptions
2026-10-08T13:53:22.2670297Z   ---
2026-10-08T13:53:22.2670817Z   duration_ms: 0.441034
2026-10-08T13:53:22.2671296Z   ...
2026-10-08T13:53:22.2762784Z # Subtest: each supported sample clock uses inclusive endpoints and an actually different matching cosine
2026-10-08T13:53:22.2780399Z ok 101 - each supported sample clock uses inclusive endpoints and an actually different matching cosine
2026-10-08T13:53:22.2809273Z   ---
2026-10-08T13:53:22.2839081Z   duration_ms: 13.896304
2026-10-08T13:53:22.2868848Z   ...
2026-10-08T13:53:22.2879696Z # Subtest: DC, reflected aliases, the half-rate and input limits preserve their distinct meaning
2026-10-08T13:53:22.2897007Z ok 102 - DC, reflected aliases, the half-rate and input limits preserve their distinct meaning
2026-10-08T13:53:22.2918749Z   ---
2026-10-08T13:53:22.2919248Z   duration_ms: 0.4557
2026-10-08T13:53:22.2919757Z   ...
2026-10-08T13:53:22.2920806Z # Subtest: invalid numerical input is refused and snapshots cannot be changed after observation
2026-10-08T13:53:22.2922234Z ok 103 - invalid numerical input is refused and snapshots cannot be changed after observation
2026-10-08T13:53:22.2923130Z   ---
2026-10-08T13:53:22.2923591Z   duration_ms: 0.978255
2026-10-08T13:53:22.2924088Z   ...
2026-10-08T13:53:22.2925180Z # Subtest: CSV carries full precision and current parameter identity, ignoring supplied forged sample rows
2026-10-08T13:53:22.2926769Z ok 104 - CSV carries full precision and current parameter identity, ignoring supplied forged sample rows
2026-10-08T13:53:22.2927763Z   ---
2026-10-08T13:53:22.2928302Z   duration_ms: 2.20643
2026-10-08T13:53:22.2929153Z   ...
2026-10-08T13:53:22.2930212Z # Subtest: notes retain the actual first choices, session order, corrections, transfers, and attribution
2026-10-08T13:53:22.2931754Z ok 105 - notes retain the actual first choices, session order, corrections, transfers, and attribution
2026-10-08T13:53:22.2932703Z   ---
2026-10-08T13:53:22.2933166Z   duration_ms: 3.673617
2026-10-08T13:53:22.2933660Z   ...
2026-10-08T13:53:22.2934579Z # Subtest: paused and completed retries cannot replace the first answers or alter the model
2026-10-08T13:53:22.2936067Z ok 106 - paused and completed retries cannot replace the first answers or alter the model
2026-10-08T13:53:22.2936939Z   ---
2026-10-08T13:53:22.2937435Z   duration_ms: 1.23549
2026-10-08T13:53:22.2937935Z   ...
2026-10-08T13:53:22.2939077Z # Subtest: unstarted, zero-answer paused, and all-correct sessions have honest practice labels
2026-10-08T13:53:22.2940582Z ok 107 - unstarted, zero-answer paused, and all-correct sessions have honest practice labels
2026-10-08T13:53:22.2941529Z   ---
2026-10-08T13:53:22.2942019Z   duration_ms: 1.971793
2026-10-08T13:53:22.2942528Z   ...
2026-10-08T13:53:22.2943657Z # Subtest: incomplete, duplicate, legacy choice-less or malformed traces are refused rather than fabricated
2026-10-08T13:53:22.2945315Z ok 108 - incomplete, duplicate, legacy choice-less or malformed traces are refused rather than fabricated
2026-10-08T13:53:22.2946301Z   ---
2026-10-08T13:53:22.2946764Z   duration_ms: 1.148745
2026-10-08T13:53:22.2947268Z   ...
2026-10-08T13:53:22.2948398Z # Subtest: plain-text output preserves Unicode and literal markup without creating executable content
2026-10-08T13:53:22.2949932Z ok 109 - plain-text output preserves Unicode and literal markup without creating executable content
2026-10-08T13:53:22.2950980Z   ---
2026-10-08T13:53:22.2951450Z   duration_ms: 0.440964
2026-10-08T13:53:22.2951963Z   ...
2026-10-08T13:53:22.4703687Z # Subtest: the original five-vertex example has the hand-calculated settling order and cost-7 route
2026-10-08T13:53:22.4760072Z ok 110 - the original five-vertex example has the hand-calculated settling order and cost-7 route
2026-10-08T13:53:22.4789086Z   ---
2026-10-08T13:53:22.4809368Z   duration_ms: 4.770888
2026-10-08T13:53:22.4829567Z   ...
2026-10-08T13:53:22.4830703Z # Subtest: target discovery remains tentative; the cheaper route is final only on target settlement
2026-10-08T13:53:22.4832146Z ok 111 - target discovery remains tentative; the cheaper route is final only on target settlement
2026-10-08T13:53:22.4833096Z   ---
2026-10-08T13:53:22.4833571Z   duration_ms: 0.709584
2026-10-08T13:53:22.4834051Z   ...
2026-10-08T13:53:22.4835207Z # Subtest: zero weights and equal routes preserve the stated alphabetical and first-predecessor policies
2026-10-08T13:53:22.4836746Z ok 112 - zero weights and equal routes preserve the stated alphabetical and first-predecessor policies
2026-10-08T13:53:22.4837723Z   ---
2026-10-08T13:53:22.4838363Z   duration_ms: 2.205423
2026-10-08T13:53:22.4838889Z   ...
2026-10-08T13:53:22.4839984Z # Subtest: all preset source/target pairs agree with exhaustive simple paths, including reverse direction
2026-10-08T13:53:22.4841540Z ok 113 - all preset source/target pairs agree with exhaustive simple paths, including reverse direction
2026-10-08T13:53:22.4842521Z   ---
2026-10-08T13:53:22.4842988Z   duration_ms: 7.538375
2026-10-08T13:53:22.4843494Z   ...
2026-10-08T13:53:22.4844446Z # Subtest: 80 deterministic bounded graphs agree with a simple-path oracle for every source
2026-10-08T13:53:22.4845859Z ok 114 - 80 deterministic bounded graphs agree with a simple-path oracle for every source
2026-10-08T13:53:22.4846678Z   ---
2026-10-08T13:53:22.4847151Z   duration_ms: 91.75202
2026-10-08T13:53:22.4847629Z   ...
2026-10-08T13:53:22.4848538Z # Subtest: invalid graphs are refused before a runnable state exists
2026-10-08T13:53:22.4849600Z ok 115 - invalid graphs are refused before a runnable state exists
2026-10-08T13:53:22.4850441Z   ---
2026-10-08T13:53:22.4850973Z   duration_ms: 1.364027
2026-10-08T13:53:22.4851958Z   ...
2026-10-08T13:53:22.4852941Z # Subtest: run, graph, presets and trace snapshots cannot be changed by later edits
2026-10-08T13:53:22.4854284Z ok 116 - run, graph, presets and trace snapshots cannot be changed by later edits
2026-10-08T13:53:22.4855146Z   ---
2026-10-08T13:53:22.4855710Z   duration_ms: 0.676359
2026-10-08T13:53:22.4856303Z   ...
2026-10-08T13:53:22.4857468Z # Subtest: the original twelve-question course is valid, canonical and has balanced answer positions
2026-10-08T13:53:22.4859365Z ok 117 - the original twelve-question course is valid, canonical and has balanced answer positions
2026-10-08T13:53:22.4860523Z   ---
2026-10-08T13:53:22.4861140Z   duration_ms: 0.755137
2026-10-08T13:53:22.4861848Z   ...
2026-10-08T13:53:22.4863043Z # Subtest: existing knowledge, review, practice and notes contracts accept the new deck without changing the app
2026-10-08T13:53:22.4864704Z ok 118 - existing knowledge, review, practice and notes contracts accept the new deck without changing the app
2026-10-08T13:53:22.4866148Z   ---
2026-10-08T13:53:22.4866652Z   duration_ms: 17.752222
2026-10-08T13:53:22.4867175Z   ...
2026-10-08T13:53:22.8506208Z # Subtest: the original twelve-item SQL course uses the published import contract without changing its native meaning
2026-10-08T13:53:22.8508103Z ok 119 - the original twelve-item SQL course uses the published import contract without changing its native meaning
2026-10-08T13:53:22.8509181Z   ---
2026-10-08T13:53:22.8509492Z   duration_ms: 5.294665
2026-10-08T13:53:22.8509973Z   ...
2026-10-08T13:53:22.8510822Z # Subtest: actual SQLite regenerates all twenty-two saved queries and their exact course/default bindings
2026-10-08T13:53:22.8512092Z ok 120 - actual SQLite regenerates all twenty-two saved queries and their exact course/default bindings
2026-10-08T13:53:22.8512755Z   ---
2026-10-08T13:53:22.8512955Z   duration_ms: 99.119867
2026-10-08T13:53:22.8513495Z   ...
2026-10-08T13:53:22.8514283Z # Subtest: native adaptive selection, shuffled choices, review, practice and notes preserve all twelve SQL questions
2026-10-08T13:53:22.8515377Z ok 121 - native adaptive selection, shuffled choices, review, practice and notes preserve all twelve SQL questions
2026-10-08T13:53:22.8516233Z   ---
2026-10-08T13:53:22.8516439Z   duration_ms: 13.046864
2026-10-08T13:53:22.8516713Z   ...
2026-10-08T13:53:22.8517422Z # Subtest: a changed answer or invalid query refuses the build and preserves both saved artifacts
2026-10-08T13:53:22.8518548Z ok 122 - a changed answer or invalid query refuses the build and preserves both saved artifacts
2026-10-08T13:53:22.8518967Z   ---
2026-10-08T13:53:22.8519163Z   duration_ms: 395.795044
2026-10-08T13:53:22.8519392Z   ...
2026-10-08T13:53:22.8977479Z # Subtest: a stale generated explorer fails --check without silently replacing the changed file
2026-10-08T13:53:22.8979173Z ok 123 - a stale generated explorer fails --check without silently replacing the changed file
2026-10-08T13:53:22.8980109Z   ---
2026-10-08T13:53:22.8980562Z   duration_ms: 47.338695
2026-10-08T13:53:22.8980999Z   ...
2026-10-08T13:53:22.9042752Z # Subtest: completed first answers restore in their original adaptive order with exact, unrounded estimates
2026-10-08T13:53:22.9044166Z ok 124 - completed first answers restore in their original adaptive order with exact, unrounded estimates
2026-10-08T13:53:22.9044951Z   ---
2026-10-08T13:53:22.9045286Z   duration_ms: 12.4172
2026-10-08T13:53:22.9045726Z   ...
2026-10-08T13:53:22.9046569Z # Subtest: unstarted, zero-answer, paused and complete practice remain distinct and can resume once
2026-10-08T13:53:22.9047864Z ok 125 - unstarted, zero-answer, paused and complete practice remain distinct and can resume once
2026-10-08T13:53:22.9048678Z   ---
2026-10-08T13:53:22.9048978Z   duration_ms: 3.974294
2026-10-08T13:53:22.9049305Z   ...
2026-10-08T13:53:22.9049786Z # Subtest: all-correct and all-missed completed traces use canonical answer indices
2026-10-08T13:53:22.9050712Z ok 126 - all-correct and all-missed completed traces use canonical answer indices
2026-10-08T13:53:22.9051084Z   ---
2026-10-08T13:53:22.9051279Z   duration_ms: 3.290304
2026-10-08T13:53:22.9051490Z   ...
2026-10-08T13:53:22.9052065Z # Subtest: incomplete, duplicate, unknown and out-of-range first answers are refused
2026-10-08T13:53:22.9052848Z ok 127 - incomplete, duplicate, unknown and out-of-range first answers are refused
2026-10-08T13:53:22.9053214Z   ---
2026-10-08T13:53:22.9053409Z   duration_ms: 7.849614
2026-10-08T13:53:22.9053614Z   ...
2026-10-08T13:53:22.9054072Z # Subtest: a different course revision cannot replace the current deck; property order is immaterial
2026-10-08T13:53:22.9054784Z ok 128 - a different course revision cannot replace the current deck; property order is immaterial
2026-10-08T13:53:22.9055194Z   ---
2026-10-08T13:53:22.9055493Z   duration_ms: 3.909828
2026-10-08T13:53:22.9055820Z   ...
2026-10-08T13:53:22.9056589Z # Subtest: changed model parameters, rounded estimates and incompatible versions are refused
2026-10-08T13:53:22.9057808Z ok 129 - changed model parameters, rounded estimates and incompatible versions are refused
2026-10-08T13:53:22.9058658Z   ---
2026-10-08T13:53:22.9058927Z   duration_ms: 8.082994
2026-10-08T13:53:22.9059138Z   ...
2026-10-08T13:53:22.9059550Z # Subtest: practice replay refuses duplicate, reordered, correct-first and extra answers
2026-10-08T13:53:22.9060163Z ok 130 - practice replay refuses duplicate, reordered, correct-first and extra answers
2026-10-08T13:53:22.9060555Z   ---
2026-10-08T13:53:22.9060746Z   duration_ms: 5.680741
2026-10-08T13:53:22.9060957Z   ...
2026-10-08T13:53:22.9061358Z # Subtest: bounded parsing refuses invalid JSON and oversized UTF-8 before exposing state
2026-10-08T13:53:22.9062442Z ok 131 - bounded parsing refuses invalid JSON and oversized UTF-8 before exposing state
2026-10-08T13:53:22.9062834Z   ---
2026-10-08T13:53:22.9063020Z   duration_ms: 4.574214
2026-10-08T13:53:22.9063429Z   ...
2026-10-08T13:53:22.9063678Z 1..131
2026-10-08T13:53:22.9063872Z # tests 143
2026-10-08T13:53:22.9064065Z # suites 0
2026-10-08T13:53:22.9064270Z # pass 143
2026-10-08T13:53:22.9064464Z # fail 0
2026-10-08T13:53:22.9064653Z # cancelled 0
2026-10-08T13:53:22.9064848Z # skipped 0
2026-10-08T13:53:22.9065035Z # todo 0
2026-10-08T13:53:22.9065243Z # duration_ms 1403.656088
2026-10-08T13:53:22.9129166Z ##[group]Run cp demo.html /tmp/demo-before.html
2026-10-08T13:53:22.9129569Z [36;1mcp demo.html /tmp/demo-before.html[0m
2026-10-08T13:53:22.9129873Z [36;1mpython3 tools/make_demo.py[0m
2026-10-08T13:53:22.9130425Z [36;1mcmp /tmp/demo-before.html demo.html || { echo "demo.html is stale: run 'python3 tools/make_demo.py' and commit the result"; exit 1; }[0m
2026-10-08T13:53:22.9171654Z shell: /usr/bin/bash -e {0}
2026-10-08T13:53:22.9171937Z ##[endgroup]
2026-10-08T13:53:22.9482662Z Built /home/runner/work/RecallWeave/RecallWeave/demo.html (75725 bytes)
2026-10-08T13:53:22.9637378Z Post job cleanup.
2026-10-08T13:53:23.0908012Z (node:2507) [DEP0040] DeprecationWarning: The `punycode` module is deprecated. Please use a userland alternative instead.
2026-10-08T13:53:23.0908860Z (Use `node --trace-deprecation ...` to show where the warning was created)
2026-10-08T13:53:23.1112933Z Post job cleanup.
2026-10-08T13:53:23.2042466Z [command]/usr/bin/git version
2026-10-08T13:53:23.2082792Z git version 2.55.0
2026-10-08T13:53:23.2121394Z Temporarily overriding HOME='/home/runner/work/_temp/54556e5b-84bf-4d5b-a02e-52f92b1d371a' before making global git config changes
2026-10-08T13:53:23.2122869Z Adding repository directory to the temporary git global config as a safe directory
2026-10-08T13:53:23.2128260Z [command]/usr/bin/git config --global --add safe.directory /home/runner/work/RecallWeave/RecallWeave
2026-10-08T13:53:23.2173910Z [command]/usr/bin/git config --local --name-only --get-regexp core\.sshCommand
2026-10-08T13:53:23.2210839Z [command]/usr/bin/git submodule foreach --recursive sh -c "git config --local --name-only --get-regexp 'core\.sshCommand' && git config --local --unset-all 'core.sshCommand' || :"
2026-10-08T13:53:23.2426491Z [command]/usr/bin/git config --local --name-only --get-regexp http\.https\:\/\/github\.com\/\.extraheader
2026-10-08T13:53:23.2451991Z http.https://github.com/.extraheader
2026-10-08T13:53:23.2463221Z [command]/usr/bin/git config --local --unset-all http.https://github.com/.extraheader
2026-10-08T13:53:23.2500268Z [command]/usr/bin/git submodule foreach --recursive sh -c "git config --local --name-only --get-regexp 'http\.https\:\/\/github\.com\/\.extraheader' && git config --local --unset-all 'http.https://github.com/.extraheader' || :"
2026-10-08T13:53:23.2799568Z [command]/usr/bin/git config --local --name-only --get-regexp ^includeIf\.gitdir:
2026-10-08T13:53:23.2870664Z [command]/usr/bin/git submodule foreach --recursive git config --local --show-origin --name-only --get-regexp remote.origin.url
2026-10-08T13:53:23.3312153Z Cleaning up orphan processes
2026-10-08T13:53:23.3594396Z ##[warning]Node.js 20 is deprecated. The following actions target Node.js 20 but are being forced to run on Node.js 24: actions/checkout@11d5960a326750d5838078e36cf38b85af677262, actions/setup-node@49933ea5288caeca8642d1e84afbd3f7d6820020. For more information see: https://github.blog/changelog/2025-09-19-deprecation-of-node-20-on-github-actions-runners/
