TAP version 13
# Subtest: signed-zero numeric indices are refused so every admitted result has an exact JSON roundtrip
not ok 1 - signed-zero numeric indices are refused so every admitted result has an exact JSON roundtrip
  ---
  duration_ms: 8.896444
  type: 'test'
  location: '/home/jacob/recall-stable-matching-81ba1ed0179c/source/tests/stable-matching.test.mjs:162:1'
  failureType: 'testCodeFailure'
  error: 'Missing expected exception (TypeError).'
  code: 'ERR_ASSERTION'
  name: 'AssertionError'
  stack: |-
    TestContext.<anonymous> (file:///home/jacob/recall-stable-matching-81ba1ed0179c/source/tests/stable-matching.test.mjs:167:12)
    Test.runInAsyncScope (node:async_hooks:214:14)
    Test.run (node:internal/test_runner/test:1047:25)
    Test.start (node:internal/test_runner/test:944:17)
    startSubtestAfterBootstrap (node:internal/test_runner/harness:296:17)
  ...
1..1
# tests 1
# suites 0
# pass 0
# fail 1
# cancelled 0
# skipped 0
# todo 0
# duration_ms 470.142549
