
DevTools listening on ws://127.0.0.1:56450/devtools/browser/424a38d7-3d18-4418-8908-64a9b0c67e90
Trying to load the allocator multiple times. This is *not* supported.
[6181:76437588:1008/090457.490407:ERROR:ui/display/mac/cv_display_link_mac.mm:188] CVDisplayLinkCreateWithCGDisplay failed. CVReturn: -6670
[6181:76437898:1008/090457.490708:ERROR:ui/display/mac/cv_display_link_mac.mm:188] CVDisplayLinkCreateWithCGDisplay failed. CVReturn: -6670
[6181:76437588:1008/090457.493270:ERROR:ui/display/mac/cv_display_link_mac.mm:188] CVDisplayLinkCreateWithCGDisplay failed. CVReturn: -6670
[6181:76437898:1008/090457.493307:ERROR:ui/display/mac/cv_display_link_mac.mm:188] CVDisplayLinkCreateWithCGDisplay failed. CVReturn: -6670
[6181:76437588:1008/090457.494259:ERROR:ui/display/mac/cv_display_link_mac.mm:188] CVDisplayLinkCreateWithCGDisplay failed. CVReturn: -6670
[6181:76437898:1008/090457.494303:ERROR:ui/display/mac/cv_display_link_mac.mm:188] CVDisplayLinkCreateWithCGDisplay failed. CVReturn: -6670
[6181:76437588:1008/090457.494652:ERROR:ui/display/mac/cv_display_link_mac.mm:188] CVDisplayLinkCreateWithCGDisplay failed. CVReturn: -6670
[6181:76437898:1008/090457.494682:ERROR:ui/display/mac/cv_display_link_mac.mm:188] CVDisplayLinkCreateWithCGDisplay failed. CVReturn: -6670
[6181:76437588:1008/090457.495072:ERROR:ui/display/mac/cv_display_link_mac.mm:188] CVDisplayLinkCreateWithCGDisplay failed. CVReturn: -6670
[6181:76437898:1008/090457.495103:ERROR:ui/display/mac/cv_display_link_mac.mm:188] CVDisplayLinkCreateWithCGDisplay failed. CVReturn: -6670
[6181:76437588:1008/090457.528402:ERROR:ui/display/mac/cv_display_link_mac.mm:188] CVDisplayLinkCreateWithCGDisplay failed. CVReturn: -6670
[6181:76437898:1008/090457.528498:ERROR:ui/display/mac/cv_display_link_mac.mm:188] CVDisplayLinkCreateWithCGDisplay failed. CVReturn: -6670
[6181:76437588:1008/090457.785431:ERROR:gpu/command_buffer/service/shared_image/shared_image_manager.cc:376] SharedImageManager::ProduceOverlay: Trying to Produce a Overlay representation from a non-existent mailbox.
[6181:76437588:1008/090457.785448:ERROR:components/viz/service/display_embedder/skia_output_device_buffer_queue.cc:258] Invalid mailbox.
[6181:76437588:1008/090457.785452:ERROR:gpu/command_buffer/service/shared_image/shared_image_manager.cc:376] SharedImageManager::ProduceOverlay: Trying to Produce a Overlay representation from a non-existent mailbox.
[6181:76437588:1008/090457.785454:ERROR:components/viz/service/display_embedder/skia_output_device_buffer_queue.cc:258] Invalid mailbox.
[6181:76437588:1008/090457.785456:ERROR:gpu/command_buffer/service/shared_image/shared_image_manager.cc:376] SharedImageManager::ProduceOverlay: Trying to Produce a Overlay representation from a non-existent mailbox.
[6181:76437588:1008/090457.785458:ERROR:components/viz/service/display_embedder/skia_output_device_buffer_queue.cc:258] Invalid mailbox.
[6181:76437588:1008/090457.785459:ERROR:gpu/command_buffer/service/shared_image/shared_image_manager.cc:376] SharedImageManager::ProduceOverlay: Trying to Produce a Overlay representation from a non-existent mailbox.
[6181:76437588:1008/090457.785461:ERROR:components/viz/service/display_embedder/skia_output_device_buffer_queue.cc:258] Invalid mailbox.
[6181:76437588:1008/090457.785462:ERROR:gpu/command_buffer/service/shared_image/shared_image_manager.cc:376] SharedImageManager::ProduceOverlay: Trying to Produce a Overlay representation from a non-existent mailbox.
[6181:76437588:1008/090457.785464:ERROR:components/viz/service/display_embedder/skia_output_device_buffer_queue.cc:258] Invalid mailbox.
[6181:76437588:1008/090457.785465:ERROR:gpu/command_buffer/service/shared_image/shared_image_manager.cc:376] SharedImageManager::ProduceOverlay: Trying to Produce a Overlay representation from a non-existent mailbox.
[6181:76437588:1008/090457.785466:ERROR:components/viz/service/display_embedder/skia_output_device_buffer_queue.cc:258] Invalid mailbox.
[6181:76437588:1008/090457.785468:ERROR:gpu/command_buffer/service/shared_image/shared_image_manager.cc:376] SharedImageManager::ProduceOverlay: Trying to Produce a Overlay representation from a non-existent mailbox.
[6181:76437588:1008/090457.785469:ERROR:components/viz/service/display_embedder/skia_output_device_buffer_queue.cc:258] Invalid mailbox.
[6181:76437588:1008/090457.785471:ERROR:gpu/command_buffer/service/shared_image/shared_image_manager.cc:376] SharedImageManager::ProduceOverlay: Trying to Produce a Overlay representation from a non-existent mailbox.
[6181:76437588:1008/090457.785472:ERROR:components/viz/service/display_embedder/skia_output_device_buffer_queue.cc:258] Invalid mailbox.
[6181:76437588:1008/090457.785479:ERROR:gpu/command_buffer/service/shared_image/shared_image_manager.cc:376] SharedImageManager::ProduceOverlay: Trying to Produce a Overlay representation from a non-existent mailbox.
[6181:76437588:1008/090457.785482:ERROR:components/viz/service/display_embedder/skia_output_device_buffer_queue.cc:258] Invalid mailbox.
