{
  "kind": "offline exact-source comparator delivery proof; not browser acceptance",
  "node": "v24.19.0",
  "knowledgeGit": "19b2dffda075cb4f08f03fd96d251784a4585d70",
  "courseGit": "82cc4bdd8bf22afc5ca84098a0b19c3d485d2f45",
  "baseline": {
    "id": "pf-c1",
    "concept": "Conditional probability"
  },
  "rejectedGlobalReversal": {
    "id": "pf-s3",
    "concept": "Sample spaces"
  },
  "correctedScopedReversal": {
    "id": "pf-c3",
    "concept": "Conditional probability"
  },
  "controlledIds": [
    "pf-c1",
    "pf-c2",
    "pf-c3"
  ],
  "preferredSavedId": "pf-c1",
  "scoreMaximum": 0.552106806198646,
  "scores": [
    {
      "id": "pf-s1",
      "concept": "Sample spaces",
      "prerequisites": [],
      "mastery": 0.22,
      "downstream": 9,
      "cappedDownstream": 3,
      "score": 0.552106806198646
    },
    {
      "id": "pf-s2",
      "concept": "Sample spaces",
      "prerequisites": [],
      "mastery": 0.22,
      "downstream": 9,
      "cappedDownstream": 3,
      "score": 0.552106806198646
    },
    {
      "id": "pf-s3",
      "concept": "Sample spaces",
      "prerequisites": [],
      "mastery": 0.22,
      "downstream": 9,
      "cappedDownstream": 3,
      "score": 0.552106806198646
    },
    {
      "id": "pf-c1",
      "concept": "Conditional probability",
      "prerequisites": [
        "Sample spaces"
      ],
      "mastery": 0.22,
      "downstream": 6,
      "cappedDownstream": 3,
      "score": 0.552106806198646
    },
    {
      "id": "pf-c2",
      "concept": "Conditional probability",
      "prerequisites": [
        "Sample spaces"
      ],
      "mastery": 0.22,
      "downstream": 6,
      "cappedDownstream": 3,
      "score": 0.552106806198646
    },
    {
      "id": "pf-c3",
      "concept": "Conditional probability",
      "prerequisites": [
        "Sample spaces"
      ],
      "mastery": 0.22,
      "downstream": 6,
      "cappedDownstream": 3,
      "score": 0.552106806198646
    },
    {
      "id": "pf-i1",
      "concept": "Independence",
      "prerequisites": [
        "Sample spaces",
        "Conditional probability"
      ],
      "mastery": 0.22,
      "downstream": 0,
      "cappedDownstream": 0,
      "score": 0.2713068061986461
    },
    {
      "id": "pf-i2",
      "concept": "Independence",
      "prerequisites": [
        "Sample spaces",
        "Conditional probability"
      ],
      "mastery": 0.22,
      "downstream": 0,
      "cappedDownstream": 0,
      "score": 0.2713068061986461
    },
    {
      "id": "pf-i3",
      "concept": "Independence",
      "prerequisites": [
        "Sample spaces",
        "Conditional probability"
      ],
      "mastery": 0.22,
      "downstream": 0,
      "cappedDownstream": 0,
      "score": 0.2713068061986461
    },
    {
      "id": "pf-b1",
      "concept": "Bayes' rule",
      "prerequisites": [
        "Sample spaces",
        "Conditional probability"
      ],
      "mastery": 0.22,
      "downstream": 0,
      "cappedDownstream": 0,
      "score": 0.2713068061986461
    },
    {
      "id": "pf-b2",
      "concept": "Bayes' rule",
      "prerequisites": [
        "Sample spaces",
        "Conditional probability"
      ],
      "mastery": 0.22,
      "downstream": 0,
      "cappedDownstream": 0,
      "score": 0.2713068061986461
    },
    {
      "id": "pf-b3",
      "concept": "Bayes' rule",
      "prerequisites": [
        "Sample spaces",
        "Conditional probability"
      ],
      "mastery": 0.22,
      "downstream": 0,
      "cappedDownstream": 0,
      "score": 0.2713068061986461
    }
  ],
  "controlledComparisons": [
    {
      "a": "pf-c2",
      "b": "pf-c1",
      "original": 1,
      "returned": -1
    },
    {
      "a": "pf-c3",
      "b": "pf-c1",
      "original": 1,
      "returned": -1
    },
    {
      "a": "pf-c3",
      "b": "pf-c2",
      "original": 1,
      "returned": -1
    },
    {
      "a": "pf-c2",
      "b": "pf-c1",
      "original": 1,
      "returned": -1
    },
    {
      "a": "pf-c3",
      "b": "pf-c1",
      "original": 1,
      "returned": -1
    },
    {
      "a": "pf-c3",
      "b": "pf-c2",
      "original": 1,
      "returned": -1
    }
  ],
  "originalComparatorRestored": true,
  "productSourceModified": false
}
