2026-10-08T13:10:58.0319098Z Current runner version: '2.337.0'
2026-10-08T13:10:58.0333830Z ##[group]Runner Image Provisioner
2026-10-08T13:10:58.0334420Z Hosted Compute Agent
2026-10-08T13:10:58.0334765Z Version: 20261002.596
2026-10-08T13:10:58.0335115Z Commit: c3d12f3313a95f25162a1503be624f3b0617f8c0
2026-10-08T13:10:58.0335584Z Build Date: 2026-10-02T22:28:27Z
2026-10-08T13:10:58.0336001Z Worker ID: {1ce7023f-51a7-4bdb-bd65-676610590634}
2026-10-08T13:10:58.0336556Z Region: southcentralus
2026-10-08T13:10:58.0336900Z Cloud: Azure
2026-10-08T13:10:58.0337217Z ##[endgroup]
2026-10-08T13:10:58.0337975Z ##[group]Operating System
2026-10-08T13:10:58.0338386Z Ubuntu
2026-10-08T13:10:58.0338724Z 24.04.5
2026-10-08T13:10:58.0339037Z LTS
2026-10-08T13:10:58.0339341Z ##[endgroup]
2026-10-08T13:10:58.0339692Z ##[group]Runner Image
2026-10-08T13:10:58.0340073Z Image: ubuntu-24.04
2026-10-08T13:10:58.0340394Z Version: 20261004.327.1
2026-10-08T13:10:58.0341167Z Included Software: https://github.com/actions/runner-images/blob/ubuntu24/20261004.327/images/ubuntu/Ubuntu2404-Readme.md
2026-10-08T13:10:58.0342046Z Image Release: https://github.com/actions/runner-images/releases/tag/ubuntu24%2F20261004.327
2026-10-08T13:10:58.0342611Z ##[endgroup]
2026-10-08T13:10:58.0343280Z ##[group]GITHUB_TOKEN Permissions
2026-10-08T13:10:58.0344341Z Contents: read
2026-10-08T13:10:58.0344660Z Metadata: read
2026-10-08T13:10:58.0345074Z ##[endgroup]
2026-10-08T13:10:58.0346231Z Secret source: Actions
2026-10-08T13:10:58.0347009Z Cache mode: write
2026-10-08T13:10:58.0347402Z Prepare workflow directory
2026-10-08T13:10:58.0538622Z Prepare all required actions
2026-10-08T13:10:58.0567873Z Getting action download info
2026-10-08T13:10:58.2926907Z Download action repository 'actions/checkout@11d5960a326750d5838078e36cf38b85af677262' (SHA:11d5960a326750d5838078e36cf38b85af677262)
2026-10-08T13:10:58.4193996Z Download action repository 'actions/setup-node@49933ea5288caeca8642d1e84afbd3f7d6820020' (SHA:49933ea5288caeca8642d1e84afbd3f7d6820020)
2026-10-08T13:10:58.5155425Z Download action repository 'actions/upload-artifact@ea165f8d65b6e75b540449e92b4886f43607fa02' (SHA:ea165f8d65b6e75b540449e92b4886f43607fa02)
2026-10-08T13:10:58.7227798Z Complete job name: receive-handout
2026-10-08T13:10:58.8855224Z ##[group]Run actions/checkout@11d5960a326750d5838078e36cf38b85af677262
2026-10-08T13:10:58.8855708Z with:
2026-10-08T13:10:58.8855950Z   repository: Jacob-Met/RecallWeave
2026-10-08T13:10:58.8858189Z   token: ***
2026-10-08T13:10:58.8858413Z   ssh-strict: true
2026-10-08T13:10:58.8858645Z   ssh-user: git
2026-10-08T13:10:58.8858883Z   persist-credentials: true
2026-10-08T13:10:58.8859140Z   clean: true
2026-10-08T13:10:58.8859378Z   sparse-checkout-cone-mode: true
2026-10-08T13:10:58.8859650Z   fetch-depth: 1
2026-10-08T13:10:58.8859879Z   fetch-tags: false
2026-10-08T13:10:58.8860111Z   show-progress: true
2026-10-08T13:10:58.8860344Z   lfs: false
2026-10-08T13:10:58.8860558Z   submodules: false
2026-10-08T13:10:58.8860794Z   set-safe-directory: true
2026-10-08T13:10:58.8861058Z   allow-unsafe-pr-checkout: false
2026-10-08T13:10:58.8861501Z ##[endgroup]
2026-10-08T13:10:58.9499553Z Syncing repository: Jacob-Met/RecallWeave
2026-10-08T13:10:58.9500804Z ##[group]Getting Git version info
2026-10-08T13:10:58.9501183Z Working directory is '/home/runner/work/RecallWeave/RecallWeave'
2026-10-08T13:10:58.9501737Z [command]/usr/bin/git version
2026-10-08T13:10:58.9560559Z git version 2.55.0
2026-10-08T13:10:58.9578802Z ##[endgroup]
2026-10-08T13:10:58.9585200Z Temporarily overriding HOME='/home/runner/work/_temp/99a61eeb-63fa-467f-8464-3668f15eca0d' before making global git config changes
2026-10-08T13:10:58.9586586Z Adding repository directory to the temporary git global config as a safe directory
2026-10-08T13:10:58.9599381Z [command]/usr/bin/git config --global --add safe.directory /home/runner/work/RecallWeave/RecallWeave
2026-10-08T13:10:58.9691145Z Deleting the contents of '/home/runner/work/RecallWeave/RecallWeave'
2026-10-08T13:10:58.9694182Z ##[group]Initializing the repository
2026-10-08T13:10:58.9697646Z [command]/usr/bin/git init /home/runner/work/RecallWeave/RecallWeave
2026-10-08T13:10:59.0100074Z hint: Using 'master' as the name for the initial branch. This default branch name
2026-10-08T13:10:59.0100872Z hint: will change to "main" in Git 3.0. To configure the initial branch name
2026-10-08T13:10:59.0101364Z hint: to use in all of your new repositories, which will suppress this warning,
2026-10-08T13:10:59.0101879Z hint: call:
2026-10-08T13:10:59.0102567Z hint:
2026-10-08T13:10:59.0103004Z hint: 	git config --global init.defaultBranch <name>
2026-10-08T13:10:59.0103491Z hint:
2026-10-08T13:10:59.0103946Z hint: Names commonly chosen instead of 'master' are 'main', 'trunk' and
2026-10-08T13:10:59.0104669Z hint: 'development'. The just-created branch can be renamed via this command:
2026-10-08T13:10:59.0105050Z hint:
2026-10-08T13:10:59.0105276Z hint: 	git branch -m <name>
2026-10-08T13:10:59.0105524Z hint:
2026-10-08T13:10:59.0105857Z hint: Disable this message with "git config set advice.defaultBranchName false"
2026-10-08T13:10:59.0109483Z Initialized empty Git repository in /home/runner/work/RecallWeave/RecallWeave/.git/
2026-10-08T13:10:59.0118222Z [command]/usr/bin/git remote add origin https://github.com/Jacob-Met/RecallWeave
2026-10-08T13:10:59.0482066Z ##[endgroup]
2026-10-08T13:10:59.0482478Z ##[group]Disabling automatic garbage collection
2026-10-08T13:10:59.0485069Z [command]/usr/bin/git config --local gc.auto 0
2026-10-08T13:10:59.0583976Z ##[endgroup]
2026-10-08T13:10:59.0584364Z ##[group]Setting up auth
2026-10-08T13:10:59.0588214Z [command]/usr/bin/git config --local --name-only --get-regexp core\.sshCommand
2026-10-08T13:10:59.0613466Z [command]/usr/bin/git submodule foreach --recursive sh -c "git config --local --name-only --get-regexp 'core\.sshCommand' && git config --local --unset-all 'core.sshCommand' || :"
2026-10-08T13:10:59.0972114Z [command]/usr/bin/git config --local --name-only --get-regexp http\.https\:\/\/github\.com\/\.extraheader
2026-10-08T13:10:59.1004332Z [command]/usr/bin/git submodule foreach --recursive sh -c "git config --local --name-only --get-regexp 'http\.https\:\/\/github\.com\/\.extraheader' && git config --local --unset-all 'http.https://github.com/.extraheader' || :"
2026-10-08T13:10:59.1171051Z [command]/usr/bin/git config --local --name-only --get-regexp ^includeIf\.gitdir:
2026-10-08T13:10:59.1200254Z [command]/usr/bin/git submodule foreach --recursive git config --local --show-origin --name-only --get-regexp remote.origin.url
2026-10-08T13:10:59.1368951Z [command]/usr/bin/git config --local http.https://github.com/.extraheader AUTHORIZATION: basic ***
2026-10-08T13:10:59.1692093Z ##[endgroup]
2026-10-08T13:10:59.1692711Z ##[group]Fetching the repository
2026-10-08T13:10:59.1698474Z [command]/usr/bin/git -c protocol.version=2 fetch --no-tags --prune --no-recurse-submodules --depth=1 origin +9ad531d2ec69bc7069ae25e1e051dc0d94c1e9b1:refs/remotes/pull/38/merge
2026-10-08T13:11:00.6742167Z From https://github.com/Jacob-Met/RecallWeave
2026-10-08T13:11:00.6743942Z  * [new ref]         9ad531d2ec69bc7069ae25e1e051dc0d94c1e9b1 -> pull/38/merge
2026-10-08T13:11:00.6747425Z ##[endgroup]
2026-10-08T13:11:00.6748582Z ##[group]Determining the checkout info
2026-10-08T13:11:00.6749962Z ##[endgroup]
2026-10-08T13:11:00.6753392Z [command]/usr/bin/git sparse-checkout disable
2026-10-08T13:11:00.6795818Z [command]/usr/bin/git config --local --unset-all extensions.worktreeConfig
2026-10-08T13:11:00.6882029Z ##[group]Checking out the ref
2026-10-08T13:11:00.6883330Z [command]/usr/bin/git checkout --progress --force refs/remotes/pull/38/merge
2026-10-08T13:11:00.7488260Z Note: switching to 'refs/remotes/pull/38/merge'.
2026-10-08T13:11:00.7489096Z 
2026-10-08T13:11:00.7489759Z You are in 'detached HEAD' state. You can look around, make experimental
2026-10-08T13:11:00.7491354Z changes and commit them, and you can discard any commits you make in this
2026-10-08T13:11:00.7492910Z state without impacting any branches by switching back to a branch.
2026-10-08T13:11:00.7494314Z 
2026-10-08T13:11:00.7494951Z If you want to create a new branch to retain commits you create, you may
2026-10-08T13:11:00.7496906Z do so (now or later) by using -c with the switch command. Example:
2026-10-08T13:11:00.7497709Z 
2026-10-08T13:11:00.7498070Z   git switch -c <new-branch-name>
2026-10-08T13:11:00.7498642Z 
2026-10-08T13:11:00.7499026Z Or undo this operation with:
2026-10-08T13:11:00.7499663Z 
2026-10-08T13:11:00.7500072Z   git switch -
2026-10-08T13:11:00.7500649Z 
2026-10-08T13:11:00.7501404Z Turn off this advice by setting config variable advice.detachedHead to false
2026-10-08T13:11:00.7502527Z 
2026-10-08T13:11:00.7503790Z HEAD is now at 9ad531d Merge d7e570e7c92c9d6896549958a2dd907258c6f5e2 into 9b69c9c1dcc578d45e58d9b7f78eecb0613d76f3
2026-10-08T13:11:00.7507761Z ##[endgroup]
2026-10-08T13:11:00.7536600Z [command]/usr/bin/git log -1 --format=%H
2026-10-08T13:11:00.7558734Z 9ad531d2ec69bc7069ae25e1e051dc0d94c1e9b1
2026-10-08T13:11:00.8015247Z ##[group]Run set -euo pipefail
2026-10-08T13:11:00.8016116Z [36;1mset -euo pipefail[0m
2026-10-08T13:11:00.8017131Z [36;1mHANDOUT_NODE_VERSION=[0m
2026-10-08T13:11:00.8018095Z [36;1mfor HANDOUT_NODE_DIR in "${RUNNER_TOOL_CACHE}/node"/22.*; do[0m
2026-10-08T13:11:00.8019525Z [36;1m  if [[ -x "${HANDOUT_NODE_DIR}/x64/bin/node" && -f "${HANDOUT_NODE_DIR}/x64.complete" ]]; then[0m
2026-10-08T13:11:00.8020861Z [36;1m    HANDOUT_NODE_VERSION="${HANDOUT_NODE_DIR##*/}"[0m
2026-10-08T13:11:00.8021752Z [36;1m  fi[0m
2026-10-08T13:11:00.8022370Z [36;1mdone[0m
2026-10-08T13:11:00.8023634Z [36;1m[[ -n "${HANDOUT_NODE_VERSION}" ]] || { echo "A complete cached Node 22 is required; no runtime will be installed."; exit 1; }[0m
2026-10-08T13:11:00.8025296Z [36;1mprintf 'node=%s\n' "${HANDOUT_NODE_VERSION}" >> "${GITHUB_OUTPUT}"[0m
2026-10-08T13:11:00.8026403Z [36;1mHANDOUT_BROWSER=[0m
2026-10-08T13:11:00.8027650Z [36;1mfor HANDOUT_BROWSER_NAME in google-chrome google-chrome-stable chromium chromium-browser; do[0m
2026-10-08T13:11:00.8029128Z [36;1m  if command -v "${HANDOUT_BROWSER_NAME}" >/dev/null 2>&1; then[0m
2026-10-08T13:11:00.8030304Z [36;1m    HANDOUT_BROWSER="$(command -v "${HANDOUT_BROWSER_NAME}")"[0m
2026-10-08T13:11:00.8031277Z [36;1m    break[0m
2026-10-08T13:11:00.8031896Z [36;1m  fi[0m
2026-10-08T13:11:00.8032477Z [36;1mdone[0m
2026-10-08T13:11:00.8033714Z [36;1m[[ -n "${HANDOUT_BROWSER}" ]] || { echo "An installed Chrome/Chromium is required; no browser will be installed."; exit 1; }[0m
2026-10-08T13:11:00.8035336Z [36;1mprintf 'browser=%s\n' "${HANDOUT_BROWSER}" >> "${GITHUB_OUTPUT}"[0m
2026-10-08T13:11:00.8036409Z [36;1m"${HANDOUT_BROWSER}" --version[0m
2026-10-08T13:11:00.8037164Z [36;1mcommand -v python3[0m
2026-10-08T13:11:00.8038745Z [36;1mif command -v pdftotext >/dev/null 2>&1; then pdftotext -v; else echo "pdftotext unavailable; PDF artifacts require separate direct inspection."; fi[0m
2026-10-08T13:11:00.8412529Z shell: /usr/bin/bash --noprofile --norc -e -o pipefail {0}
2026-10-08T13:11:00.8413484Z ##[endgroup]
2026-10-08T13:11:00.9868899Z Google Chrome 154.0.8037.97 
2026-10-08T13:11:00.9917042Z /usr/bin/python3
2026-10-08T13:11:00.9917992Z pdftotext unavailable; PDF artifacts require separate direct inspection.
2026-10-08T13:11:01.0412262Z ##[group]Run actions/setup-node@49933ea5288caeca8642d1e84afbd3f7d6820020
2026-10-08T13:11:01.0412883Z with:
2026-10-08T13:11:01.0413352Z   node-version: 22.23.3
2026-10-08T13:11:01.0413836Z   always-auth: false
2026-10-08T13:11:01.0414323Z   check-latest: false
2026-10-08T13:11:01.0416683Z   token: ***
2026-10-08T13:11:01.0417148Z ##[endgroup]
2026-10-08T13:11:01.1276270Z Found in cache @ /opt/hostedtoolcache/node/22.23.3/x64
2026-10-08T13:11:01.1282197Z (node:2074) [DEP0040] DeprecationWarning: The `punycode` module is deprecated. Please use a userland alternative instead.
2026-10-08T13:11:01.1283843Z ##[group]Environment details
2026-10-08T13:11:01.1285175Z (Use `node --trace-deprecation ...` to show where the warning was created)
2026-10-08T13:11:01.4190989Z node: v22.23.3
2026-10-08T13:11:01.4191889Z npm: 10.9.9
2026-10-08T13:11:01.4192104Z yarn: 1.22.22
2026-10-08T13:11:01.4192903Z ##[endgroup]
2026-10-08T13:11:01.4898819Z ##[group]Run node tools/check_course_handout_browser.mjs --browser "/usr/bin/google-chrome" --output "${RUNNER_TEMP}/course-handout-receiving"
2026-10-08T13:11:01.4899414Z [36;1mnode tools/check_course_handout_browser.mjs --browser "/usr/bin/google-chrome" --output "${RUNNER_TEMP}/course-handout-receiving"[0m
2026-10-08T13:11:01.4964506Z shell: /usr/bin/bash -e {0}
2026-10-08T13:11:01.4964696Z ##[endgroup]
2026-10-08T13:11:03.7198408Z PASS actual studio typing, selected-option movement and checked JSON download preserve independent B/A/F key
2026-10-08T13:11:04.0164090Z PASS native file selection stages exact title and only explicit Use commits a worksheet
2026-10-08T13:11:04.2465905Z PASS preview cancellation, invalid answer and oversized file preserve accepted deck, key mode and rendered paper
2026-10-08T13:11:04.3657595Z PASS opening a new chooser with no selection invalidates the pending native read without replacing accepted work
2026-10-08T13:11:04.6895577Z PASS new explicit acceptance wins over an obsolete rejected read and defaults to worksheet mode
2026-10-08T13:11:04.9021096Z PASS actual separate worksheet/key downloads preserve canonical content and omit private worksheet data
2026-10-08T13:11:05.1395137Z PDF_TEXT_TOOL unavailable; actual PDF artifact inspection remains separate
2026-10-08T13:11:05.1717250Z Error: TypeError: Cannot read properties of null (reading 'scrollIntoView')
2026-10-08T13:11:05.1717589Z     at <anonymous>:1:55
2026-10-08T13:11:05.1717951Z     at evaluate (file:///home/runner/work/RecallWeave/RecallWeave/tools/check_course_handout_browser.mjs:101:38)
2026-10-08T13:11:05.1718446Z     at async screenshot (file:///home/runner/work/RecallWeave/RecallWeave/tools/check_course_handout_browser.mjs:155:17)
2026-10-08T13:11:05.1719038Z     at async printArtifact (file:///home/runner/work/RecallWeave/RecallWeave/tools/check_course_handout_browser.mjs:356:3)
2026-10-08T13:11:05.1719553Z     at async file:///home/runner/work/RecallWeave/RecallWeave/tools/check_course_handout_browser.mjs:572:3
2026-10-08T13:11:05.4894792Z HANDOUT_RECEIVING_RESULT FAILED checks=6 artifacts=6 source_unchanged=true
2026-10-08T13:11:05.4973563Z ##[error]Process completed with exit code 1.
2026-10-08T13:11:05.5032856Z ##[group]Run actions/upload-artifact@ea165f8d65b6e75b540449e92b4886f43607fa02
2026-10-08T13:11:05.5033078Z with:
2026-10-08T13:11:05.5033211Z   name: course-handout-receiving-37782344220
2026-10-08T13:11:05.5033408Z   path: /home/runner/work/_temp/course-handout-receiving
2026-10-08T13:11:05.5033585Z   if-no-files-found: warn
2026-10-08T13:11:05.5033716Z   retention-days: 14
2026-10-08T13:11:05.5033844Z   compression-level: 6
2026-10-08T13:11:05.5033975Z   overwrite: false
2026-10-08T13:11:05.5034106Z   include-hidden-files: false
2026-10-08T13:11:05.5034242Z ##[endgroup]
2026-10-08T13:11:05.6032865Z (node:2280) [DEP0040] DeprecationWarning: The `punycode` module is deprecated. Please use a userland alternative instead.
2026-10-08T13:11:05.6033720Z (Use `node --trace-deprecation ...` to show where the warning was created)
2026-10-08T13:11:05.6075524Z With the provided path, there will be 11 files uploaded
2026-10-08T13:11:05.6079429Z Artifact name is valid!
2026-10-08T13:11:05.6080145Z Root directory input is valid!
2026-10-08T13:11:05.8921085Z Beginning upload of artifact content to blob storage
2026-10-08T13:11:05.9184265Z (node:2280) [DEP0169] DeprecationWarning: `url.parse()` behavior is not standardized and prone to errors that have security implications. Use the WHATWG URL API instead. CVEs are not issued for `url.parse()` vulnerabilities.
2026-10-08T13:11:06.1677134Z Uploaded bytes 307252
2026-10-08T13:11:06.2055015Z Finished uploading artifact content to blob storage!
2026-10-08T13:11:06.2055671Z SHA256 digest of uploaded artifact zip is ead583a2b44beabd694f88f5c80ddd775956b031a35e5f825b8e7f6469457b7e
2026-10-08T13:11:06.2056946Z Finalizing artifact upload
2026-10-08T13:11:06.4497260Z Artifact course-handout-receiving-37782344220.zip successfully finalized. Artifact ID 11551719524
2026-10-08T13:11:06.4498194Z Artifact course-handout-receiving-37782344220 has been successfully uploaded! Final size is 307252 bytes. Artifact ID is 11551719524
2026-10-08T13:11:06.4499795Z Artifact download URL: https://github.com/Jacob-Met/RecallWeave/actions/runs/37782344220/artifacts/11551719524
2026-10-08T13:11:06.4669338Z Post job cleanup.
2026-10-08T13:11:06.5194211Z [command]/usr/bin/git version
2026-10-08T13:11:06.5224400Z git version 2.55.0
2026-10-08T13:11:06.5247565Z Temporarily overriding HOME='/home/runner/work/_temp/6f79391d-faef-4b50-8c38-68520d317648' before making global git config changes
2026-10-08T13:11:06.5248630Z Adding repository directory to the temporary git global config as a safe directory
2026-10-08T13:11:06.5251377Z [command]/usr/bin/git config --global --add safe.directory /home/runner/work/RecallWeave/RecallWeave
2026-10-08T13:11:06.5281048Z [command]/usr/bin/git config --local --name-only --get-regexp core\.sshCommand
2026-10-08T13:11:06.5311947Z [command]/usr/bin/git submodule foreach --recursive sh -c "git config --local --name-only --get-regexp 'core\.sshCommand' && git config --local --unset-all 'core.sshCommand' || :"
2026-10-08T13:11:06.5508871Z [command]/usr/bin/git config --local --name-only --get-regexp http\.https\:\/\/github\.com\/\.extraheader
2026-10-08T13:11:06.5532399Z http.https://github.com/.extraheader
2026-10-08T13:11:06.5540489Z [command]/usr/bin/git config --local --unset-all http.https://github.com/.extraheader
2026-10-08T13:11:06.5569409Z [command]/usr/bin/git submodule foreach --recursive sh -c "git config --local --name-only --get-regexp 'http\.https\:\/\/github\.com\/\.extraheader' && git config --local --unset-all 'http.https://github.com/.extraheader' || :"
2026-10-08T13:11:06.5761116Z [command]/usr/bin/git config --local --name-only --get-regexp ^includeIf\.gitdir:
2026-10-08T13:11:06.5792380Z [command]/usr/bin/git submodule foreach --recursive git config --local --show-origin --name-only --get-regexp remote.origin.url
2026-10-08T13:11:06.6072350Z Cleaning up orphan processes
2026-10-08T13:11:06.6259789Z ##[warning]Node.js 20 is deprecated. The following actions target Node.js 20 but are being forced to run on Node.js 24: actions/checkout@11d5960a326750d5838078e36cf38b85af677262, actions/setup-node@49933ea5288caeca8642d1e84afbd3f7d6820020, actions/upload-artifact@ea165f8d65b6e75b540449e92b4886f43607fa02. For more information see: https://github.blog/changelog/2025-09-19-deprecation-of-node-20-on-github-actions-runners/
