2026-10-08T13:14:05.9736869Z Current runner version: '2.337.0'
2026-10-08T13:14:05.9766250Z ##[group]Runner Image Provisioner
2026-10-08T13:14:05.9767338Z Hosted Compute Agent
2026-10-08T13:14:05.9767988Z Version: 20261002.596
2026-10-08T13:14:05.9768708Z Commit: c3d12f3313a95f25162a1503be624f3b0617f8c0
2026-10-08T13:14:05.9769704Z Build Date: 2026-10-02T22:28:27Z
2026-10-08T13:14:05.9770401Z Worker ID: {8211cff6-4ec8-4dda-8ad5-8dbc291ea66a}
2026-10-08T13:14:05.9771190Z Region: westus2
2026-10-08T13:14:05.9771735Z Cloud: Azure
2026-10-08T13:14:05.9772280Z ##[endgroup]
2026-10-08T13:14:05.9773975Z ##[group]Operating System
2026-10-08T13:14:05.9774627Z Ubuntu
2026-10-08T13:14:05.9775236Z 24.04.5
2026-10-08T13:14:05.9775754Z LTS
2026-10-08T13:14:05.9776336Z ##[endgroup]
2026-10-08T13:14:05.9776967Z ##[group]Runner Image
2026-10-08T13:14:05.9777579Z Image: ubuntu-24.04
2026-10-08T13:14:05.9778175Z Version: 20261004.327.1
2026-10-08T13:14:05.9779758Z Included Software: https://github.com/actions/runner-images/blob/ubuntu24/20261004.327/images/ubuntu/Ubuntu2404-Readme.md
2026-10-08T13:14:05.9781521Z Image Release: https://github.com/actions/runner-images/releases/tag/ubuntu24%2F20261004.327
2026-10-08T13:14:05.9782504Z ##[endgroup]
2026-10-08T13:14:05.9783692Z ##[group]GITHUB_TOKEN Permissions
2026-10-08T13:14:05.9785792Z Contents: read
2026-10-08T13:14:05.9786494Z Metadata: read
2026-10-08T13:14:05.9787110Z ##[endgroup]
2026-10-08T13:14:05.9789857Z Secret source: Actions
2026-10-08T13:14:05.9791061Z Cache mode: write
2026-10-08T13:14:05.9791852Z Prepare workflow directory
2026-10-08T13:14:06.0189690Z Prepare all required actions
2026-10-08T13:14:06.0254762Z Getting action download info
2026-10-08T13:14:06.4031901Z Download action repository 'actions/checkout@11d5960a326750d5838078e36cf38b85af677262' (SHA:11d5960a326750d5838078e36cf38b85af677262)
2026-10-08T13:14:06.4965540Z Download action repository 'actions/setup-node@49933ea5288caeca8642d1e84afbd3f7d6820020' (SHA:49933ea5288caeca8642d1e84afbd3f7d6820020)
2026-10-08T13:14:06.5955774Z Download action repository 'actions/upload-artifact@ea165f8d65b6e75b540449e92b4886f43607fa02' (SHA:ea165f8d65b6e75b540449e92b4886f43607fa02)
2026-10-08T13:14:06.8025004Z Complete job name: receive-handout
2026-10-08T13:14:06.8932496Z ##[group]Run actions/checkout@11d5960a326750d5838078e36cf38b85af677262
2026-10-08T13:14:06.8934188Z with:
2026-10-08T13:14:06.8934914Z   repository: Jacob-Met/RecallWeave
2026-10-08T13:14:06.8940040Z   token: ***
2026-10-08T13:14:06.8940497Z   ssh-strict: true
2026-10-08T13:14:06.8940940Z   ssh-user: git
2026-10-08T13:14:06.8941382Z   persist-credentials: true
2026-10-08T13:14:06.8941867Z   clean: true
2026-10-08T13:14:06.8942301Z   sparse-checkout-cone-mode: true
2026-10-08T13:14:06.8942814Z   fetch-depth: 1
2026-10-08T13:14:06.8943227Z   fetch-tags: false
2026-10-08T13:14:06.8943658Z   show-progress: true
2026-10-08T13:14:06.8944095Z   lfs: false
2026-10-08T13:14:06.8944570Z   submodules: false
2026-10-08T13:14:06.8945015Z   set-safe-directory: true
2026-10-08T13:14:06.8945511Z   allow-unsafe-pr-checkout: false
2026-10-08T13:14:06.8946439Z ##[endgroup]
2026-10-08T13:14:07.0004413Z Syncing repository: Jacob-Met/RecallWeave
2026-10-08T13:14:07.0007227Z ##[group]Getting Git version info
2026-10-08T13:14:07.0008435Z Working directory is '/home/runner/work/RecallWeave/RecallWeave'
2026-10-08T13:14:07.0010451Z [command]/usr/bin/git version
2026-10-08T13:14:07.0097896Z git version 2.55.0
2026-10-08T13:14:07.0128491Z ##[endgroup]
2026-10-08T13:14:07.0138794Z Temporarily overriding HOME='/home/runner/work/_temp/1ee25a09-6c8e-429f-9570-be6340aa62b0' before making global git config changes
2026-10-08T13:14:07.0155962Z Adding repository directory to the temporary git global config as a safe directory
2026-10-08T13:14:07.0158212Z [command]/usr/bin/git config --global --add safe.directory /home/runner/work/RecallWeave/RecallWeave
2026-10-08T13:14:07.0205331Z Deleting the contents of '/home/runner/work/RecallWeave/RecallWeave'
2026-10-08T13:14:07.0212126Z ##[group]Initializing the repository
2026-10-08T13:14:07.0217874Z [command]/usr/bin/git init /home/runner/work/RecallWeave/RecallWeave
2026-10-08T13:14:07.0349740Z hint: Using 'master' as the name for the initial branch. This default branch name
2026-10-08T13:14:07.0352169Z hint: will change to "main" in Git 3.0. To configure the initial branch name
2026-10-08T13:14:07.0354121Z hint: to use in all of your new repositories, which will suppress this warning,
2026-10-08T13:14:07.0355659Z hint: call:
2026-10-08T13:14:07.0356932Z hint:
2026-10-08T13:14:07.0358146Z hint: 	git config --global init.defaultBranch <name>
2026-10-08T13:14:07.0359965Z hint:
2026-10-08T13:14:07.0361302Z hint: Names commonly chosen instead of 'master' are 'main', 'trunk' and
2026-10-08T13:14:07.0363360Z hint: 'development'. The just-created branch can be renamed via this command:
2026-10-08T13:14:07.0364942Z hint:
2026-10-08T13:14:07.0365879Z hint: 	git branch -m <name>
2026-10-08T13:14:07.0366924Z hint:
2026-10-08T13:14:07.0368363Z hint: Disable this message with "git config set advice.defaultBranchName false"
2026-10-08T13:14:07.0370906Z Initialized empty Git repository in /home/runner/work/RecallWeave/RecallWeave/.git/
2026-10-08T13:14:07.0375197Z [command]/usr/bin/git remote add origin https://github.com/Jacob-Met/RecallWeave
2026-10-08T13:14:07.0432569Z ##[endgroup]
2026-10-08T13:14:07.0434320Z ##[group]Disabling automatic garbage collection
2026-10-08T13:14:07.0437165Z [command]/usr/bin/git config --local gc.auto 0
2026-10-08T13:14:07.0473459Z ##[endgroup]
2026-10-08T13:14:07.0475185Z ##[group]Setting up auth
2026-10-08T13:14:07.0481908Z [command]/usr/bin/git config --local --name-only --get-regexp core\.sshCommand
2026-10-08T13:14:07.0518782Z [command]/usr/bin/git submodule foreach --recursive sh -c "git config --local --name-only --get-regexp 'core\.sshCommand' && git config --local --unset-all 'core.sshCommand' || :"
2026-10-08T13:14:07.0957045Z [command]/usr/bin/git config --local --name-only --get-regexp http\.https\:\/\/github\.com\/\.extraheader
2026-10-08T13:14:07.1008007Z [command]/usr/bin/git submodule foreach --recursive sh -c "git config --local --name-only --get-regexp 'http\.https\:\/\/github\.com\/\.extraheader' && git config --local --unset-all 'http.https://github.com/.extraheader' || :"
2026-10-08T13:14:07.1274781Z [command]/usr/bin/git config --local --name-only --get-regexp ^includeIf\.gitdir:
2026-10-08T13:14:07.1313312Z [command]/usr/bin/git submodule foreach --recursive git config --local --show-origin --name-only --get-regexp remote.origin.url
2026-10-08T13:14:07.1539627Z [command]/usr/bin/git config --local http.https://github.com/.extraheader AUTHORIZATION: basic ***
2026-10-08T13:14:07.1583444Z ##[endgroup]
2026-10-08T13:14:07.1584396Z ##[group]Fetching the repository
2026-10-08T13:14:07.1593874Z [command]/usr/bin/git -c protocol.version=2 fetch --no-tags --prune --no-recurse-submodules --depth=1 origin +31f8beb557e9997566ef8eddbbe3350060013738:refs/remotes/pull/38/merge
2026-10-08T13:14:08.3492627Z From https://github.com/Jacob-Met/RecallWeave
2026-10-08T13:14:08.3494870Z  * [new ref]         31f8beb557e9997566ef8eddbbe3350060013738 -> pull/38/merge
2026-10-08T13:14:08.3502047Z ##[endgroup]
2026-10-08T13:14:08.3503864Z ##[group]Determining the checkout info
2026-10-08T13:14:08.3506083Z ##[endgroup]
2026-10-08T13:14:08.3509961Z [command]/usr/bin/git sparse-checkout disable
2026-10-08T13:14:08.3583895Z [command]/usr/bin/git config --local --unset-all extensions.worktreeConfig
2026-10-08T13:14:08.3627865Z ##[group]Checking out the ref
2026-10-08T13:14:08.3630925Z [command]/usr/bin/git checkout --progress --force refs/remotes/pull/38/merge
2026-10-08T13:14:08.4310205Z Note: switching to 'refs/remotes/pull/38/merge'.
2026-10-08T13:14:08.4311546Z 
2026-10-08T13:14:08.4312361Z You are in 'detached HEAD' state. You can look around, make experimental
2026-10-08T13:14:08.4313861Z changes and commit them, and you can discard any commits you make in this
2026-10-08T13:14:08.4315225Z state without impacting any branches by switching back to a branch.
2026-10-08T13:14:08.4316004Z 
2026-10-08T13:14:08.4316955Z If you want to create a new branch to retain commits you create, you may
2026-10-08T13:14:08.4318265Z do so (now or later) by using -c with the switch command. Example:
2026-10-08T13:14:08.4319043Z 
2026-10-08T13:14:08.4319757Z   git switch -c <new-branch-name>
2026-10-08T13:14:08.4320363Z 
2026-10-08T13:14:08.4320732Z Or undo this operation with:
2026-10-08T13:14:08.4321266Z 
2026-10-08T13:14:08.4321572Z   git switch -
2026-10-08T13:14:08.4322006Z 
2026-10-08T13:14:08.4322723Z Turn off this advice by setting config variable advice.detachedHead to false
2026-10-08T13:14:08.4324079Z 
2026-10-08T13:14:08.4325551Z HEAD is now at 31f8beb Merge 611d341b562475610dc9bf598b1e0b5790d431d6 into 9b69c9c1dcc578d45e58d9b7f78eecb0613d76f3
2026-10-08T13:14:08.4329149Z ##[endgroup]
2026-10-08T13:14:08.4374479Z [command]/usr/bin/git log -1 --format=%H
2026-10-08T13:14:08.4403372Z 31f8beb557e9997566ef8eddbbe3350060013738
2026-10-08T13:14:08.4771982Z ##[group]Run set -euo pipefail
2026-10-08T13:14:08.4773470Z [36;1mset -euo pipefail[0m
2026-10-08T13:14:08.4774728Z [36;1mHANDOUT_NODE_VERSION=[0m
2026-10-08T13:14:08.4776300Z [36;1mfor HANDOUT_NODE_DIR in "${RUNNER_TOOL_CACHE}/node"/22.*; do[0m
2026-10-08T13:14:08.4778577Z [36;1m  if [[ -x "${HANDOUT_NODE_DIR}/x64/bin/node" && -f "${HANDOUT_NODE_DIR}/x64.complete" ]]; then[0m
2026-10-08T13:14:08.4781081Z [36;1m    HANDOUT_NODE_VERSION="${HANDOUT_NODE_DIR##*/}"[0m
2026-10-08T13:14:08.4782553Z [36;1m  fi[0m
2026-10-08T13:14:08.4783589Z [36;1mdone[0m
2026-10-08T13:14:08.4785650Z [36;1m[[ -n "${HANDOUT_NODE_VERSION}" ]] || { echo "A complete cached Node 22 is required; no runtime will be installed."; exit 1; }[0m
2026-10-08T13:14:08.4788345Z [36;1mprintf 'node=%s\n' "${HANDOUT_NODE_VERSION}" >> "${GITHUB_OUTPUT}"[0m
2026-10-08T13:14:08.4790176Z [36;1mHANDOUT_BROWSER=[0m
2026-10-08T13:14:08.4792185Z [36;1mfor HANDOUT_BROWSER_NAME in google-chrome google-chrome-stable chromium chromium-browser; do[0m
2026-10-08T13:14:08.4794639Z [36;1m  if command -v "${HANDOUT_BROWSER_NAME}" >/dev/null 2>&1; then[0m
2026-10-08T13:14:08.4796818Z [36;1m    HANDOUT_BROWSER="$(command -v "${HANDOUT_BROWSER_NAME}")"[0m
2026-10-08T13:14:08.4798437Z [36;1m    break[0m
2026-10-08T13:14:08.4799613Z [36;1m  fi[0m
2026-10-08T13:14:08.4800632Z [36;1mdone[0m
2026-10-08T13:14:08.4802688Z [36;1m[[ -n "${HANDOUT_BROWSER}" ]] || { echo "An installed Chrome/Chromium is required; no browser will be installed."; exit 1; }[0m
2026-10-08T13:14:08.4805385Z [36;1mprintf 'browser=%s\n' "${HANDOUT_BROWSER}" >> "${GITHUB_OUTPUT}"[0m
2026-10-08T13:14:08.4807104Z [36;1m"${HANDOUT_BROWSER}" --version[0m
2026-10-08T13:14:08.4808445Z [36;1mcommand -v python3[0m
2026-10-08T13:14:08.4811306Z [36;1mif command -v pdftotext >/dev/null 2>&1; then pdftotext -v; else echo "pdftotext unavailable; PDF artifacts require separate direct inspection."; fi[0m
2026-10-08T13:14:08.5103167Z shell: /usr/bin/bash --noprofile --norc -e -o pipefail {0}
2026-10-08T13:14:08.5104844Z ##[endgroup]
2026-10-08T13:14:13.0049824Z Google Chrome 154.0.8037.97 
2026-10-08T13:14:13.0454233Z /usr/bin/python3
2026-10-08T13:14:13.0455509Z pdftotext unavailable; PDF artifacts require separate direct inspection.
2026-10-08T13:14:13.0603779Z ##[group]Run actions/setup-node@49933ea5288caeca8642d1e84afbd3f7d6820020
2026-10-08T13:14:13.0604259Z with:
2026-10-08T13:14:13.0604506Z   node-version: 22.23.3
2026-10-08T13:14:13.0604796Z   always-auth: false
2026-10-08T13:14:13.0605061Z   check-latest: false
2026-10-08T13:14:13.0607488Z   token: ***
2026-10-08T13:14:13.0607744Z ##[endgroup]
2026-10-08T13:14:13.2043348Z Found in cache @ /opt/hostedtoolcache/node/22.23.3/x64
2026-10-08T13:14:13.2048820Z (node:2246) [DEP0040] DeprecationWarning: The `punycode` module is deprecated. Please use a userland alternative instead.
2026-10-08T13:14:13.2050555Z (Use `node --trace-deprecation ...` to show where the warning was created)
2026-10-08T13:14:13.2052307Z ##[group]Environment details
2026-10-08T13:14:13.6325323Z node: v22.23.3
2026-10-08T13:14:13.6326697Z npm: 10.9.9
2026-10-08T13:14:13.6327354Z yarn: 1.22.22
2026-10-08T13:14:13.6328571Z ##[endgroup]
2026-10-08T13:14:13.6482741Z ##[group]Run node tools/check_course_handout_browser.mjs --browser "/usr/bin/google-chrome" --output "${RUNNER_TEMP}/course-handout-receiving"
2026-10-08T13:14:13.6483780Z [36;1mnode tools/check_course_handout_browser.mjs --browser "/usr/bin/google-chrome" --output "${RUNNER_TEMP}/course-handout-receiving"[0m
2026-10-08T13:14:13.6561929Z shell: /usr/bin/bash -e {0}
2026-10-08T13:14:13.6562255Z ##[endgroup]
2026-10-08T13:14:29.2825643Z PASS actual studio typing, selected-option movement and checked JSON download preserve independent B/A/F key
2026-10-08T13:14:29.5815049Z PASS native file selection stages exact title and only explicit Use commits a worksheet
2026-10-08T13:14:29.8174756Z PASS preview cancellation, invalid answer and oversized file preserve accepted deck, key mode and rendered paper
2026-10-08T13:14:29.9335641Z PASS opening a new chooser with no selection invalidates the pending native read without replacing accepted work
2026-10-08T13:14:30.2777382Z PASS new explicit acceptance wins over an obsolete rejected read and defaults to worksheet mode
2026-10-08T13:14:30.5179828Z PASS actual separate worksheet/key downloads preserve canonical content and omit private worksheet data
2026-10-08T13:14:30.8483865Z PDF_TEXT_TOOL unavailable; actual PDF artifact inspection remains separate
2026-10-08T13:14:31.0631834Z PASS teacher print buttons call native print in the explicit worksheet/key mode and produce bounded PDFs
2026-10-08T13:14:31.3735605Z PASS direct-open teacher page admits actual studio download and keeps worksheet/key readable at 390px without hosted requests
2026-10-08T13:14:31.6890347Z PASS actual downloaded worksheet-1280 reopens offline with exact text and a real print PDF
2026-10-08T13:14:31.8342699Z PASS actual downloaded worksheet-390 reopens offline with exact text and a real print PDF
2026-10-08T13:14:32.0111312Z PASS actual downloaded answer-key-1280 reopens offline with exact text and a real print PDF
2026-10-08T13:14:32.1518838Z PASS actual downloaded answer-key-390 reopens offline with exact text and a real print PDF
2026-10-08T13:14:32.1520628Z PASS literal markup stays text and no tested page produces a runtime exception
2026-10-08T13:14:32.4748711Z HANDOUT_RECEIVING_RESULT PASSED checks=13 artifacts=18 source_unchanged=true
2026-10-08T13:14:32.4874508Z ##[group]Run python3 tools/make_handout.py --check
2026-10-08T13:14:32.4874959Z [36;1mpython3 tools/make_handout.py --check[0m
2026-10-08T13:14:32.4938841Z shell: /usr/bin/bash -e {0}
2026-10-08T13:14:32.4939103Z ##[endgroup]
2026-10-08T13:14:32.5326779Z handout.html matches its modular sources
2026-10-08T13:14:32.5441732Z ##[group]Run actions/upload-artifact@ea165f8d65b6e75b540449e92b4886f43607fa02
2026-10-08T13:14:32.5442146Z with:
2026-10-08T13:14:32.5442373Z   name: course-handout-receiving-37782741581
2026-10-08T13:14:32.5442731Z   path: /home/runner/work/_temp/course-handout-receiving
2026-10-08T13:14:32.5443071Z   if-no-files-found: warn
2026-10-08T13:14:32.5443296Z   retention-days: 14
2026-10-08T13:14:32.5443505Z   compression-level: 6
2026-10-08T13:14:32.5443722Z   overwrite: false
2026-10-08T13:14:32.5443931Z   include-hidden-files: false
2026-10-08T13:14:32.5444164Z ##[endgroup]
2026-10-08T13:14:32.7175140Z (node:2509) [DEP0040] DeprecationWarning: The `punycode` module is deprecated. Please use a userland alternative instead.
2026-10-08T13:14:32.7176020Z (Use `node --trace-deprecation ...` to show where the warning was created)
2026-10-08T13:14:32.7276332Z With the provided path, there will be 23 files uploaded
2026-10-08T13:14:32.7283876Z Artifact name is valid!
2026-10-08T13:14:32.7284644Z Root directory input is valid!
2026-10-08T13:14:33.1111679Z Beginning upload of artifact content to blob storage
2026-10-08T13:14:33.1933294Z (node:2509) [DEP0169] DeprecationWarning: `url.parse()` behavior is not standardized and prone to errors that have security implications. Use the WHATWG URL API instead. CVEs are not issued for `url.parse()` vulnerabilities.
2026-10-08T13:14:33.8920689Z Uploaded bytes 1136852
2026-10-08T13:14:33.9733095Z Finished uploading artifact content to blob storage!
2026-10-08T13:14:33.9734318Z SHA256 digest of uploaded artifact zip is 663296538db41e68ec653f79ac89c7993f6c03c87086d89eab1066a5df2381a6
2026-10-08T13:14:33.9738679Z Finalizing artifact upload
2026-10-08T13:14:34.3077541Z Artifact course-handout-receiving-37782741581.zip successfully finalized. Artifact ID 11552533138
2026-10-08T13:14:34.3079823Z Artifact course-handout-receiving-37782741581 has been successfully uploaded! Final size is 1136852 bytes. Artifact ID is 11552533138
2026-10-08T13:14:34.3085909Z Artifact download URL: https://github.com/Jacob-Met/RecallWeave/actions/runs/37782741581/artifacts/11552533138
2026-10-08T13:14:34.3288228Z Post job cleanup.
2026-10-08T13:14:34.4623220Z (node:2522) [DEP0040] DeprecationWarning: The `punycode` module is deprecated. Please use a userland alternative instead.
2026-10-08T13:14:34.4624290Z (Use `node --trace-deprecation ...` to show where the warning was created)
2026-10-08T13:14:34.4844770Z Post job cleanup.
2026-10-08T13:14:34.5808003Z [command]/usr/bin/git version
2026-10-08T13:14:34.5861347Z git version 2.55.0
2026-10-08T13:14:34.5905102Z Temporarily overriding HOME='/home/runner/work/_temp/4345a0c8-0a22-4d8f-a302-8cef6c46372c' before making global git config changes
2026-10-08T13:14:34.5906996Z Adding repository directory to the temporary git global config as a safe directory
2026-10-08T13:14:34.5913024Z [command]/usr/bin/git config --global --add safe.directory /home/runner/work/RecallWeave/RecallWeave
2026-10-08T13:14:34.5962645Z [command]/usr/bin/git config --local --name-only --get-regexp core\.sshCommand
2026-10-08T13:14:34.6006405Z [command]/usr/bin/git submodule foreach --recursive sh -c "git config --local --name-only --get-regexp 'core\.sshCommand' && git config --local --unset-all 'core.sshCommand' || :"
2026-10-08T13:14:34.6308009Z [command]/usr/bin/git config --local --name-only --get-regexp http\.https\:\/\/github\.com\/\.extraheader
2026-10-08T13:14:34.6383139Z http.https://github.com/.extraheader
2026-10-08T13:14:34.6421679Z [command]/usr/bin/git config --local --unset-all http.https://github.com/.extraheader
2026-10-08T13:14:34.6447729Z [command]/usr/bin/git submodule foreach --recursive sh -c "git config --local --name-only --get-regexp 'http\.https\:\/\/github\.com\/\.extraheader' && git config --local --unset-all 'http.https://github.com/.extraheader' || :"
2026-10-08T13:14:34.6780638Z [command]/usr/bin/git config --local --name-only --get-regexp ^includeIf\.gitdir:
2026-10-08T13:14:34.6827988Z [command]/usr/bin/git submodule foreach --recursive git config --local --show-origin --name-only --get-regexp remote.origin.url
2026-10-08T13:14:34.7268041Z Cleaning up orphan processes
2026-10-08T13:14:34.7622521Z ##[warning]Node.js 20 is deprecated. The following actions target Node.js 20 but are being forced to run on Node.js 24: actions/checkout@11d5960a326750d5838078e36cf38b85af677262, actions/setup-node@49933ea5288caeca8642d1e84afbd3f7d6820020, actions/upload-artifact@ea165f8d65b6e75b540449e92b4886f43607fa02. For more information see: https://github.blog/changelog/2025-09-19-deprecation-of-node-20-on-github-actions-runners/
