2026-10-08T13:14:05.2648949Z Current runner version: '2.337.0'
2026-10-08T13:14:05.2669552Z ##[group]Runner Image Provisioner
2026-10-08T13:14:05.2670273Z Hosted Compute Agent
2026-10-08T13:14:05.2670864Z Version: 20261002.596
2026-10-08T13:14:05.2671433Z Commit: c3d12f3313a95f25162a1503be624f3b0617f8c0
2026-10-08T13:14:05.2672034Z Build Date: 2026-10-02T22:28:27Z
2026-10-08T13:14:05.2672843Z Worker ID: {fdfac8d1-1087-4ede-aa04-37343f72ce08}
2026-10-08T13:14:05.2673416Z Region: westus3
2026-10-08T13:14:05.2673887Z Cloud: Azure
2026-10-08T13:14:05.2674370Z ##[endgroup]
2026-10-08T13:14:05.2675562Z ##[group]Operating System
2026-10-08T13:14:05.2676121Z Ubuntu
2026-10-08T13:14:05.2676585Z 24.04.5
2026-10-08T13:14:05.2677030Z LTS
2026-10-08T13:14:05.2677496Z ##[endgroup]
2026-10-08T13:14:05.2677939Z ##[group]Runner Image
2026-10-08T13:14:05.2678473Z Image: ubuntu-24.04
2026-10-08T13:14:05.2678931Z Version: 20261004.327.1
2026-10-08T13:14:05.2679974Z Included Software: https://github.com/actions/runner-images/blob/ubuntu24/20261004.327/images/ubuntu/Ubuntu2404-Readme.md
2026-10-08T13:14:05.2681265Z Image Release: https://github.com/actions/runner-images/releases/tag/ubuntu24%2F20261004.327
2026-10-08T13:14:05.2682087Z ##[endgroup]
2026-10-08T13:14:05.2683271Z ##[group]GITHUB_TOKEN Permissions
2026-10-08T13:14:05.2684839Z Contents: read
2026-10-08T13:14:05.2685358Z Metadata: read
2026-10-08T13:14:05.2685796Z ##[endgroup]
2026-10-08T13:14:05.2687560Z Secret source: Actions
2026-10-08T13:14:05.2688311Z Cache mode: write
2026-10-08T13:14:05.2689008Z Prepare workflow directory
2026-10-08T13:14:05.2969193Z Prepare all required actions
2026-10-08T13:14:05.3023143Z Getting action download info
2026-10-08T13:14:05.5828460Z Download action repository 'actions/checkout@11d5960a326750d5838078e36cf38b85af677262' (SHA:11d5960a326750d5838078e36cf38b85af677262)
2026-10-08T13:14:05.6771909Z Download action repository 'actions/setup-node@49933ea5288caeca8642d1e84afbd3f7d6820020' (SHA:49933ea5288caeca8642d1e84afbd3f7d6820020)
2026-10-08T13:14:05.8991586Z Complete job name: node-test
2026-10-08T13:14:05.9593920Z ##[group]Run actions/checkout@11d5960a326750d5838078e36cf38b85af677262
2026-10-08T13:14:05.9594721Z with:
2026-10-08T13:14:05.9595076Z   repository: Jacob-Met/RecallWeave
2026-10-08T13:14:05.9597966Z   token: ***
2026-10-08T13:14:05.9598315Z   ssh-strict: true
2026-10-08T13:14:05.9598666Z   ssh-user: git
2026-10-08T13:14:05.9599025Z   persist-credentials: true
2026-10-08T13:14:05.9599420Z   clean: true
2026-10-08T13:14:05.9599775Z   sparse-checkout-cone-mode: true
2026-10-08T13:14:05.9600189Z   fetch-depth: 1
2026-10-08T13:14:05.9600531Z   fetch-tags: false
2026-10-08T13:14:05.9600885Z   show-progress: true
2026-10-08T13:14:05.9601237Z   lfs: false
2026-10-08T13:14:05.9601563Z   submodules: false
2026-10-08T13:14:05.9601919Z   set-safe-directory: true
2026-10-08T13:14:05.9602320Z   allow-unsafe-pr-checkout: false
2026-10-08T13:14:05.9603177Z ##[endgroup]
2026-10-08T13:14:06.0406102Z Syncing repository: Jacob-Met/RecallWeave
2026-10-08T13:14:06.0408102Z ##[group]Getting Git version info
2026-10-08T13:14:06.0409029Z Working directory is '/home/runner/work/RecallWeave/RecallWeave'
2026-10-08T13:14:06.0409941Z [command]/usr/bin/git version
2026-10-08T13:14:06.0457627Z git version 2.55.0
2026-10-08T13:14:06.0474673Z ##[endgroup]
2026-10-08T13:14:06.0486273Z Temporarily overriding HOME='/home/runner/work/_temp/b2a7f995-84c7-48b0-831c-4f9fd829e512' before making global git config changes
2026-10-08T13:14:06.0487971Z Adding repository directory to the temporary git global config as a safe directory
2026-10-08T13:14:06.0490353Z [command]/usr/bin/git config --global --add safe.directory /home/runner/work/RecallWeave/RecallWeave
2026-10-08T13:14:06.0534458Z Deleting the contents of '/home/runner/work/RecallWeave/RecallWeave'
2026-10-08T13:14:06.0542852Z ##[group]Initializing the repository
2026-10-08T13:14:06.0549358Z [command]/usr/bin/git init /home/runner/work/RecallWeave/RecallWeave
2026-10-08T13:14:06.0642394Z hint: Using 'master' as the name for the initial branch. This default branch name
2026-10-08T13:14:06.0644174Z hint: will change to "main" in Git 3.0. To configure the initial branch name
2026-10-08T13:14:06.0645318Z hint: to use in all of your new repositories, which will suppress this warning,
2026-10-08T13:14:06.0646575Z hint: call:
2026-10-08T13:14:06.0647059Z hint:
2026-10-08T13:14:06.0647672Z hint: 	git config --global init.defaultBranch <name>
2026-10-08T13:14:06.0648425Z hint:
2026-10-08T13:14:06.0649125Z hint: Names commonly chosen instead of 'master' are 'main', 'trunk' and
2026-10-08T13:14:06.0650235Z hint: 'development'. The just-created branch can be renamed via this command:
2026-10-08T13:14:06.0651137Z hint:
2026-10-08T13:14:06.0651626Z hint: 	git branch -m <name>
2026-10-08T13:14:06.0652190Z hint:
2026-10-08T13:14:06.0653219Z hint: Disable this message with "git config set advice.defaultBranchName false"
2026-10-08T13:14:06.0654777Z Initialized empty Git repository in /home/runner/work/RecallWeave/RecallWeave/.git/
2026-10-08T13:14:06.0667740Z [command]/usr/bin/git remote add origin https://github.com/Jacob-Met/RecallWeave
2026-10-08T13:14:06.0708638Z ##[endgroup]
2026-10-08T13:14:06.0709534Z ##[group]Disabling automatic garbage collection
2026-10-08T13:14:06.0712251Z [command]/usr/bin/git config --local gc.auto 0
2026-10-08T13:14:06.0742061Z ##[endgroup]
2026-10-08T13:14:06.0743063Z ##[group]Setting up auth
2026-10-08T13:14:06.0748508Z [command]/usr/bin/git config --local --name-only --get-regexp core\.sshCommand
2026-10-08T13:14:06.0776742Z [command]/usr/bin/git submodule foreach --recursive sh -c "git config --local --name-only --get-regexp 'core\.sshCommand' && git config --local --unset-all 'core.sshCommand' || :"
2026-10-08T13:14:06.1072730Z [command]/usr/bin/git config --local --name-only --get-regexp http\.https\:\/\/github\.com\/\.extraheader
2026-10-08T13:14:06.1104121Z [command]/usr/bin/git submodule foreach --recursive sh -c "git config --local --name-only --get-regexp 'http\.https\:\/\/github\.com\/\.extraheader' && git config --local --unset-all 'http.https://github.com/.extraheader' || :"
2026-10-08T13:14:06.1301564Z [command]/usr/bin/git config --local --name-only --get-regexp ^includeIf\.gitdir:
2026-10-08T13:14:06.1331690Z [command]/usr/bin/git submodule foreach --recursive git config --local --show-origin --name-only --get-regexp remote.origin.url
2026-10-08T13:14:06.1522819Z [command]/usr/bin/git config --local http.https://github.com/.extraheader AUTHORIZATION: basic ***
2026-10-08T13:14:06.1571277Z ##[endgroup]
2026-10-08T13:14:06.1571887Z ##[group]Fetching the repository
2026-10-08T13:14:06.1578876Z [command]/usr/bin/git -c protocol.version=2 fetch --no-tags --prune --no-recurse-submodules --depth=1 origin +31f8beb557e9997566ef8eddbbe3350060013738:refs/remotes/pull/38/merge
2026-10-08T13:14:08.0903059Z From https://github.com/Jacob-Met/RecallWeave
2026-10-08T13:14:08.0904577Z  * [new ref]         31f8beb557e9997566ef8eddbbe3350060013738 -> pull/38/merge
2026-10-08T13:14:08.0907722Z ##[endgroup]
2026-10-08T13:14:08.0909184Z ##[group]Determining the checkout info
2026-10-08T13:14:08.0910739Z ##[endgroup]
2026-10-08T13:14:08.0913272Z [command]/usr/bin/git sparse-checkout disable
2026-10-08T13:14:08.0967766Z [command]/usr/bin/git config --local --unset-all extensions.worktreeConfig
2026-10-08T13:14:08.0998336Z ##[group]Checking out the ref
2026-10-08T13:14:08.1000300Z [command]/usr/bin/git checkout --progress --force refs/remotes/pull/38/merge
2026-10-08T13:14:08.1536930Z Note: switching to 'refs/remotes/pull/38/merge'.
2026-10-08T13:14:08.1537945Z 
2026-10-08T13:14:08.1538690Z You are in 'detached HEAD' state. You can look around, make experimental
2026-10-08T13:14:08.1540546Z changes and commit them, and you can discard any commits you make in this
2026-10-08T13:14:08.1542377Z state without impacting any branches by switching back to a branch.
2026-10-08T13:14:08.1543632Z 
2026-10-08T13:14:08.1544384Z If you want to create a new branch to retain commits you create, you may
2026-10-08T13:14:08.1546140Z do so (now or later) by using -c with the switch command. Example:
2026-10-08T13:14:08.1547441Z 
2026-10-08T13:14:08.1547875Z   git switch -c <new-branch-name>
2026-10-08T13:14:08.1548543Z 
2026-10-08T13:14:08.1548998Z Or undo this operation with:
2026-10-08T13:14:08.1549790Z 
2026-10-08T13:14:08.1550217Z   git switch -
2026-10-08T13:14:08.1550742Z 
2026-10-08T13:14:08.1551619Z Turn off this advice by setting config variable advice.detachedHead to false
2026-10-08T13:14:08.1553008Z 
2026-10-08T13:14:08.1554133Z HEAD is now at 31f8beb Merge 611d341b562475610dc9bf598b1e0b5790d431d6 into 9b69c9c1dcc578d45e58d9b7f78eecb0613d76f3
2026-10-08T13:14:08.1558193Z ##[endgroup]
2026-10-08T13:14:08.1593195Z [command]/usr/bin/git log -1 --format=%H
2026-10-08T13:14:08.1615689Z 31f8beb557e9997566ef8eddbbe3350060013738
2026-10-08T13:14:08.1976623Z ##[group]Run actions/setup-node@49933ea5288caeca8642d1e84afbd3f7d6820020
2026-10-08T13:14:08.1978301Z with:
2026-10-08T13:14:08.1979055Z   node-version: 20
2026-10-08T13:14:08.1980126Z   always-auth: false
2026-10-08T13:14:08.1981142Z   check-latest: false
2026-10-08T13:14:08.1990519Z   token: ***
2026-10-08T13:14:08.1991506Z ##[endgroup]
2026-10-08T13:14:08.3591282Z Attempting to download 20...
2026-10-08T13:14:08.3675477Z (node:2077) [DEP0040] DeprecationWarning: The `punycode` module is deprecated. Please use a userland alternative instead.
2026-10-08T13:14:08.3678115Z (Use `node --trace-deprecation ...` to show where the warning was created)
2026-10-08T13:14:09.4198926Z Acquiring 20.20.2 - x64 from https://github.com/actions/node-versions/releases/download/20.20.2-23521894959/node-20.20.2-linux-x64.tar.gz
2026-10-08T13:14:09.8441421Z Extracting ...
2026-10-08T13:14:09.8544144Z [command]/usr/bin/tar xz --strip 1 --warning=no-unknown-keyword --overwrite -C /home/runner/work/_temp/ec8884b8-8a1e-4362-8c8c-746bd437b14d -f /home/runner/work/_temp/8a72a297-3744-4b92-b154-e8ae9cd98225
2026-10-08T13:14:10.7113920Z Adding to the cache ...
2026-10-08T13:14:12.5709372Z ##[group]Environment details
2026-10-08T13:14:12.8831516Z node: v20.20.2
2026-10-08T13:14:12.8831942Z npm: 10.8.2
2026-10-08T13:14:12.8832192Z yarn: 1.22.22
2026-10-08T13:14:12.8832945Z ##[endgroup]
2026-10-08T13:14:12.8985186Z ##[group]Run node --test tests/*.test.mjs
2026-10-08T13:14:12.8985533Z [36;1mnode --test tests/*.test.mjs[0m
2026-10-08T13:14:12.9698089Z shell: /usr/bin/bash -e {0}
2026-10-08T13:14:12.9698393Z ##[endgroup]
2026-10-08T13:14:13.0209822Z TAP version 13
2026-10-08T13:14:13.0665089Z # Subtest: display orders retain every canonical option exactly once and are immutable
2026-10-08T13:14:13.0676047Z ok 1 - display orders retain every canonical option exactly once and are immutable
2026-10-08T13:14:13.0677085Z   ---
2026-10-08T13:14:13.0677565Z   duration_ms: 7.970402
2026-10-08T13:14:13.0678011Z   ...
2026-10-08T13:14:13.0679027Z # Subtest: a stable source replays an order and changed input can put the answer in every display position
2026-10-08T13:14:13.0680381Z ok 2 - a stable source replays an order and changed input can put the answer in every display position
2026-10-08T13:14:13.0681334Z   ---
2026-10-08T13:14:13.0681832Z   duration_ms: 0.865504
2026-10-08T13:14:13.0682413Z   ...
2026-10-08T13:14:13.0683576Z # Subtest: invalid counts or random values cannot produce duplicate, missing, or unaddressable choices
2026-10-08T13:14:13.0684890Z ok 3 - invalid counts or random values cannot produce duplicate, missing, or unaddressable choices
2026-10-08T13:14:13.0685657Z   ---
2026-10-08T13:14:13.0686055Z   duration_ms: 0.335017
2026-10-08T13:14:13.0686523Z   ...
2026-10-08T13:14:13.0697208Z # Subtest: varied displayed choices keep review, corrected practice and study notes tied to their original text
2026-10-08T13:14:13.0706692Z ok 4 - varied displayed choices keep review, corrected practice and study notes tied to their original text
2026-10-08T13:14:13.0707741Z   ---
2026-10-08T13:14:13.0708227Z   duration_ms: 7.66589
2026-10-08T13:14:13.0708693Z   ...
2026-10-08T13:14:13.0862532Z # Subtest: the direct-file author page is generated from all current author modules
2026-10-08T13:14:13.0865694Z ok 5 - the direct-file author page is generated from all current author modules
2026-10-08T13:14:13.0866398Z   ---
2026-10-08T13:14:13.0869404Z   duration_ms: 40.340003
2026-10-08T13:14:13.0870096Z   ...
2026-10-08T13:14:13.1063107Z # Subtest: the binary-search course round-trips through the published deck contract
2026-10-08T13:14:13.1066491Z ok 6 - the binary-search course round-trips through the published deck contract
2026-10-08T13:14:13.1083862Z   ---
2026-10-08T13:14:13.1084430Z   duration_ms: 3.359283
2026-10-08T13:14:13.1084900Z   ...
2026-10-08T13:14:13.1085766Z # Subtest: worked first-occurrence and absent examples agree with an independent linear partition
2026-10-08T13:14:13.1086989Z ok 7 - worked first-occurrence and absent examples agree with an independent linear partition
2026-10-08T13:14:13.1087746Z   ---
2026-10-08T13:14:13.1088171Z   duration_ms: 1.407097
2026-10-08T13:14:13.1088623Z   ...
2026-10-08T13:14:13.1090173Z # Subtest: midpoint and branch answers use the course’s half-open interval convention
2026-10-08T13:14:13.1091519Z ok 8 - midpoint and branch answers use the course’s half-open interval convention
2026-10-08T13:14:13.1092199Z   ---
2026-10-08T13:14:13.1092777Z   duration_ms: 0.287947
2026-10-08T13:14:13.1093245Z   ...
2026-10-08T13:14:13.1093977Z # Subtest: the worked trace and worst-case count follow strictly shrinking intervals
2026-10-08T13:14:13.1095322Z ok 9 - the worked trace and worst-case count follow strictly shrinking intervals
2026-10-08T13:14:13.1095961Z   ---
2026-10-08T13:14:13.1096400Z   duration_ms: 9.85099
2026-10-08T13:14:13.1096834Z   ...
2026-10-08T13:14:13.1097710Z # Subtest: the actual adaptive learner visits every new question and preserves worked feedback
2026-10-08T13:14:13.1098881Z ok 10 - the actual adaptive learner visits every new question and preserves worked feedback
2026-10-08T13:14:13.1099584Z   ---
2026-10-08T13:14:13.1100011Z   duration_ms: 12.905391
2026-10-08T13:14:13.1100442Z   ...
2026-10-08T13:14:13.1744944Z # Subtest: the direct-file handout page is generated from the current validator, document and UI sources
2026-10-08T13:14:13.1758467Z ok 11 - the direct-file handout page is generated from the current validator, document and UI sources
2026-10-08T13:14:13.1759429Z   ---
2026-10-08T13:14:13.1759853Z   duration_ms: 49.789488
2026-10-08T13:14:13.1760304Z   ...
2026-10-08T13:14:13.1873726Z # Subtest: worksheet projection contains only original public question fields in canonical order
2026-10-08T13:14:13.1934966Z ok 12 - worksheet projection contains only original public question fields in canonical order
2026-10-08T13:14:13.1999371Z   ---
2026-10-08T13:14:13.2013300Z   duration_ms: 2.088077
2026-10-08T13:14:13.2037598Z   ...
2026-10-08T13:14:13.2038607Z # Subtest: separate answer key maps B, A and F to the original two, four and six option arrays
2026-10-08T13:14:13.2039708Z ok 13 - separate answer key maps B, A and F to the original two, four and six option arrays
2026-10-08T13:14:13.2040444Z   ---
2026-10-08T13:14:13.2040983Z   duration_ms: 0.293335
2026-10-08T13:14:13.2041551Z   ...
2026-10-08T13:14:13.2042351Z # Subtest: projection is a frozen snapshot and cannot mutate or alias the selected deck
2026-10-08T13:14:13.2043654Z ok 14 - projection is a frozen snapshot and cannot mutate or alias the selected deck
2026-10-08T13:14:13.2044357Z   ---
2026-10-08T13:14:13.2044789Z   duration_ms: 0.596846
2026-10-08T13:14:13.2045261Z   ...
2026-10-08T13:14:13.2046014Z # Subtest: downloaded worksheet JSON and HTML omit authored answers and explanations
2026-10-08T13:14:13.2047044Z ok 15 - downloaded worksheet JSON and HTML omit authored answers and explanations
2026-10-08T13:14:13.2047741Z   ---
2026-10-08T13:14:13.2048177Z   duration_ms: 0.683324
2026-10-08T13:14:13.2048634Z   ...
2026-10-08T13:14:13.2049395Z # Subtest: downloaded answer key carries exact authored answers, explanations and credit
2026-10-08T13:14:13.2050453Z ok 16 - downloaded answer key carries exact authored answers, explanations and credit
2026-10-08T13:14:13.2051629Z   ---
2026-10-08T13:14:13.2052070Z   duration_ms: 0.407354
2026-10-08T13:14:13.2052531Z   ...
2026-10-08T13:14:13.2053652Z # Subtest: literal Unicode, markup, line endings and script delimiters survive JSON without becoming executable markup
2026-10-08T13:14:13.2055017Z ok 17 - literal Unicode, markup, line endings and script delimiters survive JSON without becoming executable markup
2026-10-08T13:14:13.2055847Z   ---
2026-10-08T13:14:13.2056275Z   duration_ms: 1.548476
2026-10-08T13:14:13.2056729Z   ...
2026-10-08T13:14:13.2057552Z # Subtest: real Deck studio checked downloads retain reordered questions and answer identity
2026-10-08T13:14:13.2058800Z ok 18 - real Deck studio checked downloads retain reordered questions and answer identity
2026-10-08T13:14:13.2059532Z   ---
2026-10-08T13:14:13.2059955Z   duration_ms: 0.759076
2026-10-08T13:14:13.2060443Z   ...
2026-10-08T13:14:13.2061262Z # Subtest: real parser rejects malformed, unsupported and oversized local deck input
2026-10-08T13:14:13.2062304Z ok 19 - real parser rejects malformed, unsupported and oversized local deck input
2026-10-08T13:14:13.2063112Z   ---
2026-10-08T13:14:13.2063547Z   duration_ms: 0.981896
2026-10-08T13:14:13.2064001Z   ...
2026-10-08T13:14:13.2064834Z # Subtest: handout creation refuses invalid deck answers instead of producing an untrustworthy key
2026-10-08T13:14:13.2066012Z ok 20 - handout creation refuses invalid deck answers instead of producing an untrustworthy key
2026-10-08T13:14:13.2066763Z   ---
2026-10-08T13:14:13.2067190Z   duration_ms: 0.323039
2026-10-08T13:14:13.2067648Z   ...
2026-10-08T13:14:13.2068424Z # Subtest: document modes are explicit and invalid choices never silently produce an answer key
2026-10-08T13:14:13.2069523Z ok 21 - document modes are explicit and invalid choices never silently produce an answer key
2026-10-08T13:14:13.2070244Z   ---
2026-10-08T13:14:13.2070670Z   duration_ms: 0.415857
2026-10-08T13:14:13.2071125Z   ...
2026-10-08T13:14:13.2071786Z # Subtest: worksheet and key filenames are distinct bounded local names
2026-10-08T13:14:13.2073111Z ok 22 - worksheet and key filenames are distinct bounded local names
2026-10-08T13:14:13.2073793Z   ---
2026-10-08T13:14:13.2074233Z   duration_ms: 0.259465
2026-10-08T13:14:13.2074693Z   ...
2026-10-08T13:14:13.2075442Z # Subtest: repeat exports are deterministic and leave the original selected JSON unchanged
2026-10-08T13:14:13.2076466Z ok 23 - repeat exports are deterministic and leave the original selected JSON unchanged
2026-10-08T13:14:13.2077399Z   ---
2026-10-08T13:14:13.2083447Z   duration_ms: 0.295278
2026-10-08T13:14:13.2083949Z   ...
2026-10-08T13:14:13.4730734Z # Subtest: unfinished and completely empty drafts save without claiming lesson validity
2026-10-08T13:14:13.4754011Z ok 24 - unfinished and completely empty drafts save without claiming lesson validity
2026-10-08T13:14:13.4779410Z   ---
2026-10-08T13:14:13.4793626Z   duration_ms: 4.928149
2026-10-08T13:14:13.4823582Z   ...
2026-10-08T13:14:13.4833987Z # Subtest: duplicate text, cyclic and self prerequisites, and unfinished selections survive for repair
2026-10-08T13:14:13.4863989Z ok 25 - duplicate text, cyclic and self prerequisites, and unfinished selections survive for repair
2026-10-08T13:14:13.4883340Z   ---
2026-10-08T13:14:13.4883905Z   duration_ms: 1.354128
2026-10-08T13:14:13.4884478Z   ...
2026-10-08T13:14:13.4885381Z # Subtest: ready imported lessons retain public IDs, ordered content, answer identity and checked bytes
2026-10-08T13:14:13.4886607Z ok 26 - ready imported lessons retain public IDs, ordered content, answer identity and checked bytes
2026-10-08T13:14:13.4887389Z   ---
2026-10-08T13:14:13.4887855Z   duration_ms: 2.760204
2026-10-08T13:14:13.4888337Z   ...
2026-10-08T13:14:13.4889306Z # Subtest: canonical private keys recover near-limit counters without changing public IDs or live state
2026-10-08T13:14:13.4890660Z ok 27 - canonical private keys recover near-limit counters without changing public IDs or live state
2026-10-08T13:14:13.4891485Z   ---
2026-10-08T13:14:13.4892407Z   duration_ms: 0.887397
2026-10-08T13:14:13.4917857Z   ...
2026-10-08T13:14:13.4918798Z # Subtest: staged drafts are deeply frozen and replacement copies remain editable
2026-10-08T13:14:13.4919899Z ok 28 - staged drafts are deeply frozen and replacement copies remain editable
2026-10-08T13:14:13.4920508Z   ---
2026-10-08T13:14:13.4920836Z   duration_ms: 0.396989
2026-10-08T13:14:13.4921211Z   ...
2026-10-08T13:14:13.4922118Z # Subtest: missing or ambiguous internal references, malformed shape and unsafe counters refuse before admission
2026-10-08T13:14:13.4923630Z ok 29 - missing or ambiguous internal references, malformed shape and unsafe counters refuse before admission
2026-10-08T13:14:13.4924418Z   ---
2026-10-08T13:14:13.4924732Z   duration_ms: 2.127506
2026-10-08T13:14:13.4925169Z   ...
2026-10-08T13:14:13.4925764Z # Subtest: only recognized editor fields cross the draft boundary
2026-10-08T13:14:13.4926682Z ok 30 - only recognized editor fields cross the draft boundary
2026-10-08T13:14:13.4927310Z   ---
2026-10-08T13:14:13.4927684Z   duration_ms: 0.391691
2026-10-08T13:14:13.4928088Z   ...
2026-10-08T13:14:13.4929073Z # Subtest: a lesson larger than its admission limit can be saved as a draft and repaired later
2026-10-08T13:14:13.4930406Z ok 31 - a lesson larger than its admission limit can be saved as a draft and repaired later
2026-10-08T13:14:13.4931226Z   ---
2026-10-08T13:14:13.4931602Z   duration_ms: 12.00813
2026-10-08T13:14:13.4932015Z   ...
2026-10-08T13:14:13.4933041Z # Subtest: draft size limits count actual UTF-8 bytes and failed saving leaves writing intact
2026-10-08T13:14:13.4934332Z ok 32 - draft size limits count actual UTF-8 bytes and failed saving leaves writing intact
2026-10-08T13:14:13.4935027Z   ---
2026-10-08T13:14:13.4935286Z   duration_ms: 48.615673
2026-10-08T13:14:13.4935575Z   ...
2026-10-08T13:14:13.4936292Z # Subtest: compact drafts remain saveable near and exactly at the byte limit without added whitespace
2026-10-08T13:14:13.4937366Z ok 33 - compact drafts remain saveable near and exactly at the byte limit without added whitespace
2026-10-08T13:14:13.4937990Z   ---
2026-10-08T13:14:13.4938555Z   duration_ms: 207.374125
2026-10-08T13:14:13.4938854Z   ...
2026-10-08T13:14:13.4939531Z # Subtest: a file whose canonical private keys exceed the saved limit is refused before admission
2026-10-08T13:14:13.4940629Z ok 34 - a file whose canonical private keys exceed the saved limit is refused before admission
2026-10-08T13:14:13.4941213Z   ---
2026-10-08T13:14:13.4941474Z   duration_ms: 36.260211
2026-10-08T13:14:13.4941769Z   ...
2026-10-08T13:14:13.5085849Z # Subtest: a valid deck stages without touching authored text and commits once with full immutable content
2026-10-08T13:14:13.5100093Z ok 35 - a valid deck stages without touching authored text and commits once with full immutable content
2026-10-08T13:14:13.5133250Z   ---
2026-10-08T13:14:13.5153459Z   duration_ms: 9.032557
2026-10-08T13:14:13.5154105Z   ...
2026-10-08T13:14:13.5155037Z # Subtest: invalid JSON, invalid answer, oversized file and unreadable file preserve the draft and allow retry
2026-10-08T13:14:13.5156397Z ok 36 - invalid JSON, invalid answer, oversized file and unreadable file preserve the draft and allow retry
2026-10-08T13:14:13.5157225Z   ---
2026-10-08T13:14:13.5190948Z   duration_ms: 8.026184
2026-10-08T13:14:13.5223285Z   ...
2026-10-08T13:14:13.5284732Z # Subtest: unfinished and cyclic draft files stage visibly and replace once with an immutable editable state
2026-10-08T13:14:13.5292397Z ok 37 - unfinished and cyclic draft files stage visibly and replace once with an immutable editable state
2026-10-08T13:14:13.5293482Z   ---
2026-10-08T13:14:13.5293943Z   duration_ms: 2.920592
2026-10-08T13:14:13.5294404Z   ...
2026-10-08T13:14:13.5295236Z # Subtest: a draft suffix cannot admit an oversized lesson deck through the larger draft-file limit
2026-10-08T13:14:13.5296397Z ok 38 - a draft suffix cannot admit an oversized lesson deck through the larger draft-file limit
2026-10-08T13:14:13.5297629Z   ---
2026-10-08T13:14:13.5298033Z   duration_ms: 5.337907
2026-10-08T13:14:13.5298459Z   ...
2026-10-08T13:14:13.5299351Z # Subtest: malformed and unsupported editable drafts preserve the old draft and retire pending previews
2026-10-08T13:14:13.5300602Z ok 39 - malformed and unsupported editable drafts preserve the old draft and retire pending previews
2026-10-08T13:14:13.5301384Z   ---
2026-10-08T13:14:13.5301780Z   duration_ms: 3.925703
2026-10-08T13:14:13.5302196Z   ...
2026-10-08T13:14:13.5303076Z # Subtest: newest selected format wins across slow draft-to-deck and deck-to-draft reads
2026-10-08T13:14:13.5304383Z ok 40 - newest selected format wins across slow draft-to-deck and deck-to-draft reads
2026-10-08T13:14:13.5305084Z   ---
2026-10-08T13:14:13.5305496Z   duration_ms: 1.720112
2026-10-08T13:14:13.5305918Z   ...
2026-10-08T13:14:13.5306827Z # Subtest: explicit Keep current draft clears staged replacement and restores the open control focus
2026-10-08T13:14:13.5308184Z ok 41 - explicit Keep current draft clears staged replacement and restores the open control focus
2026-10-08T13:14:13.5308987Z   ---
2026-10-08T13:14:13.5309436Z   duration_ms: 0.927927
2026-10-08T13:14:13.5309894Z   ...
2026-10-08T13:14:13.5310712Z # Subtest: opening another chooser invalidates its old preview even when the chooser is cancelled
2026-10-08T13:14:13.5311949Z ok 42 - opening another chooser invalidates its old preview even when the chooser is cancelled
2026-10-08T13:14:13.5313719Z   ---
2026-10-08T13:14:13.5314191Z   duration_ms: 1.363893
2026-10-08T13:14:13.5314650Z   ...
2026-10-08T13:14:13.5315363Z # Subtest: a newer valid choice wins over an earlier slow success or failure
2026-10-08T13:14:13.5316332Z ok 43 - a newer valid choice wins over an earlier slow success or failure
2026-10-08T13:14:13.5317000Z   ---
2026-10-08T13:14:13.5317405Z   duration_ms: 1.791497
2026-10-08T13:14:13.5317825Z   ...
2026-10-08T13:14:13.5318627Z # Subtest: cancelled or empty file selection prevents a late read from reopening a preview
2026-10-08T13:14:13.5319779Z ok 44 - cancelled or empty file selection prevents a late read from reopening a preview
2026-10-08T13:14:13.5320793Z   ---
2026-10-08T13:14:13.5321258Z   duration_ms: 3.841979
2026-10-08T13:14:13.5321709Z   ...
2026-10-08T13:14:13.5322462Z # Subtest: invalid newer files invalidate an earlier pending or staged valid deck
2026-10-08T13:14:13.5323741Z ok 45 - invalid newer files invalidate an earlier pending or staged valid deck
2026-10-08T13:14:13.5324453Z   ---
2026-10-08T13:14:13.5324885Z   duration_ms: 1.090707
2026-10-08T13:14:13.5325331Z   ...
2026-10-08T13:14:13.5326188Z # Subtest: undo restores all writing while clearing only references to deliberately removed concepts
2026-10-08T13:14:13.5327424Z ok 46 - undo restores all writing while clearing only references to deliberately removed concepts
2026-10-08T13:14:13.5328243Z   ---
2026-10-08T13:14:13.5328659Z   duration_ms: 3.463316
2026-10-08T13:14:13.5329099Z   ...
2026-10-08T13:14:13.5330020Z # Subtest: undo retains known selections and even unfinished self links while removing a missing prerequisite
2026-10-08T13:14:13.5331344Z ok 47 - undo retains known selections and even unfinished self links while removing a missing prerequisite
2026-10-08T13:14:13.5332155Z   ---
2026-10-08T13:14:13.5332849Z   duration_ms: 0.289149
2026-10-08T13:14:13.5333274Z   ...
2026-10-08T13:14:13.5333929Z # Subtest: blank editor requires authored metadata and a deliberate answer
2026-10-08T13:14:13.5334830Z ok 48 - blank editor requires authored metadata and a deliberate answer
2026-10-08T13:14:13.5335408Z   ---
2026-10-08T13:14:13.5335796Z   duration_ms: 3.651086
2026-10-08T13:14:13.5336215Z   ...
2026-10-08T13:14:13.5337100Z # Subtest: opening a validated lesson makes an independent editable draft and preserves IDs and literals
2026-10-08T13:14:13.5338324Z ok 49 - opening a validated lesson makes an independent editable draft and preserves IDs and literals
2026-10-08T13:14:13.5339131Z   ---
2026-10-08T13:14:13.5339547Z   duration_ms: 0.685156
2026-10-08T13:14:13.5340345Z   ...
2026-10-08T13:14:13.5341130Z # Subtest: correctness follows an option when moved or when a preceding option is removed
2026-10-08T13:14:13.5342206Z ok 50 - correctness follows an option when moved or when a preceding option is removed
2026-10-08T13:14:13.5343130Z   ---
2026-10-08T13:14:13.5343573Z   duration_ms: 0.571588
2026-10-08T13:14:13.5344013Z   ...
2026-10-08T13:14:13.5344657Z # Subtest: option limits refuse without deleting text or changing the answer
2026-10-08T13:14:13.5345590Z ok 51 - option limits refuse without deleting text or changing the answer
2026-10-08T13:14:13.5346230Z   ---
2026-10-08T13:14:13.5346631Z   duration_ms: 0.487854
2026-10-08T13:14:13.5347069Z   ...
2026-10-08T13:14:13.5347964Z # Subtest: concept renaming updates question and prerequisite references while used deletion is refused
2026-10-08T13:14:13.5349273Z ok 52 - concept renaming updates question and prerequisite references while used deletion is refused
2026-10-08T13:14:13.5350105Z   ---
2026-10-08T13:14:13.5350527Z   duration_ms: 0.336179
2026-10-08T13:14:13.5350948Z   ...
2026-10-08T13:14:13.5351709Z # Subtest: cycles, uncovered concepts and duplicate answer text remain repairable drafts
2026-10-08T13:14:13.5352957Z ok 53 - cycles, uncovered concepts and duplicate answer text remain repairable drafts
2026-10-08T13:14:13.5353659Z   ---
2026-10-08T13:14:13.5354049Z   duration_ms: 0.435245
2026-10-08T13:14:13.5354471Z   ...
2026-10-08T13:14:13.5355320Z # Subtest: question reordering and undo restore the removed question without rolling back later edits
2026-10-08T13:14:13.5356521Z ok 54 - question reordering and undo restore the removed question without rolling back later edits
2026-10-08T13:14:13.5357325Z   ---
2026-10-08T13:14:13.5357710Z   duration_ms: 1.305687
2026-10-08T13:14:13.5358134Z   ...
2026-10-08T13:14:13.5358766Z # Subtest: new question IDs do not overwrite IDs from an opened deck
2026-10-08T13:14:13.5359640Z ok 55 - new question IDs do not overwrite IDs from an opened deck
2026-10-08T13:14:13.5360235Z   ---
2026-10-08T13:14:13.5360628Z   duration_ms: 0.312193
2026-10-08T13:14:13.5361037Z   ...
2026-10-08T13:14:13.5362085Z # Subtest: checked snapshots are immutable, deterministic, and separate from later draft edits
2026-10-08T13:14:13.5363676Z ok 56 - checked snapshots are immutable, deterministic, and separate from later draft edits
2026-10-08T13:14:13.5364415Z   ---
2026-10-08T13:14:13.5364848Z   duration_ms: 0.341546
2026-10-08T13:14:13.5365306Z   ...
2026-10-08T13:14:13.5366184Z # Subtest: individually valid multibyte content cannot export a file larger than the importer admits
2026-10-08T13:14:13.5367474Z ok 57 - individually valid multibyte content cannot export a file larger than the importer admits
2026-10-08T13:14:13.5368253Z   ---
2026-10-08T13:14:13.5368785Z   duration_ms: 6.004926
2026-10-08T13:14:13.5369300Z   ...
2026-10-08T13:14:13.5369962Z # Subtest: download filenames are bounded local names
2026-10-08T13:14:13.5370920Z ok 58 - download filenames are bounded local names
2026-10-08T13:14:13.5371500Z   ---
2026-10-08T13:14:13.5371979Z   duration_ms: 0.313595
2026-10-08T13:14:13.5372693Z   ...
2026-10-08T13:14:13.5373503Z # Subtest: the existing bundled deck imports unchanged without a format field
2026-10-08T13:14:13.5374454Z ok 59 - the existing bundled deck imports unchanged without a format field
2026-10-08T13:14:13.5375073Z   ---
2026-10-08T13:14:13.5375429Z   duration_ms: 2.466177
2026-10-08T13:14:13.5375874Z   ...
2026-10-08T13:14:13.5376471Z # Subtest: a deck is an immutable copy, and unknown fields cannot configure the runtime
2026-10-08T13:14:13.5377319Z ok 60 - a deck is an immutable copy, and unknown fields cannot configure the runtime
2026-10-08T13:14:13.5377811Z   ---
2026-10-08T13:14:13.5378063Z   duration_ms: 0.617226
2026-10-08T13:14:13.5378334Z   ...
2026-10-08T13:14:13.5379007Z # Subtest: malformed JSON, unsupported versions and wrong top-level values give actionable errors
2026-10-08T13:14:13.5379977Z ok 61 - malformed JSON, unsupported versions and wrong top-level values give actionable errors
2026-10-08T13:14:13.5380766Z   ---
2026-10-08T13:14:13.5381006Z   duration_ms: 0.307145
2026-10-08T13:14:13.5381280Z   ...
2026-10-08T13:14:13.5381810Z # Subtest: JSON byte limit counts multibyte text and accepts the exact boundary
2026-10-08T13:14:13.5382760Z ok 62 - JSON byte limit counts multibyte text and accepts the exact boundary
2026-10-08T13:14:13.5383226Z   ---
2026-10-08T13:14:13.5383462Z   duration_ms: 2.301113
2026-10-08T13:14:13.5383698Z   ...
2026-10-08T13:14:13.5384056Z # Subtest: required readable metadata and bounded question fields are validated
2026-10-08T13:14:13.5384542Z ok 63 - required readable metadata and bounded question fields are validated
2026-10-08T13:14:13.5384847Z   ---
2026-10-08T13:14:13.5385010Z   duration_ms: 1.918816
2026-10-08T13:14:13.5385193Z   ...
2026-10-08T13:14:13.5385539Z # Subtest: empty and oversized collections and duplicate identities are refused
2026-10-08T13:14:13.5386009Z ok 64 - empty and oversized collections and duplicate identities are refused
2026-10-08T13:14:13.5386309Z   ---
2026-10-08T13:14:13.5386477Z   duration_ms: 0.490738
2026-10-08T13:14:13.5386662Z   ...
2026-10-08T13:14:13.5387151Z # Subtest: every question and prerequisite must name a known covered concept
2026-10-08T13:14:13.5387877Z ok 65 - every question and prerequisite must name a known covered concept
2026-10-08T13:14:13.5388334Z   ---
2026-10-08T13:14:13.5388578Z   duration_ms: 0.307366
2026-10-08T13:14:13.5388858Z   ...
2026-10-08T13:14:13.5389444Z # Subtest: self-requirements and concept cycles across different questions are refused
2026-10-08T13:14:13.5390309Z ok 66 - self-requirements and concept cycles across different questions are refused
2026-10-08T13:14:13.5390807Z   ---
2026-10-08T13:14:13.5391054Z   duration_ms: 0.264873
2026-10-08T13:14:13.5391319Z   ...
2026-10-08T13:14:13.5392001Z # Subtest: choices require distinct readable options and an actual integer answer index
2026-10-08T13:14:13.5395431Z ok 67 - choices require distinct readable options and an actual integer answer index
2026-10-08T13:14:13.5395917Z   ---
2026-10-08T13:14:13.5396102Z   duration_ms: 0.574022
2026-10-08T13:14:13.5396485Z   ...
2026-10-08T13:14:13.5396887Z # Subtest: 100 questions and 32 concepts work through the existing selector to exhaustion
2026-10-08T13:14:13.5397426Z ok 68 - 100 questions and 32 concepts work through the existing selector to exhaustion
2026-10-08T13:14:13.5397758Z   ---
2026-10-08T13:14:13.5397932Z   duration_ms: 110.539614
2026-10-08T13:14:13.5398126Z   ...
2026-10-08T13:14:13.5398556Z # Subtest: imported answer indices, literal text and object-key names survive learning and practice
2026-10-08T13:14:13.5399155Z ok 69 - imported answer indices, literal text and object-key names survive learning and practice
2026-10-08T13:14:13.5399498Z   ---
2026-10-08T13:14:13.5399667Z   duration_ms: 0.752566
2026-10-08T13:14:13.5399848Z   ...
2026-10-08T13:14:13.5400256Z # Subtest: downloadable example round-trips through the import contract with full attribution
2026-10-08T13:14:13.5400848Z ok 70 - downloadable example round-trips through the import contract with full attribution
2026-10-08T13:14:13.5401186Z   ---
2026-10-08T13:14:13.5401353Z   duration_ms: 0.547111
2026-10-08T13:14:13.5401532Z   ...
2026-10-08T13:14:13.5401900Z # Subtest: the exact original course is bounded, admitted, balanced and round-trippable
2026-10-08T13:14:13.5402427Z ok 71 - the exact original course is bounded, admitted, balanced and round-trippable
2026-10-08T13:14:13.5403072Z   ---
2026-10-08T13:14:13.5403317Z   duration_ms: 2.017022
2026-10-08T13:14:13.5403591Z   ...
2026-10-08T13:14:13.5404152Z # Subtest: every stated answer follows the literal graph, with one correct option
2026-10-08T13:14:13.5404707Z     # Subtest: dg-links-1
2026-10-08T13:14:13.5405030Z     ok 1 - dg-links-1
2026-10-08T13:14:13.5405317Z       ---
2026-10-08T13:14:13.5405591Z       duration_ms: 0.339133
2026-10-08T13:14:13.5405887Z       ...
2026-10-08T13:14:13.5406142Z     # Subtest: dg-links-2
2026-10-08T13:14:13.5406708Z     ok 2 - dg-links-2
2026-10-08T13:14:13.5406992Z       ---
2026-10-08T13:14:13.5407269Z       duration_ms: 0.315308
2026-10-08T13:14:13.5407572Z       ...
2026-10-08T13:14:13.5407834Z     # Subtest: dg-links-3
2026-10-08T13:14:13.5408139Z     ok 3 - dg-links-3
2026-10-08T13:14:13.5408420Z       ---
2026-10-08T13:14:13.5408679Z       duration_ms: 0.307216
2026-10-08T13:14:13.5408977Z       ...
2026-10-08T13:14:13.5409237Z     # Subtest: dg-reach-1
2026-10-08T13:14:13.5409542Z     ok 4 - dg-reach-1
2026-10-08T13:14:13.5409820Z       ---
2026-10-08T13:14:13.5410085Z       duration_ms: 0.309769
2026-10-08T13:14:13.5410375Z       ...
2026-10-08T13:14:13.5410618Z     # Subtest: dg-reach-2
2026-10-08T13:14:13.5410920Z     ok 5 - dg-reach-2
2026-10-08T13:14:13.5411194Z       ---
2026-10-08T13:14:13.5411441Z       duration_ms: 0.2699
2026-10-08T13:14:13.5411715Z       ...
2026-10-08T13:14:13.5411973Z     # Subtest: dg-reach-3
2026-10-08T13:14:13.5412280Z     ok 6 - dg-reach-3
2026-10-08T13:14:13.5412743Z       ---
2026-10-08T13:14:13.5413019Z       duration_ms: 0.141369
2026-10-08T13:14:13.5413326Z       ...
2026-10-08T13:14:13.5413598Z     # Subtest: dg-order-1
2026-10-08T13:14:13.5413913Z     ok 7 - dg-order-1
2026-10-08T13:14:13.5414197Z       ---
2026-10-08T13:14:13.5414470Z       duration_ms: 0.179406
2026-10-08T13:14:13.5414775Z       ...
2026-10-08T13:14:13.5415036Z     # Subtest: dg-order-2
2026-10-08T13:14:13.5415341Z     ok 8 - dg-order-2
2026-10-08T13:14:13.5415622Z       ---
2026-10-08T13:14:13.5415886Z       duration_ms: 0.280416
2026-10-08T13:14:13.5416178Z       ...
2026-10-08T13:14:13.5416442Z     # Subtest: dg-order-3
2026-10-08T13:14:13.5416737Z     ok 9 - dg-order-3
2026-10-08T13:14:13.5417043Z       ---
2026-10-08T13:14:13.5417307Z       duration_ms: 0.41774
2026-10-08T13:14:13.5417591Z       ...
2026-10-08T13:14:13.5417854Z     # Subtest: dg-update-1
2026-10-08T13:14:13.5418179Z     ok 10 - dg-update-1
2026-10-08T13:14:13.5418475Z       ---
2026-10-08T13:14:13.5418739Z       duration_ms: 0.618928
2026-10-08T13:14:13.5419044Z       ...
2026-10-08T13:14:13.5419309Z     # Subtest: dg-update-2
2026-10-08T13:14:13.5419859Z     ok 11 - dg-update-2
2026-10-08T13:14:13.5420148Z       ---
2026-10-08T13:14:13.5420416Z       duration_ms: 0.725325
2026-10-08T13:14:13.5420710Z       ...
2026-10-08T13:14:13.5420961Z     # Subtest: dg-update-3
2026-10-08T13:14:13.5421264Z     ok 12 - dg-update-3
2026-10-08T13:14:13.5421536Z       ---
2026-10-08T13:14:13.5421793Z       duration_ms: 0.34389
2026-10-08T13:14:13.5422103Z       ...
2026-10-08T13:14:13.5422362Z     1..12
2026-10-08T13:14:13.5423197Z ok 72 - every stated answer follows the literal graph, with one correct option
2026-10-08T13:14:13.5423721Z   ---
2026-10-08T13:14:13.5424054Z   duration_ms: 6.404369
2026-10-08T13:14:13.5424348Z   ...
2026-10-08T13:14:13.5425089Z # Subtest: structurally valid changed content exposes graph reversal and blocked-descendant mistakes
2026-10-08T13:14:13.5426179Z ok 73 - structurally valid changed content exposes graph reversal and blocked-descendant mistakes
2026-10-08T13:14:13.5426794Z   ---
2026-10-08T13:14:13.5427057Z   duration_ms: 1.758499
2026-10-08T13:14:13.5427353Z   ...
2026-10-08T13:14:13.5428018Z # Subtest: the real selector, review, practice, notes and trace consumer preserve this course
2026-10-08T13:14:13.5428991Z ok 74 - the real selector, review, practice, notes and trace consumer preserve this course
2026-10-08T13:14:13.5429546Z   ---
2026-10-08T13:14:13.5429810Z   duration_ms: 14.715687
2026-10-08T13:14:13.5430106Z   ...
2026-10-08T13:14:13.5430606Z # Subtest: BKT probabilities stay bounded across repeated evidence
2026-10-08T13:14:13.5431302Z ok 75 - BKT probabilities stay bounded across repeated evidence
2026-10-08T13:14:13.5431752Z   ---
2026-10-08T13:14:13.5432008Z   duration_ms: 13.188081
2026-10-08T13:14:13.5432296Z   ...
2026-10-08T13:14:13.5433998Z # Subtest: correct evidence raises and incorrect evidence lowers posterior for interior prior
2026-10-08T13:14:13.5435010Z ok 76 - correct evidence raises and incorrect evidence lowers posterior for interior prior
2026-10-08T13:14:13.5435814Z   ---
2026-10-08T13:14:13.5463914Z   duration_ms: 0.214508
2026-10-08T13:14:13.5464214Z   ...
2026-10-08T13:14:13.5464702Z # Subtest: parameter validation rejects impossible probabilities
2026-10-08T13:14:13.5465354Z ok 77 - parameter validation rejects impossible probabilities
2026-10-08T13:14:13.5465767Z   ---
2026-10-08T13:14:13.5466018Z   duration_ms: 0.535564
2026-10-08T13:14:13.5466290Z   ...
2026-10-08T13:14:13.5466904Z # Subtest: entropy and information gain have expected bounds and peak near uncertainty
2026-10-08T13:14:13.5467733Z ok 78 - entropy and information gain have expected bounds and peak near uncertainty
2026-10-08T13:14:13.5468240Z   ---
2026-10-08T13:14:13.5468479Z   duration_ms: 2.046986
2026-10-08T13:14:13.5468738Z   ...
2026-10-08T13:14:13.5469323Z # Subtest: selector prioritizes a weak prerequisite and is stable after exhaustion
2026-10-08T13:14:13.5470191Z ok 79 - selector prioritizes a weak prerequisite and is stable after exhaustion
2026-10-08T13:14:13.5470770Z   ---
2026-10-08T13:14:13.5471008Z   duration_ms: 0.334196
2026-10-08T13:14:13.5471276Z   ...
2026-10-08T13:14:13.5471740Z # Subtest: initial mastery creates independent named concept values
2026-10-08T13:14:13.5472421Z ok 80 - initial mastery creates independent named concept values
2026-10-08T13:14:13.5472997Z   ---
2026-10-08T13:14:13.5473248Z   duration_ms: 0.967195
2026-10-08T13:14:13.5473512Z   ...
2026-10-08T13:14:13.5474187Z # Subtest: scripted learner simulation is deterministic, bounded, and distinguishes selector modes
2026-10-08T13:14:13.5475126Z ok 81 - scripted learner simulation is deterministic, bounded, and distinguishes selector modes
2026-10-08T13:14:13.5475661Z   ---
2026-10-08T13:14:13.5475903Z   duration_ms: 0.571057
2026-10-08T13:14:13.5476167Z   ...
2026-10-08T13:14:13.5555029Z # Subtest: the original course is admitted by the existing deck contract with all four concepts covered
2026-10-08T13:14:13.5556692Z ok 82 - the original course is admitted by the existing deck contract with all four concepts covered
2026-10-08T13:14:13.5557481Z   ---
2026-10-08T13:14:13.5558185Z   duration_ms: 2.920061
2026-10-08T13:14:13.5558690Z   ...
2026-10-08T13:14:13.5559496Z # Subtest: answer positions are balanced and no correct option is uniquely the longest
2026-10-08T13:14:13.5560578Z ok 83 - answer positions are balanced and no correct option is uniquely the longest
2026-10-08T13:14:13.5561281Z   ---
2026-10-08T13:14:13.5561715Z   duration_ms: 0.235739
2026-10-08T13:14:13.5562180Z   ...
2026-10-08T13:14:13.5563240Z # Subtest: each numerical answer uses the stated correction sign, denominator or independence assumption
2026-10-08T13:14:13.5564538Z ok 84 - each numerical answer uses the stated correction sign, denominator or independence assumption
2026-10-08T13:14:13.5565336Z   ---
2026-10-08T13:14:13.5565785Z   duration_ms: 0.390319
2026-10-08T13:14:13.5566236Z   ...
2026-10-08T13:14:13.5567250Z # Subtest: standalone artifact is deterministic, preserves the exact deck bytes and contains executable classic scripts
2026-10-08T13:14:13.5568691Z ok 85 - standalone artifact is deterministic, preserves the exact deck bytes and contains executable classic scripts
2026-10-08T13:14:13.5569528Z   ---
2026-10-08T13:14:13.5569946Z   duration_ms: 4.543849
2026-10-08T13:14:13.5570421Z   ...
2026-10-08T13:14:13.5841191Z # Subtest: worked four-reading budget distinguishes raw mean, correction, sample scatter and mean uncertainty
2026-10-08T13:14:13.5844682Z ok 86 - worked four-reading budget distinguishes raw mean, correction, sample scatter and mean uncertainty
2026-10-08T13:14:13.5845354Z   ---
2026-10-08T13:14:13.5845636Z   duration_ms: 1.628265
2026-10-08T13:14:13.5845936Z   ...
2026-10-08T13:14:13.5853282Z # Subtest: a shared additive correction shifts the estimate without changing either uncertainty component
2026-10-08T13:14:13.5855675Z ok 87 - a shared additive correction shifts the estimate without changing either uncertainty component
2026-10-08T13:14:13.5864020Z   ---
2026-10-08T13:14:13.5864464Z   duration_ms: 0.304822
2026-10-08T13:14:13.5864970Z   ...
2026-10-08T13:14:13.5893848Z # Subtest: identical readings retain a nonzero shared component and are not rejected for numerical repetition
2026-10-08T13:14:13.5923727Z ok 88 - identical readings retain a nonzero shared component and are not rejected for numerical repetition
2026-10-08T13:14:13.5943234Z   ---
2026-10-08T13:14:13.5943711Z   duration_ms: 1.016277
2026-10-08T13:14:13.5944127Z   ...
2026-10-08T13:14:13.5945075Z # Subtest: future independent sample sizes hold shared calibration fixed while repeatability shrinks by square root
2026-10-08T13:14:13.5946452Z ok 89 - future independent sample sizes hold shared calibration fixed while repeatability shrinks by square root
2026-10-08T13:14:13.5947361Z   ---
2026-10-08T13:14:13.5947762Z   duration_ms: 0.419873
2026-10-08T13:14:13.5948167Z   ...
2026-10-08T13:14:13.5948953Z # Subtest: shared covariance gives the same calibration contribution for a mean of any sample size
2026-10-08T13:14:13.5950175Z ok 90 - shared covariance gives the same calibration contribution for a mean of any sample size
2026-10-08T13:14:13.5950910Z   ---
2026-10-08T13:14:13.5951302Z   duration_ms: 0.245023
2026-10-08T13:14:13.5951704Z   ...
2026-10-08T13:14:13.5952470Z # Subtest: compensated raw means preserve small residuals after large opposing readings cancel
2026-10-08T13:14:13.5953836Z ok 91 - compensated raw means preserve small residuals after large opposing readings cancel
2026-10-08T13:14:13.5954587Z   ---
2026-10-08T13:14:13.5955002Z   duration_ms: 0.264162
2026-10-08T13:14:13.5955405Z   ...
2026-10-08T13:14:13.5956224Z # Subtest: centered scatter remains meaningful for a large shared offset and at supported extremes
2026-10-08T13:14:13.5957408Z ok 92 - centered scatter remains meaningful for a large shared offset and at supported extremes
2026-10-08T13:14:13.5958170Z   ---
2026-10-08T13:14:13.5958547Z   duration_ms: 0.324311
2026-10-08T13:14:13.5958944Z   ...
2026-10-08T13:14:13.5959803Z # Subtest: reordering observations preserves the summary but does not assert statistical independence
2026-10-08T13:14:13.5961341Z ok 93 - reordering observations preserves the summary but does not assert statistical independence
2026-10-08T13:14:13.5962181Z   ---
2026-10-08T13:14:13.5962765Z   duration_ms: 0.774719
2026-10-08T13:14:13.5963189Z   ...
2026-10-08T13:14:13.5963953Z # Subtest: input parsing keeps every observation and refuses malformed or missing comma fields
2026-10-08T13:14:13.5965173Z ok 94 - input parsing keeps every observation and refuses malformed or missing comma fields
2026-10-08T13:14:13.5965971Z   ---
2026-10-08T13:14:13.5966392Z   duration_ms: 1.311816
2026-10-08T13:14:13.5966824Z   ...
2026-10-08T13:14:13.5967564Z # Subtest: supported magnitude and nonnegative half-width boundaries are explicit
2026-10-08T13:14:13.5968700Z ok 95 - supported magnitude and nonnegative half-width boundaries are explicit
2026-10-08T13:14:13.5969408Z   ---
2026-10-08T13:14:13.5969838Z   duration_ms: 0.59967
2026-10-08T13:14:13.5970295Z   ...
2026-10-08T13:14:13.5971116Z # Subtest: public calculations reject missing observations and invalid forecast counts
2026-10-08T13:14:13.5972339Z ok 96 - public calculations reject missing observations and invalid forecast counts
2026-10-08T13:14:13.5973285Z   ---
2026-10-08T13:14:13.5973737Z   duration_ms: 0.439522
2026-10-08T13:14:13.5974263Z   ...
2026-10-08T13:14:13.5975203Z # Subtest: calculation snapshots do not mutate caller arrays or change after later edits
2026-10-08T13:14:13.5976379Z ok 97 - calculation snapshots do not mutate caller arrays or change after later edits
2026-10-08T13:14:13.5977076Z   ---
2026-10-08T13:14:13.5977458Z   duration_ms: 0.261668
2026-10-08T13:14:13.5977859Z   ...
2026-10-08T13:14:13.6053623Z # Subtest: review preserves session order and the actual chosen answer
2026-10-08T13:14:13.6058592Z ok 98 - review preserves session order and the actual chosen answer
2026-10-08T13:14:13.6059156Z   ---
2026-10-08T13:14:13.6059844Z   duration_ms: 2.156098
2026-10-08T13:14:13.6060147Z   ...
2026-10-08T13:14:13.6060717Z # Subtest: review is an immutable snapshot independent of mutable input arrays
2026-10-08T13:14:13.6061488Z ok 99 - review is an immutable snapshot independent of mutable input arrays
2026-10-08T13:14:13.6061980Z   ---
2026-10-08T13:14:13.6071059Z   duration_ms: 0.563526
2026-10-08T13:14:13.6071817Z   ...
2026-10-08T13:14:13.6072367Z # Subtest: a review rejects unknown, duplicate, or invalid first answers
2026-10-08T13:14:13.6073103Z ok 100 - a review rejects unknown, duplicate, or invalid first answers
2026-10-08T13:14:13.6073558Z   ---
2026-10-08T13:14:13.6073943Z   duration_ms: 0.483427
2026-10-08T13:14:13.6074225Z   ...
2026-10-08T13:14:13.6074793Z # Subtest: practice includes only initially missed questions in first-attempt order
2026-10-08T13:14:13.6075317Z ok 101 - practice includes only initially missed questions in first-attempt order
2026-10-08T13:14:13.6075632Z   ---
2026-10-08T13:14:13.6075799Z   duration_ms: 0.324191
2026-10-08T13:14:13.6075988Z   ...
2026-10-08T13:14:13.6076369Z # Subtest: correct and incorrect retries remain separate from the immutable original trace
2026-10-08T13:14:13.6076936Z ok 102 - correct and incorrect retries remain separate from the immutable original trace
2026-10-08T13:14:13.6077268Z   ---
2026-10-08T13:14:13.6077440Z   duration_ms: 0.439322
2026-10-08T13:14:13.6077621Z   ...
2026-10-08T13:14:13.6078057Z # Subtest: practice resumes at the next unanswered question and refuses duplicate or out-of-order writes
2026-10-08T13:14:13.6078685Z ok 103 - practice resumes at the next unanswered question and refuses duplicate or out-of-order writes
2026-10-08T13:14:13.6079049Z   ---
2026-10-08T13:14:13.6079219Z   duration_ms: 0.287326
2026-10-08T13:14:13.6079404Z   ...
2026-10-08T13:14:13.6097359Z # Subtest: an all-correct or empty review has no practice question
2026-10-08T13:14:13.6110682Z ok 104 - an all-correct or empty review has no practice question
2026-10-08T13:14:13.6111307Z   ---
2026-10-08T13:14:13.6111710Z   duration_ms: 0.227808
2026-10-08T13:14:13.6112192Z   ...
2026-10-08T13:14:13.6131214Z # Subtest: notes retain the actual first choices, session order, corrections, transfers, and attribution
2026-10-08T13:14:13.6135730Z ok 105 - notes retain the actual first choices, session order, corrections, transfers, and attribution
2026-10-08T13:14:13.6136459Z   ---
2026-10-08T13:14:13.6136715Z   duration_ms: 1.820911
2026-10-08T13:14:13.6136996Z   ...
2026-10-08T13:14:13.6137668Z # Subtest: paused and completed retries cannot replace the first answers or alter the model
2026-10-08T13:14:13.6138613Z ok 106 - paused and completed retries cannot replace the first answers or alter the model
2026-10-08T13:14:13.6139166Z   ---
2026-10-08T13:14:13.6139412Z   duration_ms: 0.673819
2026-10-08T13:14:13.6139690Z   ...
2026-10-08T13:14:13.6140335Z # Subtest: unstarted, zero-answer paused, and all-correct sessions have honest practice labels
2026-10-08T13:14:13.6141303Z ok 107 - unstarted, zero-answer paused, and all-correct sessions have honest practice labels
2026-10-08T13:14:13.6141878Z   ---
2026-10-08T13:14:13.6142139Z   duration_ms: 1.609587
2026-10-08T13:14:13.6142461Z   ...
2026-10-08T13:14:13.6144100Z # Subtest: incomplete, duplicate, legacy choice-less or malformed traces are refused rather than fabricated
2026-10-08T13:14:13.6145203Z ok 108 - incomplete, duplicate, legacy choice-less or malformed traces are refused rather than fabricated
2026-10-08T13:14:13.6145814Z   ---
2026-10-08T13:14:13.6146060Z   duration_ms: 1.036868
2026-10-08T13:14:13.6146339Z   ...
2026-10-08T13:14:13.6147034Z # Subtest: plain-text output preserves Unicode and literal markup without creating executable content
2026-10-08T13:14:13.6148073Z ok 109 - plain-text output preserves Unicode and literal markup without creating executable content
2026-10-08T13:14:13.6148667Z   ---
2026-10-08T13:14:13.6148911Z   duration_ms: 0.334706
2026-10-08T13:14:13.6149182Z   ...
2026-10-08T13:14:14.1279784Z # Subtest: the original twelve-item SQL course uses the published import contract without changing its native meaning
2026-10-08T13:14:14.1281992Z ok 110 - the original twelve-item SQL course uses the published import contract without changing its native meaning
2026-10-08T13:14:14.1283349Z   ---
2026-10-08T13:14:14.1283732Z   duration_ms: 2.59528
2026-10-08T13:14:14.1284149Z   ...
2026-10-08T13:14:14.1285000Z # Subtest: actual SQLite regenerates all twenty-two saved queries and their exact course/default bindings
2026-10-08T13:14:14.1286253Z ok 111 - actual SQLite regenerates all twenty-two saved queries and their exact course/default bindings
2026-10-08T13:14:14.1287189Z   ---
2026-10-08T13:14:14.1287623Z   duration_ms: 475.532061
2026-10-08T13:14:14.1287869Z   ...
2026-10-08T13:14:14.1289858Z # Subtest: native adaptive selection, shuffled choices, review, practice and notes preserve all twelve SQL questions
2026-10-08T13:14:14.1291059Z ok 112 - native adaptive selection, shuffled choices, review, practice and notes preserve all twelve SQL questions
2026-10-08T13:14:14.1291631Z   ---
2026-10-08T13:14:14.1291806Z   duration_ms: 7.697177
2026-10-08T13:14:14.1291992Z   ...
2026-10-08T13:14:14.8274136Z # Subtest: a changed answer or invalid query refuses the build and preserves both saved artifacts
2026-10-08T13:14:14.8275050Z ok 113 - a changed answer or invalid query refuses the build and preserves both saved artifacts
2026-10-08T13:14:14.8275512Z   ---
2026-10-08T13:14:14.8275822Z   duration_ms: 701.691836
2026-10-08T13:14:14.8276292Z   ...
2026-10-08T13:14:14.9240585Z # Subtest: a stale generated explorer fails --check without silently replacing the changed file
2026-10-08T13:14:14.9241237Z ok 114 - a stale generated explorer fails --check without silently replacing the changed file
2026-10-08T13:14:14.9241593Z   ---
2026-10-08T13:14:14.9241771Z   duration_ms: 96.684417
2026-10-08T13:14:14.9241963Z   ...
2026-10-08T13:14:14.9303792Z # Subtest: completed first answers restore in their original adaptive order with exact, unrounded estimates
2026-10-08T13:14:14.9305143Z ok 115 - completed first answers restore in their original adaptive order with exact, unrounded estimates
2026-10-08T13:14:14.9306504Z   ---
2026-10-08T13:14:14.9307007Z   duration_ms: 10.074713
2026-10-08T13:14:14.9307706Z   ...
2026-10-08T13:14:14.9308555Z # Subtest: unstarted, zero-answer, paused and complete practice remain distinct and can resume once
2026-10-08T13:14:14.9333571Z ok 116 - unstarted, zero-answer, paused and complete practice remain distinct and can resume once
2026-10-08T13:14:14.9343275Z   ---
2026-10-08T13:14:14.9345941Z   duration_ms: 4.25461
2026-10-08T13:14:14.9346429Z   ...
2026-10-08T13:14:14.9347023Z # Subtest: all-correct and all-missed completed traces use canonical answer indices
2026-10-08T13:14:14.9347931Z ok 117 - all-correct and all-missed completed traces use canonical answer indices
2026-10-08T13:14:14.9348471Z   ---
2026-10-08T13:14:14.9348739Z   duration_ms: 3.242695
2026-10-08T13:14:14.9349028Z   ...
2026-10-08T13:14:14.9349620Z # Subtest: incomplete, duplicate, unknown and out-of-range first answers are refused
2026-10-08T13:14:14.9350555Z ok 118 - incomplete, duplicate, unknown and out-of-range first answers are refused
2026-10-08T13:14:14.9351072Z   ---
2026-10-08T13:14:14.9351317Z   duration_ms: 7.888941
2026-10-08T13:14:14.9351590Z   ...
2026-10-08T13:14:14.9352290Z # Subtest: a different course revision cannot replace the current deck; property order is immaterial
2026-10-08T13:14:14.9353439Z ok 119 - a different course revision cannot replace the current deck; property order is immaterial
2026-10-08T13:14:14.9354037Z   ---
2026-10-08T13:14:14.9354298Z   duration_ms: 2.953821
2026-10-08T13:14:14.9354555Z   ...
2026-10-08T13:14:14.9355215Z # Subtest: changed model parameters, rounded estimates and incompatible versions are refused
2026-10-08T13:14:14.9356231Z ok 120 - changed model parameters, rounded estimates and incompatible versions are refused
2026-10-08T13:14:14.9356858Z   ---
2026-10-08T13:14:14.9357113Z   duration_ms: 3.124224
2026-10-08T13:14:14.9357694Z   ...
2026-10-08T13:14:14.9358311Z # Subtest: practice replay refuses duplicate, reordered, correct-first and extra answers
2026-10-08T13:14:14.9359275Z ok 121 - practice replay refuses duplicate, reordered, correct-first and extra answers
2026-10-08T13:14:14.9359857Z   ---
2026-10-08T13:14:14.9360136Z   duration_ms: 3.467763
2026-10-08T13:14:14.9360475Z   ...
2026-10-08T13:14:14.9361221Z # Subtest: bounded parsing refuses invalid JSON and oversized UTF-8 before exposing state
2026-10-08T13:14:14.9362147Z ok 122 - bounded parsing refuses invalid JSON and oversized UTF-8 before exposing state
2026-10-08T13:14:14.9362809Z   ---
2026-10-08T13:14:14.9363056Z   duration_ms: 2.646295
2026-10-08T13:14:14.9363322Z   ...
2026-10-08T13:14:14.9363536Z 1..122
2026-10-08T13:14:14.9363760Z # tests 134
2026-10-08T13:14:14.9363981Z # suites 0
2026-10-08T13:14:14.9364207Z # pass 134
2026-10-08T13:14:14.9364444Z # fail 0
2026-10-08T13:14:14.9364670Z # cancelled 0
2026-10-08T13:14:14.9364895Z # skipped 0
2026-10-08T13:14:14.9365136Z # todo 0
2026-10-08T13:14:14.9365394Z # duration_ms 1925.07712
2026-10-08T13:14:14.9678794Z ##[group]Run cp demo.html /tmp/demo-before.html
2026-10-08T13:14:14.9679115Z [36;1mcp demo.html /tmp/demo-before.html[0m
2026-10-08T13:14:14.9679364Z [36;1mpython3 tools/make_demo.py[0m
2026-10-08T13:14:14.9679822Z [36;1mcmp /tmp/demo-before.html demo.html || { echo "demo.html is stale: run 'python3 tools/make_demo.py' and commit the result"; exit 1; }[0m
2026-10-08T13:14:14.9739162Z shell: /usr/bin/bash -e {0}
2026-10-08T13:14:14.9739369Z ##[endgroup]
2026-10-08T13:14:15.1953714Z Built /home/runner/work/RecallWeave/RecallWeave/demo.html (75725 bytes)
2026-10-08T13:14:15.2092208Z Post job cleanup.
2026-10-08T13:14:15.3088551Z (node:2330) [DEP0040] DeprecationWarning: The `punycode` module is deprecated. Please use a userland alternative instead.
2026-10-08T13:14:15.3089500Z (Use `node --trace-deprecation ...` to show where the warning was created)
2026-10-08T13:14:15.3252717Z Post job cleanup.
2026-10-08T13:14:15.3953788Z [command]/usr/bin/git version
2026-10-08T13:14:15.3989211Z git version 2.55.0
2026-10-08T13:14:15.4018405Z Temporarily overriding HOME='/home/runner/work/_temp/ee5038ba-7a0d-4c63-8392-571b2e0f1c19' before making global git config changes
2026-10-08T13:14:15.4019576Z Adding repository directory to the temporary git global config as a safe directory
2026-10-08T13:14:15.4023103Z [command]/usr/bin/git config --global --add safe.directory /home/runner/work/RecallWeave/RecallWeave
2026-10-08T13:14:15.4053590Z [command]/usr/bin/git config --local --name-only --get-regexp core\.sshCommand
2026-10-08T13:14:15.4082336Z [command]/usr/bin/git submodule foreach --recursive sh -c "git config --local --name-only --get-regexp 'core\.sshCommand' && git config --local --unset-all 'core.sshCommand' || :"
2026-10-08T13:14:15.4289639Z [command]/usr/bin/git config --local --name-only --get-regexp http\.https\:\/\/github\.com\/\.extraheader
2026-10-08T13:14:15.4314325Z http.https://github.com/.extraheader
2026-10-08T13:14:15.4322279Z [command]/usr/bin/git config --local --unset-all http.https://github.com/.extraheader
2026-10-08T13:14:15.4352319Z [command]/usr/bin/git submodule foreach --recursive sh -c "git config --local --name-only --get-regexp 'http\.https\:\/\/github\.com\/\.extraheader' && git config --local --unset-all 'http.https://github.com/.extraheader' || :"
2026-10-08T13:14:15.4583722Z [command]/usr/bin/git config --local --name-only --get-regexp ^includeIf\.gitdir:
2026-10-08T13:14:15.4616897Z [command]/usr/bin/git submodule foreach --recursive git config --local --show-origin --name-only --get-regexp remote.origin.url
2026-10-08T13:14:15.4997396Z Cleaning up orphan processes
2026-10-08T13:14:15.5230242Z ##[warning]Node.js 20 is deprecated. The following actions target Node.js 20 but are being forced to run on Node.js 24: actions/checkout@11d5960a326750d5838078e36cf38b85af677262, actions/setup-node@49933ea5288caeca8642d1e84afbd3f7d6820020. For more information see: https://github.blog/changelog/2025-09-19-deprecation-of-node-20-on-github-actions-runners/
