TAP version 13
# Subtest: perfect and perfectly inverted responses reveal prior entropy, including certainty
not ok 1 - perfect and perfectly inverted responses reveal prior entropy, including certainty
  ---
  duration_ms: 2.1683
  type: 'test'
  location: '<OWNED_WORKSPACE>\\source\\tests\\information-gain-boundaries.test.mjs:26:1'
  failureType: 'testCodeFailure'
  error: |-
    Expected values to be strictly equal:
    
    NaN !== 0
    
  code: 'ERR_ASSERTION'
  name: 'AssertionError'
  expected: 0
  actual: NaN
  operator: 'strictEqual'
  stack: |-
    TestContext.<anonymous> (file:///<OWNED_WORKSPACE>/source/tests/information-gain-boundaries.test.mjs:29:14)
    Test.runInAsyncScope (node:async_hooks:227:14)
    Test.run (node:internal/test_runner/test:1382:25)
    Test.start (node:internal/test_runner/test:1242:17)
    startSubtestAfterBootstrap (node:internal/test_runner/harness:387:17)
  ...
# Subtest: an always-correct or always-wrong response supplies zero information
not ok 2 - an always-correct or always-wrong response supplies zero information
  ---
  duration_ms: 0.2986
  type: 'test'
  location: '<OWNED_WORKSPACE>\\source\\tests\\information-gain-boundaries.test.mjs:34:1'
  failureType: 'testCodeFailure'
  error: |-
    Expected values to be strictly equal:
    
    NaN !== 0
    
  code: 'ERR_ASSERTION'
  name: 'AssertionError'
  expected: 0
  actual: NaN
  operator: 'strictEqual'
  stack: |-
    TestContext.<anonymous> (file:///<OWNED_WORKSPACE>/source/tests/information-gain-boundaries.test.mjs:37:14)
    Test.runInAsyncScope (node:async_hooks:227:14)
    Test.run (node:internal/test_runner/test:1382:25)
    Test.processPendingSubtests (node:internal/test_runner/test:960:18)
    Test.postRun (node:internal/test_runner/test:1522:19)
    Test.run (node:internal/test_runner/test:1447:12)
    async startSubtestAfterBootstrap (node:internal/test_runner/harness:387:3)
  ...
# Subtest: finite gains match the response-entropy oracle on 9,261 bounded channel states
not ok 3 - finite gains match the response-entropy oracle on 9,261 bounded channel states
  ---
  duration_ms: 0.9475
  type: 'test'
  location: '<OWNED_WORKSPACE>\\source\\tests\\information-gain-boundaries.test.mjs:42:1'
  failureType: 'testCodeFailure'
  error: 'prior=0, guess=0, slip=0'
  code: 'ERR_ASSERTION'
  name: 'AssertionError'
  expected: true
  actual: false
  operator: '=='
  stack: |-
    TestContext.<anonymous> (file:///<OWNED_WORKSPACE>/source/tests/information-gain-boundaries.test.mjs:50:16)
    Test.runInAsyncScope (node:async_hooks:227:14)
    Test.run (node:internal/test_runner/test:1382:25)
    Test.processPendingSubtests (node:internal/test_runner/test:960:18)
    Test.postRun (node:internal/test_runner/test:1522:19)
    Test.run (node:internal/test_runner/test:1447:12)
    async Test.processPendingSubtests (node:internal/test_runner/test:960:7)
  ...
# Subtest: the actual selector prefers uncertain knowledge to a certain alphabetic tie fallback
not ok 4 - the actual selector prefers uncertain knowledge to a certain alphabetic tie fallback
  ---
  duration_ms: 12.3817
  type: 'test'
  location: '<OWNED_WORKSPACE>\\source\\tests\\information-gain-boundaries.test.mjs:58:1'
  failureType: 'testCodeFailure'
  error: |-
    Expected "actual" to be reference-equal to "expected":
    + actual - expected
    
      {
    +   concept: 'certain',
    +   id: 'a',
    -   concept: 'uncertain',
    -   id: 'z',
        prerequisites: []
      }
    
  code: 'ERR_ASSERTION'
  name: 'AssertionError'
  expected:
    id: 'z'
    concept: 'uncertain'
    prerequisites:
  actual:
    id: 'a'
    concept: 'certain'
    prerequisites:
  operator: 'strictEqual'
  stack: |-
    TestContext.<anonymous> (file:///<OWNED_WORKSPACE>/source/tests/information-gain-boundaries.test.mjs:64:14)
    Test.runInAsyncScope (node:async_hooks:227:14)
    Test.run (node:internal/test_runner/test:1382:25)
    Test.processPendingSubtests (node:internal/test_runner/test:960:18)
    Test.postRun (node:internal/test_runner/test:1522:19)
    Test.run (node:internal/test_runner/test:1447:12)
    async Test.processPendingSubtests (node:internal/test_runner/test:960:7)
  ...
# Subtest: 10,001 ordinary default states retain the exact original floating-point result
ok 5 - 10,001 ordinary default states retain the exact original floating-point result
  ---
  duration_ms: 5.9798
  type: 'test'
  ...
# Subtest: 7,581 positive-response channel states retain exact arithmetic
ok 6 - 7,581 positive-response channel states retain exact arithmetic
  ---
  duration_ms: 4.443
  type: 'test'
  ...
# Subtest: zero-probability handling does not mask NaN inputs
ok 7 - zero-probability handling does not mask NaN inputs
  ---
  duration_ms: 0.1934
  type: 'test'
  ...
1..7
# tests 7
# suites 0
# pass 3
# fail 4
# cancelled 0
# skipped 0
# todo 0
# duration_ms 121.3847
