TAP version 13
# Subtest: perfect and perfectly inverted responses reveal prior entropy, including certainty
ok 1 - perfect and perfectly inverted responses reveal prior entropy, including certainty
  ---
  duration_ms: 1.0257
  type: 'test'
  ...
# Subtest: an always-correct or always-wrong response supplies zero information
ok 2 - an always-correct or always-wrong response supplies zero information
  ---
  duration_ms: 0.1646
  type: 'test'
  ...
# Subtest: finite gains match the response-entropy oracle on 9,261 bounded channel states
ok 3 - finite gains match the response-entropy oracle on 9,261 bounded channel states
  ---
  duration_ms: 8.2914
  type: 'test'
  ...
# Subtest: the actual selector prefers uncertain knowledge to a certain alphabetic tie fallback
ok 4 - the actual selector prefers uncertain knowledge to a certain alphabetic tie fallback
  ---
  duration_ms: 0.5186
  type: 'test'
  ...
# Subtest: 10,001 ordinary default states retain the exact original floating-point result
ok 5 - 10,001 ordinary default states retain the exact original floating-point result
  ---
  duration_ms: 5.2384
  type: 'test'
  ...
# Subtest: 7,581 positive-response channel states retain exact arithmetic
ok 6 - 7,581 positive-response channel states retain exact arithmetic
  ---
  duration_ms: 3.7164
  type: 'test'
  ...
# Subtest: zero-probability handling does not mask NaN inputs
ok 7 - zero-probability handling does not mask NaN inputs
  ---
  duration_ms: 0.1834
  type: 'test'
  ...
1..7
# tests 7
# suites 0
# pass 7
# fail 0
# cancelled 0
# skipped 0
# todo 0
# duration_ms 108.2992
