✔ display orders retain every canonical option exactly once and are immutable (7.114167ms)
✔ a stable source replays an order and changed input can put the answer in every display position (3.215292ms)
✔ invalid counts or random values cannot produce duplicate, missing, or unaddressable choices (9.26ms)
✔ varied displayed choices keep review, corrected practice and study notes tied to their original text (21.424417ms)
✖ the direct-file author page is generated from all current author modules (177.869208ms)
✔ the binary-search course round-trips through the published deck contract (19.673542ms)
✔ worked first-occurrence and absent examples agree with an independent linear partition (0.164959ms)
✔ midpoint and branch answers use the course’s half-open interval convention (0.083ms)
✔ the worked trace and worst-case count follow strictly shrinking intervals (14.36775ms)
✔ the actual adaptive learner visits every new question and preserves worked feedback (57.302666ms)
✔ unfinished and completely empty drafts save without claiming lesson validity (18.461375ms)
✔ duplicate text, cyclic and self prerequisites, and unfinished selections survive for repair (1.622709ms)
✔ ready imported lessons retain public IDs, ordered content, answer identity and checked bytes (1.340625ms)
✔ canonical private keys recover near-limit counters without changing public IDs or live state (0.872541ms)
✔ staged drafts are deeply frozen and replacement copies remain editable (2.178959ms)
✔ missing or ambiguous internal references, malformed shape and unsafe counters refuse before admission (2.082083ms)
✔ only recognized editor fields cross the draft boundary (0.138708ms)
✔ a lesson larger than its admission limit can be saved as a draft and repaired later (10.180291ms)
✔ draft size limits count actual UTF-8 bytes and failed saving leaves writing intact (32.59875ms)
✔ compact drafts remain saveable near and exactly at the byte limit without added whitespace (246.628959ms)
✔ a file whose canonical private keys exceed the saved limit is refused before admission (55.153625ms)
✔ a valid deck stages without touching authored text and commits once with full immutable content (12.160417ms)
✔ invalid JSON, invalid answer, oversized file and unreadable file preserve the draft and allow retry (25.33175ms)
✔ unfinished and cyclic draft files stage visibly and replace once with an immutable editable state (2.050417ms)
✔ a draft suffix cannot admit an oversized lesson deck through the larger draft-file limit (42.628791ms)
✔ malformed and unsupported editable drafts preserve the old draft and retire pending previews (36.929667ms)
✔ newest selected format wins across slow draft-to-deck and deck-to-draft reads (21.127ms)
✔ explicit Keep current draft clears staged replacement and restores the open control focus (10.164292ms)
✔ opening another chooser invalidates its old preview even when the chooser is cancelled (4.640583ms)
✔ a newer valid choice wins over an earlier slow success or failure (31.409333ms)
✔ cancelled or empty file selection prevents a late read from reopening a preview (12.613958ms)
✔ invalid newer files invalidate an earlier pending or staged valid deck (7.425208ms)
✔ undo restores all writing while clearing only references to deliberately removed concepts (3.32525ms)
✔ undo retains known selections and even unfinished self links while removing a missing prerequisite (0.173667ms)
✔ blank editor requires authored metadata and a deliberate answer (53.881459ms)
✔ opening a validated lesson makes an independent editable draft and preserves IDs and literals (0.885167ms)
✔ correctness follows an option when moved or when a preceding option is removed (2.635291ms)
✔ option limits refuse without deleting text or changing the answer (0.583ms)
✔ concept renaming updates question and prerequisite references while used deletion is refused (0.4415ms)
✔ cycles, uncovered concepts and duplicate answer text remain repairable drafts (1.554166ms)
✔ question reordering and undo restore the removed question without rolling back later edits (1.430333ms)
✔ new question IDs do not overwrite IDs from an opened deck (0.342291ms)
✔ checked snapshots are immutable, deterministic, and separate from later draft edits (1.472167ms)
✔ individually valid multibyte content cannot export a file larger than the importer admits (4.530166ms)
✔ download filenames are bounded local names (5.949541ms)
✔ the existing bundled deck imports unchanged without a format field (2.743583ms)
✔ a deck is an immutable copy, and unknown fields cannot configure the runtime (3.479458ms)
✔ malformed JSON, unsupported versions and wrong top-level values give actionable errors (19.727042ms)
✔ JSON byte limit counts multibyte text and accepts the exact boundary (1.142042ms)
✔ required readable metadata and bounded question fields are validated (0.561333ms)
✔ empty and oversized collections and duplicate identities are refused (1.090292ms)
✔ every question and prerequisite must name a known covered concept (0.32775ms)
✔ self-requirements and concept cycles across different questions are refused (0.582ms)
✔ choices require distinct readable options and an actual integer answer index (0.471ms)
✔ 100 questions and 32 concepts work through the existing selector to exhaustion (345.54175ms)
✔ imported answer indices, literal text and object-key names survive learning and practice (0.448083ms)
✔ downloadable example round-trips through the import contract with full attribution (0.167875ms)
✔ the exact original course is bounded, admitted, balanced and round-trippable (5.166167ms)
▶ every stated answer follows the literal graph, with one correct option
  ✔ dg-links-1 (0.480167ms)
  ✔ dg-links-2 (0.538458ms)
  ✔ dg-links-3 (0.507959ms)
  ✔ dg-reach-1 (0.413625ms)
  ✔ dg-reach-2 (0.390208ms)
  ✔ dg-reach-3 (0.09775ms)
  ✔ dg-order-1 (0.121667ms)
  ✔ dg-order-2 (0.141667ms)
  ✔ dg-order-3 (0.335584ms)
  ✔ dg-update-1 (0.610958ms)
  ✔ dg-update-2 (0.331292ms)
  ✔ dg-update-3 (1.026792ms)
✔ every stated answer follows the literal graph, with one correct option (6.639792ms)
✔ structurally valid changed content exposes graph reversal and blocked-descendant mistakes (1.391709ms)
✔ the real selector, review, practice, notes and trace consumer preserve this course (44.234042ms)
✔ the original twelve-question course satisfies the current public deck contract (3.616833ms)
✔ course answer identities agree with separately specified arithmetic and conventions (0.524167ms)
✔ the actual adaptive, review, retry, and study-note consumers receive all course content (97.476042ms)
✔ the direct-file lab is an exact build with the original downloadable course bytes (4.137416ms)
✔ full signed convolution retains cancellation and the final product (3.627333ms)
✔ each selected index exposes reversed kernel indices and outside-list zeros (0.700541ms)
✔ convolution is distinguished from the declared zero-lag correlation (0.243084ms)
✔ impulses preserve origin, delays, and the declared full zero padding (0.210667ms)
✔ averaging and differencing include both finite boundaries (0.176708ms)
✔ fixed-kernel superposition and operand exchange hold on distinct signed cases (0.313167ms)
✔ four-place inputs preserve eight-place signed products and exact cancellation (4.156583ms)
✔ the maximum admitted lists retain 47 finite outputs and the exact peak (0.374833ms)
✔ text admission keeps literal values and refuses ambiguous or out-of-domain input (1.120958ms)
✔ direct numerical callers cannot admit holes, non-numbers, extra precision, or invalid indices (0.609875ms)
✔ a recorded calculation owns immutable inputs, outputs, and per-index terms (1.113083ms)
✔ BKT probabilities stay bounded across repeated evidence (9.39575ms)
✔ correct evidence raises and incorrect evidence lowers posterior for interior prior (0.159083ms)
✔ parameter validation rejects impossible probabilities (0.38425ms)
✔ entropy and information gain have expected bounds and peak near uncertainty (2.498334ms)
✔ selector prioritizes a weak prerequisite and is stable after exhaustion (0.407667ms)
✔ initial mastery creates independent named concept values (4.096875ms)
✔ scripted learner simulation is deterministic, bounded, and distinguishes selector modes (8.158041ms)
✔ the original course is admitted by the existing deck contract with all four concepts covered (15.978875ms)
✔ answer positions are balanced and no correct option is uniquely the longest (0.3195ms)
✔ each numerical answer uses the stated correction sign, denominator or independence assumption (0.337208ms)
✔ standalone artifact is deterministic, preserves the exact deck bytes and contains executable classic scripts (15.904917ms)
✔ worked four-reading budget distinguishes raw mean, correction, sample scatter and mean uncertainty (2.041541ms)
✔ a shared additive correction shifts the estimate without changing either uncertainty component (0.304125ms)
✔ identical readings retain a nonzero shared component and are not rejected for numerical repetition (0.152458ms)
✔ future independent sample sizes hold shared calibration fixed while repeatability shrinks by square root (0.285292ms)
✔ shared covariance gives the same calibration contribution for a mean of any sample size (0.253875ms)
✔ compensated raw means preserve small residuals after large opposing readings cancel (0.316625ms)
✔ centered scatter remains meaningful for a large shared offset and at supported extremes (2.077084ms)
✔ reordering observations preserves the summary but does not assert statistical independence (1.796666ms)
✔ input parsing keeps every observation and refuses malformed or missing comma fields (1.007041ms)
✔ supported magnitude and nonnegative half-width boundaries are explicit (1.303ms)
✔ public calculations reject missing observations and invalid forecast counts (1.624542ms)
✔ calculation snapshots do not mutate caller arrays or change after later edits (0.21575ms)
✔ review preserves session order and the actual chosen answer (4.723125ms)
✔ review is an immutable snapshot independent of mutable input arrays (0.747792ms)
✔ a review rejects unknown, duplicate, or invalid first answers (0.471542ms)
✔ practice includes only initially missed questions in first-attempt order (0.305167ms)
✔ correct and incorrect retries remain separate from the immutable original trace (0.4705ms)
✔ practice resumes at the next unanswered question and refuses duplicate or out-of-order writes (0.321333ms)
✔ an all-correct or empty review has no practice question (0.21275ms)
✔ notes retain the actual first choices, session order, corrections, transfers, and attribution (4.422875ms)
✔ paused and completed retries cannot replace the first answers or alter the model (1.056792ms)
✔ unstarted, zero-answer paused, and all-correct sessions have honest practice labels (0.657208ms)
✔ incomplete, duplicate, legacy choice-less or malformed traces are refused rather than fabricated (0.69125ms)
✔ plain-text output preserves Unicode and literal markup without creating executable content (0.159333ms)
✔ completed first answers restore in their original adaptive order with exact, unrounded estimates (16.893584ms)
✔ unstarted, zero-answer, paused and complete practice remain distinct and can resume once (6.924ms)
✔ all-correct and all-missed completed traces use canonical answer indices (2.230584ms)
✔ incomplete, duplicate, unknown and out-of-range first answers are refused (4.218166ms)
✔ a different course revision cannot replace the current deck; property order is immaterial (1.89875ms)
✔ changed model parameters, rounded estimates and incompatible versions are refused (3.097875ms)
✔ practice replay refuses duplicate, reordered, correct-first and extra answers (2.766458ms)
✔ bounded parsing refuses invalid JSON and oversized UTF-8 before exposing state (1.354333ms)
ℹ tests 131
ℹ suites 0
ℹ pass 130
ℹ fail 1
ℹ cancelled 0
ℹ skipped 0
ℹ todo 0
ℹ duration_ms 1072.13325

✖ failing tests:

test at tests/author-bundle.test.mjs:7:1
✖ the direct-file author page is generated from all current author modules (177.869208ms)
  AssertionError [ERR_ASSERTION]: 
  Traceback (most recent call last):
    File "/Users/me/Developer/recallweave-convolution-347f3417824d/tools/make_author.py", line 68, in <module>
      main()
      ~~~~^^
    File "/Users/me/Developer/recallweave-convolution-347f3417824d/tools/make_author.py", line 56, in main
      expected = build()
    File "/Users/me/Developer/recallweave-convolution-347f3417824d/tools/make_author.py", line 35, in build
      template = (ROOT / "author/index.html").read_text(encoding="utf-8")
    File "/Library/Frameworks/Python.framework/Versions/3.13/lib/python3.13/pathlib/_local.py", line 546, in read_text
      return PathBase.read_text(self, encoding, errors, newline)
             ~~~~~~~~~~~~~~~~~~^^^^^^^^^^^^^^^^^^^^^^^^^^^^^^^^^
    File "/Library/Frameworks/Python.framework/Versions/3.13/lib/python3.13/pathlib/_abc.py", line 632, in read_text
      with self.open(mode='r', encoding=encoding, errors=errors, newline=newline) as f:
           ~~~~~~~~~^^^^^^^^^^^^^^^^^^^^^^^^^^^^^^^^^^^^^^^^^^^^^^^^^^^^^^^^^^^^^
    File "/Library/Frameworks/Python.framework/Versions/3.13/lib/python3.13/pathlib/_local.py", line 537, in open
      return io.open(self, mode, buffering, encoding, errors, newline)
             ~~~~~~~^^^^^^^^^^^^^^^^^^^^^^^^^^^^^^^^^^^^^^^^^^^^^^^^^^
  FileNotFoundError: [Errno 2] No such file or directory: '/Users/me/Developer/recallweave-convolution-347f3417824d/author/index.html'
  
  
  1 !== 0
  
      at TestContext.<anonymous> (file:///Users/me/Developer/recallweave-convolution-347f3417824d/tests/author-bundle.test.mjs:10:10)
      at Test.runInAsyncScope (node:async_hooks:226:14)
      at Test.run (node:internal/test_runner/test:1382:25)
      at Test.start (node:internal/test_runner/test:1242:17)
      at startSubtestAfterBootstrap (node:internal/test_runner/harness:387:17) {
    generatedMessage: false,
    code: 'ERR_ASSERTION',
    actual: 1,
    expected: 0,
    operator: 'strictEqual',
    diff: 'simple'
  }
