✔ the original twelve-question course satisfies the current public deck contract (3.999666ms)
✔ course answer identities agree with separately specified arithmetic and conventions (0.730291ms)
✔ the actual adaptive, review, retry, and study-note consumers receive all course content (14.858625ms)
✔ the direct-file lab is an exact build with the original downloadable course bytes (2.995625ms)
✔ full signed convolution retains cancellation and the final product (3.118125ms)
✔ each selected index exposes reversed kernel indices and outside-list zeros (0.653792ms)
✔ convolution is distinguished from the declared zero-lag correlation (0.264375ms)
✔ impulses preserve origin, delays, and the declared full zero padding (0.231709ms)
✔ averaging and differencing include both finite boundaries (0.173875ms)
✔ fixed-kernel superposition and operand exchange hold on distinct signed cases (1.251042ms)
✔ four-place inputs preserve eight-place signed products and exact cancellation (0.349542ms)
✔ the maximum admitted lists retain 47 finite outputs and the exact peak (0.358125ms)
✔ text admission keeps literal values and refuses ambiguous or out-of-domain input (0.794042ms)
✔ direct numerical callers cannot admit holes, non-numbers, extra precision, or invalid indices (0.689083ms)
✔ a recorded calculation owns immutable inputs, outputs, and per-index terms (0.2915ms)
ℹ tests 15
ℹ suites 0
ℹ pass 15
ℹ fail 0
ℹ cancelled 0
ℹ skipped 0
ℹ todo 0
ℹ duration_ms 205.208875
