✔ the original twelve-question course satisfies the current public deck contract (3.834209ms)
✔ course answer identities agree with separately specified arithmetic and conventions (0.517166ms)
✔ the actual adaptive, review, retry, and study-note consumers receive all course content (16.122666ms)
✔ the direct-file lab is an exact build with the original downloadable course bytes (2.928083ms)
✔ full signed convolution retains cancellation and the final product (4.082625ms)
✔ each selected index exposes reversed kernel indices and outside-list zeros (0.2515ms)
✔ convolution is distinguished from the declared zero-lag correlation (0.105875ms)
✔ impulses preserve origin, delays, and the declared full zero padding (0.0905ms)
✔ averaging and differencing include both finite boundaries (0.267792ms)
✔ fixed-kernel superposition and operand exchange hold on distinct signed cases (1.04575ms)
✔ four-place inputs preserve eight-place signed products and exact cancellation (0.472792ms)
✔ the maximum admitted lists retain 47 finite outputs and the exact peak (0.223125ms)
✔ text admission keeps literal values and refuses ambiguous or out-of-domain input (1.036792ms)
✔ direct numerical callers cannot admit holes, non-numbers, extra precision, or invalid indices (0.724792ms)
✔ a recorded calculation owns immutable inputs, outputs, and per-index terms (0.385125ms)
ℹ tests 15
ℹ suites 0
ℹ pass 15
ℹ fail 0
ℹ cancelled 0
ℹ skipped 0
ℹ todo 0
ℹ duration_ms 208.771208
