TAP version 13
# Subtest: the existing bundled deck imports unchanged without a format field
ok 1 - the existing bundled deck imports unchanged without a format field
  ---
  duration_ms: 8.684329
  type: 'test'
  ...
# Subtest: a deck is an immutable copy, and unknown fields cannot configure the runtime
ok 2 - a deck is an immutable copy, and unknown fields cannot configure the runtime
  ---
  duration_ms: 1.63636
  type: 'test'
  ...
# Subtest: malformed JSON, unsupported versions and wrong top-level values give actionable errors
ok 3 - malformed JSON, unsupported versions and wrong top-level values give actionable errors
  ---
  duration_ms: 0.649111
  type: 'test'
  ...
# Subtest: JSON byte limit counts multibyte text and accepts the exact boundary
ok 4 - JSON byte limit counts multibyte text and accepts the exact boundary
  ---
  duration_ms: 3.467333
  type: 'test'
  ...
# Subtest: required readable metadata and bounded question fields are validated
ok 5 - required readable metadata and bounded question fields are validated
  ---
  duration_ms: 1.345094
  type: 'test'
  ...
# Subtest: empty and oversized collections and duplicate identities are refused
ok 6 - empty and oversized collections and duplicate identities are refused
  ---
  duration_ms: 0.927441
  type: 'test'
  ...
# Subtest: every question and prerequisite must name a known covered concept
ok 7 - every question and prerequisite must name a known covered concept
  ---
  duration_ms: 0.801846
  type: 'test'
  ...
# Subtest: self-requirements and concept cycles across different questions are refused
ok 8 - self-requirements and concept cycles across different questions are refused
  ---
  duration_ms: 0.605304
  type: 'test'
  ...
# Subtest: choices require distinct readable options and an actual integer answer index
ok 9 - choices require distinct readable options and an actual integer answer index
  ---
  duration_ms: 1.552583
  type: 'test'
  ...
# Subtest: 100 questions and 32 concepts work through the existing selector to exhaustion
ok 10 - 100 questions and 32 concepts work through the existing selector to exhaustion
  ---
  duration_ms: 182.345949
  type: 'test'
  ...
# Subtest: imported answer indices, literal text and object-key names survive learning and practice
ok 11 - imported answer indices, literal text and object-key names survive learning and practice
  ---
  duration_ms: 1.103783
  type: 'test'
  ...
# Subtest: downloadable example round-trips through the import contract with full attribution
ok 12 - downloadable example round-trips through the import contract with full attribution
  ---
  duration_ms: 0.618225
  type: 'test'
  ...
# Subtest: review preserves session order and the actual chosen answer
ok 13 - review preserves session order and the actual chosen answer
  ---
  duration_ms: 6.407176
  type: 'test'
  ...
# Subtest: review is an immutable snapshot independent of mutable input arrays
ok 14 - review is an immutable snapshot independent of mutable input arrays
  ---
  duration_ms: 1.855949
  type: 'test'
  ...
# Subtest: a review rejects unknown, duplicate, or invalid first answers
ok 15 - a review rejects unknown, duplicate, or invalid first answers
  ---
  duration_ms: 0.815057
  type: 'test'
  ...
# Subtest: practice includes only initially missed questions in first-attempt order
ok 16 - practice includes only initially missed questions in first-attempt order
  ---
  duration_ms: 0.779063
  type: 'test'
  ...
# Subtest: correct and incorrect retries remain separate from the immutable original trace
ok 17 - correct and incorrect retries remain separate from the immutable original trace
  ---
  duration_ms: 0.724234
  type: 'test'
  ...
# Subtest: practice resumes at the next unanswered question and refuses duplicate or out-of-order writes
ok 18 - practice resumes at the next unanswered question and refuses duplicate or out-of-order writes
  ---
  duration_ms: 0.829832
  type: 'test'
  ...
# Subtest: an all-correct or empty review has no practice question
ok 19 - an all-correct or empty review has no practice question
  ---
  duration_ms: 0.453773
  type: 'test'
  ...
# Subtest: completed first answers restore in their original adaptive order with exact, unrounded estimates
ok 20 - completed first answers restore in their original adaptive order with exact, unrounded estimates
  ---
  duration_ms: 32.358516
  type: 'test'
  ...
# Subtest: unstarted, zero-answer, paused and complete practice remain distinct and can resume once
ok 21 - unstarted, zero-answer, paused and complete practice remain distinct and can resume once
  ---
  duration_ms: 13.658497
  type: 'test'
  ...
# Subtest: all-correct and all-missed completed traces use canonical answer indices
ok 22 - all-correct and all-missed completed traces use canonical answer indices
  ---
  duration_ms: 4.279481
  type: 'test'
  ...
# Subtest: incomplete, duplicate, unknown and out-of-range first answers are refused
ok 23 - incomplete, duplicate, unknown and out-of-range first answers are refused
  ---
  duration_ms: 20.599535
  type: 'test'
  ...
# Subtest: a different course revision cannot replace the current deck; property order is immaterial
ok 24 - a different course revision cannot replace the current deck; property order is immaterial
  ---
  duration_ms: 7.683855
  type: 'test'
  ...
# Subtest: changed model parameters, rounded estimates and incompatible versions are refused
ok 25 - changed model parameters, rounded estimates and incompatible versions are refused
  ---
  duration_ms: 12.501719
  type: 'test'
  ...
# Subtest: practice replay refuses duplicate, reordered, correct-first and extra answers
ok 26 - practice replay refuses duplicate, reordered, correct-first and extra answers
  ---
  duration_ms: 8.447682
  type: 'test'
  ...
# Subtest: bounded parsing refuses invalid JSON and oversized UTF-8 before exposing state
ok 27 - bounded parsing refuses invalid JSON and oversized UTF-8 before exposing state
  ---
  duration_ms: 5.43144
  type: 'test'
  ...
# Subtest: identical completed files inspect independently with no invented differences or chronology
ok 28 - identical completed files inspect independently with no invented differences or chronology
  ---
  duration_ms: 28.571904
  type: 'test'
  ...
# Subtest: canonical joins preserve both orders, all correctness transitions and two different wrong answers
ok 29 - canonical joins preserve both orders, all correctness transitions and two different wrong answers
  ---
  duration_ms: 6.23092
  type: 'test'
  ...
# Subtest: changed question order alone is not an answer difference
ok 30 - changed question order alone is not an answer difference
  ---
  duration_ms: 2.488915
  type: 'test'
  ...
# Subtest: unstarted, pending, incorrect retry and correct retry remain separate from first answers
ok 31 - unstarted, pending, incorrect retry and correct retry remain separate from first answers
  ---
  duration_ms: 10.222998
  type: 'test'
  ...
# Subtest: the current raw bundled deck remains compatible without normalizing its archive identity
ok 32 - the current raw bundled deck remains compatible without normalizing its archive identity
  ---
  duration_ms: 8.607843
  type: 'test'
  ...
# Subtest: object property ordering preserves identity while changed course content refuses the pair
ok 33 - object property ordering preserves identity while changed course content refuses the pair
  ---
  duration_ms: 7.800973
  type: 'test'
  ...
# Subtest: incomplete, malformed, changed-model and altered-estimate inputs keep the native refusals
ok 34 - incomplete, malformed, changed-model and altered-estimate inputs keep the native refusals
  ---
  duration_ms: 24.360957
  type: 'test'
  ...
# Subtest: inspection validates bounded deck content before using an archived deck as context
ok 35 - inspection validates bounded deck content before using an archived deck as context
  ---
  duration_ms: 7.308254
  type: 'test'
  ...
# Subtest: literal course content and prototype-looking IDs survive without mutable returned records
ok 36 - literal course content and prototype-looking IDs survive without mutable returned records
  ---
  duration_ms: 2.328312
  type: 'test'
  ...
# Subtest: independent concurrent file reads only publish their current pair
ok 37 - independent concurrent file reads only publish their current pair
  ---
  duration_ms: 3.494378
  type: 'test'
  ...
# Subtest: a replacement retires the old pair immediately and a superseded read cannot overwrite it
ok 38 - a replacement retires the old pair immediately and a superseded read cannot overwrite it
  ---
  duration_ms: 6.390055
  type: 'test'
  ...
# Subtest: clearing a pending file or receiving its late failure cannot restore comparison state
ok 39 - clearing a pending file or receiving its late failure cannot restore comparison state
  ---
  duration_ms: 7.694433
  type: 'test'
  ...
# Subtest: rejected or incompatible replacements clear paired output and permit ordinary recovery
ok 40 - rejected or incompatible replacements clear paired output and permit ordinary recovery
  ---
  duration_ms: 7.498087
  type: 'test'
  ...
# Subtest: file admission refuses oversized metadata before reading and rejects malformed UTF-8 bytes
ok 41 - file admission refuses oversized metadata before reading and rejects malformed UTF-8 bytes
  ---
  duration_ms: 1.782325
  type: 'test'
  ...
# Subtest: cancelled selection preserves accepted files and the immutable paired snapshot
ok 42 - cancelled selection preserves accepted files and the immutable paired snapshot
  ---
  duration_ms: 2.500744
  type: 'test'
  ...
1..42
# tests 42
# suites 0
# pass 42
# fail 0
# cancelled 0
# skipped 0
# todo 0
# duration_ms 546.940772
