✔ display orders retain every canonical option exactly once and are immutable (7.748476ms)
✔ a stable source replays an order and changed input can put the answer in every display position (0.885881ms)
✔ invalid counts or random values cannot produce duplicate, missing, or unaddressable choices (0.253682ms)
✔ varied displayed choices keep review, corrected practice and study notes tied to their original text (11.478428ms)
✔ question identity survives reordered review, edits and clearing without changing earlier notes (1.710081ms)
✔ application writing is separate and a fresh session starts with every field empty (1.007134ms)
✔ unknown or duplicate question identities and non-text edits are refused (0.327602ms)
✔ actual study notes bind writing to questions while retaining native review, estimates and a paused retry (2.661812ms)
✔ actual export uses the most recent edit and represents cleared fields as unwritten (0.637269ms)
✔ export refuses missing, duplicate or foreign notebook identities instead of attaching notes by position (0.490437ms)
✔ notes retain the actual first choices, session order, corrections, transfers, and attribution (2.790305ms)
✔ paused and completed retries cannot replace the first answers or alter the model (1.014926ms)
✔ unstarted, zero-answer paused, and all-correct sessions have honest practice labels (0.566482ms)
✔ incomplete, duplicate, legacy choice-less or malformed traces are refused rather than fabricated (1.24397ms)
✔ plain-text output preserves Unicode and literal markup without creating executable content (1.526646ms)
✔ completed first answers restore in their original adaptive order with exact, unrounded estimates (15.974348ms)
✔ unstarted, zero-answer, paused and complete practice remain distinct and can resume once (6.967126ms)
✔ all-correct and all-missed completed traces use canonical answer indices (1.581437ms)
✔ incomplete, duplicate, unknown and out-of-range first answers are refused (7.235609ms)
✔ a different course revision cannot replace the current deck; property order is immaterial (3.409837ms)
✔ changed model parameters, rounded estimates and incompatible versions are refused (5.057164ms)
✔ practice replay refuses duplicate, reordered, correct-first and extra answers (4.28322ms)
✔ bounded parsing refuses invalid JSON and oversized UTF-8 before exposing state (4.711023ms)
ℹ tests 23
ℹ suites 0
ℹ pass 23
ℹ fail 0
ℹ cancelled 0
ℹ skipped 0
ℹ todo 0
ℹ duration_ms 194.229108
