✔ original twelve-question course admits and round-trips through unchanged deck validator (5.1192ms)
✔ actual adaptive learner consumes all12 once, preserves first answers through6 retries and notes (39.6058ms)
✔ standalone page embeds exact original deck and guide text with local model only (9.9543ms)
✔ quadratic sample coordinates, central divisor, all signed errors are exact (7.5009ms)
✔ constant and zero polynomial have separate degree with zero exact errors (2.6901ms)
✔ all admitted translated linear polynomials are exact at every step (63.1925ms)
✔ point symmetry may be exact outside a degree guarantee (0.7636ms)
✔ cubic and quintic center errors have distinct exact halving powers (0.7186ms)
✔ coarse accidental exactness need not improve or favor central (0.6396ms)
✔ negative point and translated cubic retain direction (1.0677ms)
✔ selected step changes inspection only, not six-level calculations (1.756ms)
✔ extreme quintics retain canonical rational records throughout (5.0283ms)
✔ report is detached and recursively frozen (1.9224ms)
✔ strict object, coefficient and scalar admission refuses ambiguous input (0.9402ms)
✔ six-entry arrays with custom enumerable properties also refuse (0.2121ms)
✔ authentic export contains every exact field and separates its view (2.4749ms)
ℹ tests 16
ℹ suites 0
ℹ pass 16
ℹ fail 0
ℹ cancelled 0
ℹ skipped 0
ℹ todo 0
ℹ duration_ms 268.5085
