TAP version 13
# Subtest: the downloadable course is the exact admitted course, without external dependencies
ok 1 - the downloadable course is the exact admitted course, without external dependencies
  ---
  duration_ms: 8.382878
  type: 'test'
  ...
# Subtest: rebuilding the embedded course preserves already current standalone bytes
ok 2 - rebuilding the embedded course preserves already current standalone bytes
  ---
  duration_ms: 345.699011
  type: 'test'
  ...
# Subtest: the course example retains a component and reconstructs the exact original
ok 3 - the course example retains a component and reconstructs the exact original
  ---
  duration_ms: 5.907502
  type: 'test'
  ...
# Subtest: the geometric line is unchanged by a positive or negative direction rescaling
ok 4 - the geometric line is unchanged by a positive or negative direction rescaling
  ---
  duration_ms: 1.811515
  type: 'test'
  ...
# Subtest: perpendicular, parallel, axis-aligned and zero-original cases remain defined
ok 5 - perpendicular, parallel, axis-aligned and zero-original cases remain defined
  ---
  duration_ms: 1.051305
  type: 'test'
  ...
# Subtest: malformed, missing, out-of-domain and zero direction values are refused
ok 6 - malformed, missing, out-of-domain and zero direction values are refused
  ---
  duration_ms: 3.196667
  type: 'test'
  ...
# Subtest: calculation does not mutate or alias its input coordinates
ok 7 - calculation does not mutate or alias its input coordinates
  ---
  duration_ms: 0.75275
  type: 'test'
  ...
# Subtest: 2,000 independently checked geometries satisfy the projection characterization and plot bounds
ok 8 - 2,000 independently checked geometries satisfy the projection characterization and plot bounds
  ---
  duration_ms: 85.735274
  type: 'test'
  ...
# Subtest: course has twelve original items, two per concept, with a balanced canonical answer key
ok 9 - course has twelve original items, two per concept, with a balanced canonical answer key
  ---
  duration_ms: 8.017388
  type: 'test'
  ...
# Subtest: displacement subtracts the starting point, including its negative component
ok 10 - displacement subtracts the starting point, including its negative component
  ---
  duration_ms: 1.651788
  type: 'test'
  ...
# Subtest: sequential displacements combine componentwise and retain the same final point
ok 11 - sequential displacements combine componentwise and retain the same final point
  ---
  duration_ms: 0.968234
  type: 'test'
  ...
# Subtest: Euclidean length is the square root of the sum of squared components
ok 12 - Euclidean length is the square root of the sum of squared components
  ---
  duration_ms: 0.817169
  type: 'test'
  ...
# Subtest: the unit direction has length one and preserves the original orientation
ok 13 - the unit direction has length one and preserves the original orientation
  ---
  duration_ms: 1.056404
  type: 'test'
  ...
# Subtest: the two nonzero perpendicular vectors have zero dot product
ok 14 - the two nonzero perpendicular vectors have zero dot product
  ---
  duration_ms: 0.65703
  type: 'test'
  ...
# Subtest: a unit-axis component retains the sign of the projected displacement
ok 15 - a unit-axis component retains the sign of the projected displacement
  ---
  duration_ms: 0.86637
  type: 'test'
  ...
# Subtest: the projection lies on the nonunit direction line and leaves an orthogonal residual
ok 16 - the projection lies on the nonunit direction line and leaves an orthogonal residual
  ---
  duration_ms: 0.830236
  type: 'test'
  ...
# Subtest: the requested residual reconstructs b as well as being perpendicular
ok 17 - the requested residual reconstructs b as well as being perpendicular
  ---
  duration_ms: 1.611592
  type: 'test'
  ...
# Subtest: row dot products implement the stated column-vector matrix convention
ok 18 - row dot products implement the stated column-vector matrix convention
  ---
  duration_ms: 1.242163
  type: 'test'
  ...
# Subtest: basis images retain the coefficients of the input linear combination
ok 19 - basis images retain the coefficients of the input linear combination
  ---
  duration_ms: 0.676687
  type: 'test'
  ...
# Subtest: rotation before horizontal stretch differs from the reverse order
ok 20 - rotation before horizontal stretch differs from the reverse order
  ---
  duration_ms: 0.588203
  type: 'test'
  ...
# Subtest: the stated distinct inputs collide under the flattening map
ok 21 - the stated distinct inputs collide under the flattening map
  ---
  duration_ms: 0.570715
  type: 'test'
  ...
1..21
# tests 21
# suites 0
# pass 21
# fail 0
# cancelled 0
# skipped 0
# todo 0
# duration_ms 864.558481

