TAP version 13
# Subtest: matrix action uses both columns and certifies the complete vector
ok 1 - matrix action uses both columns and certifies the complete vector
  ---
  duration_ms: 21.69916
  type: 'test'
  ...
# Subtest: negative and zero eigenvalues retain the nonzero input distinction
ok 2 - negative and zero eigenvalues retain the nonzero input distinction
  ---
  duration_ms: 6.362579
  type: 'test'
  ...
# Subtest: scaling the probe does not change an eigenvalue or invent collinearity
ok 3 - scaling the probe does not change an eigenvalue or invent collinearity
  ---
  duration_ms: 2.932608
  type: 'test'
  ...
# Subtest: characteristic roots, trace and determinant match worked matrices
ok 4 - characteristic roots, trace and determinant match worked matrices
  ---
  duration_ms: 1.217348
  type: 'test'
  ...
# Subtest: repeated roots distinguish scalar planes, shears and nilpotent maps
ok 5 - repeated roots distinguish scalar planes, shears and nilpotent maps
  ---
  duration_ms: 1.49914
  type: 'test'
  ...
# Subtest: rotation families have no real eigenlines and retain complex expressions
ok 6 - rotation families have no real eigenlines and retain complex expressions
  ---
  duration_ms: 1.150852
  type: 'test'
  ...
# Subtest: irrational roots remain symbolic while finite unit directions satisfy the equation
ok 7 - irrational roots remain symbolic while finite unit directions satisfy the equation
  ---
  duration_ms: 1.544016
  type: 'test'
  ...
# Subtest: bounded matrix grid has finite eigenline geometry and correct characteristic identities
ok 8 - bounded matrix grid has finite eigenline geometry and correct characteristic identities
  ---
  duration_ms: 217.76149
  type: 'test'
  ...
# Subtest: strict input admission refuses malformed values, shapes, sparse arrays and bounds
ok 9 - strict input admission refuses malformed values, shapes, sparse arrays and bounds
  ---
  duration_ms: 11.368205
  type: 'test'
  ...
# Subtest: source inputs, output snapshots and exported arithmetic remain isolated
ok 10 - source inputs, output snapshots and exported arithmetic remain isolated
  ---
  duration_ms: 6.564708
  type: 'test'
  ...
# Subtest: all worked examples are distinct, accepted and immutable
ok 11 - all worked examples are distinct, accepted and immutable
  ---
  duration_ms: 4.528037
  type: 'test'
  ...
# Subtest: original course passes the unchanged deck contract with fourteen connected items
ok 12 - original course passes the unchanged deck contract with fourteen connected items
  ---
  duration_ms: 115.800236
  type: 'test'
  ...
# Subtest: standalone builder preserves exact lesson bytes and complete executable syntax
ok 13 - standalone builder preserves exact lesson bytes and complete executable syntax
  ---
  duration_ms: 630.332972
  type: 'test'
  ...
1..13
# tests 13
# suites 0
# pass 13
# fail 0
# cancelled 0
# skipped 0
# todo 0
# duration_ms 2033.355747
