2026-10-08T11:54:26.2449357Z Current runner version: '2.337.0'
2026-10-08T11:54:26.2474540Z ##[group]Runner Image Provisioner
2026-10-08T11:54:26.2475384Z Hosted Compute Agent
2026-10-08T11:54:26.2476078Z Version: 20260901.588
2026-10-08T11:54:26.2476743Z Commit: f88ec8081b781fac6c440065ac7ff9e710ce3d0b
2026-10-08T11:54:26.2477562Z Build Date: 2026-09-01T19:56:44Z
2026-10-08T11:54:26.2478290Z Worker ID: {6a12ca6e-720a-487a-a2ee-02775229f0b8}
2026-10-08T11:54:26.2479015Z Azure Region: westus2
2026-10-08T11:54:26.2479655Z ##[endgroup]
2026-10-08T11:54:26.2481436Z ##[group]Operating System
2026-10-08T11:54:26.2482191Z Ubuntu
2026-10-08T11:54:26.2482789Z 24.04.5
2026-10-08T11:54:26.2483327Z LTS
2026-10-08T11:54:26.2483899Z ##[endgroup]
2026-10-08T11:54:26.2484473Z ##[group]Runner Image
2026-10-08T11:54:26.2485122Z Image: ubuntu-24.04
2026-10-08T11:54:26.2485775Z Version: 20260927.320.1
2026-10-08T11:54:26.2487045Z Included Software: https://github.com/actions/runner-images/blob/ubuntu24/20260927.320/images/ubuntu/Ubuntu2404-Readme.md
2026-10-08T11:54:26.2488685Z Image Release: https://github.com/actions/runner-images/releases/tag/ubuntu24%2F20260927.320
2026-10-08T11:54:26.2489681Z ##[endgroup]
2026-10-08T11:54:26.2491094Z ##[group]GITHUB_TOKEN Permissions
2026-10-08T11:54:26.2492949Z Contents: read
2026-10-08T11:54:26.2493779Z Metadata: read
2026-10-08T11:54:26.2494462Z ##[endgroup]
2026-10-08T11:54:26.2496672Z Secret source: Actions
2026-10-08T11:54:26.2497625Z Cache mode: write
2026-10-08T11:54:26.2498397Z Prepare workflow directory
2026-10-08T11:54:26.2839611Z Prepare all required actions
2026-10-08T11:54:26.2913028Z Getting action download info
2026-10-08T11:54:26.6400141Z Download action repository 'actions/checkout@11d5960a326750d5838078e36cf38b85af677262' (SHA:11d5960a326750d5838078e36cf38b85af677262)
2026-10-08T11:54:26.7495543Z Download action repository 'actions/setup-node@49933ea5288caeca8642d1e84afbd3f7d6820020' (SHA:49933ea5288caeca8642d1e84afbd3f7d6820020)
2026-10-08T11:54:26.9396608Z Complete job name: node-test
2026-10-08T11:54:27.0167656Z ##[group]Run actions/checkout@11d5960a326750d5838078e36cf38b85af677262
2026-10-08T11:54:27.0168726Z with:
2026-10-08T11:54:27.0169196Z   repository: Jacob-Met/RecallWeave
2026-10-08T11:54:27.0173089Z   token: ***
2026-10-08T11:54:27.0173531Z   ssh-strict: true
2026-10-08T11:54:27.0173983Z   ssh-user: git
2026-10-08T11:54:27.0174449Z   persist-credentials: true
2026-10-08T11:54:27.0174950Z   clean: true
2026-10-08T11:54:27.0175431Z   sparse-checkout-cone-mode: true
2026-10-08T11:54:27.0175953Z   fetch-depth: 1
2026-10-08T11:54:27.0176387Z   fetch-tags: false
2026-10-08T11:54:27.0176835Z   show-progress: true
2026-10-08T11:54:27.0177282Z   lfs: false
2026-10-08T11:54:27.0177698Z   submodules: false
2026-10-08T11:54:27.0178153Z   set-safe-directory: true
2026-10-08T11:54:27.0178667Z   allow-unsafe-pr-checkout: false
2026-10-08T11:54:27.0179444Z ##[endgroup]
2026-10-08T11:54:27.1243408Z Syncing repository: Jacob-Met/RecallWeave
2026-10-08T11:54:27.1246335Z ##[group]Getting Git version info
2026-10-08T11:54:27.1247259Z Working directory is '/home/runner/work/RecallWeave/RecallWeave'
2026-10-08T11:54:27.1248342Z [command]/usr/bin/git version
2026-10-08T11:54:27.1330182Z git version 2.55.0
2026-10-08T11:54:27.1371469Z ##[endgroup]
2026-10-08T11:54:27.1387373Z Temporarily overriding HOME='/home/runner/work/_temp/42c18898-eb70-4583-afe5-0f60d46b5d0a' before making global git config changes
2026-10-08T11:54:27.1388843Z Adding repository directory to the temporary git global config as a safe directory
2026-10-08T11:54:27.1390004Z [command]/usr/bin/git config --global --add safe.directory /home/runner/work/RecallWeave/RecallWeave
2026-10-08T11:54:27.1449229Z Deleting the contents of '/home/runner/work/RecallWeave/RecallWeave'
2026-10-08T11:54:27.1459094Z ##[group]Initializing the repository
2026-10-08T11:54:27.1467776Z [command]/usr/bin/git init /home/runner/work/RecallWeave/RecallWeave
2026-10-08T11:54:27.1615489Z hint: Using 'master' as the name for the initial branch. This default branch name
2026-10-08T11:54:27.1617674Z hint: will change to "main" in Git 3.0. To configure the initial branch name
2026-10-08T11:54:27.1619260Z hint: to use in all of your new repositories, which will suppress this warning,
2026-10-08T11:54:27.1620744Z hint: call:
2026-10-08T11:54:27.1621415Z hint:
2026-10-08T11:54:27.1622268Z hint: 	git config --global init.defaultBranch <name>
2026-10-08T11:54:27.1623349Z hint:
2026-10-08T11:54:27.1624328Z hint: Names commonly chosen instead of 'master' are 'main', 'trunk' and
2026-10-08T11:54:27.1625910Z hint: 'development'. The just-created branch can be renamed via this command:
2026-10-08T11:54:27.1627124Z hint:
2026-10-08T11:54:27.1627773Z hint: 	git branch -m <name>
2026-10-08T11:54:27.1628546Z hint:
2026-10-08T11:54:27.1629543Z hint: Disable this message with "git config set advice.defaultBranchName false"
2026-10-08T11:54:27.1631497Z Initialized empty Git repository in /home/runner/work/RecallWeave/RecallWeave/.git/
2026-10-08T11:54:27.1634376Z [command]/usr/bin/git remote add origin https://github.com/Jacob-Met/RecallWeave
2026-10-08T11:54:27.1688759Z ##[endgroup]
2026-10-08T11:54:27.1690028Z ##[group]Disabling automatic garbage collection
2026-10-08T11:54:27.1692821Z [command]/usr/bin/git config --local gc.auto 0
2026-10-08T11:54:27.1743149Z ##[endgroup]
2026-10-08T11:54:27.1744885Z ##[group]Setting up auth
2026-10-08T11:54:27.1746551Z [command]/usr/bin/git config --local --name-only --get-regexp core\.sshCommand
2026-10-08T11:54:27.1783177Z [command]/usr/bin/git submodule foreach --recursive sh -c "git config --local --name-only --get-regexp 'core\.sshCommand' && git config --local --unset-all 'core.sshCommand' || :"
2026-10-08T11:54:27.2205282Z [command]/usr/bin/git config --local --name-only --get-regexp http\.https\:\/\/github\.com\/\.extraheader
2026-10-08T11:54:27.2245953Z [command]/usr/bin/git submodule foreach --recursive sh -c "git config --local --name-only --get-regexp 'http\.https\:\/\/github\.com\/\.extraheader' && git config --local --unset-all 'http.https://github.com/.extraheader' || :"
2026-10-08T11:54:27.2477409Z [command]/usr/bin/git config --local --name-only --get-regexp ^includeIf\.gitdir:
2026-10-08T11:54:27.2515820Z [command]/usr/bin/git submodule foreach --recursive git config --local --show-origin --name-only --get-regexp remote.origin.url
2026-10-08T11:54:27.2747342Z [command]/usr/bin/git config --local http.https://github.com/.extraheader AUTHORIZATION: basic ***
2026-10-08T11:54:27.2789068Z ##[endgroup]
2026-10-08T11:54:27.2790062Z ##[group]Fetching the repository
2026-10-08T11:54:27.2799845Z [command]/usr/bin/git -c protocol.version=2 fetch --no-tags --prune --no-recurse-submodules --depth=1 origin +c6e4e1627cca09a07bf729385fece6bc1534663a:refs/remotes/pull/24/merge
2026-10-08T11:54:27.9036762Z From https://github.com/Jacob-Met/RecallWeave
2026-10-08T11:54:27.9037836Z  * [new ref]         c6e4e1627cca09a07bf729385fece6bc1534663a -> pull/24/merge
2026-10-08T11:54:27.9042072Z ##[endgroup]
2026-10-08T11:54:27.9043731Z ##[group]Determining the checkout info
2026-10-08T11:54:27.9045280Z ##[endgroup]
2026-10-08T11:54:27.9050213Z [command]/usr/bin/git sparse-checkout disable
2026-10-08T11:54:27.9142741Z [command]/usr/bin/git config --local --unset-all extensions.worktreeConfig
2026-10-08T11:54:27.9178462Z ##[group]Checking out the ref
2026-10-08T11:54:27.9179294Z [command]/usr/bin/git checkout --progress --force refs/remotes/pull/24/merge
2026-10-08T11:54:27.9557322Z Note: switching to 'refs/remotes/pull/24/merge'.
2026-10-08T11:54:27.9558356Z 
2026-10-08T11:54:27.9559109Z You are in 'detached HEAD' state. You can look around, make experimental
2026-10-08T11:54:27.9561112Z changes and commit them, and you can discard any commits you make in this
2026-10-08T11:54:27.9562811Z state without impacting any branches by switching back to a branch.
2026-10-08T11:54:27.9563755Z 
2026-10-08T11:54:27.9564422Z If you want to create a new branch to retain commits you create, you may
2026-10-08T11:54:27.9566037Z do so (now or later) by using -c with the switch command. Example:
2026-10-08T11:54:27.9567115Z 
2026-10-08T11:54:27.9567380Z   git switch -c <new-branch-name>
2026-10-08T11:54:27.9567763Z 
2026-10-08T11:54:27.9567997Z Or undo this operation with:
2026-10-08T11:54:27.9568358Z 
2026-10-08T11:54:27.9568588Z   git switch -
2026-10-08T11:54:27.9568911Z 
2026-10-08T11:54:27.9569477Z Turn off this advice by setting config variable advice.detachedHead to false
2026-10-08T11:54:27.9570732Z 
2026-10-08T11:54:27.9571881Z HEAD is now at c6e4e16 Merge 472147eea8beb82852d83aa53cd7038c8650ff52 into 5ce520a778da04605f5fa610fb1ad110ffe52b99
2026-10-08T11:54:27.9574189Z ##[endgroup]
2026-10-08T11:54:27.9621242Z [command]/usr/bin/git log -1 --format=%H
2026-10-08T11:54:27.9649853Z c6e4e1627cca09a07bf729385fece6bc1534663a
2026-10-08T11:54:28.0025543Z ##[group]Run actions/setup-node@49933ea5288caeca8642d1e84afbd3f7d6820020
2026-10-08T11:54:28.0026397Z with:
2026-10-08T11:54:28.0026857Z   node-version: 20
2026-10-08T11:54:28.0027354Z   always-auth: false
2026-10-08T11:54:28.0027908Z   check-latest: false
2026-10-08T11:54:28.0031707Z   token: ***
2026-10-08T11:54:28.0032180Z ##[endgroup]
2026-10-08T11:54:28.1554822Z Attempting to download 20...
2026-10-08T11:54:28.1663786Z (node:2306) [DEP0040] DeprecationWarning: The `punycode` module is deprecated. Please use a userland alternative instead.
2026-10-08T11:54:28.1666281Z (Use `node --trace-deprecation ...` to show where the warning was created)
2026-10-08T11:54:28.8268855Z Acquiring 20.20.2 - x64 from https://github.com/actions/node-versions/releases/download/20.20.2-23521894959/node-20.20.2-linux-x64.tar.gz
2026-10-08T11:54:29.2857786Z Extracting ...
2026-10-08T11:54:29.2983437Z [command]/usr/bin/tar xz --strip 1 --warning=no-unknown-keyword --overwrite -C /home/runner/work/_temp/0bd87cfa-34f5-4fbd-a7a2-d0af76a95b38 -f /home/runner/work/_temp/576e1aad-3ca8-4230-8fb5-abcc38f0d7b1
2026-10-08T11:54:30.2826565Z Adding to the cache ...
2026-10-08T11:54:32.1376947Z ##[group]Environment details
2026-10-08T11:54:32.3619999Z node: v20.20.2
2026-10-08T11:54:32.3620707Z npm: 10.8.2
2026-10-08T11:54:32.3621156Z yarn: 1.22.22
2026-10-08T11:54:32.3621840Z ##[endgroup]
2026-10-08T11:54:32.3809978Z ##[group]Run node --test tests/*.test.mjs
2026-10-08T11:54:32.3810394Z [36;1mnode --test tests/*.test.mjs[0m
2026-10-08T11:54:32.4092433Z shell: /usr/bin/bash -e {0}
2026-10-08T11:54:32.4092776Z ##[endgroup]
2026-10-08T11:54:32.4624108Z TAP version 13
2026-10-08T11:54:32.5212735Z # Subtest: display orders retain every canonical option exactly once and are immutable
2026-10-08T11:54:32.5232080Z ok 1 - display orders retain every canonical option exactly once and are immutable
2026-10-08T11:54:32.5233126Z   ---
2026-10-08T11:54:32.5261368Z   duration_ms: 7.425104
2026-10-08T11:54:32.5262260Z   ...
2026-10-08T11:54:32.5292223Z # Subtest: a stable source replays an order and changed input can put the answer in every display position
2026-10-08T11:54:32.5321899Z ok 2 - a stable source replays an order and changed input can put the answer in every display position
2026-10-08T11:54:32.5323333Z   ---
2026-10-08T11:54:32.5351232Z   duration_ms: 1.093362
2026-10-08T11:54:32.5381430Z   ...
2026-10-08T11:54:32.5382793Z # Subtest: invalid counts or random values cannot produce duplicate, missing, or unaddressable choices
2026-10-08T11:54:32.5384719Z ok 3 - invalid counts or random values cannot produce duplicate, missing, or unaddressable choices
2026-10-08T11:54:32.5385850Z   ---
2026-10-08T11:54:32.5386436Z   duration_ms: 0.418331
2026-10-08T11:54:32.5387030Z   ...
2026-10-08T11:54:32.5388345Z # Subtest: varied displayed choices keep review, corrected practice and study notes tied to their original text
2026-10-08T11:54:32.5390694Z ok 4 - varied displayed choices keep review, corrected practice and study notes tied to their original text
2026-10-08T11:54:32.5391932Z   ---
2026-10-08T11:54:32.5392525Z   duration_ms: 9.571384
2026-10-08T11:54:32.5393133Z   ...
2026-10-08T11:54:32.5602439Z # Subtest: the direct-file author page is generated from all current author modules
2026-10-08T11:54:32.5603752Z ok 5 - the direct-file author page is generated from all current author modules
2026-10-08T11:54:32.5605135Z   ---
2026-10-08T11:54:32.5605476Z   duration_ms: 53.201476
2026-10-08T11:54:32.5605848Z   ...
2026-10-08T11:54:32.5792300Z # Subtest: unfinished and completely empty drafts save without claiming lesson validity
2026-10-08T11:54:32.5793656Z ok 6 - unfinished and completely empty drafts save without claiming lesson validity
2026-10-08T11:54:32.5794402Z   ---
2026-10-08T11:54:32.5794748Z   duration_ms: 4.570826
2026-10-08T11:54:32.5795129Z   ...
2026-10-08T11:54:32.5796086Z # Subtest: duplicate text, cyclic and self prerequisites, and unfinished selections survive for repair
2026-10-08T11:54:32.5852639Z ok 7 - duplicate text, cyclic and self prerequisites, and unfinished selections survive for repair
2026-10-08T11:54:32.5901405Z   ---
2026-10-08T11:54:32.5931585Z   duration_ms: 1.197216
2026-10-08T11:54:32.5961311Z   ...
2026-10-08T11:54:32.5962817Z # Subtest: ready imported lessons retain public IDs, ordered content, answer identity and checked bytes
2026-10-08T11:54:32.5982337Z ok 8 - ready imported lessons retain public IDs, ordered content, answer identity and checked bytes
2026-10-08T11:54:32.5984045Z   ---
2026-10-08T11:54:32.5985143Z   duration_ms: 1.962855
2026-10-08T11:54:32.5986139Z   ...
2026-10-08T11:54:32.5987841Z # Subtest: canonical private keys recover near-limit counters without changing public IDs or live state
2026-10-08T11:54:32.5990719Z ok 9 - canonical private keys recover near-limit counters without changing public IDs or live state
2026-10-08T11:54:32.5992464Z   ---
2026-10-08T11:54:32.5993423Z   duration_ms: 2.132483
2026-10-08T11:54:32.5994431Z   ...
2026-10-08T11:54:32.5995931Z # Subtest: staged drafts are deeply frozen and replacement copies remain editable
2026-10-08T11:54:32.5998047Z ok 10 - staged drafts are deeply frozen and replacement copies remain editable
2026-10-08T11:54:32.5999424Z   ---
2026-10-08T11:54:32.6000155Z   duration_ms: 0.601072
2026-10-08T11:54:32.6001418Z   ...
2026-10-08T11:54:32.6004138Z # Subtest: missing or ambiguous internal references, malformed shape and unsafe counters refuse before admission
2026-10-08T11:54:32.6006314Z ok 11 - missing or ambiguous internal references, malformed shape and unsafe counters refuse before admission
2026-10-08T11:54:32.6007610Z   ---
2026-10-08T11:54:32.6008440Z   duration_ms: 3.330249
2026-10-08T11:54:32.6009225Z   ...
2026-10-08T11:54:32.6009992Z # Subtest: only recognized editor fields cross the draft boundary
2026-10-08T11:54:32.6011513Z ok 12 - only recognized editor fields cross the draft boundary
2026-10-08T11:54:32.6012131Z   ---
2026-10-08T11:54:32.6012508Z   duration_ms: 0.448147
2026-10-08T11:54:32.6012943Z   ...
2026-10-08T11:54:32.6013957Z # Subtest: a lesson larger than its admission limit can be saved as a draft and repaired later
2026-10-08T11:54:32.6015505Z ok 13 - a lesson larger than its admission limit can be saved as a draft and repaired later
2026-10-08T11:54:32.6016387Z   ---
2026-10-08T11:54:32.6016789Z   duration_ms: 14.139304
2026-10-08T11:54:32.6017235Z   ...
2026-10-08T11:54:32.6018193Z # Subtest: draft size limits count actual UTF-8 bytes and failed saving leaves writing intact
2026-10-08T11:54:32.6019653Z ok 14 - draft size limits count actual UTF-8 bytes and failed saving leaves writing intact
2026-10-08T11:54:32.6020763Z   ---
2026-10-08T11:54:32.6021174Z   duration_ms: 42.862501
2026-10-08T11:54:32.6021586Z   ...
2026-10-08T11:54:32.6182800Z # Subtest: a valid deck stages without touching authored text and commits once with full immutable content
2026-10-08T11:54:32.6184830Z ok 15 - a valid deck stages without touching authored text and commits once with full immutable content
2026-10-08T11:54:32.6186098Z   ---
2026-10-08T11:54:32.6186733Z   duration_ms: 11.841914
2026-10-08T11:54:32.6187371Z   ...
2026-10-08T11:54:32.6242255Z # Subtest: invalid JSON, invalid answer, oversized file and unreadable file preserve the draft and allow retry
2026-10-08T11:54:32.6244253Z ok 16 - invalid JSON, invalid answer, oversized file and unreadable file preserve the draft and allow retry
2026-10-08T11:54:32.6245844Z   ---
2026-10-08T11:54:32.6246437Z   duration_ms: 7.513311
2026-10-08T11:54:32.6247039Z   ...
2026-10-08T11:54:32.6358510Z # Subtest: unfinished and cyclic draft files stage visibly and replace once with an immutable editable state
2026-10-08T11:54:32.6361275Z ok 17 - unfinished and cyclic draft files stage visibly and replace once with an immutable editable state
2026-10-08T11:54:32.6362773Z   ---
2026-10-08T11:54:32.6363565Z   duration_ms: 3.343023
2026-10-08T11:54:32.6364361Z   ...
2026-10-08T11:54:32.6365660Z # Subtest: a draft suffix cannot admit an oversized lesson deck through the larger draft-file limit
2026-10-08T11:54:32.6367568Z ok 18 - a draft suffix cannot admit an oversized lesson deck through the larger draft-file limit
2026-10-08T11:54:32.6368887Z   ---
2026-10-08T11:54:32.6369615Z   duration_ms: 6.603431
2026-10-08T11:54:32.6370326Z   ...
2026-10-08T11:54:32.6379692Z # Subtest: malformed and unsupported editable drafts preserve the old draft and retire pending previews
2026-10-08T11:54:32.6382084Z ok 19 - malformed and unsupported editable drafts preserve the old draft and retire pending previews
2026-10-08T11:54:32.6383519Z   ---
2026-10-08T11:54:32.6384295Z   duration_ms: 5.503267
2026-10-08T11:54:32.6385024Z   ...
2026-10-08T11:54:32.6414655Z # Subtest: newest selected format wins across slow draft-to-deck and deck-to-draft reads
2026-10-08T11:54:32.6463014Z ok 20 - newest selected format wins across slow draft-to-deck and deck-to-draft reads
2026-10-08T11:54:32.6491652Z   ---
2026-10-08T11:54:32.6511445Z   duration_ms: 2.45247
2026-10-08T11:54:32.6521473Z   ...
2026-10-08T11:54:32.6561848Z # Subtest: explicit Keep current draft clears staged replacement and restores the open control focus
2026-10-08T11:54:32.6572052Z ok 21 - explicit Keep current draft clears staged replacement and restores the open control focus
2026-10-08T11:54:32.6601563Z   ---
2026-10-08T11:54:32.6611360Z   duration_ms: 0.997072
2026-10-08T11:54:32.6622004Z   ...
2026-10-08T11:54:32.6623591Z # Subtest: opening another chooser invalidates its old preview even when the chooser is cancelled
2026-10-08T11:54:32.6625145Z ok 22 - opening another chooser invalidates its old preview even when the chooser is cancelled
2026-10-08T11:54:32.6626086Z   ---
2026-10-08T11:54:32.6626564Z   duration_ms: 1.148274
2026-10-08T11:54:32.6627066Z   ...
2026-10-08T11:54:32.6627965Z # Subtest: a newer valid choice wins over an earlier slow success or failure
2026-10-08T11:54:32.6629393Z ok 23 - a newer valid choice wins over an earlier slow success or failure
2026-10-08T11:54:32.6630005Z   ---
2026-10-08T11:54:32.6630364Z   duration_ms: 4.66444
2026-10-08T11:54:32.6631118Z   ...
2026-10-08T11:54:32.6631991Z # Subtest: cancelled or empty file selection prevents a late read from reopening a preview
2026-10-08T11:54:32.6633144Z ok 24 - cancelled or empty file selection prevents a late read from reopening a preview
2026-10-08T11:54:32.6633579Z   ---
2026-10-08T11:54:32.6633820Z   duration_ms: 2.815187
2026-10-08T11:54:32.6634042Z   ...
2026-10-08T11:54:32.6634496Z # Subtest: invalid newer files invalidate an earlier pending or staged valid deck
2026-10-08T11:54:32.6635172Z ok 25 - invalid newer files invalidate an earlier pending or staged valid deck
2026-10-08T11:54:32.6635567Z   ---
2026-10-08T11:54:32.6635766Z   duration_ms: 1.885671
2026-10-08T11:54:32.6635982Z   ...
2026-10-08T11:54:32.6712183Z # Subtest: undo restores all writing while clearing only references to deliberately removed concepts
2026-10-08T11:54:32.6714289Z ok 26 - undo restores all writing while clearing only references to deliberately removed concepts
2026-10-08T11:54:32.6741260Z   ---
2026-10-08T11:54:32.6766770Z   duration_ms: 3.408926
2026-10-08T11:54:32.6776336Z   ...
2026-10-08T11:54:32.6811934Z # Subtest: undo retains known selections and even unfinished self links while removing a missing prerequisite
2026-10-08T11:54:32.6831878Z ok 27 - undo retains known selections and even unfinished self links while removing a missing prerequisite
2026-10-08T11:54:32.6841489Z   ---
2026-10-08T11:54:32.6871730Z   duration_ms: 0.365232
2026-10-08T11:54:32.6872484Z   ...
2026-10-08T11:54:32.6997172Z # Subtest: blank editor requires authored metadata and a deliberate answer
2026-10-08T11:54:32.6998682Z ok 28 - blank editor requires authored metadata and a deliberate answer
2026-10-08T11:54:32.6999695Z   ---
2026-10-08T11:54:32.7000357Z   duration_ms: 5.353777
2026-10-08T11:54:32.7001287Z   ...
2026-10-08T11:54:32.7008065Z # Subtest: opening a validated lesson makes an independent editable draft and preserves IDs and literals
2026-10-08T11:54:32.7011916Z ok 29 - opening a validated lesson makes an independent editable draft and preserves IDs and literals
2026-10-08T11:54:32.7013090Z   ---
2026-10-08T11:54:32.7013670Z   duration_ms: 1.444868
2026-10-08T11:54:32.7014338Z   ...
2026-10-08T11:54:32.7021927Z # Subtest: correctness follows an option when moved or when a preceding option is removed
2026-10-08T11:54:32.7024994Z ok 30 - correctness follows an option when moved or when a preceding option is removed
2026-10-08T11:54:32.7026235Z   ---
2026-10-08T11:54:32.7026925Z   duration_ms: 1.147723
2026-10-08T11:54:32.7027619Z   ...
2026-10-08T11:54:32.7040166Z # Subtest: option limits refuse without deleting text or changing the answer
2026-10-08T11:54:32.7042075Z ok 31 - option limits refuse without deleting text or changing the answer
2026-10-08T11:54:32.7043091Z   ---
2026-10-08T11:54:32.7043736Z   duration_ms: 0.935196
2026-10-08T11:54:32.7044445Z   ...
2026-10-08T11:54:32.7097775Z # Subtest: concept renaming updates question and prerequisite references while used deletion is refused
2026-10-08T11:54:32.7112468Z ok 32 - concept renaming updates question and prerequisite references while used deletion is refused
2026-10-08T11:54:32.7113691Z   ---
2026-10-08T11:54:32.7114289Z   duration_ms: 0.656546
2026-10-08T11:54:32.7114891Z   ...
2026-10-08T11:54:32.7116021Z # Subtest: cycles, uncovered concepts and duplicate answer text remain repairable drafts
2026-10-08T11:54:32.7118126Z ok 33 - cycles, uncovered concepts and duplicate answer text remain repairable drafts
2026-10-08T11:54:32.7119302Z   ---
2026-10-08T11:54:32.7119983Z   duration_ms: 0.870826
2026-10-08T11:54:32.7121057Z   ...
2026-10-08T11:54:32.7122410Z # Subtest: question reordering and undo restore the removed question without rolling back later edits
2026-10-08T11:54:32.7124290Z ok 34 - question reordering and undo restore the removed question without rolling back later edits
2026-10-08T11:54:32.7125501Z   ---
2026-10-08T11:54:32.7126134Z   duration_ms: 1.833234
2026-10-08T11:54:32.7126853Z   ...
2026-10-08T11:54:32.7127845Z # Subtest: new question IDs do not overwrite IDs from an opened deck
2026-10-08T11:54:32.7129091Z ok 35 - new question IDs do not overwrite IDs from an opened deck
2026-10-08T11:54:32.7130042Z   ---
2026-10-08T11:54:32.7130953Z   duration_ms: 0.672946
2026-10-08T11:54:32.7131634Z   ...
2026-10-08T11:54:32.7132850Z # Subtest: checked snapshots are immutable, deterministic, and separate from later draft edits
2026-10-08T11:54:32.7134752Z ok 36 - checked snapshots are immutable, deterministic, and separate from later draft edits
2026-10-08T11:54:32.7135949Z   ---
2026-10-08T11:54:32.7136654Z   duration_ms: 0.716468
2026-10-08T11:54:32.7137307Z   ...
2026-10-08T11:54:32.7138548Z # Subtest: individually valid multibyte content cannot export a file larger than the importer admits
2026-10-08T11:54:32.7140427Z ok 37 - individually valid multibyte content cannot export a file larger than the importer admits
2026-10-08T11:54:32.7141930Z   ---
2026-10-08T11:54:32.7142681Z   duration_ms: 11.489065
2026-10-08T11:54:32.7143490Z   ...
2026-10-08T11:54:32.7144449Z # Subtest: download filenames are bounded local names
2026-10-08T11:54:32.7145691Z ok 38 - download filenames are bounded local names
2026-10-08T11:54:32.7146530Z   ---
2026-10-08T11:54:32.7147170Z   duration_ms: 0.511907
2026-10-08T11:54:32.7147807Z   ...
2026-10-08T11:54:32.7287689Z # Subtest: BKT probabilities stay bounded across repeated evidence
2026-10-08T11:54:32.7311678Z ok 39 - BKT probabilities stay bounded across repeated evidence
2026-10-08T11:54:32.7317283Z   ---
2026-10-08T11:54:32.7317992Z   duration_ms: 12.642419
2026-10-08T11:54:32.7318706Z   ...
2026-10-08T11:54:32.7320050Z # Subtest: correct evidence raises and incorrect evidence lowers posterior for interior prior
2026-10-08T11:54:32.7322143Z ok 40 - correct evidence raises and incorrect evidence lowers posterior for interior prior
2026-10-08T11:54:32.7323461Z   ---
2026-10-08T11:54:32.7324121Z   duration_ms: 0.199042
2026-10-08T11:54:32.7324777Z   ...
2026-10-08T11:54:32.7325636Z # Subtest: parameter validation rejects impossible probabilities
2026-10-08T11:54:32.7326705Z ok 41 - parameter validation rejects impossible probabilities
2026-10-08T11:54:32.7327245Z   ---
2026-10-08T11:54:32.7327590Z   duration_ms: 0.572659
2026-10-08T11:54:32.7327977Z   ...
2026-10-08T11:54:32.7328582Z # Subtest: entropy and information gain have expected bounds and peak near uncertainty
2026-10-08T11:54:32.7329459Z ok 42 - entropy and information gain have expected bounds and peak near uncertainty
2026-10-08T11:54:32.7329998Z   ---
2026-10-08T11:54:32.7330336Z   duration_ms: 2.036423
2026-10-08T11:54:32.7331093Z   ...
2026-10-08T11:54:32.7332105Z # Subtest: selector prioritizes a weak prerequisite and is stable after exhaustion
2026-10-08T11:54:32.7333372Z ok 43 - selector prioritizes a weak prerequisite and is stable after exhaustion
2026-10-08T11:54:32.7334118Z   ---
2026-10-08T11:54:32.7334431Z   duration_ms: 0.464257
2026-10-08T11:54:32.7334782Z   ...
2026-10-08T11:54:32.7335395Z # Subtest: initial mastery creates independent named concept values
2026-10-08T11:54:32.7336298Z ok 44 - initial mastery creates independent named concept values
2026-10-08T11:54:32.7336823Z   ---
2026-10-08T11:54:32.7337151Z   duration_ms: 1.96023
2026-10-08T11:54:32.7337483Z   ...
2026-10-08T11:54:32.7338314Z # Subtest: scripted learner simulation is deterministic, bounded, and distinguishes selector modes
2026-10-08T11:54:32.7340014Z ok 45 - scripted learner simulation is deterministic, bounded, and distinguishes selector modes
2026-10-08T11:54:32.7340896Z   ---
2026-10-08T11:54:32.7341379Z   duration_ms: 0.72317
2026-10-08T11:54:32.7341818Z   ...
2026-10-08T11:54:32.7389575Z # Subtest: review preserves session order and the actual chosen answer
2026-10-08T11:54:32.7421495Z ok 46 - review preserves session order and the actual chosen answer
2026-10-08T11:54:32.7422376Z   ---
2026-10-08T11:54:32.7422892Z   duration_ms: 2.534353
2026-10-08T11:54:32.7423424Z   ...
2026-10-08T11:54:32.7424344Z # Subtest: review is an immutable snapshot independent of mutable input arrays
2026-10-08T11:54:32.7426057Z ok 47 - review is an immutable snapshot independent of mutable input arrays
2026-10-08T11:54:32.7426815Z   ---
2026-10-08T11:54:32.7427439Z   duration_ms: 0.765689
2026-10-08T11:54:32.7427848Z   ...
2026-10-08T11:54:32.7428829Z # Subtest: a review rejects unknown, duplicate, or invalid first answers
2026-10-08T11:54:32.7430164Z ok 48 - a review rejects unknown, duplicate, or invalid first answers
2026-10-08T11:54:32.7431100Z   ---
2026-10-08T11:54:32.7431472Z   duration_ms: 0.592366
2026-10-08T11:54:32.7431864Z   ...
2026-10-08T11:54:32.7432699Z # Subtest: practice includes only initially missed questions in first-attempt order
2026-10-08T11:54:32.7433935Z ok 49 - practice includes only initially missed questions in first-attempt order
2026-10-08T11:54:32.7434667Z   ---
2026-10-08T11:54:32.7435010Z   duration_ms: 0.451232
2026-10-08T11:54:32.7435393Z   ...
2026-10-08T11:54:32.7436274Z # Subtest: correct and incorrect retries remain separate from the immutable original trace
2026-10-08T11:54:32.7437608Z ok 50 - correct and incorrect retries remain separate from the immutable original trace
2026-10-08T11:54:32.7438397Z   ---
2026-10-08T11:54:32.7438759Z   duration_ms: 0.405978
2026-10-08T11:54:32.7439135Z   ...
2026-10-08T11:54:32.7440144Z # Subtest: practice resumes at the next unanswered question and refuses duplicate or out-of-order writes
2026-10-08T11:54:32.7442318Z ok 51 - practice resumes at the next unanswered question and refuses duplicate or out-of-order writes
2026-10-08T11:54:32.7443182Z   ---
2026-10-08T11:54:32.7443524Z   duration_ms: 0.321721
2026-10-08T11:54:32.7443907Z   ...
2026-10-08T11:54:32.7444581Z # Subtest: an all-correct or empty review has no practice question
2026-10-08T11:54:32.7445521Z ok 52 - an all-correct or empty review has no practice question
2026-10-08T11:54:32.7446135Z   ---
2026-10-08T11:54:32.7446496Z   duration_ms: 0.269733
2026-10-08T11:54:32.7446871Z   ...
2026-10-08T11:54:32.7803526Z # Subtest: notes retain the actual first choices, session order, corrections, transfers, and attribution
2026-10-08T11:54:32.7811133Z ok 53 - notes retain the actual first choices, session order, corrections, transfers, and attribution
2026-10-08T11:54:32.7812368Z   ---
2026-10-08T11:54:32.7813040Z   duration_ms: 2.395132
2026-10-08T11:54:32.7813709Z   ...
2026-10-08T11:54:32.7815048Z # Subtest: paused and completed retries cannot replace the first answers or alter the model
2026-10-08T11:54:32.7854308Z ok 54 - paused and completed retries cannot replace the first answers or alter the model
2026-10-08T11:54:32.7881298Z   ---
2026-10-08T11:54:32.7901343Z   duration_ms: 0.908487
2026-10-08T11:54:32.7901767Z   ...
2026-10-08T11:54:32.7902713Z # Subtest: unstarted, zero-answer paused, and all-correct sessions have honest practice labels
2026-10-08T11:54:32.7904090Z ok 55 - unstarted, zero-answer paused, and all-correct sessions have honest practice labels
2026-10-08T11:54:32.7904867Z   ---
2026-10-08T11:54:32.7905206Z   duration_ms: 1.304617
2026-10-08T11:54:32.7905576Z   ...
2026-10-08T11:54:32.7906588Z # Subtest: incomplete, duplicate, legacy choice-less or malformed traces are refused rather than fabricated
2026-10-08T11:54:32.7908120Z ok 56 - incomplete, duplicate, legacy choice-less or malformed traces are refused rather than fabricated
2026-10-08T11:54:32.7908956Z   ---
2026-10-08T11:54:32.7909315Z   duration_ms: 1.007341
2026-10-08T11:54:32.7909680Z   ...
2026-10-08T11:54:32.7911199Z # Subtest: plain-text output preserves Unicode and literal markup without creating executable content
2026-10-08T11:54:32.7912688Z ok 57 - plain-text output preserves Unicode and literal markup without creating executable content
2026-10-08T11:54:32.7913516Z   ---
2026-10-08T11:54:32.7913855Z   duration_ms: 0.325819
2026-10-08T11:54:32.7914230Z   ...
2026-10-08T11:54:32.8482736Z # Subtest: completed first answers restore in their original adaptive order with exact, unrounded estimates
2026-10-08T11:54:32.8488542Z ok 58 - completed first answers restore in their original adaptive order with exact, unrounded estimates
2026-10-08T11:54:32.8511174Z   ---
2026-10-08T11:54:32.8538344Z   duration_ms: 20.640746
2026-10-08T11:54:32.8538891Z   ...
2026-10-08T11:54:32.8539893Z # Subtest: unstarted, zero-answer, paused and complete practice remain distinct and can resume once
2026-10-08T11:54:32.8542051Z ok 59 - unstarted, zero-answer, paused and complete practice remain distinct and can resume once
2026-10-08T11:54:32.8542559Z   ---
2026-10-08T11:54:32.8542961Z   duration_ms: 6.499207
2026-10-08T11:54:32.8543366Z   ...
2026-10-08T11:54:32.8543855Z # Subtest: all-correct and all-missed completed traces use canonical answer indices
2026-10-08T11:54:32.8544546Z ok 60 - all-correct and all-missed completed traces use canonical answer indices
2026-10-08T11:54:32.8545000Z   ---
2026-10-08T11:54:32.8545216Z   duration_ms: 2.139195
2026-10-08T11:54:32.8545444Z   ...
2026-10-08T11:54:32.8545911Z # Subtest: incomplete, duplicate, unknown and out-of-range first answers are refused
2026-10-08T11:54:32.8546616Z ok 61 - incomplete, duplicate, unknown and out-of-range first answers are refused
2026-10-08T11:54:32.8547017Z   ---
2026-10-08T11:54:32.8547216Z   duration_ms: 8.236911
2026-10-08T11:54:32.8547438Z   ...
2026-10-08T11:54:32.8548009Z # Subtest: a different course revision cannot replace the current deck; property order is immaterial
2026-10-08T11:54:32.8549204Z ok 62 - a different course revision cannot replace the current deck; property order is immaterial
2026-10-08T11:54:32.8549659Z   ---
2026-10-08T11:54:32.8549858Z   duration_ms: 4.031178
2026-10-08T11:54:32.8550083Z   ...
2026-10-08T11:54:32.8550886Z # Subtest: changed model parameters, rounded estimates and incompatible versions are refused
2026-10-08T11:54:32.8551648Z ok 63 - changed model parameters, rounded estimates and incompatible versions are refused
2026-10-08T11:54:32.8552079Z   ---
2026-10-08T11:54:32.8552278Z   duration_ms: 5.128086
2026-10-08T11:54:32.8552495Z   ...
2026-10-08T11:54:32.8552976Z # Subtest: practice replay refuses duplicate, reordered, correct-first and extra answers
2026-10-08T11:54:32.8553678Z ok 64 - practice replay refuses duplicate, reordered, correct-first and extra answers
2026-10-08T11:54:32.8554095Z   ---
2026-10-08T11:54:32.8554313Z   duration_ms: 5.040161
2026-10-08T11:54:32.8554539Z   ...
2026-10-08T11:54:32.8555030Z # Subtest: bounded parsing refuses invalid JSON and oversized UTF-8 before exposing state
2026-10-08T11:54:32.8555756Z ok 65 - bounded parsing refuses invalid JSON and oversized UTF-8 before exposing state
2026-10-08T11:54:32.8556169Z   ---
2026-10-08T11:54:32.8556368Z   duration_ms: 4.52457
2026-10-08T11:54:32.8556586Z   ...
2026-10-08T11:54:32.8620002Z 1..65
2026-10-08T11:54:32.8620760Z # tests 65
2026-10-08T11:54:32.8621125Z # suites 0
2026-10-08T11:54:32.8621476Z # pass 65
2026-10-08T11:54:32.8621970Z # fail 0
2026-10-08T11:54:32.8622427Z # cancelled 0
2026-10-08T11:54:32.8622799Z # skipped 0
2026-10-08T11:54:32.8623126Z # todo 0
2026-10-08T11:54:32.8626924Z # duration_ms 416.962125
2026-10-08T11:54:32.8727444Z ##[group]Run cp demo.html /tmp/demo-before.html
2026-10-08T11:54:32.8727878Z [36;1mcp demo.html /tmp/demo-before.html[0m
2026-10-08T11:54:32.8728212Z [36;1mpython3 tools/make_demo.py[0m
2026-10-08T11:54:32.8728818Z [36;1mcmp /tmp/demo-before.html demo.html || { echo "demo.html is stale: run 'python3 tools/make_demo.py' and commit the result"; exit 1; }[0m
2026-10-08T11:54:32.8793255Z shell: /usr/bin/bash -e {0}
2026-10-08T11:54:32.8793517Z ##[endgroup]
2026-10-08T11:54:32.9131638Z Built /home/runner/work/RecallWeave/RecallWeave/demo.html (59905 bytes)
2026-10-08T11:54:32.9377788Z Post job cleanup.
2026-10-08T11:54:33.0611808Z (node:2465) [DEP0040] DeprecationWarning: The `punycode` module is deprecated. Please use a userland alternative instead.
2026-10-08T11:54:33.0613378Z (Use `node --trace-deprecation ...` to show where the warning was created)
2026-10-08T11:54:33.0921725Z Post job cleanup.
2026-10-08T11:54:33.1851825Z [command]/usr/bin/git version
2026-10-08T11:54:33.1895930Z git version 2.55.0
2026-10-08T11:54:33.1934200Z Temporarily overriding HOME='/home/runner/work/_temp/870b31fd-4449-4f92-861d-5d1b061e5459' before making global git config changes
2026-10-08T11:54:33.1936065Z Adding repository directory to the temporary git global config as a safe directory
2026-10-08T11:54:33.1940382Z [command]/usr/bin/git config --global --add safe.directory /home/runner/work/RecallWeave/RecallWeave
2026-10-08T11:54:33.1978987Z [command]/usr/bin/git config --local --name-only --get-regexp core\.sshCommand
2026-10-08T11:54:33.2017269Z [command]/usr/bin/git submodule foreach --recursive sh -c "git config --local --name-only --get-regexp 'core\.sshCommand' && git config --local --unset-all 'core.sshCommand' || :"
2026-10-08T11:54:33.2299875Z [command]/usr/bin/git config --local --name-only --get-regexp http\.https\:\/\/github\.com\/\.extraheader
2026-10-08T11:54:33.2328555Z http.https://github.com/.extraheader
2026-10-08T11:54:33.2342943Z [command]/usr/bin/git config --local --unset-all http.https://github.com/.extraheader
2026-10-08T11:54:33.2394381Z [command]/usr/bin/git submodule foreach --recursive sh -c "git config --local --name-only --get-regexp 'http\.https\:\/\/github\.com\/\.extraheader' && git config --local --unset-all 'http.https://github.com/.extraheader' || :"
2026-10-08T11:54:33.2661866Z [command]/usr/bin/git config --local --name-only --get-regexp ^includeIf\.gitdir:
2026-10-08T11:54:33.2692703Z [command]/usr/bin/git submodule foreach --recursive git config --local --show-origin --name-only --get-regexp remote.origin.url
2026-10-08T11:54:33.3095628Z Cleaning up orphan processes
2026-10-08T11:54:33.3381955Z ##[warning]Node.js 20 is deprecated. The following actions target Node.js 20 but are being forced to run on Node.js 24: actions/checkout@11d5960a326750d5838078e36cf38b85af677262, actions/setup-node@49933ea5288caeca8642d1e84afbd3f7d6820020. For more information see: https://github.blog/changelog/2025-09-19-deprecation-of-node-20-on-github-actions-runners/
