✔ display orders retain every canonical option exactly once and are immutable (7.6664ms)
✔ a stable source replays an order and changed input can put the answer in every display position (0.7473ms)
✔ invalid counts or random values cannot produce duplicate, missing, or unaddressable choices (0.3827ms)
✔ varied displayed choices keep review, corrected practice and study notes tied to their original text (19.7406ms)
✔ the direct-file author page is generated from all current author modules (483.37ms)
✔ the binary-search course round-trips through the published deck contract (2.8285ms)
✔ worked first-occurrence and absent examples agree with an independent linear partition (0.3066ms)
✔ midpoint and branch answers use the course’s half-open interval convention (0.1943ms)
✔ the worked trace and worst-case count follow strictly shrinking intervals (4.7294ms)
✔ the actual adaptive learner visits every new question and preserves worked feedback (17.3805ms)
✔ duplicate equality classifies a suffix while retaining the first possible boundary (3.0235ms)
✔ empty, before-first and after-end results remain boundaries rather than invented elements (0.2824ms)
✔ the guide’s two equal-length paths retain their different ordering-comparison counts (0.2858ms)
✔ a complete 32-value trace is detached and immutable without changing the caller (0.5084ms)
✔ text admission preserves order, allows repeats and refuses an invalid current draft (0.7037ms)
✔ every teaching preset is admitted and its complete record survives JSON transport (0.4576ms)
✔ standalone build retains the original course and guide bytes exactly (460.5524ms)
✔ the committed direct-file explorer exactly reproduces from its native modules and checked deck (704.484ms)
✔ literal course content cannot close the embedded script and is retained byte-for-byte (1.6593ms)
✔ builder refuses invalid decks and ambiguous template/source boundaries (2.544ms)
✔ the original course is admitted by the unchanged deck validator with the fixed answer map (2.749ms)
✔ independent finite assignments establish the nontrivial authored choice witnesses (0.5055ms)
✔ native selector → review → separate practice → archive/notes preserves the correct course trace (15.4072ms)
✔ native selector → review → separate practice → archive/notes preserves the missed course trace (3.0653ms)
✔ native selector → review → separate practice → archive/notes preserves the mixed course trace (1.8994ms)
✔ all binary connectives match independently enumerated TT, TF, FT, FF columns (4.3076ms)
✔ the union is alphabetical, complete and unique even with disjoint variables (0.5983ms)
✔ precedence and grouping are explicit, and implication is right associative (0.5318ms)
✔ case, whitespace and parentheses preserve the same formal expression (0.2584ms)
✔ equivalence is exhaustive; converse and incorrect De Morgan variants retain counterexamples (0.6282ms)
✔ valid inference and affirming the consequent differ at a concrete full assignment (1.0157ms)
✔ constants have one empty assignment, and single-expression mode is distinct (0.3319ms)
✔ invalid edits refuse unknown words, partial expressions, code, HTML and unsupported notation (1.1709ms)
✔ boundary inputs admit declared limits and reject the next character, token, parenthesis or operator (1.1124ms)
✔ returned analysis is deeply immutable and subsequent calls do not alter prior results (0.4938ms)
✔ CSV uses the current inputs, full union and every row regardless of any display filter (0.4989ms)
✔ independent receiving columns challenge right grouping, stronger and, and an unused-in-output variable (0.4779ms)
✔ literal text grammar keeps letters, digits and request multiplicity (2.1641ms)
✔ text refuses ambiguous tokens, case conversion and bounded overflows (1.2376ms)
✔ core rejects unsupported capacity and unexpected outer fields (1.0066ms)
✔ core refuses sparse arrays, attached metadata and nonliteral page values (0.3232ms)
✔ FIFO complete trace keeps insertion order on a hit (0.5036ms)
✔ LRU complete trace refreshes recency and can lose this fixed comparison (0.3894ms)
✔ the classic FIFO anomaly retains exact miss positions and capacity totals (0.5272ms)
✔ literal identity, capacity one and a loop that fits retain first-access misses (0.6313ms)
✔ empty input produces zero counts without a manufactured percentage (0.4375ms)
✔ caller mutations cannot change retained input, earlier steps or totals (0.381ms)
✔ every reachable result object is frozen and mutation attempts fail (0.5587ms)
✔ retained prefixes agree with fresh empty-start runs at each selected capacity (8.4489ms)
✔ state transitions conserve requests, slots and resident page identity (0.7565ms)
✔ course is admitted by the unchanged importer and exact authoring round trip (1.622ms)
✔ course keeps its independently solved answer map and unique concept coverage (0.3632ms)
✔ the real learner selector exhausts this deck once and preserves first tries during practice (14.2639ms)
✔ standalone generation is deterministic and the committed file is current (96.8812ms)
✔ standalone course embedding preserves exact UTF-8 bytes and HTML-like lesson text (1.4149ms)
✔ builder fails closed when template or source import boundaries change (1.2297ms)
✔ the original twelve-question lesson passes the current unchanged importer contract (51.2137ms)
✔ the actual standalone builder passes parity and embeds the exact downloadable lesson (419.714ms)
✔ successive integer products retain a distinct starting point and multiplier (2.4135ms)
✔ zero steps mean one explicitly assigned initial row, including zero multiplier (0.4519ms)
✔ a returning quarter-turn sequence retains repeated indexed positions (0.2792ms)
✔ zero starting points and zero multipliers keep their different defined quantities (0.3558ms)
✔ bounded fractional coordinates keep full numeric output and remain finite at both limits (0.4559ms)
✔ invalid and partial coordinate text and unsupported counts refuse the whole experiment (1.0916ms)
✔ plot units are equal, imaginary-positive is upward, and every indexed point fits (0.6296ms)
✔ principal angles, signed zero and approximate formatting have declared behavior (0.2979ms)
✔ accepted snapshots are immutable and JSON retains all unrounded computed values (0.551ms)
✔ every small-set outcome and count agrees with filtered position assignments (27.1538ms)
✔ largest allowed inputs preserve complete counts and distant outcome addresses (320.626ms)
✔ empty and impossible selections are different, with explicit zero boundaries (1.2495ms)
✔ multiset representations retain repeated labels and explain unequal group sizes (0.5989ms)
✔ decimal drafts and programmatic inputs reject unsupported numeric forms and models (0.9623ms)
✔ page and outcome addresses are bounded and wrong types cannot silently round (0.617ms)
✔ result copies stay stable and fully JSON serializable (0.6657ms)
✔ the twelve original questions validate through the published deck contract (78.613ms)
✔ the generated offline page is current, contains the exact course, and has a parseable script (1305.5682ms)
✔ catalog keeps exact raw text and an immutable copy of checked metadata (2.9989ms)
✔ curated paths reject traversal, external URLs, authoring sources and duplicates (1.2994ms)
✔ search uses title and concept substrings with stable order and trimmed case (0.4929ms)
✔ standalone build matches checked-in HTML and embeds every original file unchanged (425.6019ms)
✔ embedded course text cannot terminate the data script or become executable markup (1.7213ms)
✔ builder refuses extra arguments before writing the generated page (56.9505ms)
✔ the standalone Lesson focus file matches its actual modular sources (260.5309ms)
✔ all questions and both prerequisite branches survive a focused lesson (4.6346ms)
✔ requested concepts remain explicit when they are also a prerequisite (0.6264ms)
✔ clearing or changing targets never retains an earlier closure (1.044ms)
✔ literal names, answer identities and immutable copied results (0.552ms)
✔ invalid source, selection and title are refused before producing a lesson (1.4828ms)
✔ real supplied courses retain all content when all concepts are chosen (249.2544ms)
✔ compact output fits the real file limit and an oversized result is refused (8.3878ms)
✔ the direct-file handout page is generated from the current validator, document and UI sources (311.8473ms)
✔ worksheet projection contains only original public question fields in canonical order (3.1733ms)
✔ separate answer key maps B, A and F to the original two, four and six option arrays (0.3743ms)
✔ projection is a frozen snapshot and cannot mutate or alias the selected deck (0.8014ms)
✔ downloaded worksheet JSON and HTML omit authored answers and explanations (0.7996ms)
✔ downloaded answer key carries exact authored answers, explanations and credit (0.4374ms)
✔ literal Unicode, markup, line endings and script delimiters survive JSON without becoming executable markup (1.6826ms)
✔ real Deck studio checked downloads retain reordered questions and answer identity (0.9888ms)
✔ real parser rejects malformed, unsupported and oversized local deck input (1.5332ms)
✔ handout creation refuses invalid deck answers instead of producing an untrustworthy key (0.4656ms)
✔ document modes are explicit and invalid choices never silently produce an answer key (0.6097ms)
✔ worksheet and key filenames are distinct bounded local names (0.3184ms)
✔ repeat exports are deterministic and leave the original selected JSON unchanged (0.3241ms)
✔ the existing contract admits twelve original items across four connected concepts (2.4685ms)
✔ canonical correct positions are balanced without a universal longest-answer cue (0.3407ms)
✔ the answer key matches independently worked charge, connection and power values (0.2569ms)
✔ existing selection, review, separate retries and study notes retain every course item (19.0316ms)
✔ the direct-file artifact rebuilds exactly and embeds the original course bytes (173.1598ms)
✔ 12 V across 100 and 200 ohms agrees with independently worked branch values (2.1794ms)
✔ zero voltage has finite equivalent resistance and zero current and power (0.3364ms)
✔ charge, loop-voltage and power relationships hold throughout a deterministic input grid (1.987ms)
✔ permuting resistors swaps their values without changing source behavior (0.3352ms)
✔ a branch change and a voltage change preserve the stated ideal-source assumptions (0.263ms)
✔ equal resistors use four times as much total power in parallel at fixed nonzero voltage (0.2963ms)
✔ model refuses missing, coerced, nonfinite and out-of-domain parameters (1.3503ms)
✔ text edits require explicit decimal values and never turn a blank into zero (0.6665ms)
✔ results are independent immutable snapshots of their input parameters (0.3643ms)
✔ CSV keeps both modes, physical units and full numeric precision (1.7889ms)
✔ unfinished and completely empty drafts save without claiming lesson validity (5.1271ms)
✔ duplicate text, cyclic and self prerequisites, and unfinished selections survive for repair (1.292ms)
✔ ready imported lessons retain public IDs, ordered content, answer identity and checked bytes (1.2315ms)
✔ canonical private keys recover near-limit counters without changing public IDs or live state (0.6803ms)
✔ staged drafts are deeply frozen and replacement copies remain editable (1.1371ms)
✔ missing or ambiguous internal references, malformed shape and unsafe counters refuse before admission (2.3097ms)
✔ only recognized editor fields cross the draft boundary (0.3496ms)
✔ a lesson larger than its admission limit can be saved as a draft and repaired later (14.7292ms)
✔ draft size limits count actual UTF-8 bytes and failed saving leaves writing intact (43.8478ms)
✔ compact drafts remain saveable near and exactly at the byte limit without added whitespace (158.4289ms)
✔ a file whose canonical private keys exceed the saved limit is refused before admission (40.5789ms)
✔ a valid deck stages without touching authored text and commits once with full immutable content (8.5767ms)
✔ invalid JSON, invalid answer, oversized file and unreadable file preserve the draft and allow retry (5.927ms)
✔ unfinished and cyclic draft files stage visibly and replace once with an immutable editable state (3.487ms)
✔ a draft suffix cannot admit an oversized lesson deck through the larger draft-file limit (6.9731ms)
✔ malformed and unsupported editable drafts preserve the old draft and retire pending previews (2.5191ms)
✔ newest selected format wins across slow draft-to-deck and deck-to-draft reads (4.5094ms)
✔ explicit Keep current draft clears staged replacement and restores the open control focus (0.8053ms)
✔ opening another chooser invalidates its old preview even when the chooser is cancelled (0.7412ms)
✔ a newer valid choice wins over an earlier slow success or failure (1.2914ms)
✔ cancelled or empty file selection prevents a late read from reopening a preview (1.1256ms)
✔ invalid newer files invalidate an earlier pending or staged valid deck (1.1307ms)
✔ undo restores all writing while clearing only references to deliberately removed concepts (3.6396ms)
✔ undo retains known selections and even unfinished self links while removing a missing prerequisite (1.4651ms)
✔ blank editor requires authored metadata and a deliberate answer (3.712ms)
✔ opening a validated lesson makes an independent editable draft and preserves IDs and literals (0.9712ms)
✔ correctness follows an option when moved or when a preceding option is removed (0.7834ms)
✔ option limits refuse without deleting text or changing the answer (1.0932ms)
✔ concept renaming updates question and prerequisite references while used deletion is refused (0.5001ms)
✔ cycles, uncovered concepts and duplicate answer text remain repairable drafts (0.7048ms)
✔ question reordering and undo restore the removed question without rolling back later edits (1.5548ms)
✔ new question IDs do not overwrite IDs from an opened deck (0.3884ms)
✔ checked snapshots are immutable, deterministic, and separate from later draft edits (0.4888ms)
✔ individually valid multibyte content cannot export a file larger than the importer admits (9.7832ms)
✔ download filenames are bounded local names (0.4166ms)
✔ the existing bundled deck imports unchanged without a format field (2.9185ms)
✔ a deck is an immutable copy, and unknown fields cannot configure the runtime (0.7875ms)
✔ malformed JSON, unsupported versions and wrong top-level values give actionable errors (0.2937ms)
✔ JSON byte limit counts multibyte text and accepts the exact boundary (1.3484ms)
✔ required readable metadata and bounded question fields are validated (0.682ms)
✔ empty and oversized collections and duplicate identities are refused (0.3582ms)
✔ every question and prerequisite must name a known covered concept (1.3186ms)
✔ self-requirements and concept cycles across different questions are refused (0.3475ms)
✔ choices require distinct readable options and an actual integer answer index (0.5998ms)
✔ 100 questions and 32 concepts work through the existing selector to exhaustion (119.1519ms)
✔ imported answer indices, literal text and object-key names survive learning and practice (0.7392ms)
✔ downloadable example round-trips through the import contract with full attribution (0.3956ms)
✔ the exact original course is bounded, admitted, balanced and round-trippable (2.3512ms)
▶ every stated answer follows the literal graph, with one correct option
  ✔ dg-links-1 (0.4881ms)
  ✔ dg-links-2 (0.4867ms)
  ✔ dg-links-3 (0.3379ms)
  ✔ dg-reach-1 (1.2181ms)
  ✔ dg-reach-2 (0.3374ms)
  ✔ dg-reach-3 (0.2906ms)
  ✔ dg-order-1 (0.3113ms)
  ✔ dg-order-2 (0.3704ms)
  ✔ dg-order-3 (0.4961ms)
  ✔ dg-update-1 (0.4654ms)
  ✔ dg-update-2 (0.2787ms)
  ✔ dg-update-3 (0.4084ms)
✔ every stated answer follows the literal graph, with one correct option (7.4602ms)
✔ structurally valid changed content exposes graph reversal and blocked-descendant mistakes (2.0521ms)
✔ the real selector, review, practice, notes and trace consumer preserve this course (17.8328ms)
✔ literal input preserves case, Unicode and prototype-like names (3.6999ms)
✔ bounded input rejects ambiguity, duplicate arrows and unknown names (2.4965ms)
✔ the graph model copies and freezes input instead of sharing mutable arrays (0.457ms)
✔ completion requires every prerequisite and never permits a repeated job (2.0682ms)
✔ undo and reset retain the graph and earlier completion order (1.104ms)
✔ a downstream blocked job is not mislabeled as part of a cycle (0.8125ms)
✔ separate strongly connected groups, a self-loop and their descendants stay distinct (0.4387ms)
✔ reachability follows direction and counts positive-length paths (0.5846ms)
✔ order enumeration extends the exact prefix and reports a cap only when exceeded (0.6429ms)
✔ eight independent jobs produce bounded, stable complete orders (0.5738ms)
✔ the standalone build and original course download retain exact source text (144.8692ms)
✔ the builder escapes source text for HTML while recovering the original UTF-8 string (2.055ms)
✔ unsupported module changes and missing or duplicated build markers fail explicitly (50.4852ms)
✔ timing exports the admitted API and preserves every tied critical branch (7.4571ms)
✔ all three-job DAGs and binary duration vectors match enumerated maximal paths (44.0704ms)
✔ zero milestones and disconnected jobs use the global project deadline (0.9833ms)
✔ eight-job bounds retain exact integer arithmetic and all tight zero branches (5.4646ms)
✔ cyclic projects retain separate SCC, blocked-descendant and ready-job explanations (0.9497ms)
✔ duration records are complete, exact-own-key, strict integer inputs even for cycles (2.714ms)
✔ literal Unicode and prototype-like job names preserve exact identities and order (1.0794ms)
✔ graph refusal remains delegated to the unchanged original admission contract (0.3303ms)
✔ returned timing is detached and deeply frozen without freezing caller input (1.1852ms)
✔ duration admission refuses accessors without executing getters or coercion (3.8955ms)
✔ the checked-in timing page exactly matches the native builder output (173.0701ms)
✔ the committed standalone page exactly matches its native source builder (151.5565ms)
✔ the actual embedded course text retains the qualified twelve-question identity byte for byte (1.8483ms)
✔ the fixed uninhibited enzyme reproduces the existing course example (3.035ms)
✔ one independently worked comparison distinguishes rate, fraction and apparent parameters (0.3579ms)
✔ zero substrate yields zero rates and undefined fractions, including with zero inhibitor (0.3484ms)
✔ zero inhibitor makes all cases coincide; each Km locates its own half limiting rate (0.4279ms)
✔ adding substrate reduces competitive fractional loss while the pure special case stays proportional (0.2224ms)
✔ a deterministic domain grid preserves saturation, ordering and fixed baseline parameters (0.7039ms)
✔ invalid or coerced inputs and incomplete text never silently reuse a prior comparison (1.4642ms)
✔ snapshots are independent and the sampled curve includes exact endpoints and course points (1.6304ms)
✔ CSV exports the current point, complete sample grid, units and explicit undefined cells (3.5315ms)
✔ positive subnormal substrate retains analytic fractions instead of a quotient of quantized rates (1.634ms)
✔ the original twelve-question course enters the unchanged deck contract with all four concepts (1.2637ms)
✔ a complete adaptive session retains two first misses while separate practice and notes use this course (15.6216ms)
✔ a fully correct course still yields complete review and notes without invented retries (0.5592ms)
✔ the committed direct-file explorer matches its exact modular inputs (603.5983ms)
✔ decimal-text inputs normalize whitespace and leading zeros without number coercion (2.4274ms)
✔ ambiguous, out-of-range and nontext inputs are refused before computation (1.7126ms)
✔ the original ordered pair produces the exact worked four-division trace (0.5127ms)
✔ smaller-first inputs retain their real quotient-zero first division (0.3848ms)
✔ zero, equal and exactly divisible pairs have their actual division counts (0.3515ms)
✔ all 6,561 pairs from zero through eighty agree with common-divisor enumeration (76.6237ms)
✔ boundary and long-chain pairs agree with a separate binary-gcd oracle (14.0561ms)
✔ the saved trace is exact JSON with decimal integer strings and independent frozen results (0.7774ms)
✔ the original course imports through the unchanged learner contract and round trips (3.0063ms)
✔ the course explicitly teaches the hand-calculated update, multiplier and strict boundary (0.3144ms)
✔ the generated explorer contains the exact course bytes and current model source (469.137ms)
✔ the default rule follows a hand-calculated update and approaches 2/3, not r=1 (6.0669ms)
✔ two starts obey the signed geometric separation and cancel common forcing (0.4291ms)
✔ q=0 reaches the same unique fixed point after one update (0.2969ms)
✔ boundary cases distinguish persistent separation, drift and repeating deviations (0.4404ms)
✔ an exact equilibrium can stay flat while a nearby start grows (0.4737ms)
✔ constant input and reference move the fixed point without changing q (0.2686ms)
✔ the admitted longest extreme trajectories remain finite and follow a closed form (1.7815ms)
✔ validation rejects unbounded, fractional, empty and nonnumeric settings without changing the input (0.769ms)
✔ terminal CSV fields mean N updates and N+1 states; settings survive every row (0.6554ms)
✔ finite-precision subtraction remains distinct from the analytical separation (0.3328ms)
✔ the original twelve-question course satisfies the current public deck contract (2.1948ms)
✔ course answer identities agree with separately specified arithmetic and conventions (0.4459ms)
✔ the actual adaptive, review, retry, and study-note consumers receive all course content (16.1377ms)
✔ the direct-file lab is an exact build with the original downloadable course bytes (125.0259ms)
✔ full signed convolution retains cancellation and the final product (2.7304ms)
✔ each selected index exposes reversed kernel indices and outside-list zeros (0.6501ms)
✔ convolution is distinguished from the declared zero-lag correlation (0.3369ms)
✔ impulses preserve origin, delays, and the declared full zero padding (0.2688ms)
✔ averaging and differencing include both finite boundaries (0.2296ms)
✔ fixed-kernel superposition and operand exchange hold on distinct signed cases (0.3712ms)
✔ four-place inputs preserve eight-place signed products and exact cancellation (0.3807ms)
✔ the maximum admitted lists retain 47 finite outputs and the exact peak (0.4862ms)
✔ text admission keeps literal values and refuses ambiguous or out-of-domain input (0.9929ms)
✔ direct numerical callers cannot admit holes, non-numbers, extra precision, or invalid indices (0.6456ms)
✔ a recorded calculation owns immutable inputs, outputs, and per-index terms (0.4605ms)
✔ standalone artifact exactly matches sources and contains a valid offline script (266.5587ms)
✔ course survives the existing validator and editable-format round trip (1.6101ms)
✔ literal markup and Unicode in admitted course content cannot close the generated script (849.1403ms)
✔ check mode reports stale output without replacing a retained artifact (223.1978ms)
✔ unexpected UI dependency refuses the build before overwriting its artifact (131.8044ms)
▶ direct entry paths run the same check, refusal and rebuild commands
  ✔ canonical (229.2586ms)
  ✔ directory alias (222.4121ms)
  ✔ file alias (219.9353ms)
✔ direct entry paths run the same check, refusal and rebuild commands (672.4918ms)
✔ ordinary imports and missing caller entries do not execute the CLI (134.5705ms)
✔ fictional reversal retains denominators and uses common weights only for reference (3.7121ms)
✔ ties and conflicting subgroup directions are not a strict reversal (0.6567ms)
✔ empty cells remain unavailable unless their reference weight is exactly zero (0.4115ms)
✔ an entirely empty option has no pooled rate or inferred group mix (0.2368ms)
✔ invalid numeric inputs are refused without truncation or coercion (0.8599ms)
✔ native count entry distinguishes blank and invalid text from zero (20.1677ms)
✔ a strict difference too small for percentage display is not declared equal (0.3163ms)
✔ label and group transformations preserve the intended descriptive quantities (0.9612ms)
✔ shared weights preserve both strict subgroup advantages at every permitted mix (3.6377ms)
✔ download contains exact inputs, unavailable values and deterministic recomputable fractions (0.5456ms)
✔ signed homes, exact admission and canonical copies (3.0088ms)
✔ search crosses a tombstone and insertion reuses it only after absence proof (1.0133ms)
✔ a tombstone before an existing key does not create a duplicate (0.5854ms)
✔ wraparound, full refusal, duplicate success and full-cycle tombstone reuse (0.5096ms)
✔ probe frames observe the pre-state; only a result frame applies changes (0.6079ms)
✔ the original course passes the existing importer and preserves its permission (45.801ms)
✔ standalone page is reproducible and embeds the exact downloadable deck text (264.9071ms)
✔ BKT probabilities stay bounded across repeated evidence (5.1291ms)
✔ correct evidence raises and incorrect evidence lowers posterior for interior prior (0.1796ms)
✔ parameter validation rejects impossible probabilities (0.4828ms)
✔ entropy and information gain have expected bounds and peak near uncertainty (1.1724ms)
✔ selector prioritizes a weak prerequisite and is stable after exhaustion (0.3792ms)
✔ initial mastery creates independent named concept values (1.0157ms)
✔ scripted learner simulation is deterministic, bounded, and distinguishes selector modes (0.6419ms)
✔ written scalars retain exact decimal/fraction intent and bounded admission (2.084ms)
✔ noisy example has exact coefficients, each residual, and the minimum identity (4.9531ms)
✔ changing the middle point changes the intercept and flips residuals without inventing zero SSE (0.5031ms)
✔ all authored examples have independently worked exact outcomes (1.9186ms)
✔ all-equal x determines the shared fitted value and minimum, not arbitrary coefficients (0.7944ms)
✔ ordinary repeated x and duplicate points count as rows; constant y is a valid unique horizontal fit (0.5206ms)
✔ translation, x-unit change and row permutation preserve the appropriate exact quantities (0.588ms)
✔ extreme admitted geometry produces copyable exact coefficients without display rounding (0.5907ms)
✔ prediction location uses exact rational comparison at both endpoints (0.5725ms)
✔ zero signed error alone does not minimize the squared criterion (0.3453ms)
✔ bounded changed-input corpus satisfies normal equations and direct numerical score comparison (14.9485ms)
✔ invalid inputs refuse without mutating caller rows or leaving a writable result (0.6902ms)
✔ the emitted course uses the real learner format and retains all original worked items (42.6387ms)
✔ the standalone artifact embeds exact course and guide bytes with no unresolved module dependency (65.8904ms)
✔ mixed partial save preserves exact native prefix, next item, option orders and uninterrupted continuation (12.3722ms)
✔ a started lesson with no answers restores the first native question and all initial estimates (1.2555ms)
✔ feedback retains the last chosen option while Next remains the next unanswered question (1.6739ms)
✔ complete sessions remain in the existing trace format, including its separate practice state (2.4379ms)
✔ course content and array order are bound; harmless JSON object key order is accepted (4.4904ms)
✔ model identity and every BKT parameter must match the native model (1.9414ms)
✔ first answers must form the actual native adaptive prefix with canonical option indices (4.7653ms)
✔ mastery is replayed at full precision and never accepted from rounded or altered values (2.5643ms)
✔ question, feedback and complete per-item permutations are checked before restoration (5.2668ms)
✔ successful and refused reads leave caller state untouched and return deeply immutable independent copies (2.1112ms)
✔ the JSON boundary rejects malformed, unsupported, deep and oversized files with a UTF-8 byte limit (22.4973ms)
✔ save times are canonical UTC values and invalid save inputs cannot mutate a session (1.6866ms)
✔ ordinary course identifiers that match object prototype names survive without shared object mutation (0.8289ms)
✔ the original fourteen-question course passes the real bounded importer and reviewed key (62.1803ms)
✔ integer percentages reject malformed input instead of parsing a numeric prefix (0.8793ms)
✔ matrix and initial admission reject shape, type, sparse values and wrong totals (0.8054ms)
✔ every preset and independent custom system agree with exact rational weights through step 30 (5.4939ms)
✔ mixing has the original worked values and an independent closed-form solution (0.4784ms)
✔ alternation is periodic while its stationary distribution remains fixed (0.4567ms)
✔ absorbing and two-closed-state systems preserve reachability and initial dependence (0.7582ms)
✔ step zero, bounds, copied inputs and deep immutability keep an observation coherent (0.4494ms)
✔ observation export binds applied inputs, selected step and full computed precision (1.6406ms)
✔ the direct-open explorer contains exact course bytes and matches the maintained builder (345.573ms)
Independent arithmetic cases: 1458; finite rows received: 14580
✔ six worked examples distinguish base, step and finite evidence (4.096ms)
✔ independent finite sums and differences receive 1458 bounded exact certificates (77.9031ms)
✔ coefficient extremes and denominator bounds preserve exact arithmetic (0.617ms)
✔ equivalent rational representation and zero denominator refusal (0.8217ms)
✔ strict admission rejects malformed, missing, fractional and out-of-range inputs (0.9304ms)
✔ accepted inputs and every exported record branch are immutable (0.4634ms)
✔ course uses unchanged native deck contract and frozen independent question wording (876.8432ms)
✔ the original course is admitted by the existing deck contract with all four concepts covered (2.4278ms)
✔ answer positions are balanced and no correct option is uniquely the longest (0.3752ms)
✔ each numerical answer uses the stated correction sign, denominator or independence assumption (0.4325ms)
✔ standalone artifact is deterministic, preserves the exact deck bytes and contains executable classic scripts (138.8438ms)
✔ worked four-reading budget distinguishes raw mean, correction, sample scatter and mean uncertainty (2.3477ms)
✔ a shared additive correction shifts the estimate without changing either uncertainty component (0.2262ms)
✔ identical readings retain a nonzero shared component and are not rejected for numerical repetition (0.139ms)
✔ future independent sample sizes hold shared calibration fixed while repeatability shrinks by square root (0.2617ms)
✔ shared covariance gives the same calibration contribution for a mean of any sample size (0.17ms)
✔ compensated raw means preserve small residuals after large opposing readings cancel (0.1587ms)
✔ centered scatter remains meaningful for a large shared offset and at supported extremes (0.169ms)
✔ reordering observations preserves the summary but does not assert statistical independence (0.6051ms)
✔ input parsing keeps every observation and refuses malformed or missing comma fields (0.836ms)
✔ supported magnitude and nonnegative half-width boundaries are explicit (0.3966ms)
✔ public calculations reject missing observations and invalid forecast counts (0.3232ms)
✔ calculation snapshots do not mutate caller arrays or change after later edits (0.1565ms)
✔ the original twelve-item course has native schema, prerequisite closure and exact export/reopen (2.6667ms)
✔ correct course answers complete the actual selector, separate practice and literal study notes (14.8265ms)
✔ mixed course answers complete the actual selector, separate practice and literal study notes (1.0941ms)
✔ missed course answers complete the actual selector, separate practice and literal study notes (0.5796ms)
✔ the direct-open artifact is deterministic and embeds the exact validated course text (174.0815ms)
✔ CLI check through a symlink refuses stale output and accepts the exact current artifact (841.6729ms)
✔ gametes carry one allele per locus and preserve equal segregation (1.6211ms)
✔ Aa × Aa keeps both heterozygote routes and distinguishes genotype from phenotype (1.1639ms)
✔ test crosses and complementary homozygotes have their own outcomes (0.3513ms)
✔ the sixteen-route cross gives nine genotypes and 9:3:3:1 only under its stated assumptions (0.2497ms)
✔ asymmetric AABb × Aabb derives the course answer without a memorized ratio (0.2389ms)
✔ all 90 bounded parent pairs agree with the allele-copy oracle, conserve probability and commute (10.1387ms)
✔ unsupported inputs cannot become a silently different cross (0.9229ms)
✔ a saved cross is a complete immutable record with explicit model boundaries (0.8899ms)
✔ original twelve-question course passes the unchanged learner codec and independent key (29.0452ms)
✔ worked unequal-mass event distinguishes the separating branch from unchanged motion (1.0348ms)
✔ equal or growing positive gaps do not receive hypothetical collision endpoints (0.2983ms)
✔ saved analysis recomputes accepted entered values and rejects extra physical claims (0.5228ms)
✔ committed standalone explorer reproduces exactly from the owned source inputs (541.096ms)
✔ rerouting cancels one exact original edge and increases total flow (4.9306ms)
✔ all worked presets meet independent cuts and conservation (3.2526ms)
✔ opposite original edge and cancellation remain two residual options (0.5383ms)
✔ all 4096 directed unit-capacity four-vertex networks match exhaustive cuts (304.6257ms)
✔ seeded integer networks up to eight vertices match cut enumeration (229.3327ms)
✔ empty, direct, zero and irrelevant source/sink reverse edges (0.4342ms)
✔ input and every retained snapshot are detached and immutable (1.2328ms)
✔ structural and numeric refusals happen before solving (1.3055ms)
✔ text parsing and observation downloads preserve the applied inputs (1.9955ms)
✔ original course is accepted by the unchanged native deck validator (77.6273ms)
✔ the standalone explorer matches its exact maintained inputs (238.7667ms)
✔ Newton lesson is admitted by the actual learner with twelve complete original questions (1.9067ms)
✔ lesson numerical answers agree with independently written exact arithmetic (0.2381ms)
✔ worked guide retains exact examples and separates residual, root and bounded computation (0.189ms)
✔ standalone page embeds byte-exact course and guide strings in one parseable script (1.1388ms)
✔ committed explorer is fresh according to the actual project builder (55.5973ms)
✔ builder rejects unsupported arguments without changing its artifact (58.5554ms)
✔ an affine tangent lands exactly on its root (2.0961ms)
✔ square-root steps retain exact residuals instead of rounded convergence (0.3806ms)
✔ a nonroot horizontal tangent stops without fabricating a step (0.1894ms)
✔ an exact initial root wins over a zero derivative (0.2238ms)
✔ constant functions retain their distinct meanings (0.2289ms)
✔ the cubic 0 to 1 to 0 cycle is detected exactly (0.3316ms)
✔ a repeated root approaches without being declared equal (0.3323ms)
✔ a cubic can land on an exact root in one genuine step (0.2186ms)
✔ multiplying a polynomial by a nonzero constant preserves its tangent intercepts (0.49ms)
✔ opposite initial signs can approach different roots (0.313ms)
✔ finite decimal and fraction inputs are parsed as exact rationals (0.9774ms)
✔ input bounds refuse partial parsing, coercion and unreasonable requests (0.7137ms)
✔ the bounded arithmetic stop keeps only complete steps (22.1323ms)
✔ drawing an enormous numerator and denominator does not produce Infinity over Infinity (0.3402ms)
✔ input objects stay unchanged and each run is independent (0.3851ms)
✔ polynomial labels and all presets describe admissible independent experiments (1.097ms)
✔ small dyadic arithmetic keeps exact operand and result values (2.3976ms)
✔ decimal sum retains exact conversion and operation contributions (0.4429ms)
✔ conversion can erase a difference while subtraction itself is exact (0.3757ms)
✔ operation rounding can lose an exact integer step (0.2914ms)
✔ nonzero signed contributions can cancel at an exactly represented result (0.3732ms)
✔ individual exact integers outside the safe interval are kept distinct from the API guarantee (0.9985ms)
✔ signs, exact raw strings and negative zero remain explicit (0.3522ms)
✔ the declared decimal input bounds admit edges and refuse other syntax (1.9409ms)
✔ worked records are complete, deterministic and deeply immutable (1.9053ms)
✔ the original lesson passes the unchanged native deck contract with exact export parity (8.0994ms)
✔ language-specific worked examples agree with actual native Number and BigInt operations (0.2634ms)
✔ the directly openable explorer is an exact build of its native inputs (178.5305ms)
✔ embedded lesson download preserves exact source bytes (7.4885ms)
✔ the original phasor course meets the complete native deck contract (3.1112ms)
✔ the unchanged native selector reaches every imported item with bounded mastery estimates (14.0058ms)
✔ course answer identities agree with the separately solved blind receiving key (0.4365ms)
✔ the 3 + 4i example has amplitude five and the independently derived cosine projections (3.8953ms)
✔ admission refuses omitted, blank, nonfinite, coerced and out-of-range settings (6.0439ms)
✔ equal opposite waves cancel exactly at arbitrary common rotations and both half-turn signs (2.4219ms)
✔ zero input and one absent component have distinct well-defined amplitude behavior (0.5154ms)
✔ a small real residual is retained instead of being relabeled exact cancellation (1.3613ms)
✔ common rotation preserves magnitude and cycle average while moving the real projection (0.8331ms)
✔ principal phase respects the branch cut and zero never acquires a fabricated angle (0.8034ms)
✔ independent real-signal equations, amplitude law and full-cycle numerical averages agree (41.4104ms)
✔ changing frequency changes seconds but keeps every fixed-cycle signal value (0.7976ms)
✔ cursor changes select a point without rewriting the two-cycle trace (0.4911ms)
✔ a snapshot copies inputs and freezes all nested numerical results (0.2934ms)
✔ JSON exports the checked snapshot, explicit assumptions and undefined zero phase as null (1.4516ms)
✔ CSV preserves all 129 full-precision samples and all six experiment settings (1.4783ms)
✔ display formatting retains zero sign policy and small nonzero values (0.1086ms)
✔ constant rate accumulates with units and negative rate retains direction (2.8988ms)
✔ out-and-back prefixes retain signed and absolute accumulation separately (0.8533ms)
✔ an interior zero is split before distance accumulation (1.0729ms)
✔ a non-grid zero retains exact rational area (0.3353ms)
✔ zero duration, complete rest and touching zero are distinct (0.8855ms)
✔ acceleration records corners, straight inserted knots and one-sided boundaries (1.0546ms)
✔ covered segment rows agree with manually worked rest and cruise prefixes (1.1561ms)
✔ sign reversal negates signed values but preserves distance over many prefixes (25.7845ms)
✔ all declared edges are admitted and all invalid inputs are refused before a result (1.4911ms)
✔ records are immutable, deterministic and retain complete authored input (0.9729ms)
✔ the original course passes unchanged deck admission and balanced answer positions (39.1785ms)
✔ standalone parity and embedded exact course/guide bytes (195.4223ms)
✔ circuit admission copies the four finite values and normalizes negative zero (1.7832ms)
✔ invalid records, nonfinite values and values outside each bound are refused (0.7606ms)
✔ text input accepts explicit decimals and exponent notation without empty coercion (0.3694ms)
✔ initial capacitor voltage is continuous and initial current uses the signed gap (0.1618ms)
✔ discharge, reversed steps and a precharged source preserve current and power signs (0.294ms)
✔ equilibrium retains stored energy while all transfers vanish (0.1698ms)
✔ resistance and capacitance scaling distinguish physical time from normalized time (0.2092ms)
✔ finite five-tau and eight-tau results retain a nonzero gap (0.1785ms)
✔ tiny positive time retains a finite change and signed energy balance (1.4799ms)
✔ the trace is a frozen 161-sample applied snapshot including both endpoints (1.8708ms)
✔ observation JSON keeps applied inputs, SI units and full-precision selected results (3.2288ms)
✔ the original course validates in the unchanged parser with balanced concept coverage (49.6471ms)
✔ the checked-in standalone lab matches its sources and preserves both download payloads (196.7532ms)
✔ the twelve-question course is an exact native importer/serializer round trip (4.561ms)
✔ base cases and the unreachable countdown use their declared inputs (0.4665ms)
✔ waiting-parent, completion-order and second-child answers preserve unfinished work (0.2412ms)
✔ chain and branching call counts agree with independent products and binomial sums (0.2619ms)
✔ fresh-cache answers account for every invocation and preserve a stored zero (0.3532ms)
✔ every numeric Fibonacci guide row matches the separate reference (0.396ms)
✔ the existing author conversion can reopen and check every content field without loss (1.5017ms)
✔ actual selection, review, practice and study notes retain the imported answer identity (20.0739ms)
✔ a damaged late answer or an explorer trace format is refused by the unmodified importer (1.3851ms)
✔ all 33 bounded runs agree with independent numeric and invocation-count oracles (48.4379ms)
✔ every prefix preserves stack identity, parent ownership, monotone counters, and exact return delivery (21.1643ms)
✔ factorial unwinds in actual return order and retains each multiplication until its child returns (0.5024ms)
✔ Fibonacci completes the left child first and preserves it across the right branch (0.5027ms)
✔ memoization starts empty, caches bases, counts cache-hit frames, and never shares a previous run (2.0328ms)
✔ inspection is reversible, immutable, and exported cursor binds the exact displayed state (8.136ms)
✔ invalid and ambiguous input is refused before tracing (0.605ms)
✔ checked-in direct-file page reproduces exactly and contains no runtime module imports (601.6484ms)
✔ question identity survives reordered review, edits and clearing without changing earlier notes (1.4869ms)
✔ application writing is separate and a fresh session starts with every field empty (1.1858ms)
✔ unknown or duplicate question identities and non-text edits are refused (0.3849ms)
✔ actual study notes bind writing to questions while retaining native review, estimates and a paused retry (3.2622ms)
✔ actual export uses the most recent edit and represents cleared fields as unwritten (0.6683ms)
✔ export refuses missing, duplicate or foreign notebook identities instead of attaching notes by position (1.4235ms)
✔ study notes retain the displayed imported-course application prompt without changing notebook or first-session data (0.502ms)
✔ a notebook export refuses a missing or non-text displayed application prompt (0.4363ms)
✔ review preserves session order and the actual chosen answer (2.0547ms)
✔ review is an immutable snapshot independent of mutable input arrays (0.6962ms)
✔ a review rejects unknown, duplicate, or invalid first answers (0.4074ms)
✔ practice includes only initially missed questions in first-attempt order (0.3346ms)
✔ correct and incorrect retries remain separate from the immutable original trace (0.4561ms)
✔ practice resumes at the next unanswered question and refuses duplicate or out-of-order writes (0.3976ms)
✔ an all-correct or empty review has no practice question (0.2691ms)
✔ the original course survives native validation and serialization with complete connected content (3.9104ms)
✔ native item selection reaches all twelve questions and can prioritize the weak sample clock (13.6651ms)
✔ answer text matches independently stated calculations and explicit sampling assumptions (0.3784ms)
✔ each supported sample clock uses inclusive endpoints and an actually different matching cosine (12.4883ms)
✔ DC, reflected aliases, the half-rate and input limits preserve their distinct meaning (0.3381ms)
✔ invalid numerical input is refused and snapshots cannot be changed after observation (0.918ms)
✔ CSV carries full precision and current parameter identity, ignoring supplied forged sample rows (1.2407ms)
✔ notes retain the actual first choices, session order, corrections, transfers, and attribution (3.4893ms)
✔ paused and completed retries cannot replace the first answers or alter the model (0.9363ms)
✔ unstarted, zero-answer paused, and all-correct sessions have honest practice labels (1.3065ms)
✔ incomplete, duplicate, legacy choice-less or malformed traces are refused rather than fabricated (1.2392ms)
✔ plain-text output preserves Unicode and literal markup without creating executable content (0.3331ms)
✔ the original five-vertex example has the hand-calculated settling order and cost-7 route (2.9489ms)
✔ target discovery remains tentative; the cheaper route is final only on target settlement (0.4971ms)
✔ zero weights and equal routes preserve the stated alphabetical and first-predecessor policies (1.1589ms)
✔ all preset source/target pairs agree with exhaustive simple paths, including reverse direction (1.9852ms)
✔ 80 deterministic bounded graphs agree with a simple-path oracle for every source (27.8945ms)
✔ invalid graphs are refused before a runnable state exists (0.8ms)
✔ run, graph, presets and trace snapshots cannot be changed by later edits (0.3524ms)
✔ the original twelve-question course is valid, canonical and has balanced answer positions (0.4286ms)
✔ existing knowledge, review, practice and notes contracts accept the new deck without changing the app (10.4407ms)
✔ the original twelve-item SQL course uses the published import contract without changing its native meaning (2.4543ms)
✖ actual SQLite regenerates all twenty-two saved queries and their exact course/default bindings (234.9644ms)
✔ native adaptive selection, shuffled choices, review, practice and notes preserve all twelve SQL questions (10.7004ms)
✔ a changed answer or invalid query refuses the build and preserves both saved artifacts (433.7298ms)
✔ a stale generated explorer fails --check without silently replacing the changed file (98.5706ms)
✔ original course fits the existing deck contract with all four concepts represented (2.2367ms)
✔ authored answer keys retain the independently worked quantities and conceptual distinctions (0.2685ms)
✔ course completes native selection, correct first answers, review, retry and study notes (14.5771ms)
✔ course completes native selection, mixed first answers, review, retry and study notes (1.0505ms)
✔ course completes native selection, missed first answers, review, retry and study notes (0.7983ms)
✔ generated direct-open artifact has exact build parity and embeds the qualified course (281.0813ms)
✔ standalone rendering keeps embedded source and course text inside their script elements (0.6377ms)
✔ water: 6 / 2 mol → second (2.3403ms)
✔ water: 2 / 2 mol → first (0.201ms)
✔ water: 4 / 2 mol → matched (0.1423ms)
✔ water: 0 / 5 mol → no-product (0.1421ms)
✔ water: 5 / 0 mol → no-product (0.2064ms)
✔ water: 0 / 0 mol → no-product (0.1297ms)
✔ ammonia: 2 / 3 mol → second (0.1379ms)
✔ ammonia: 1 / 2.4 mol → second (0.193ms)
✔ ammonia: 2 / 4.8 mol → second (0.135ms)
✔ ammonia: 0.1 / 0.3 mol → matched (0.1741ms)
✔ ammonia: 0.001 / 0.001 mol → second (0.1066ms)
✔ ammonia: 0.001 / 0.003 mol → matched (0.1184ms)
✔ ammonia: 0.001 / 0.004 mol → first (0.1438ms)
✔ magnesium: 1.5 / 1 mol → first (0.1048ms)
✔ magnesium: 1 / 0.499 mol → second (0.0929ms)
✔ magnesium: 1 / 0.5 mol → matched (0.0847ms)
✔ magnesium: 1 / 0.501 mol → first (0.0974ms)
✔ water: 1000 / 1000 mol → first (0.087ms)
✔ authored equations use the declared species and conserve each element (1.0168ms)
✔ all admitted decimal spellings resolve to exact millimoles (0.1478ms)
✔ invalid or ambiguous amount inputs are refused without numeric coercion (0.8404ms)
✔ positive amounts straddling an exact ratio are never classified using a floating tolerance (0.1019ms)
✔ start = used + left and atom inventory is conserved across a changed-input grid (3.6137ms)
✔ doubling both supplies doubles theoretical product and excess without changing the limiting identity (0.7602ms)
✔ reaction definitions and solved records are deeply immutable without changing caller inputs (0.3083ms)
✔ worked record carries this prediction, mole accounting and the explicit theoretical model (0.7012ms)
✔ completed first answers restore in their original adaptive order with exact, unrounded estimates (15.2077ms)
✔ unstarted, zero-answer, paused and complete practice remain distinct and can resume once (2.6608ms)
✔ all-correct and all-missed completed traces use canonical answer indices (1.129ms)
✔ incomplete, duplicate, unknown and out-of-range first answers are refused (3.7111ms)
✔ a different course revision cannot replace the current deck; property order is immaterial (2.4188ms)
✔ changed model parameters, rounded estimates and incompatible versions are refused (2.9214ms)
✔ practice replay refuses duplicate, reordered, correct-first and extra answers (3.3412ms)
✔ bounded parsing refuses invalid JSON and oversized UTF-8 before exposing state (2.0705ms)
✔ identical completed files inspect independently with no invented differences or chronology (6.1422ms)
✔ canonical joins preserve both orders, all correctness transitions and two different wrong answers (1.0882ms)
✔ changed question order alone is not an answer difference (1.0067ms)
✔ unstarted, pending, incorrect retry and correct retry remain separate from first answers (2.8371ms)
✔ the current raw bundled deck remains compatible without normalizing its archive identity (2.8674ms)
✔ object property ordering preserves identity while changed course content refuses the pair (2.9452ms)
✔ incomplete, malformed, changed-model and altered-estimate inputs keep the native refusals (4.2874ms)
✔ inspection validates bounded deck content before using an archived deck as context (3.8669ms)
✔ literal course content and prototype-looking IDs survive without mutable returned records (0.92ms)
✔ independent concurrent file reads only publish their current pair (1.3454ms)
✔ a replacement retires the old pair immediately and a superseded read cannot overwrite it (2.215ms)
✔ clearing a pending file or receiving its late failure cannot restore comparison state (1.3328ms)
✔ rejected or incompatible replacements clear paired output and permit ordinary recovery (2.3993ms)
✔ file admission refuses oversized metadata before reading and rejects malformed UTF-8 bytes (0.4147ms)
✔ cancelled selection preserves accepted files and the immutable paired snapshot (0.7774ms)
✔ the checked-in offline explorer contains the current source and exact admitted lesson (151.8463ms)
✔ linear conversions keep the quantity while changing the numerical value (2.6716ms)
✔ a prefix scales every powered dimension (0.7149ms)
✔ both numerator and denominator scales participate in rates and density (0.5493ms)
✔ derived units reduce to their stated m/kg/s powers (1.1047ms)
✔ cancellation retains scale even when the resulting dimension is one (0.3745ms)
✔ division is left-associative and parentheses change denominator grouping (0.3226ms)
✔ Unicode conveniences are explicit and whitespace is not multiplication (0.8514ms)
✔ zero does not make incompatible dimensions convertible (0.5336ms)
✔ repeating ratios remain exact and displayed rounding is explicit (0.395ms)
✔ large entered integers and small decimal distinctions survive without Number conversion (0.4515ms)
✔ quantity parsing requires complete bounded decimal text (0.3304ms)
✔ the unit grammar rejects incomplete, excessive and unsupported expressions (0.6963ms)
✔ returned records are immutable JSON with exact rational strings (0.4793ms)
✔ normalized expressions retain every grouping and remain valid within the input bound (0.8322ms)
✔ the downloadable course is the exact admitted course, without external dependencies (1.2121ms)
✔ rebuilding the embedded course preserves already current standalone bytes (115.9247ms)
✔ the course example retains a component and reconstructs the exact original (1.2599ms)
✔ the geometric line is unchanged by a positive or negative direction rescaling (0.418ms)
✔ perpendicular, parallel, axis-aligned and zero-original cases remain defined (0.3323ms)
✔ malformed, missing, out-of-domain and zero direction values are refused (0.6537ms)
✔ calculation does not mutate or alias its input coordinates (0.7946ms)
✔ 2,000 independently checked geometries satisfy the projection characterization and plot bounds (16.0281ms)
✔ course has twelve original items, two per concept, with a balanced canonical answer key (1.4261ms)
✔ displacement subtracts the starting point, including its negative component (0.5004ms)
✔ sequential displacements combine componentwise and retain the same final point (0.1755ms)
✔ Euclidean length is the square root of the sum of squared components (0.1585ms)
✔ the unit direction has length one and preserves the original orientation (0.1902ms)
✔ the two nonzero perpendicular vectors have zero dot product (0.134ms)
✔ a unit-axis component retains the sign of the projected displacement (0.1343ms)
✔ the projection lies on the nonunit direction line and leaves an orthogonal residual (0.2034ms)
✔ the requested residual reconstructs b as well as being perpendicular (0.1813ms)
✔ row dot products implement the stated column-vector matrix convention (0.2273ms)
✔ basis images retain the coefficients of the input linear combination (0.1603ms)
✔ rotation before horizontal stretch differs from the reverse order (0.1772ms)
✔ the stated distinct inputs collide under the flattening map (0.1582ms)
✔ the authored greedy counterexample has the complete expected table and schedule (1.6645ms)
✔ a changed value recomputes the selected prefix and does not mutate the example (0.2537ms)
✔ touching endpoints are compatible and a positive overlap changes that decision (0.2125ms)
✔ backtracking from a smaller prefix can differ from the complete optimum (0.1556ms)
✔ equal alternatives keep the previous prefix under the declared stable order (0.1895ms)
✔ a predecessor row supplies its best prefix, not necessarily its own activity (0.1462ms)
✔ empty and zero-valued inputs return a real empty optimum (0.2106ms)
✔ the admitted bounds and code-unit ID tie order are exact (0.7ms)
✔ invalid representable activity inputs are refused without changing supplied data (0.8138ms)
✔ results are detached from both admitted inputs and future solver calls (0.2003ms)
✔ the original twelve-question course is canonical and covers every concept (0.3683ms)
✔ the deck goes through the existing adaptive learner, review, practice and notes consumers (12.4444ms)
✔ the direct-file page matches the maintained builder and original deck download (162.8226ms)
ℹ tests 621
ℹ suites 0
ℹ pass 620
ℹ fail 1
ℹ cancelled 0
ℹ skipped 0
ℹ todo 0
ℹ duration_ms 3386.7343

✖ failing tests:

test at tests\sql-query-foundations.test.mjs:52:1
✖ actual SQLite regenerates all twenty-two saved queries and their exact course/default bindings (234.9644ms)
  AssertionError [ERR_ASSERTION]: The input did not match the regular expression /^SQL_BUILD OK questions=12 prepared_queries=22 engine=SQLite-\S+ mode=check\n$/. Input:
  
  'SQL_BUILD OK questions=12 prepared_queries=22 engine=SQLite-3.53.4 mode=check\r\n'
  
      at TestContext.<anonymous> (file:///C:/Users/minec/hamon-newton-c77045b4/tests/sql-query-foundations.test.mjs:55:10)
      at Test.runInAsyncScope (node:async_hooks:227:14)
      at Test.run (node:internal/test_runner/test:1402:25)
      at Test.processPendingSubtests (node:internal/test_runner/test:974:18)
      at Test.postRun (node:internal/test_runner/test:1542:19)
      at Test.run (node:internal/test_runner/test:1467:12)
      at async startSubtestAfterBootstrap (node:internal/test_runner/harness:387:3) {
    generatedMessage: true,
    code: 'ERR_ASSERTION',
    actual: 'SQL_BUILD OK questions=12 prepared_queries=22 engine=SQLite-3.53.4 mode=check\r\n',
    expected: /^SQL_BUILD OK questions=12 prepared_queries=22 engine=SQLite-\S+ mode=check\n$/,
    operator: 'match',
    diff: 'simple'
  }
