✔ display orders retain every canonical option exactly once and are immutable (7.5523ms)
✔ a stable source replays an order and changed input can put the answer in every display position (0.7172ms)
✔ invalid counts or random values cannot produce duplicate, missing, or unaddressable choices (0.3395ms)
✔ varied displayed choices keep review, corrected practice and study notes tied to their original text (30.1741ms)
✔ the direct-file author page is generated from all current author modules (244.9375ms)
✔ sixteen original items round trip through current native deck and authoring APIs (3.6992ms)
✔ displayed vector answers satisfy the independent stated arithmetic (0.5299ms)
✔ subdivision keys preserve traversal and explicitly map local parameters (0.2389ms)
✔ qualitative claims retain the stated hypotheses and degeneracy distinctions (0.164ms)
✔ current learner, review, practice and study notes consume every new course item (17.1588ms)
✔ worked quadratic retains every level and correctly ordered subcurve controls (2.6617ms)
✔ direct Bernstein and differentiated-polynomial oracles agree on 504 changed cases (42.9451ms)
✔ subdivision polygons reproduce the original polynomial under both local parameter maps (5.9322ms)
✔ reversing controls reverses the parameter and derivative; translating preserves construction (0.4246ms)
✔ stationary endpoint, constant curve, and collinear nonuniform speed remain distinct (0.3257ms)
✔ parser admits exact text grammar and reduces only in the trace (1.0356ms)
✔ malformed and out-of-domain text is refused with an actionable field (0.9344ms)
✔ public model rejects coercion, sparse arrays and invalid parameter records (0.4976ms)
✔ all result state is detached and frozen; repeated calls are deterministic (0.4114ms)
✔ the binary-search course round-trips through the published deck contract (2.7787ms)
✔ worked first-occurrence and absent examples agree with an independent linear partition (0.3613ms)
✔ midpoint and branch answers use the course’s half-open interval convention (0.9401ms)
✔ the worked trace and worst-case count follow strictly shrinking intervals (4.5702ms)
✔ the actual adaptive learner visits every new question and preserves worked feedback (15.2493ms)
✔ duplicate equality classifies a suffix while retaining the first possible boundary (2.3172ms)
✔ empty, before-first and after-end results remain boundaries rather than invented elements (0.1792ms)
✔ the guide’s two equal-length paths retain their different ordering-comparison counts (0.1891ms)
✔ a complete 32-value trace is detached and immutable without changing the caller (0.3556ms)
✔ text admission preserves order, allows repeats and refuses an invalid current draft (0.5762ms)
✔ every teaching preset is admitted and its complete record survives JSON transport (0.2826ms)
✔ standalone build retains the original course and guide bytes exactly (619.1773ms)
✔ the committed direct-file explorer exactly reproduces from its native modules and checked deck (476.0841ms)
✔ literal course content cannot close the embedded script and is retained byte-for-byte (1.3314ms)
✔ builder refuses invalid decks and ambiguous template/source boundaries (1.8314ms)
✔ the original course is admitted by the unchanged deck validator with the fixed answer map (2.8638ms)
✔ independent finite assignments establish the nontrivial authored choice witnesses (0.5079ms)
✔ native selector → review → separate practice → archive/notes preserves the correct course trace (17.3604ms)
✔ native selector → review → separate practice → archive/notes preserves the missed course trace (3.4573ms)
✔ native selector → review → separate practice → archive/notes preserves the mixed course trace (2.0382ms)
✔ all binary connectives match independently enumerated TT, TF, FT, FF columns (4.2344ms)
✔ the union is alphabetical, complete and unique even with disjoint variables (0.5862ms)
✔ precedence and grouping are explicit, and implication is right associative (0.5165ms)
✔ case, whitespace and parentheses preserve the same formal expression (0.2503ms)
✔ equivalence is exhaustive; converse and incorrect De Morgan variants retain counterexamples (0.6161ms)
✔ valid inference and affirming the consequent differ at a concrete full assignment (0.2861ms)
✔ constants have one empty assignment, and single-expression mode is distinct (0.8439ms)
✔ invalid edits refuse unknown words, partial expressions, code, HTML and unsupported notation (0.7783ms)
✔ boundary inputs admit declared limits and reject the next character, token, parenthesis or operator (0.7789ms)
✔ returned analysis is deeply immutable and subsequent calls do not alter prior results (0.3679ms)
✔ CSV uses the current inputs, full union and every row regardless of any display filter (0.5031ms)
✔ independent receiving columns challenge right grouping, stronger and, and an unused-in-output variable (0.5236ms)
✔ literal text grammar keeps letters, digits and request multiplicity (1.4264ms)
✔ text refuses ambiguous tokens, case conversion and bounded overflows (0.8285ms)
✔ core rejects unsupported capacity and unexpected outer fields (0.5459ms)
✔ core refuses sparse arrays, attached metadata and nonliteral page values (0.2011ms)
✔ FIFO complete trace keeps insertion order on a hit (0.3219ms)
✔ LRU complete trace refreshes recency and can lose this fixed comparison (0.2733ms)
✔ the classic FIFO anomaly retains exact miss positions and capacity totals (0.3847ms)
✔ literal identity, capacity one and a loop that fits retain first-access misses (0.619ms)
✔ empty input produces zero counts without a manufactured percentage (0.4828ms)
✔ caller mutations cannot change retained input, earlier steps or totals (0.4063ms)
✔ every reachable result object is frozen and mutation attempts fail (0.5827ms)
✔ retained prefixes agree with fresh empty-start runs at each selected capacity (6.5182ms)
✔ state transitions conserve requests, slots and resident page identity (0.4582ms)
✔ course is admitted by the unchanged importer and exact authoring round trip (1.0696ms)
✔ course keeps its independently solved answer map and unique concept coverage (0.2603ms)
✔ the real learner selector exhausts this deck once and preserves first tries during practice (12.1991ms)
✔ standalone generation is deterministic and the committed file is current (47.0361ms)
✔ standalone course embedding preserves exact UTF-8 bytes and HTML-like lesson text (0.8737ms)
✔ builder fails closed when template or source import boundaries change (0.7392ms)
✔ the original twelve-question lesson passes the current unchanged importer contract (16.6574ms)
✔ the actual standalone builder passes parity and embeds the exact downloadable lesson (162.8446ms)
✔ successive integer products retain a distinct starting point and multiplier (2.8848ms)
✔ zero steps mean one explicitly assigned initial row, including zero multiplier (0.4167ms)
✔ a returning quarter-turn sequence retains repeated indexed positions (0.2591ms)
✔ zero starting points and zero multipliers keep their different defined quantities (0.2426ms)
✔ bounded fractional coordinates keep full numeric output and remain finite at both limits (0.3871ms)
✔ invalid and partial coordinate text and unsupported counts refuse the whole experiment (0.8935ms)
✔ plot units are equal, imaginary-positive is upward, and every indexed point fits (0.443ms)
✔ principal angles, signed zero and approximate formatting have declared behavior (0.2186ms)
✔ accepted snapshots are immutable and JSON retains all unrounded computed values (0.3663ms)
✔ every small-set outcome and count agrees with filtered position assignments (29.0819ms)
✔ largest allowed inputs preserve complete counts and distant outcome addresses (313.2564ms)
✔ empty and impossible selections are different, with explicit zero boundaries (0.6397ms)
✔ multiset representations retain repeated labels and explain unequal group sizes (0.4759ms)
✔ decimal drafts and programmatic inputs reject unsupported numeric forms and models (0.8039ms)
✔ page and outcome addresses are bounded and wrong types cannot silently round (0.5109ms)
✔ result copies stay stable and fully JSON serializable (0.5119ms)
✔ the twelve original questions validate through the published deck contract (23.1208ms)
✔ the generated offline page is current, contains the exact course, and has a parseable script (365.5887ms)
✔ catalog keeps exact raw text and an immutable copy of checked metadata (2.0478ms)
✔ curated paths reject traversal, external URLs, authoring sources and duplicates (0.8888ms)
✔ search uses title and concept substrings with stable order and trimmed case (0.3063ms)
✔ standalone build matches checked-in HTML and embeds every original file unchanged (237.1249ms)
✔ embedded course text cannot terminate the data script or become executable markup (1.1391ms)
✔ builder refuses extra arguments before writing the generated page (56.6765ms)
✔ the standalone Lesson focus file matches its actual modular sources (239.1056ms)
✔ all questions and both prerequisite branches survive a focused lesson (3.1899ms)
✔ requested concepts remain explicit when they are also a prerequisite (0.3654ms)
✔ clearing or changing targets never retains an earlier closure (0.6676ms)
✔ literal names, answer identities and immutable copied results (0.3465ms)
✔ invalid source, selection and title are refused before producing a lesson (1.0743ms)
✔ real supplied courses retain all content when all concepts are chosen (2.24ms)
✔ compact output fits the real file limit and an oversized result is refused (7.3165ms)
✔ the direct-file handout page is generated from the current validator, document and UI sources (199.7987ms)
✔ worksheet projection contains only original public question fields in canonical order (1.9085ms)
✔ separate answer key maps B, A and F to the original two, four and six option arrays (0.2467ms)
✔ projection is a frozen snapshot and cannot mutate or alias the selected deck (0.5309ms)
✔ downloaded worksheet JSON and HTML omit authored answers and explanations (0.5671ms)
✔ downloaded answer key carries exact authored answers, explanations and credit (0.3029ms)
✔ literal Unicode, markup, line endings and script delimiters survive JSON without becoming executable markup (1.2393ms)
✔ real Deck studio checked downloads retain reordered questions and answer identity (0.6745ms)
✔ real parser rejects malformed, unsupported and oversized local deck input (0.905ms)
✔ handout creation refuses invalid deck answers instead of producing an untrustworthy key (0.308ms)
✔ document modes are explicit and invalid choices never silently produce an answer key (0.4526ms)
✔ worksheet and key filenames are distinct bounded local names (0.2292ms)
✔ repeat exports are deterministic and leave the original selected JSON unchanged (0.2228ms)
✔ the existing contract admits twelve original items across four connected concepts (2.6385ms)
✔ canonical correct positions are balanced without a universal longest-answer cue (0.3366ms)
✔ the answer key matches independently worked charge, connection and power values (0.2727ms)
✔ existing selection, review, separate retries and study notes retain every course item (15.2233ms)
✔ the direct-file artifact rebuilds exactly and embeds the original course bytes (78.1199ms)
✔ 12 V across 100 and 200 ohms agrees with independently worked branch values (2.0986ms)
✔ zero voltage has finite equivalent resistance and zero current and power (0.2874ms)
✔ charge, loop-voltage and power relationships hold throughout a deterministic input grid (1.8883ms)
✔ permuting resistors swaps their values without changing source behavior (0.2238ms)
✔ a branch change and a voltage change preserve the stated ideal-source assumptions (0.2088ms)
✔ equal resistors use four times as much total power in parallel at fixed nonzero voltage (0.1916ms)
✔ model refuses missing, coerced, nonfinite and out-of-domain parameters (1.0045ms)
✔ text edits require explicit decimal values and never turn a blank into zero (0.5451ms)
✔ results are independent immutable snapshots of their input parameters (0.2922ms)
✔ CSV keeps both modes, physical units and full numeric precision (1.3322ms)
✔ unfinished and completely empty drafts save without claiming lesson validity (3.3393ms)
✔ duplicate text, cyclic and self prerequisites, and unfinished selections survive for repair (0.9528ms)
✔ ready imported lessons retain public IDs, ordered content, answer identity and checked bytes (0.9241ms)
✔ canonical private keys recover near-limit counters without changing public IDs or live state (0.4781ms)
✔ staged drafts are deeply frozen and replacement copies remain editable (1.0095ms)
✔ missing or ambiguous internal references, malformed shape and unsafe counters refuse before admission (2.0478ms)
✔ only recognized editor fields cross the draft boundary (0.2754ms)
✔ a lesson larger than its admission limit can be saved as a draft and repaired later (12.3047ms)
✔ draft size limits count actual UTF-8 bytes and failed saving leaves writing intact (40.2774ms)
✔ compact drafts remain saveable near and exactly at the byte limit without added whitespace (150.978ms)
✔ a file whose canonical private keys exceed the saved limit is refused before admission (30.6241ms)
✔ a valid deck stages without touching authored text and commits once with full immutable content (5.5595ms)
✔ invalid JSON, invalid answer, oversized file and unreadable file preserve the draft and allow retry (5.4881ms)
✔ unfinished and cyclic draft files stage visibly and replace once with an immutable editable state (2.922ms)
✔ a draft suffix cannot admit an oversized lesson deck through the larger draft-file limit (7.428ms)
✔ malformed and unsupported editable drafts preserve the old draft and retire pending previews (2.3152ms)
✔ newest selected format wins across slow draft-to-deck and deck-to-draft reads (1.5015ms)
✔ explicit Keep current draft clears staged replacement and restores the open control focus (0.752ms)
✔ opening another chooser invalidates its old preview even when the chooser is cancelled (0.8332ms)
✔ a newer valid choice wins over an earlier slow success or failure (1.6049ms)
✔ cancelled or empty file selection prevents a late read from reopening a preview (1.0674ms)
✔ invalid newer files invalidate an earlier pending or staged valid deck (1.2224ms)
✔ undo restores all writing while clearing only references to deliberately removed concepts (1.9184ms)
✔ undo retains known selections and even unfinished self links while removing a missing prerequisite (0.7602ms)
✔ blank editor requires authored metadata and a deliberate answer (3.153ms)
✔ opening a validated lesson makes an independent editable draft and preserves IDs and literals (0.9506ms)
✔ correctness follows an option when moved or when a preceding option is removed (0.6675ms)
✔ option limits refuse without deleting text or changing the answer (0.5935ms)
✔ concept renaming updates question and prerequisite references while used deletion is refused (0.4281ms)
✔ cycles, uncovered concepts and duplicate answer text remain repairable drafts (0.6653ms)
✔ question reordering and undo restore the removed question without rolling back later edits (1.2352ms)
✔ new question IDs do not overwrite IDs from an opened deck (0.3155ms)
✔ checked snapshots are immutable, deterministic, and separate from later draft edits (0.4238ms)
✔ individually valid multibyte content cannot export a file larger than the importer admits (6.5832ms)
✔ download filenames are bounded local names (0.2623ms)
✔ the existing bundled deck imports unchanged without a format field (2.3402ms)
✔ a deck is an immutable copy, and unknown fields cannot configure the runtime (0.6477ms)
✔ malformed JSON, unsupported versions and wrong top-level values give actionable errors (0.3162ms)
✔ JSON byte limit counts multibyte text and accepts the exact boundary (1.8934ms)
✔ required readable metadata and bounded question fields are validated (0.6565ms)
✔ empty and oversized collections and duplicate identities are refused (0.3406ms)
✔ every question and prerequisite must name a known covered concept (1.2477ms)
✔ self-requirements and concept cycles across different questions are refused (0.3652ms)
✔ choices require distinct readable options and an actual integer answer index (0.6028ms)
✔ 100 questions and 32 concepts work through the existing selector to exhaustion (110.6196ms)
✔ imported answer indices, literal text and object-key names survive learning and practice (0.4797ms)
✔ downloadable example round-trips through the import contract with full attribution (0.2457ms)
✔ the exact original course is bounded, admitted, balanced and round-trippable (2.4228ms)
▶ every stated answer follows the literal graph, with one correct option
  ✔ dg-links-1 (0.5257ms)
  ✔ dg-links-2 (0.5631ms)
  ✔ dg-links-3 (0.4033ms)
  ✔ dg-reach-1 (1.1045ms)
  ✔ dg-reach-2 (0.3433ms)
  ✔ dg-reach-3 (0.2132ms)
  ✔ dg-order-1 (0.2917ms)
  ✔ dg-order-2 (0.3633ms)
  ✔ dg-order-3 (0.8085ms)
  ✔ dg-update-1 (0.5368ms)
  ✔ dg-update-2 (0.3166ms)
  ✔ dg-update-3 (0.4481ms)
✔ every stated answer follows the literal graph, with one correct option (8.0099ms)
✔ structurally valid changed content exposes graph reversal and blocked-descendant mistakes (2.16ms)
✔ the real selector, review, practice, notes and trace consumer preserve this course (19.0518ms)
✔ literal input preserves case, Unicode and prototype-like names (3.5902ms)
✔ bounded input rejects ambiguity, duplicate arrows and unknown names (2.0444ms)
✔ the graph model copies and freezes input instead of sharing mutable arrays (1.3491ms)
✔ completion requires every prerequisite and never permits a repeated job (1.2272ms)
✔ undo and reset retain the graph and earlier completion order (1.1008ms)
✔ a downstream blocked job is not mislabeled as part of a cycle (0.7886ms)
✔ separate strongly connected groups, a self-loop and their descendants stay distinct (0.3919ms)
✔ reachability follows direction and counts positive-length paths (0.5777ms)
✔ order enumeration extends the exact prefix and reports a cap only when exceeded (0.6396ms)
✔ eight independent jobs produce bounded, stable complete orders (0.6206ms)
✔ the standalone build and original course download retain exact source text (684.3415ms)
✔ the builder escapes source text for HTML while recovering the original UTF-8 string (2.2513ms)
✔ unsupported module changes and missing or duplicated build markers fail explicitly (51.8384ms)
✔ timing exports the admitted API and preserves every tied critical branch (5.18ms)
✔ all three-job DAGs and binary duration vectors match enumerated maximal paths (46.2021ms)
✔ zero milestones and disconnected jobs use the global project deadline (1.083ms)
✔ eight-job bounds retain exact integer arithmetic and all tight zero branches (4.5992ms)
✔ cyclic projects retain separate SCC, blocked-descendant and ready-job explanations (0.6388ms)
✔ duration records are complete, exact-own-key, strict integer inputs even for cycles (3.7932ms)
✔ literal Unicode and prototype-like job names preserve exact identities and order (0.853ms)
✔ graph refusal remains delegated to the unchanged original admission contract (0.3297ms)
✔ returned timing is detached and deeply frozen without freezing caller input (1.4037ms)
✔ duration admission refuses accessors without executing getters or coercion (3.548ms)
✔ the checked-in timing page exactly matches the native builder output (136.0115ms)
✔ original lesson imports and round-trips through the unchanged deck contract (2.2588ms)
✔ worked course examples obey the declared sign, normalization and omissions (1.4604ms)
✔ generated offline page is current, compiles and embeds the exact admitted deck (243.5197ms)
✔ build check detects stale artifacts and invalid course input in a private fixture (1379.7878ms)
✔ decimal/scientific parser accepts mixed separators without evaluating expressions (2.7433ms)
✔ admission refuses sparse, nonnumeric and unsupported arrays (2.997ms)
✔ real-input transform is linear and inverse round-trips an asymmetric grid (2.307ms)
✔ interior selection preserves the conjugate pair and acts as a projection (0.4167ms)
✔ empty selection is explicit zero synthesis, not select-all (0.3644ms)
✔ phase resolution is declared without clamping complex coefficients (0.6503ms)
✔ records copy caller inputs and serialize only regenerated portable calculations (0.6848ms)
✔ the committed standalone page exactly matches its native source builder (134.1916ms)
✔ the actual embedded course text retains the qualified twelve-question identity byte for byte (1.8096ms)
✔ the fixed uninhibited enzyme reproduces the existing course example (2.1302ms)
✔ one independently worked comparison distinguishes rate, fraction and apparent parameters (0.2541ms)
✔ zero substrate yields zero rates and undefined fractions, including with zero inhibitor (0.2913ms)
✔ zero inhibitor makes all cases coincide; each Km locates its own half limiting rate (0.26ms)
✔ adding substrate reduces competitive fractional loss while the pure special case stays proportional (0.1844ms)
✔ a deterministic domain grid preserves saturation, ordering and fixed baseline parameters (0.4178ms)
✔ invalid or coerced inputs and incomplete text never silently reuse a prior comparison (0.882ms)
✔ snapshots are independent and the sampled curve includes exact endpoints and course points (1.0386ms)
✔ CSV exports the current point, complete sample grid, units and explicit undefined cells (3.6111ms)
✔ positive subnormal substrate retains analytic fractions instead of a quotient of quantized rates (1.4217ms)
✔ the original twelve-question course enters the unchanged deck contract with all four concepts (1.167ms)
✔ a complete adaptive session retains two first misses while separate practice and notes use this course (16.9894ms)
✔ a fully correct course still yields complete review and notes without invented retries (0.7829ms)
✔ the committed direct-file explorer matches its exact modular inputs (296.3356ms)
✔ decimal-text inputs normalize whitespace and leading zeros without number coercion (1.7635ms)
✔ ambiguous, out-of-range and nontext inputs are refused before computation (1.7332ms)
✔ the original ordered pair produces the exact worked four-division trace (0.4689ms)
✔ smaller-first inputs retain their real quotient-zero first division (0.2987ms)
✔ zero, equal and exactly divisible pairs have their actual division counts (0.2194ms)
✔ all 6,561 pairs from zero through eighty agree with common-divisor enumeration (60.3856ms)
✔ boundary and long-chain pairs agree with a separate binary-gcd oracle (12.4313ms)
✔ the saved trace is exact JSON with decimal integer strings and independent frozen results (0.8091ms)
✔ the original course imports through the unchanged learner contract and round trips (3.0967ms)
✔ the course explicitly teaches the hand-calculated update, multiplier and strict boundary (0.3214ms)
✔ the generated explorer contains the exact course bytes and current model source (191.9438ms)
✔ the default rule follows a hand-calculated update and approaches 2/3, not r=1 (2.3049ms)
✔ two starts obey the signed geometric separation and cancel common forcing (0.2455ms)
✔ q=0 reaches the same unique fixed point after one update (0.1794ms)
✔ boundary cases distinguish persistent separation, drift and repeating deviations (0.2463ms)
✔ an exact equilibrium can stay flat while a nearby start grows (0.1981ms)
✔ constant input and reference move the fixed point without changing q (0.1601ms)
✔ the admitted longest extreme trajectories remain finite and follow a closed form (1.2406ms)
✔ validation rejects unbounded, fractional, empty and nonnumeric settings without changing the input (0.7428ms)
✔ terminal CSV fields mean N updates and N+1 states; settings survive every row (0.6346ms)
✔ finite-precision subtraction remains distinct from the analytical separation (0.3155ms)
✔ the original twelve-question course satisfies the current public deck contract (1.9958ms)
✔ course answer identities agree with separately specified arithmetic and conventions (0.4691ms)
✔ the actual adaptive, review, retry, and study-note consumers receive all course content (9.6311ms)
✔ the direct-file lab is an exact build with the original downloadable course bytes (526.5833ms)
✔ full signed convolution retains cancellation and the final product (2.886ms)
✔ each selected index exposes reversed kernel indices and outside-list zeros (0.6793ms)
✔ convolution is distinguished from the declared zero-lag correlation (0.2876ms)
✔ impulses preserve origin, delays, and the declared full zero padding (0.2335ms)
✔ averaging and differencing include both finite boundaries (0.2171ms)
✔ fixed-kernel superposition and operand exchange hold on distinct signed cases (0.3284ms)
✔ four-place inputs preserve eight-place signed products and exact cancellation (0.3403ms)
✔ the maximum admitted lists retain 47 finite outputs and the exact peak (0.4307ms)
✔ text admission keeps literal values and refuses ambiguous or out-of-domain input (1.0921ms)
✔ direct numerical callers cannot admit holes, non-numbers, extra precision, or invalid indices (0.6733ms)
✔ a recorded calculation owns immutable inputs, outputs, and per-index terms (0.4743ms)
✔ standalone artifact exactly matches sources and contains a valid offline script (140.9381ms)
✔ course survives the existing validator and editable-format round trip (1.1111ms)
✔ literal markup and Unicode in admitted course content cannot close the generated script (1128.1121ms)
✔ check mode reports stale output without replacing a retained artifact (174.984ms)
✔ unexpected UI dependency refuses the build before overwriting its artifact (95.0453ms)
▶ direct entry paths run the same check, refusal and rebuild commands
  ✔ canonical (220.7149ms)
  ✔ directory alias (220.2905ms)
  ✔ file alias (214.3135ms)
✔ direct entry paths run the same check, refusal and rebuild commands (656.0169ms)
✔ ordinary imports and missing caller entries do not execute the CLI (124.9137ms)
✔ fictional reversal retains denominators and uses common weights only for reference (3.0321ms)
✔ ties and conflicting subgroup directions are not a strict reversal (0.5571ms)
✔ empty cells remain unavailable unless their reference weight is exactly zero (0.3146ms)
✔ an entirely empty option has no pooled rate or inferred group mix (0.1765ms)
✔ invalid numeric inputs are refused without truncation or coercion (0.6762ms)
✔ native count entry distinguishes blank and invalid text from zero (18.6885ms)
✔ a strict difference too small for percentage display is not declared equal (0.2927ms)
✔ label and group transformations preserve the intended descriptive quantities (1.1566ms)
✔ shared weights preserve both strict subgroup advantages at every permitted mix (4.5429ms)
✔ download contains exact inputs, unavailable values and deterministic recomputable fractions (0.7532ms)
✔ signed homes, exact admission and canonical copies (3.5599ms)
✔ search crosses a tombstone and insertion reuses it only after absence proof (0.7199ms)
✔ a tombstone before an existing key does not create a duplicate (0.4303ms)
✔ wraparound, full refusal, duplicate success and full-cycle tombstone reuse (0.4363ms)
✔ probe frames observe the pre-state; only a result frame applies changes (0.521ms)
✔ the original course passes the existing importer and preserves its permission (34.7951ms)
✔ standalone page is reproducible and embeds the exact downloadable deck text (288.6667ms)
✔ BKT probabilities stay bounded across repeated evidence (4.8816ms)
✔ correct evidence raises and incorrect evidence lowers posterior for interior prior (0.1821ms)
✔ parameter validation rejects impossible probabilities (0.4921ms)
✔ entropy and information gain have expected bounds and peak near uncertainty (1.1114ms)
✔ selector prioritizes a weak prerequisite and is stable after exhaustion (0.3162ms)
✔ initial mastery creates independent named concept values (0.9054ms)
✔ scripted learner simulation is deterministic, bounded, and distinguishes selector modes (0.5533ms)
✔ written scalars retain exact decimal/fraction intent and bounded admission (2.264ms)
✔ noisy example has exact coefficients, each residual, and the minimum identity (1.1405ms)
✔ changing the middle point changes the intercept and flips residuals without inventing zero SSE (0.4293ms)
✔ all authored examples have independently worked exact outcomes (1.5587ms)
✔ all-equal x determines the shared fitted value and minimum, not arbitrary coefficients (0.4342ms)
✔ ordinary repeated x and duplicate points count as rows; constant y is a valid unique horizontal fit (0.2831ms)
✔ translation, x-unit change and row permutation preserve the appropriate exact quantities (0.3391ms)
✔ extreme admitted geometry produces copyable exact coefficients without display rounding (0.3563ms)
✔ prediction location uses exact rational comparison at both endpoints (0.3025ms)
✔ zero signed error alone does not minimize the squared criterion (0.2137ms)
✔ bounded changed-input corpus satisfies normal equations and direct numerical score comparison (9.4394ms)
✔ invalid inputs refuse without mutating caller rows or leaving a writable result (0.4869ms)
✔ the emitted course uses the real learner format and retains all original worked items (22.4091ms)
✔ the standalone artifact embeds exact course and guide bytes with no unresolved module dependency (95.9737ms)
✔ mixed partial save preserves exact native prefix, next item, option orders and uninterrupted continuation (14.4066ms)
✔ a started lesson with no answers restores the first native question and all initial estimates (1.1369ms)
✔ feedback retains the last chosen option while Next remains the next unanswered question (0.9281ms)
✔ complete sessions remain in the existing trace format, including its separate practice state (2.0645ms)
✔ course content and array order are bound; harmless JSON object key order is accepted (3.705ms)
✔ model identity and every BKT parameter must match the native model (1.6549ms)
✔ first answers must form the actual native adaptive prefix with canonical option indices (3.3434ms)
✔ mastery is replayed at full precision and never accepted from rounded or altered values (2.1782ms)
✔ question, feedback and complete per-item permutations are checked before restoration (3.9804ms)
✔ successful and refused reads leave caller state untouched and return deeply immutable independent copies (1.4184ms)
✔ the JSON boundary rejects malformed, unsupported, deep and oversized files with a UTF-8 byte limit (17.9049ms)
✔ save times are canonical UTC values and invalid save inputs cannot mutate a session (1.6405ms)
✔ ordinary course identifiers that match object prototype names survive without shared object mutation (0.7714ms)
✔ the original fourteen-question course passes the real bounded importer and reviewed key (38.4968ms)
✔ integer percentages reject malformed input instead of parsing a numeric prefix (0.5745ms)
✔ matrix and initial admission reject shape, type, sparse values and wrong totals (0.5141ms)
✔ every preset and independent custom system agree with exact rational weights through step 30 (3.5651ms)
✔ mixing has the original worked values and an independent closed-form solution (0.3383ms)
✔ alternation is periodic while its stationary distribution remains fixed (0.4246ms)
✔ absorbing and two-closed-state systems preserve reachability and initial dependence (0.5489ms)
✔ step zero, bounds, copied inputs and deep immutability keep an observation coherent (0.3183ms)
✔ observation export binds applied inputs, selected step and full computed precision (1.2625ms)
✔ the direct-open explorer contains exact course bytes and matches the maintained builder (292.8235ms)
Independent arithmetic cases: 1458; finite rows received: 14580
✔ six worked examples distinguish base, step and finite evidence (2.6546ms)
✔ independent finite sums and differences receive 1458 bounded exact certificates (58.3814ms)
✔ coefficient extremes and denominator bounds preserve exact arithmetic (0.405ms)
✔ equivalent rational representation and zero denominator refusal (0.435ms)
✔ strict admission rejects malformed, missing, fractional and out-of-range inputs (0.6891ms)
✔ accepted inputs and every exported record branch are immutable (0.383ms)
✔ course uses unchanged native deck contract and frozen independent question wording (81.3677ms)
✔ the original course is admitted by the existing deck contract with all four concepts covered (1.4863ms)
✔ answer positions are balanced and no correct option is uniquely the longest (0.235ms)
✔ each numerical answer uses the stated correction sign, denominator or independence assumption (0.2611ms)
✔ standalone artifact is deterministic, preserves the exact deck bytes and contains executable classic scripts (171.8014ms)
✔ worked four-reading budget distinguishes raw mean, correction, sample scatter and mean uncertainty (1.6675ms)
✔ a shared additive correction shifts the estimate without changing either uncertainty component (0.2061ms)
✔ identical readings retain a nonzero shared component and are not rejected for numerical repetition (0.1507ms)
✔ future independent sample sizes hold shared calibration fixed while repeatability shrinks by square root (0.2802ms)
✔ shared covariance gives the same calibration contribution for a mean of any sample size (0.1684ms)
✔ compensated raw means preserve small residuals after large opposing readings cancel (0.1643ms)
✔ centered scatter remains meaningful for a large shared offset and at supported extremes (0.1579ms)
✔ reordering observations preserves the summary but does not assert statistical independence (0.623ms)
✔ input parsing keeps every observation and refuses malformed or missing comma fields (0.8832ms)
✔ supported magnitude and nonnegative half-width boundaries are explicit (0.4549ms)
✔ public calculations reject missing observations and invalid forecast counts (0.3795ms)
✔ calculation snapshots do not mutate caller arrays or change after later edits (0.17ms)
✔ the original twelve-item course has native schema, prerequisite closure and exact export/reopen (1.9985ms)
✔ correct course answers complete the actual selector, separate practice and literal study notes (16.5429ms)
✔ mixed course answers complete the actual selector, separate practice and literal study notes (1.2555ms)
✔ missed course answers complete the actual selector, separate practice and literal study notes (0.8412ms)
✔ the direct-open artifact is deterministic and embeds the exact validated course text (666.1839ms)
✔ CLI check through a symlink refuses stale output and accepts the exact current artifact (329.7079ms)
✔ gametes carry one allele per locus and preserve equal segregation (1.4454ms)
✔ Aa × Aa keeps both heterozygote routes and distinguishes genotype from phenotype (1.2573ms)
✔ test crosses and complementary homozygotes have their own outcomes (0.3461ms)
✔ the sixteen-route cross gives nine genotypes and 9:3:3:1 only under its stated assumptions (0.2379ms)
✔ asymmetric AABb × Aabb derives the course answer without a memorized ratio (0.2675ms)
✔ all 90 bounded parent pairs agree with the allele-copy oracle, conserve probability and commute (7.446ms)
✔ unsupported inputs cannot become a silently different cross (0.6032ms)
✔ a saved cross is a complete immutable record with explicit model boundaries (0.5849ms)
✔ original twelve-question course passes the unchanged learner codec and independent key (61.6088ms)
✔ worked unequal-mass event distinguishes the separating branch from unchanged motion (1.0325ms)
✔ equal or growing positive gaps do not receive hypothetical collision endpoints (0.2932ms)
✔ saved analysis recomputes accepted entered values and rejects extra physical claims (0.4589ms)
✔ committed standalone explorer reproduces exactly from the owned source inputs (245.5493ms)
✔ rerouting cancels one exact original edge and increases total flow (4.2466ms)
✔ all worked presets meet independent cuts and conservation (2.8735ms)
✔ opposite original edge and cancellation remain two residual options (0.5074ms)
✔ all 4096 directed unit-capacity four-vertex networks match exhaustive cuts (278.7013ms)
✔ seeded integer networks up to eight vertices match cut enumeration (159.7067ms)
✔ empty, direct, zero and irrelevant source/sink reverse edges (0.262ms)
✔ input and every retained snapshot are detached and immutable (0.6924ms)
✔ structural and numeric refusals happen before solving (0.7171ms)
✔ text parsing and observation downloads preserve the applied inputs (1.4239ms)
✔ original course is accepted by the unchanged native deck validator (66.6713ms)
✔ the standalone explorer matches its exact maintained inputs (395.244ms)
✔ Newton lesson is admitted by the actual learner with twelve complete original questions (2.1211ms)
✔ lesson numerical answers agree with independently written exact arithmetic (0.3773ms)
✔ worked guide retains exact examples and separates residual, root and bounded computation (0.2819ms)
✔ standalone page embeds byte-exact course and guide strings in one parseable script (1.806ms)
✔ committed explorer is fresh according to the actual project builder (57.0912ms)
✔ builder rejects unsupported arguments without changing its artifact (54.8951ms)
✔ an affine tangent lands exactly on its root (2.302ms)
✔ square-root steps retain exact residuals instead of rounded convergence (0.5316ms)
✔ a nonroot horizontal tangent stops without fabricating a step (0.2065ms)
✔ an exact initial root wins over a zero derivative (0.205ms)
✔ constant functions retain their distinct meanings (0.2448ms)
✔ the cubic 0 to 1 to 0 cycle is detected exactly (0.3592ms)
✔ a repeated root approaches without being declared equal (0.3147ms)
✔ a cubic can land on an exact root in one genuine step (0.2012ms)
✔ multiplying a polynomial by a nonzero constant preserves its tangent intercepts (0.5148ms)
✔ opposite initial signs can approach different roots (0.3296ms)
✔ finite decimal and fraction inputs are parsed as exact rationals (0.8271ms)
✔ input bounds refuse partial parsing, coercion and unreasonable requests (0.7647ms)
✔ the bounded arithmetic stop keeps only complete steps (27.5278ms)
✔ drawing an enormous numerator and denominator does not produce Infinity over Infinity (0.423ms)
✔ input objects stay unchanged and each run is independent (0.2636ms)
✔ polynomial labels and all presets describe admissible independent experiments (0.8386ms)
✔ small dyadic arithmetic keeps exact operand and result values (1.6029ms)
✔ decimal sum retains exact conversion and operation contributions (0.2651ms)
✔ conversion can erase a difference while subtraction itself is exact (0.3241ms)
✔ operation rounding can lose an exact integer step (0.2664ms)
✔ nonzero signed contributions can cancel at an exactly represented result (0.3615ms)
✔ individual exact integers outside the safe interval are kept distinct from the API guarantee (0.8744ms)
✔ signs, exact raw strings and negative zero remain explicit (0.2773ms)
✔ the declared decimal input bounds admit edges and refuse other syntax (1.4176ms)
✔ worked records are complete, deterministic and deeply immutable (1.6148ms)
✔ the original lesson passes the unchanged native deck contract with exact export parity (9.0043ms)
✔ language-specific worked examples agree with actual native Number and BigInt operations (0.2936ms)
✔ the directly openable explorer is an exact build of its native inputs (631.7432ms)
✔ embedded lesson download preserves exact source bytes (5.7187ms)
✔ the original phasor course meets the complete native deck contract (2.2682ms)
✔ the unchanged native selector reaches every imported item with bounded mastery estimates (11.5325ms)
✔ course answer identities agree with the separately solved blind receiving key (0.3844ms)
✔ the 3 + 4i example has amplitude five and the independently derived cosine projections (2.2501ms)
✔ admission refuses omitted, blank, nonfinite, coerced and out-of-range settings (4.2207ms)
✔ equal opposite waves cancel exactly at arbitrary common rotations and both half-turn signs (2.2369ms)
✔ zero input and one absent component have distinct well-defined amplitude behavior (0.4397ms)
✔ a small real residual is retained instead of being relabeled exact cancellation (1.1166ms)
✔ common rotation preserves magnitude and cycle average while moving the real projection (0.2926ms)
✔ principal phase respects the branch cut and zero never acquires a fabricated angle (0.4349ms)
✔ independent real-signal equations, amplitude law and full-cycle numerical averages agree (43.7191ms)
✔ changing frequency changes seconds but keeps every fixed-cycle signal value (0.5102ms)
✔ cursor changes select a point without rewriting the two-cycle trace (0.8408ms)
✔ a snapshot copies inputs and freezes all nested numerical results (0.4024ms)
✔ JSON exports the checked snapshot, explicit assumptions and undefined zero phase as null (2.4189ms)
✔ CSV preserves all 129 full-precision samples and all six experiment settings (1.7033ms)
✔ display formatting retains zero sign policy and small nonzero values (0.1364ms)
✔ constant rate accumulates with units and negative rate retains direction (2.5159ms)
✔ out-and-back prefixes retain signed and absolute accumulation separately (0.6865ms)
✔ an interior zero is split before distance accumulation (0.936ms)
✔ a non-grid zero retains exact rational area (0.2977ms)
✔ zero duration, complete rest and touching zero are distinct (0.3771ms)
✔ acceleration records corners, straight inserted knots and one-sided boundaries (0.7737ms)
✔ covered segment rows agree with manually worked rest and cruise prefixes (1.0523ms)
✔ sign reversal negates signed values but preserves distance over many prefixes (22.7154ms)
✔ all declared edges are admitted and all invalid inputs are refused before a result (1.4613ms)
✔ records are immutable, deterministic and retain complete authored input (0.796ms)
✔ the original course passes unchanged deck admission and balanced answer positions (255.2812ms)
✔ standalone parity and embedded exact course/guide bytes (378.9704ms)
✔ circuit admission copies the four finite values and normalizes negative zero (1.8189ms)
✔ invalid records, nonfinite values and values outside each bound are refused (1.1472ms)
✔ text input accepts explicit decimals and exponent notation without empty coercion (0.5578ms)
✔ initial capacitor voltage is continuous and initial current uses the signed gap (0.2029ms)
✔ discharge, reversed steps and a precharged source preserve current and power signs (0.3896ms)
✔ equilibrium retains stored energy while all transfers vanish (0.2417ms)
✔ resistance and capacitance scaling distinguish physical time from normalized time (0.2399ms)
✔ finite five-tau and eight-tau results retain a nonzero gap (0.1948ms)
✔ tiny positive time retains a finite change and signed energy balance (1.1657ms)
✔ the trace is a frozen 161-sample applied snapshot including both endpoints (2.0136ms)
✔ observation JSON keeps applied inputs, SI units and full-precision selected results (2.6512ms)
✔ the original course validates in the unchanged parser with balanced concept coverage (26.3907ms)
✔ the checked-in standalone lab matches its sources and preserves both download payloads (316.9803ms)
✔ the twelve-question course is an exact native importer/serializer round trip (3.4199ms)
✔ base cases and the unreachable countdown use their declared inputs (0.4073ms)
✔ waiting-parent, completion-order and second-child answers preserve unfinished work (0.2453ms)
✔ chain and branching call counts agree with independent products and binomial sums (0.2737ms)
✔ fresh-cache answers account for every invocation and preserve a stored zero (0.3385ms)
✔ every numeric Fibonacci guide row matches the separate reference (0.3914ms)
✔ the existing author conversion can reopen and check every content field without loss (1.5175ms)
✔ actual selection, review, practice and study notes retain the imported answer identity (15.4376ms)
✔ a damaged late answer or an explorer trace format is refused by the unmodified importer (1.495ms)
✔ all 33 bounded runs agree with independent numeric and invocation-count oracles (46.8595ms)
✔ every prefix preserves stack identity, parent ownership, monotone counters, and exact return delivery (21.156ms)
✔ factorial unwinds in actual return order and retains each multiplication until its child returns (0.3971ms)
✔ Fibonacci completes the left child first and preserves it across the right branch (0.3632ms)
✔ memoization starts empty, caches bases, counts cache-hit frames, and never shares a previous run (1.2318ms)
✔ inspection is reversible, immutable, and exported cursor binds the exact displayed state (5.5759ms)
✔ invalid and ambiguous input is refused before tracing (0.7771ms)
✔ checked-in direct-file page reproduces exactly and contains no runtime module imports (488.2284ms)
✔ question identity survives reordered review, edits and clearing without changing earlier notes (1.542ms)
✔ application writing is separate and a fresh session starts with every field empty (1.0274ms)
✔ unknown or duplicate question identities and non-text edits are refused (0.3527ms)
✔ actual study notes bind writing to questions while retaining native review, estimates and a paused retry (2.4137ms)
✔ actual export uses the most recent edit and represents cleared fields as unwritten (0.4329ms)
✔ export refuses missing, duplicate or foreign notebook identities instead of attaching notes by position (1.2214ms)
✔ study notes retain the displayed imported-course application prompt without changing notebook or first-session data (0.3855ms)
✔ a notebook export refuses a missing or non-text displayed application prompt (0.2739ms)
✔ review preserves session order and the actual chosen answer (2.0684ms)
✔ review is an immutable snapshot independent of mutable input arrays (0.6914ms)
✔ a review rejects unknown, duplicate, or invalid first answers (0.2958ms)
✔ practice includes only initially missed questions in first-attempt order (0.2447ms)
✔ correct and incorrect retries remain separate from the immutable original trace (0.4325ms)
✔ practice resumes at the next unanswered question and refuses duplicate or out-of-order writes (0.3492ms)
✔ an all-correct or empty review has no practice question (0.2634ms)
✔ the original course survives native validation and serialization with complete connected content (3.1746ms)
✔ native item selection reaches all twelve questions and can prioritize the weak sample clock (14.4901ms)
✔ answer text matches independently stated calculations and explicit sampling assumptions (0.3611ms)
✔ each supported sample clock uses inclusive endpoints and an actually different matching cosine (8.1052ms)
✔ DC, reflected aliases, the half-rate and input limits preserve their distinct meaning (0.2026ms)
✔ invalid numerical input is refused and snapshots cannot be changed after observation (0.5692ms)
✔ CSV carries full precision and current parameter identity, ignoring supplied forged sample rows (0.8219ms)
✔ notes retain the actual first choices, session order, corrections, transfers, and attribution (2.9322ms)
✔ paused and completed retries cannot replace the first answers or alter the model (0.7785ms)
✔ unstarted, zero-answer paused, and all-correct sessions have honest practice labels (0.9453ms)
✔ incomplete, duplicate, legacy choice-less or malformed traces are refused rather than fabricated (1.1754ms)
✔ plain-text output preserves Unicode and literal markup without creating executable content (0.2936ms)
✔ the original five-vertex example has the hand-calculated settling order and cost-7 route (3.1708ms)
✔ target discovery remains tentative; the cheaper route is final only on target settlement (0.3434ms)
✔ zero weights and equal routes preserve the stated alphabetical and first-predecessor policies (1.0056ms)
✔ all preset source/target pairs agree with exhaustive simple paths, including reverse direction (1.5772ms)
✔ 80 deterministic bounded graphs agree with a simple-path oracle for every source (39.2809ms)
✔ invalid graphs are refused before a runnable state exists (1.1222ms)
✔ run, graph, presets and trace snapshots cannot be changed by later edits (0.485ms)
✔ the original twelve-question course is valid, canonical and has balanced answer positions (0.4377ms)
✔ existing knowledge, review, practice and notes contracts accept the new deck without changing the app (14.733ms)
✔ the original twelve-item SQL course uses the published import contract without changing its native meaning (2.1919ms)
✖ actual SQLite regenerates all twenty-two saved queries and their exact course/default bindings (208.5982ms)
✔ native adaptive selection, shuffled choices, review, practice and notes preserve all twelve SQL questions (11.513ms)
✔ a changed answer or invalid query refuses the build and preserves both saved artifacts (310.111ms)
✔ a stale generated explorer fails --check without silently replacing the changed file (82.1216ms)
✔ original course fits the existing deck contract with all four concepts represented (1.6099ms)
✔ authored answer keys retain the independently worked quantities and conceptual distinctions (0.2045ms)
✔ course completes native selection, correct first answers, review, retry and study notes (10.4993ms)
✔ course completes native selection, mixed first answers, review, retry and study notes (1.2582ms)
✔ course completes native selection, missed first answers, review, retry and study notes (1.0189ms)
✔ generated direct-open artifact has exact build parity and embeds the qualified course (168.8704ms)
✔ standalone rendering keeps embedded source and course text inside their script elements (0.5331ms)
✔ water: 6 / 2 mol → second (1.8549ms)
✔ water: 2 / 2 mol → first (0.1888ms)
✔ water: 4 / 2 mol → matched (0.2085ms)
✔ water: 0 / 5 mol → no-product (0.1668ms)
✔ water: 5 / 0 mol → no-product (0.2049ms)
✔ water: 0 / 0 mol → no-product (0.1165ms)
✔ ammonia: 2 / 3 mol → second (0.1554ms)
✔ ammonia: 1 / 2.4 mol → second (0.2146ms)
✔ ammonia: 2 / 4.8 mol → second (0.1744ms)
✔ ammonia: 0.1 / 0.3 mol → matched (0.2541ms)
✔ ammonia: 0.001 / 0.001 mol → second (0.1293ms)
✔ ammonia: 0.001 / 0.003 mol → matched (0.8842ms)
✔ ammonia: 0.001 / 0.004 mol → first (0.1276ms)
✔ magnesium: 1.5 / 1 mol → first (0.1104ms)
✔ magnesium: 1 / 0.499 mol → second (0.1026ms)
✔ magnesium: 1 / 0.5 mol → matched (0.102ms)
✔ magnesium: 1 / 0.501 mol → first (0.0979ms)
✔ water: 1000 / 1000 mol → first (0.1102ms)
✔ authored equations use the declared species and conserve each element (1.2626ms)
✔ all admitted decimal spellings resolve to exact millimoles (0.1085ms)
✔ invalid or ambiguous amount inputs are refused without numeric coercion (0.8255ms)
✔ positive amounts straddling an exact ratio are never classified using a floating tolerance (0.1474ms)
✔ start = used + left and atom inventory is conserved across a changed-input grid (5.4044ms)
✔ doubling both supplies doubles theoretical product and excess without changing the limiting identity (0.6263ms)
✔ reaction definitions and solved records are deeply immutable without changing caller inputs (0.3231ms)
✔ worked record carries this prediction, mole accounting and the explicit theoretical model (0.7424ms)
✔ completed first answers restore in their original adaptive order with exact, unrounded estimates (11.8333ms)
✔ unstarted, zero-answer, paused and complete practice remain distinct and can resume once (2.4577ms)
✔ all-correct and all-missed completed traces use canonical answer indices (0.9741ms)
✔ incomplete, duplicate, unknown and out-of-range first answers are refused (3.5553ms)
✔ a different course revision cannot replace the current deck; property order is immaterial (1.5052ms)
✔ changed model parameters, rounded estimates and incompatible versions are refused (2.2653ms)
✔ practice replay refuses duplicate, reordered, correct-first and extra answers (1.9783ms)
✔ bounded parsing refuses invalid JSON and oversized UTF-8 before exposing state (1.9432ms)
✔ identical completed files inspect independently with no invented differences or chronology (6.9222ms)
✔ canonical joins preserve both orders, all correctness transitions and two different wrong answers (1.5106ms)
✔ changed question order alone is not an answer difference (1.0289ms)
✔ unstarted, pending, incorrect retry and correct retry remain separate from first answers (1.9239ms)
✔ the current raw bundled deck remains compatible without normalizing its archive identity (2.6891ms)
✔ object property ordering preserves identity while changed course content refuses the pair (1.6844ms)
✔ incomplete, malformed, changed-model and altered-estimate inputs keep the native refusals (2.8095ms)
✔ inspection validates bounded deck content before using an archived deck as context (4.1351ms)
✔ literal course content and prototype-looking IDs survive without mutable returned records (0.9062ms)
✔ independent concurrent file reads only publish their current pair (2.06ms)
✔ a replacement retires the old pair immediately and a superseded read cannot overwrite it (2.741ms)
✔ clearing a pending file or receiving its late failure cannot restore comparison state (1.5418ms)
✔ rejected or incompatible replacements clear paired output and permit ordinary recovery (2.4265ms)
✔ file admission refuses oversized metadata before reading and rejects malformed UTF-8 bytes (0.3543ms)
✔ cancelled selection preserves accepted files and the immutable paired snapshot (1.1372ms)
✔ the checked-in offline explorer contains the current source and exact admitted lesson (112.4782ms)
✔ linear conversions keep the quantity while changing the numerical value (2.5198ms)
✔ a prefix scales every powered dimension (0.7171ms)
✔ both numerator and denominator scales participate in rates and density (0.5804ms)
✔ derived units reduce to their stated m/kg/s powers (1.0415ms)
✔ cancellation retains scale even when the resulting dimension is one (0.377ms)
✔ division is left-associative and parentheses change denominator grouping (0.3537ms)
✔ Unicode conveniences are explicit and whitespace is not multiplication (0.8435ms)
✔ zero does not make incompatible dimensions convertible (0.5366ms)
✔ repeating ratios remain exact and displayed rounding is explicit (0.2998ms)
✔ large entered integers and small decimal distinctions survive without Number conversion (0.3528ms)
✔ quantity parsing requires complete bounded decimal text (0.4462ms)
✔ the unit grammar rejects incomplete, excessive and unsupported expressions (0.6851ms)
✔ returned records are immutable JSON with exact rational strings (0.3652ms)
✔ normalized expressions retain every grouping and remain valid within the input bound (0.7146ms)
✔ the downloadable course is the exact admitted course, without external dependencies (1.2245ms)
✔ rebuilding the embedded course preserves already current standalone bytes (102.9272ms)
✔ the course example retains a component and reconstructs the exact original (0.87ms)
✔ the geometric line is unchanged by a positive or negative direction rescaling (0.2586ms)
✔ perpendicular, parallel, axis-aligned and zero-original cases remain defined (0.2151ms)
✔ malformed, missing, out-of-domain and zero direction values are refused (0.7626ms)
✔ calculation does not mutate or alias its input coordinates (0.2397ms)
✔ 2,000 independently checked geometries satisfy the projection characterization and plot bounds (16.9583ms)
✔ course has twelve original items, two per concept, with a balanced canonical answer key (1.3691ms)
✔ displacement subtracts the starting point, including its negative component (0.4869ms)
✔ sequential displacements combine componentwise and retain the same final point (0.1747ms)
✔ Euclidean length is the square root of the sum of squared components (0.1625ms)
✔ the unit direction has length one and preserves the original orientation (0.1752ms)
✔ the two nonzero perpendicular vectors have zero dot product (0.1401ms)
✔ a unit-axis component retains the sign of the projected displacement (0.1332ms)
✔ the projection lies on the nonunit direction line and leaves an orthogonal residual (0.2492ms)
✔ the requested residual reconstructs b as well as being perpendicular (0.2387ms)
✔ row dot products implement the stated column-vector matrix convention (0.2307ms)
✔ basis images retain the coefficients of the input linear combination (0.1454ms)
✔ rotation before horizontal stretch differs from the reverse order (0.2192ms)
✔ the stated distinct inputs collide under the flattening map (0.2268ms)
✔ the authored greedy counterexample has the complete expected table and schedule (1.7241ms)
✔ a changed value recomputes the selected prefix and does not mutate the example (0.2511ms)
✔ touching endpoints are compatible and a positive overlap changes that decision (0.2901ms)
✔ backtracking from a smaller prefix can differ from the complete optimum (0.236ms)
✔ equal alternatives keep the previous prefix under the declared stable order (0.2864ms)
✔ a predecessor row supplies its best prefix, not necessarily its own activity (0.2146ms)
✔ empty and zero-valued inputs return a real empty optimum (0.3185ms)
✔ the admitted bounds and code-unit ID tie order are exact (0.9473ms)
✔ invalid representable activity inputs are refused without changing supplied data (1.1261ms)
✔ results are detached from both admitted inputs and future solver calls (0.3089ms)
✔ the original twelve-question course is canonical and covers every concept (0.495ms)
✔ the deck goes through the existing adaptive learner, review, practice and notes consumers (10.1742ms)
✔ the direct-file page matches the maintained builder and original deck download (152.4725ms)
ℹ tests 646
ℹ suites 0
ℹ pass 645
ℹ fail 1
ℹ cancelled 0
ℹ skipped 0
ℹ todo 0
ℹ duration_ms 3271.1155

✖ failing tests:

test at tests\sql-query-foundations.test.mjs:52:1
✖ actual SQLite regenerates all twenty-two saved queries and their exact course/default bindings (208.5982ms)
  AssertionError [ERR_ASSERTION]: The input did not match the regular expression /^SQL_BUILD OK questions=12 prepared_queries=22 engine=SQLite-\S+ mode=check\n$/. Input:
  
  'SQL_BUILD OK questions=12 prepared_queries=22 engine=SQLite-3.53.4 mode=check\r\n'
  
      at TestContext.<anonymous> (file:///C:/Users/minec/hamon-newton-c77045b4/tests/sql-query-foundations.test.mjs:55:10)
      at Test.runInAsyncScope (node:async_hooks:227:14)
      at Test.run (node:internal/test_runner/test:1402:25)
      at Test.processPendingSubtests (node:internal/test_runner/test:974:18)
      at Test.postRun (node:internal/test_runner/test:1542:19)
      at Test.run (node:internal/test_runner/test:1467:12)
      at async startSubtestAfterBootstrap (node:internal/test_runner/harness:387:3) {
    generatedMessage: true,
    code: 'ERR_ASSERTION',
    actual: 'SQL_BUILD OK questions=12 prepared_queries=22 engine=SQLite-3.53.4 mode=check\r\n',
    expected: /^SQL_BUILD OK questions=12 prepared_queries=22 engine=SQLite-\S+ mode=check\n$/,
    operator: 'match',
    diff: 'simple'
  }
