PASS real modular source exports answers and paused practice only; standalone target starts with its own different answers and notebook
PASS preview and explicit cancel leave first answers, practice and exact exported notebook unchanged
PASS confirmed same-course restore changes answers and practice while retaining edits made after preview; real notes and trace exports agree
PASS a different course version with the same item IDs is refused through the native file receiver without changing exact study notes
PASS restored practice resumes at the next unanswered item while every original first answer and destination note stays intact
PASS fresh reset clears the restored tab notebook and answers; source tab and original downloaded trace remain unchanged with HTTP(S) blocked
PASS malformed course input and canceled real deck preview preserve first answers and actual notes, including edits made after preview
PASS explicit imported-course Start clears reused-ID writing and answers, invalidates the old trace preview, and exports its own canonical content and Apply-it prompt
PASS imported canonical answer identities, separate practice and notebook survive canceled bundled return; actual notes and answer-only trace use the imported course
PASS fresh session keeps the imported course but clears its notebook and practice; restoring its real saved trace preserves only the newly written destination reflections
PASS explicit bundled Start clears imported writing even for reused IDs, restores the bundled prompt, and leaves the other tab and all selected files unchanged offline
PASSED: 11 independent browser checks, 15 actual notes files, 4 actual trace files

{
  "command": [
    "node",
    "/dev/shm/estate-9ec02b70e5f0/memory/recallweave-picker-review/verify_course_notebook_receiving.mjs",
    "--pins",
    "/dev/shm/estate-9ec02b70e5f0/memory/recallweave-picker-review/source-pins.json",
    "--browser",
    "/workspace/scratch/ce7eb129730f/project-browser-runtime/tmp/chromium",
    "--output",
    "/dev/estate-9ec02b70e5f0/memory/recallweave-picker/receiving"
  ],
  "environment_overrides": {
    "TMPDIR": "/dev/estate-9ec02b70e5f0/memory/recallweave-picker/browser-tmp",
    "PYTHONDONTWRITEBYTECODE": "1"
  },
  "started_at": "2026-10-08T13:46:38.764219+00:00",
  "finished_at": "2026-10-08T13:46:47.356535+00:00",
  "elapsed_seconds": 8.592329507999239,
  "exit_code": 0,
  "process_id": 6,
  "bounded_timeout_seconds": 90,
  "timeout": false,
  "stdout_sha256": "a154d4e37578d60920f09e87cf2501a26f540e2dfd536568f623792f9a448c2f"
}
{
  "archive_files": 46,
  "archive_raw_bytes": 490458,
  "encoded_bytes": 46709,
  "encoded_sha256": "7645c49ba7b8a4cd68aadec42b813a4708928b8c078f3742d656becd454b0527",
  "index_sha256": "c720a176086fb9d321122865080e66d6fa339b2f633e5d0b61b18dbc6d10725f",
  "all_original_runtime_artifacts_matched_archive_before_temporary_namespace_ended": true
}
