TAP version 13
# Subtest: display orders retain every canonical option exactly once and are immutable
ok 1 - display orders retain every canonical option exactly once and are immutable
  ---
  duration_ms: 136.262476
  type: 'test'
  ...
# Subtest: a stable source replays an order and changed input can put the answer in every display position
ok 2 - a stable source replays an order and changed input can put the answer in every display position
  ---
  duration_ms: 14.06251
  type: 'test'
  ...
# Subtest: invalid counts or random values cannot produce duplicate, missing, or unaddressable choices
ok 3 - invalid counts or random values cannot produce duplicate, missing, or unaddressable choices
  ---
  duration_ms: 9.570118
  type: 'test'
  ...
# Subtest: varied displayed choices keep review, corrected practice and study notes tied to their original text
ok 4 - varied displayed choices keep review, corrected practice and study notes tied to their original text
  ---
  duration_ms: 70.515729
  type: 'test'
  ...
# Subtest: the direct-file author page is generated from all current author modules
ok 5 - the direct-file author page is generated from all current author modules
  ---
  duration_ms: 189.14293
  type: 'test'
  ...
# Subtest: unfinished and completely empty drafts save without claiming lesson validity
ok 6 - unfinished and completely empty drafts save without claiming lesson validity
  ---
  duration_ms: 27.008906
  type: 'test'
  ...
# Subtest: duplicate text, cyclic and self prerequisites, and unfinished selections survive for repair
ok 7 - duplicate text, cyclic and self prerequisites, and unfinished selections survive for repair
  ---
  duration_ms: 6.43911
  type: 'test'
  ...
# Subtest: ready imported lessons retain public IDs, ordered content, answer identity and checked bytes
ok 8 - ready imported lessons retain public IDs, ordered content, answer identity and checked bytes
  ---
  duration_ms: 5.586027
  type: 'test'
  ...
# Subtest: canonical private keys recover near-limit counters without changing public IDs or live state
ok 9 - canonical private keys recover near-limit counters without changing public IDs or live state
  ---
  duration_ms: 2.907496
  type: 'test'
  ...
# Subtest: staged drafts are deeply frozen and replacement copies remain editable
ok 10 - staged drafts are deeply frozen and replacement copies remain editable
  ---
  duration_ms: 4.019578
  type: 'test'
  ...
# Subtest: missing or ambiguous internal references, malformed shape and unsafe counters refuse before admission
ok 11 - missing or ambiguous internal references, malformed shape and unsafe counters refuse before admission
  ---
  duration_ms: 9.457493
  type: 'test'
  ...
# Subtest: only recognized editor fields cross the draft boundary
ok 12 - only recognized editor fields cross the draft boundary
  ---
  duration_ms: 1.651684
  type: 'test'
  ...
# Subtest: a lesson larger than its admission limit can be saved as a draft and repaired later
ok 13 - a lesson larger than its admission limit can be saved as a draft and repaired later
  ---
  duration_ms: 56.816908
  type: 'test'
  ...
# Subtest: draft size limits count actual UTF-8 bytes and failed saving leaves writing intact
ok 14 - draft size limits count actual UTF-8 bytes and failed saving leaves writing intact
  ---
  duration_ms: 198.10078
  type: 'test'
  ...
# Subtest: compact drafts remain saveable near and exactly at the byte limit without added whitespace
ok 15 - compact drafts remain saveable near and exactly at the byte limit without added whitespace
  ---
  duration_ms: 814.462915
  type: 'test'
  ...
# Subtest: a file whose canonical private keys exceed the saved limit is refused before admission
ok 16 - a file whose canonical private keys exceed the saved limit is refused before admission
  ---
  duration_ms: 167.214638
  type: 'test'
  ...
# Subtest: a valid deck stages without touching authored text and commits once with full immutable content
ok 17 - a valid deck stages without touching authored text and commits once with full immutable content
  ---
  duration_ms: 42.409635
  type: 'test'
  ...
# Subtest: invalid JSON, invalid answer, oversized file and unreadable file preserve the draft and allow retry
ok 18 - invalid JSON, invalid answer, oversized file and unreadable file preserve the draft and allow retry
  ---
  duration_ms: 29.041577
  type: 'test'
  ...
# Subtest: unfinished and cyclic draft files stage visibly and replace once with an immutable editable state
ok 19 - unfinished and cyclic draft files stage visibly and replace once with an immutable editable state
  ---
  duration_ms: 19.700656
  type: 'test'
  ...
# Subtest: a draft suffix cannot admit an oversized lesson deck through the larger draft-file limit
ok 20 - a draft suffix cannot admit an oversized lesson deck through the larger draft-file limit
  ---
  duration_ms: 39.085472
  type: 'test'
  ...
# Subtest: malformed and unsupported editable drafts preserve the old draft and retire pending previews
ok 21 - malformed and unsupported editable drafts preserve the old draft and retire pending previews
  ---
  duration_ms: 18.434212
  type: 'test'
  ...
# Subtest: newest selected format wins across slow draft-to-deck and deck-to-draft reads
ok 22 - newest selected format wins across slow draft-to-deck and deck-to-draft reads
  ---
  duration_ms: 11.480805
  type: 'test'
  ...
# Subtest: explicit Keep current draft clears staged replacement and restores the open control focus
ok 23 - explicit Keep current draft clears staged replacement and restores the open control focus
  ---
  duration_ms: 5.472479
  type: 'test'
  ...
# Subtest: opening another chooser invalidates its old preview even when the chooser is cancelled
ok 24 - opening another chooser invalidates its old preview even when the chooser is cancelled
  ---
  duration_ms: 3.02375
  type: 'test'
  ...
# Subtest: a newer valid choice wins over an earlier slow success or failure
ok 25 - a newer valid choice wins over an earlier slow success or failure
  ---
  duration_ms: 15.526519
  type: 'test'
  ...
# Subtest: cancelled or empty file selection prevents a late read from reopening a preview
ok 26 - cancelled or empty file selection prevents a late read from reopening a preview
  ---
  duration_ms: 8.137228
  type: 'test'
  ...
# Subtest: invalid newer files invalidate an earlier pending or staged valid deck
ok 27 - invalid newer files invalidate an earlier pending or staged valid deck
  ---
  duration_ms: 5.554002
  type: 'test'
  ...
# Subtest: undo restores all writing while clearing only references to deliberately removed concepts
ok 28 - undo restores all writing while clearing only references to deliberately removed concepts
  ---
  duration_ms: 21.401788
  type: 'test'
  ...
# Subtest: undo retains known selections and even unfinished self links while removing a missing prerequisite
ok 29 - undo retains known selections and even unfinished self links while removing a missing prerequisite
  ---
  duration_ms: 4.65887
  type: 'test'
  ...
# Subtest: blank editor requires authored metadata and a deliberate answer
ok 30 - blank editor requires authored metadata and a deliberate answer
  ---
  duration_ms: 20.776384
  type: 'test'
  ...
# Subtest: opening a validated lesson makes an independent editable draft and preserves IDs and literals
ok 31 - opening a validated lesson makes an independent editable draft and preserves IDs and literals
  ---
  duration_ms: 3.874346
  type: 'test'
  ...
# Subtest: correctness follows an option when moved or when a preceding option is removed
ok 32 - correctness follows an option when moved or when a preceding option is removed
  ---
  duration_ms: 3.033062
  type: 'test'
  ...
# Subtest: option limits refuse without deleting text or changing the answer
ok 33 - option limits refuse without deleting text or changing the answer
  ---
  duration_ms: 2.085087
  type: 'test'
  ...
# Subtest: concept renaming updates question and prerequisite references while used deletion is refused
ok 34 - concept renaming updates question and prerequisite references while used deletion is refused
  ---
  duration_ms: 1.814542
  type: 'test'
  ...
# Subtest: cycles, uncovered concepts and duplicate answer text remain repairable drafts
ok 35 - cycles, uncovered concepts and duplicate answer text remain repairable drafts
  ---
  duration_ms: 2.159736
  type: 'test'
  ...
# Subtest: question reordering and undo restore the removed question without rolling back later edits
ok 36 - question reordering and undo restore the removed question without rolling back later edits
  ---
  duration_ms: 2.163728
  type: 'test'
  ...
# Subtest: new question IDs do not overwrite IDs from an opened deck
ok 37 - new question IDs do not overwrite IDs from an opened deck
  ---
  duration_ms: 1.775363
  type: 'test'
  ...
# Subtest: checked snapshots are immutable, deterministic, and separate from later draft edits
ok 38 - checked snapshots are immutable, deterministic, and separate from later draft edits
  ---
  duration_ms: 2.379064
  type: 'test'
  ...
# Subtest: individually valid multibyte content cannot export a file larger than the importer admits
ok 39 - individually valid multibyte content cannot export a file larger than the importer admits
  ---
  duration_ms: 29.112531
  type: 'test'
  ...
# Subtest: download filenames are bounded local names
ok 40 - download filenames are bounded local names
  ---
  duration_ms: 1.437058
  type: 'test'
  ...
# Subtest: the exact original course is bounded, admitted, balanced and round-trippable
ok 41 - the exact original course is bounded, admitted, balanced and round-trippable
  ---
  duration_ms: 36.748045
  type: 'test'
  ...
# Subtest: every stated answer follows the literal graph, with one correct option
    # Subtest: dg-links-1
    ok 1 - dg-links-1
      ---
      duration_ms: 1.603675
      type: 'test'
      ...
    # Subtest: dg-links-2
    ok 2 - dg-links-2
      ---
      duration_ms: 3.837924
      type: 'test'
      ...
    # Subtest: dg-links-3
    ok 3 - dg-links-3
      ---
      duration_ms: 1.463434
      type: 'test'
      ...
    # Subtest: dg-reach-1
    ok 4 - dg-reach-1
      ---
      duration_ms: 1.577078
      type: 'test'
      ...
    # Subtest: dg-reach-2
    ok 5 - dg-reach-2
      ---
      duration_ms: 4.534236
      type: 'test'
      ...
    # Subtest: dg-reach-3
    ok 6 - dg-reach-3
      ---
      duration_ms: 0.719822
      type: 'test'
      ...
    # Subtest: dg-order-1
    ok 7 - dg-order-1
      ---
      duration_ms: 4.392843
      type: 'test'
      ...
    # Subtest: dg-order-2
    ok 8 - dg-order-2
      ---
      duration_ms: 3.905598
      type: 'test'
      ...
    # Subtest: dg-order-3
    ok 9 - dg-order-3
      ---
      duration_ms: 6.362127
      type: 'test'
      ...
    # Subtest: dg-update-1
    ok 10 - dg-update-1
      ---
      duration_ms: 10.838197
      type: 'test'
      ...
    # Subtest: dg-update-2
    ok 11 - dg-update-2
      ---
      duration_ms: 3.672625
      type: 'test'
      ...
    # Subtest: dg-update-3
    ok 12 - dg-update-3
      ---
      duration_ms: 1.388361
      type: 'test'
      ...
    1..12
ok 42 - every stated answer follows the literal graph, with one correct option
  ---
  duration_ms: 56.883815
  type: 'test'
  ...
# Subtest: structurally valid changed content exposes graph reversal and blocked-descendant mistakes
ok 43 - structurally valid changed content exposes graph reversal and blocked-descendant mistakes
  ---
  duration_ms: 15.532067
  type: 'test'
  ...
# Subtest: the real selector, review, practice, notes and trace consumer preserve this course
ok 44 - the real selector, review, practice, notes and trace consumer preserve this course
  ---
  duration_ms: 54.657585
  type: 'test'
  ...
# Subtest: standalone artifact exactly matches sources and contains a valid offline script
ok 45 - standalone artifact exactly matches sources and contains a valid offline script
  ---
  duration_ms: 46.831402
  type: 'test'
  ...
# Subtest: course survives the existing validator and editable-format round trip
ok 46 - course survives the existing validator and editable-format round trip
  ---
  duration_ms: 18.960159
  type: 'test'
  ...
# Subtest: literal markup and Unicode in admitted course content cannot close the generated script
ok 47 - literal markup and Unicode in admitted course content cannot close the generated script
  ---
  duration_ms: 81.376248
  type: 'test'
  ...
# Subtest: check mode reports stale output without replacing a retained artifact
ok 48 - check mode reports stale output without replacing a retained artifact
  ---
  duration_ms: 589.840005
  type: 'test'
  ...
# Subtest: unexpected UI dependency refuses the build before overwriting its artifact
ok 49 - unexpected UI dependency refuses the build before overwriting its artifact
  ---
  duration_ms: 405.126527
  type: 'test'
  ...
# Subtest: fictional reversal retains denominators and uses common weights only for reference
ok 50 - fictional reversal retains denominators and uses common weights only for reference
  ---
  duration_ms: 16.484905
  type: 'test'
  ...
# Subtest: ties and conflicting subgroup directions are not a strict reversal
ok 51 - ties and conflicting subgroup directions are not a strict reversal
  ---
  duration_ms: 2.572822
  type: 'test'
  ...
# Subtest: empty cells remain unavailable unless their reference weight is exactly zero
ok 52 - empty cells remain unavailable unless their reference weight is exactly zero
  ---
  duration_ms: 1.882075
  type: 'test'
  ...
# Subtest: an entirely empty option has no pooled rate or inferred group mix
ok 53 - an entirely empty option has no pooled rate or inferred group mix
  ---
  duration_ms: 0.768456
  type: 'test'
  ...
# Subtest: invalid numeric inputs are refused without truncation or coercion
ok 54 - invalid numeric inputs are refused without truncation or coercion
  ---
  duration_ms: 3.596333
  type: 'test'
  ...
# Subtest: native count entry distinguishes blank and invalid text from zero
ok 55 - native count entry distinguishes blank and invalid text from zero
  ---
  duration_ms: 122.904882
  type: 'test'
  ...
# Subtest: a strict difference too small for percentage display is not declared equal
ok 56 - a strict difference too small for percentage display is not declared equal
  ---
  duration_ms: 1.403842
  type: 'test'
  ...
# Subtest: label and group transformations preserve the intended descriptive quantities
ok 57 - label and group transformations preserve the intended descriptive quantities
  ---
  duration_ms: 2.199207
  type: 'test'
  ...
# Subtest: shared weights preserve both strict subgroup advantages at every permitted mix
ok 58 - shared weights preserve both strict subgroup advantages at every permitted mix
  ---
  duration_ms: 51.746433
  type: 'test'
  ...
# Subtest: download contains exact inputs, unavailable values and deterministic recomputable fractions
ok 59 - download contains exact inputs, unavailable values and deterministic recomputable fractions
  ---
  duration_ms: 2.834316
  type: 'test'
  ...
# Subtest: BKT probabilities stay bounded across repeated evidence
ok 60 - BKT probabilities stay bounded across repeated evidence
  ---
  duration_ms: 42.593787
  type: 'test'
  ...
# Subtest: correct evidence raises and incorrect evidence lowers posterior for interior prior
ok 61 - correct evidence raises and incorrect evidence lowers posterior for interior prior
  ---
  duration_ms: 7.997072
  type: 'test'
  ...
# Subtest: parameter validation rejects impossible probabilities
ok 62 - parameter validation rejects impossible probabilities
  ---
  duration_ms: 1.804058
  type: 'test'
  ...
# Subtest: entropy and information gain have expected bounds and peak near uncertainty
ok 63 - entropy and information gain have expected bounds and peak near uncertainty
  ---
  duration_ms: 16.713789
  type: 'test'
  ...
# Subtest: selector prioritizes a weak prerequisite and is stable after exhaustion
ok 64 - selector prioritizes a weak prerequisite and is stable after exhaustion
  ---
  duration_ms: 7.77617
  type: 'test'
  ...
# Subtest: initial mastery creates independent named concept values
ok 65 - initial mastery creates independent named concept values
  ---
  duration_ms: 14.527629
  type: 'test'
  ...
# Subtest: scripted learner simulation is deterministic, bounded, and distinguishes selector modes
ok 66 - scripted learner simulation is deterministic, bounded, and distinguishes selector modes
  ---
  duration_ms: 5.113775
  type: 'test'
  ...
# Subtest: the original course is admitted by the existing deck contract with all four concepts covered
ok 67 - the original course is admitted by the existing deck contract with all four concepts covered
  ---
  duration_ms: 28.653676
  type: 'test'
  ...
# Subtest: answer positions are balanced and no correct option is uniquely the longest
ok 68 - answer positions are balanced and no correct option is uniquely the longest
  ---
  duration_ms: 4.903445
  type: 'test'
  ...
# Subtest: each numerical answer uses the stated correction sign, denominator or independence assumption
ok 69 - each numerical answer uses the stated correction sign, denominator or independence assumption
  ---
  duration_ms: 3.683976
  type: 'test'
  ...
# Subtest: standalone artifact is deterministic, preserves the exact deck bytes and contains executable classic scripts
ok 70 - standalone artifact is deterministic, preserves the exact deck bytes and contains executable classic scripts
  ---
  duration_ms: 26.682954
  type: 'test'
  ...
# Subtest: worked four-reading budget distinguishes raw mean, correction, sample scatter and mean uncertainty
ok 71 - worked four-reading budget distinguishes raw mean, correction, sample scatter and mean uncertainty
  ---
  duration_ms: 8.990213
  type: 'test'
  ...
# Subtest: a shared additive correction shifts the estimate without changing either uncertainty component
ok 72 - a shared additive correction shifts the estimate without changing either uncertainty component
  ---
  duration_ms: 1.241409
  type: 'test'
  ...
# Subtest: identical readings retain a nonzero shared component and are not rejected for numerical repetition
ok 73 - identical readings retain a nonzero shared component and are not rejected for numerical repetition
  ---
  duration_ms: 0.692876
  type: 'test'
  ...
# Subtest: future independent sample sizes hold shared calibration fixed while repeatability shrinks by square root
ok 74 - future independent sample sizes hold shared calibration fixed while repeatability shrinks by square root
  ---
  duration_ms: 2.034159
  type: 'test'
  ...
# Subtest: shared covariance gives the same calibration contribution for a mean of any sample size
ok 75 - shared covariance gives the same calibration contribution for a mean of any sample size
  ---
  duration_ms: 1.018761
  type: 'test'
  ...
# Subtest: compensated raw means preserve small residuals after large opposing readings cancel
ok 76 - compensated raw means preserve small residuals after large opposing readings cancel
  ---
  duration_ms: 0.829305
  type: 'test'
  ...
# Subtest: centered scatter remains meaningful for a large shared offset and at supported extremes
ok 77 - centered scatter remains meaningful for a large shared offset and at supported extremes
  ---
  duration_ms: 1.255909
  type: 'test'
  ...
# Subtest: reordering observations preserves the summary but does not assert statistical independence
ok 78 - reordering observations preserves the summary but does not assert statistical independence
  ---
  duration_ms: 5.710317
  type: 'test'
  ...
# Subtest: input parsing keeps every observation and refuses malformed or missing comma fields
ok 79 - input parsing keeps every observation and refuses malformed or missing comma fields
  ---
  duration_ms: 5.969433
  type: 'test'
  ...
# Subtest: supported magnitude and nonnegative half-width boundaries are explicit
ok 80 - supported magnitude and nonnegative half-width boundaries are explicit
  ---
  duration_ms: 5.353396
  type: 'test'
  ...
# Subtest: public calculations reject missing observations and invalid forecast counts
ok 81 - public calculations reject missing observations and invalid forecast counts
  ---
  duration_ms: 3.237973
  type: 'test'
  ...
# Subtest: calculation snapshots do not mutate caller arrays or change after later edits
ok 82 - calculation snapshots do not mutate caller arrays or change after later edits
  ---
  duration_ms: 4.04045
  type: 'test'
  ...
# Subtest: review preserves session order and the actual chosen answer
ok 83 - review preserves session order and the actual chosen answer
  ---
  duration_ms: 12.902839
  type: 'test'
  ...
# Subtest: review is an immutable snapshot independent of mutable input arrays
ok 84 - review is an immutable snapshot independent of mutable input arrays
  ---
  duration_ms: 2.897712
  type: 'test'
  ...
# Subtest: a review rejects unknown, duplicate, or invalid first answers
ok 85 - a review rejects unknown, duplicate, or invalid first answers
  ---
  duration_ms: 1.406569
  type: 'test'
  ...
# Subtest: practice includes only initially missed questions in first-attempt order
ok 86 - practice includes only initially missed questions in first-attempt order
  ---
  duration_ms: 1.347823
  type: 'test'
  ...
# Subtest: correct and incorrect retries remain separate from the immutable original trace
ok 87 - correct and incorrect retries remain separate from the immutable original trace
  ---
  duration_ms: 1.267311
  type: 'test'
  ...
# Subtest: practice resumes at the next unanswered question and refuses duplicate or out-of-order writes
ok 88 - practice resumes at the next unanswered question and refuses duplicate or out-of-order writes
  ---
  duration_ms: 1.411452
  type: 'test'
  ...
# Subtest: an all-correct or empty review has no practice question
ok 89 - an all-correct or empty review has no practice question
  ---
  duration_ms: 0.783532
  type: 'test'
  ...
# Subtest: notes retain the actual first choices, session order, corrections, transfers, and attribution
ok 90 - notes retain the actual first choices, session order, corrections, transfers, and attribution
  ---
  duration_ms: 10.414082
  type: 'test'
  ...
# Subtest: paused and completed retries cannot replace the first answers or alter the model
ok 91 - paused and completed retries cannot replace the first answers or alter the model
  ---
  duration_ms: 4.361256
  type: 'test'
  ...
# Subtest: unstarted, zero-answer paused, and all-correct sessions have honest practice labels
ok 92 - unstarted, zero-answer paused, and all-correct sessions have honest practice labels
  ---
  duration_ms: 1.606538
  type: 'test'
  ...
# Subtest: incomplete, duplicate, legacy choice-less or malformed traces are refused rather than fabricated
ok 93 - incomplete, duplicate, legacy choice-less or malformed traces are refused rather than fabricated
  ---
  duration_ms: 5.110936
  type: 'test'
  ...
# Subtest: plain-text output preserves Unicode and literal markup without creating executable content
ok 94 - plain-text output preserves Unicode and literal markup without creating executable content
  ---
  duration_ms: 1.346899
  type: 'test'
  ...
# Subtest: completed first answers restore in their original adaptive order with exact, unrounded estimates
ok 95 - completed first answers restore in their original adaptive order with exact, unrounded estimates
  ---
  duration_ms: 48.998708
  type: 'test'
  ...
# Subtest: unstarted, zero-answer, paused and complete practice remain distinct and can resume once
ok 96 - unstarted, zero-answer, paused and complete practice remain distinct and can resume once
  ---
  duration_ms: 19.441328
  type: 'test'
  ...
# Subtest: all-correct and all-missed completed traces use canonical answer indices
ok 97 - all-correct and all-missed completed traces use canonical answer indices
  ---
  duration_ms: 6.128796
  type: 'test'
  ...
# Subtest: incomplete, duplicate, unknown and out-of-range first answers are refused
ok 98 - incomplete, duplicate, unknown and out-of-range first answers are refused
  ---
  duration_ms: 21.091477
  type: 'test'
  ...
# Subtest: a different course revision cannot replace the current deck; property order is immaterial
ok 99 - a different course revision cannot replace the current deck; property order is immaterial
  ---
  duration_ms: 11.156408
  type: 'test'
  ...
# Subtest: changed model parameters, rounded estimates and incompatible versions are refused
ok 100 - changed model parameters, rounded estimates and incompatible versions are refused
  ---
  duration_ms: 13.910242
  type: 'test'
  ...
# Subtest: practice replay refuses duplicate, reordered, correct-first and extra answers
ok 101 - practice replay refuses duplicate, reordered, correct-first and extra answers
  ---
  duration_ms: 10.983478
  type: 'test'
  ...
# Subtest: bounded parsing refuses invalid JSON and oversized UTF-8 before exposing state
ok 102 - bounded parsing refuses invalid JSON and oversized UTF-8 before exposing state
  ---
  duration_ms: 5.482258
  type: 'test'
  ...
1..102
# tests 114
# suites 0
# pass 114
# fail 0
# cancelled 0
# skipped 0
# todo 0
# duration_ms 3255.081495
