2026-10-08T13:28:11.6328138Z Current runner version: '2.337.0'
2026-10-08T13:28:11.6354921Z ##[group]Runner Image Provisioner
2026-10-08T13:28:11.6355816Z Hosted Compute Agent
2026-10-08T13:28:11.6356505Z Version: 20261002.596
2026-10-08T13:28:11.6357174Z Commit: c3d12f3313a95f25162a1503be624f3b0617f8c0
2026-10-08T13:28:11.6357909Z Build Date: 2026-10-02T22:28:27Z
2026-10-08T13:28:11.6358708Z Worker ID: {248e90e6-9d87-4c04-b7e4-2afa668805ca}
2026-10-08T13:28:11.6359430Z Region: centralus
2026-10-08T13:28:11.6360062Z Cloud: Azure
2026-10-08T13:28:11.6360619Z ##[endgroup]
2026-10-08T13:28:11.6362869Z ##[group]Operating System
2026-10-08T13:28:11.6363638Z Ubuntu
2026-10-08T13:28:11.6364180Z 24.04.5
2026-10-08T13:28:11.6364786Z LTS
2026-10-08T13:28:11.6365306Z ##[endgroup]
2026-10-08T13:28:11.6365849Z ##[group]Runner Image
2026-10-08T13:28:11.6366574Z Image: ubuntu-24.04
2026-10-08T13:28:11.6367207Z Version: 20261004.327.1
2026-10-08T13:28:11.6368572Z Included Software: https://github.com/actions/runner-images/blob/ubuntu24/20261004.327/images/ubuntu/Ubuntu2404-Readme.md
2026-10-08T13:28:11.6370071Z Image Release: https://github.com/actions/runner-images/releases/tag/ubuntu24%2F20261004.327
2026-10-08T13:28:11.6371164Z ##[endgroup]
2026-10-08T13:28:11.6372536Z ##[group]GITHUB_TOKEN Permissions
2026-10-08T13:28:11.6374882Z Contents: read
2026-10-08T13:28:11.6375486Z Metadata: read
2026-10-08T13:28:11.6376155Z ##[endgroup]
2026-10-08T13:28:11.6378637Z Secret source: Actions
2026-10-08T13:28:11.6379887Z Cache mode: write
2026-10-08T13:28:11.6380874Z Prepare workflow directory
2026-10-08T13:28:11.6738325Z Prepare all required actions
2026-10-08T13:28:11.6788127Z Getting action download info
2026-10-08T13:28:11.9604813Z Download action repository 'actions/checkout@11d5960a326750d5838078e36cf38b85af677262' (SHA:11d5960a326750d5838078e36cf38b85af677262)
2026-10-08T13:28:12.0750021Z Download action repository 'actions/setup-node@49933ea5288caeca8642d1e84afbd3f7d6820020' (SHA:49933ea5288caeca8642d1e84afbd3f7d6820020)
2026-10-08T13:28:12.2644303Z Complete job name: node-test
2026-10-08T13:28:12.3439313Z ##[group]Run actions/checkout@11d5960a326750d5838078e36cf38b85af677262
2026-10-08T13:28:12.3440398Z with:
2026-10-08T13:28:12.3440857Z   repository: Jacob-Met/RecallWeave
2026-10-08T13:28:12.3445139Z   token: ***
2026-10-08T13:28:12.3445584Z   ssh-strict: true
2026-10-08T13:28:12.3446033Z   ssh-user: git
2026-10-08T13:28:12.3446491Z   persist-credentials: true
2026-10-08T13:28:12.3446991Z   clean: true
2026-10-08T13:28:12.3447440Z   sparse-checkout-cone-mode: true
2026-10-08T13:28:12.3447979Z   fetch-depth: 1
2026-10-08T13:28:12.3448426Z   fetch-tags: false
2026-10-08T13:28:12.3448909Z   show-progress: true
2026-10-08T13:28:12.3449356Z   lfs: false
2026-10-08T13:28:12.3449765Z   submodules: false
2026-10-08T13:28:12.3450216Z   set-safe-directory: true
2026-10-08T13:28:12.3450725Z   allow-unsafe-pr-checkout: false
2026-10-08T13:28:12.3451686Z ##[endgroup]
2026-10-08T13:28:12.4494248Z Syncing repository: Jacob-Met/RecallWeave
2026-10-08T13:28:12.4496959Z ##[group]Getting Git version info
2026-10-08T13:28:12.4498168Z Working directory is '/home/runner/work/RecallWeave/RecallWeave'
2026-10-08T13:28:12.4499847Z [command]/usr/bin/git version
2026-10-08T13:28:12.4542930Z git version 2.55.0
2026-10-08T13:28:12.4567048Z ##[endgroup]
2026-10-08T13:28:12.4582859Z Temporarily overriding HOME='/home/runner/work/_temp/41e2556f-1af3-456d-8caf-c1794f7fb81c' before making global git config changes
2026-10-08T13:28:12.4585165Z Adding repository directory to the temporary git global config as a safe directory
2026-10-08T13:28:12.4588274Z [command]/usr/bin/git config --global --add safe.directory /home/runner/work/RecallWeave/RecallWeave
2026-10-08T13:28:12.4653042Z Deleting the contents of '/home/runner/work/RecallWeave/RecallWeave'
2026-10-08T13:28:12.4655830Z ##[group]Initializing the repository
2026-10-08T13:28:12.4659674Z [command]/usr/bin/git init /home/runner/work/RecallWeave/RecallWeave
2026-10-08T13:28:12.4776485Z hint: Using 'master' as the name for the initial branch. This default branch name
2026-10-08T13:28:12.4780269Z hint: will change to "main" in Git 3.0. To configure the initial branch name
2026-10-08T13:28:12.4782335Z hint: to use in all of your new repositories, which will suppress this warning,
2026-10-08T13:28:12.4783576Z hint: call:
2026-10-08T13:28:12.4784207Z hint:
2026-10-08T13:28:12.4785002Z hint: 	git config --global init.defaultBranch <name>
2026-10-08T13:28:12.4786076Z hint:
2026-10-08T13:28:12.4787105Z hint: Names commonly chosen instead of 'master' are 'main', 'trunk' and
2026-10-08T13:28:12.4788617Z hint: 'development'. The just-created branch can be renamed via this command:
2026-10-08T13:28:12.4789819Z hint:
2026-10-08T13:28:12.4790561Z hint: 	git branch -m <name>
2026-10-08T13:28:12.4791398Z hint:
2026-10-08T13:28:12.4792717Z hint: Disable this message with "git config set advice.defaultBranchName false"
2026-10-08T13:28:12.4794629Z Initialized empty Git repository in /home/runner/work/RecallWeave/RecallWeave/.git/
2026-10-08T13:28:12.4797599Z [command]/usr/bin/git remote add origin https://github.com/Jacob-Met/RecallWeave
2026-10-08T13:28:12.4843589Z ##[endgroup]
2026-10-08T13:28:12.4844878Z ##[group]Disabling automatic garbage collection
2026-10-08T13:28:12.4848345Z [command]/usr/bin/git config --local gc.auto 0
2026-10-08T13:28:12.4884323Z ##[endgroup]
2026-10-08T13:28:12.4885661Z ##[group]Setting up auth
2026-10-08T13:28:12.4892454Z [command]/usr/bin/git config --local --name-only --get-regexp core\.sshCommand
2026-10-08T13:28:12.4929454Z [command]/usr/bin/git submodule foreach --recursive sh -c "git config --local --name-only --get-regexp 'core\.sshCommand' && git config --local --unset-all 'core.sshCommand' || :"
2026-10-08T13:28:12.5305996Z [command]/usr/bin/git config --local --name-only --get-regexp http\.https\:\/\/github\.com\/\.extraheader
2026-10-08T13:28:12.5352424Z [command]/usr/bin/git submodule foreach --recursive sh -c "git config --local --name-only --get-regexp 'http\.https\:\/\/github\.com\/\.extraheader' && git config --local --unset-all 'http.https://github.com/.extraheader' || :"
2026-10-08T13:28:12.5588901Z [command]/usr/bin/git config --local --name-only --get-regexp ^includeIf\.gitdir:
2026-10-08T13:28:12.5626776Z [command]/usr/bin/git submodule foreach --recursive git config --local --show-origin --name-only --get-regexp remote.origin.url
2026-10-08T13:28:12.5855792Z [command]/usr/bin/git config --local http.https://github.com/.extraheader AUTHORIZATION: basic ***
2026-10-08T13:28:12.5897932Z ##[endgroup]
2026-10-08T13:28:12.5898882Z ##[group]Fetching the repository
2026-10-08T13:28:12.5908505Z [command]/usr/bin/git -c protocol.version=2 fetch --no-tags --prune --no-recurse-submodules --depth=1 origin +54f989ffbae1d0b2c47813e592521a0b754af2d7:refs/remotes/pull/42/merge
2026-10-08T13:28:13.9487275Z From https://github.com/Jacob-Met/RecallWeave
2026-10-08T13:28:13.9513291Z  * [new ref]         54f989ffbae1d0b2c47813e592521a0b754af2d7 -> pull/42/merge
2026-10-08T13:28:13.9554379Z ##[endgroup]
2026-10-08T13:28:13.9555937Z ##[group]Determining the checkout info
2026-10-08T13:28:13.9557782Z ##[endgroup]
2026-10-08T13:28:13.9558662Z [command]/usr/bin/git sparse-checkout disable
2026-10-08T13:28:13.9561399Z [command]/usr/bin/git config --local --unset-all extensions.worktreeConfig
2026-10-08T13:28:13.9605775Z ##[group]Checking out the ref
2026-10-08T13:28:13.9610684Z [command]/usr/bin/git checkout --progress --force refs/remotes/pull/42/merge
2026-10-08T13:28:14.0420418Z Note: switching to 'refs/remotes/pull/42/merge'.
2026-10-08T13:28:14.0422000Z 
2026-10-08T13:28:14.0423047Z You are in 'detached HEAD' state. You can look around, make experimental
2026-10-08T13:28:14.0425147Z changes and commit them, and you can discard any commits you make in this
2026-10-08T13:28:14.0427257Z state without impacting any branches by switching back to a branch.
2026-10-08T13:28:14.0428471Z 
2026-10-08T13:28:14.0429400Z If you want to create a new branch to retain commits you create, you may
2026-10-08T13:28:14.0431657Z do so (now or later) by using -c with the switch command. Example:
2026-10-08T13:28:14.0433186Z 
2026-10-08T13:28:14.0433619Z   git switch -c <new-branch-name>
2026-10-08T13:28:14.0434196Z 
2026-10-08T13:28:14.0434555Z Or undo this operation with:
2026-10-08T13:28:14.0435067Z 
2026-10-08T13:28:14.0435372Z   git switch -
2026-10-08T13:28:14.0435798Z 
2026-10-08T13:28:14.0436475Z Turn off this advice by setting config variable advice.detachedHead to false
2026-10-08T13:28:14.0437421Z 
2026-10-08T13:28:14.0438559Z HEAD is now at 54f989f Merge 73bb20468137060757614ee08f89fb844dadfe9f into 003ce06c72fb3c7924a4414cd34053d87ae46d2f
2026-10-08T13:28:14.0443703Z ##[endgroup]
2026-10-08T13:28:14.0487844Z [command]/usr/bin/git log -1 --format=%H
2026-10-08T13:28:14.0515064Z 54f989ffbae1d0b2c47813e592521a0b754af2d7
2026-10-08T13:28:14.0910140Z ##[group]Run actions/setup-node@49933ea5288caeca8642d1e84afbd3f7d6820020
2026-10-08T13:28:14.0911909Z with:
2026-10-08T13:28:14.0912794Z   node-version: 20
2026-10-08T13:28:14.0913738Z   always-auth: false
2026-10-08T13:28:14.0914742Z   check-latest: false
2026-10-08T13:28:14.0925565Z   token: ***
2026-10-08T13:28:14.0926508Z ##[endgroup]
2026-10-08T13:28:14.2548277Z Attempting to download 20...
2026-10-08T13:28:14.2709556Z (node:2312) [DEP0040] DeprecationWarning: The `punycode` module is deprecated. Please use a userland alternative instead.
2026-10-08T13:28:14.2712938Z (Use `node --trace-deprecation ...` to show where the warning was created)
2026-10-08T13:28:15.1488165Z Acquiring 20.20.2 - x64 from https://github.com/actions/node-versions/releases/download/20.20.2-23521894959/node-20.20.2-linux-x64.tar.gz
2026-10-08T13:28:15.7116200Z Extracting ...
2026-10-08T13:28:15.7250766Z [command]/usr/bin/tar xz --strip 1 --warning=no-unknown-keyword --overwrite -C /home/runner/work/_temp/ff1acbfe-1c13-41d6-9090-bcec73b14312 -f /home/runner/work/_temp/09311d7a-2e0f-4921-96da-cf6d0e57501f
2026-10-08T13:28:16.7707323Z Adding to the cache ...
2026-10-08T13:28:18.6519069Z ##[group]Environment details
2026-10-08T13:28:18.8814269Z node: v20.20.2
2026-10-08T13:28:18.8814803Z npm: 10.8.2
2026-10-08T13:28:18.8815122Z yarn: 1.22.22
2026-10-08T13:28:18.8815966Z ##[endgroup]
2026-10-08T13:28:18.9013268Z ##[group]Run node --test tests/*.test.mjs
2026-10-08T13:28:18.9013704Z [36;1mnode --test tests/*.test.mjs[0m
2026-10-08T13:28:18.9270170Z shell: /usr/bin/bash -e {0}
2026-10-08T13:28:18.9270528Z ##[endgroup]
2026-10-08T13:28:18.9837213Z TAP version 13
2026-10-08T13:28:19.0431229Z # Subtest: display orders retain every canonical option exactly once and are immutable
2026-10-08T13:28:19.0463031Z ok 1 - display orders retain every canonical option exactly once and are immutable
2026-10-08T13:28:19.0465555Z   ---
2026-10-08T13:28:19.0466172Z   duration_ms: 12.92402
2026-10-08T13:28:19.0466744Z   ...
2026-10-08T13:28:19.0467885Z # Subtest: a stable source replays an order and changed input can put the answer in every display position
2026-10-08T13:28:19.0469539Z ok 2 - a stable source replays an order and changed input can put the answer in every display position
2026-10-08T13:28:19.0470591Z   ---
2026-10-08T13:28:19.0471077Z   duration_ms: 0.88322
2026-10-08T13:28:19.0471878Z   ...
2026-10-08T13:28:19.0473071Z # Subtest: invalid counts or random values cannot produce duplicate, missing, or unaddressable choices
2026-10-08T13:28:19.0474637Z ok 3 - invalid counts or random values cannot produce duplicate, missing, or unaddressable choices
2026-10-08T13:28:19.0475697Z   ---
2026-10-08T13:28:19.0476242Z   duration_ms: 0.405162
2026-10-08T13:28:19.0476832Z   ...
2026-10-08T13:28:19.0503268Z # Subtest: varied displayed choices keep review, corrected practice and study notes tied to their original text
2026-10-08T13:28:19.0523046Z ok 4 - varied displayed choices keep review, corrected practice and study notes tied to their original text
2026-10-08T13:28:19.0532186Z   ---
2026-10-08T13:28:19.0542499Z   duration_ms: 10.329494
2026-10-08T13:28:19.0544458Z   ...
2026-10-08T13:28:19.0652985Z # Subtest: the direct-file author page is generated from all current author modules
2026-10-08T13:28:19.0663848Z ok 5 - the direct-file author page is generated from all current author modules
2026-10-08T13:28:19.0665087Z   ---
2026-10-08T13:28:19.0665620Z   duration_ms: 44.503613
2026-10-08T13:28:19.0666196Z   ...
2026-10-08T13:28:19.0819370Z # Subtest: the binary-search course round-trips through the published deck contract
2026-10-08T13:28:19.0843557Z ok 6 - the binary-search course round-trips through the published deck contract
2026-10-08T13:28:19.0866236Z   ---
2026-10-08T13:28:19.0880768Z   duration_ms: 5.144148
2026-10-08T13:28:19.0881874Z   ...
2026-10-08T13:28:19.0883197Z # Subtest: worked first-occurrence and absent examples agree with an independent linear partition
2026-10-08T13:28:19.0885084Z ok 7 - worked first-occurrence and absent examples agree with an independent linear partition
2026-10-08T13:28:19.0886307Z   ---
2026-10-08T13:28:19.0886994Z   duration_ms: 1.435258
2026-10-08T13:28:19.0887720Z   ...
2026-10-08T13:28:19.0889625Z # Subtest: midpoint and branch answers use the course’s half-open interval convention
2026-10-08T13:28:19.0891868Z ok 8 - midpoint and branch answers use the course’s half-open interval convention
2026-10-08T13:28:19.0893007Z   ---
2026-10-08T13:28:19.0893655Z   duration_ms: 0.380896
2026-10-08T13:28:19.0894322Z   ...
2026-10-08T13:28:19.0895465Z # Subtest: the worked trace and worst-case count follow strictly shrinking intervals
2026-10-08T13:28:19.0897006Z ok 9 - the worked trace and worst-case count follow strictly shrinking intervals
2026-10-08T13:28:19.0898049Z   ---
2026-10-08T13:28:19.0898569Z   duration_ms: 10.073786
2026-10-08T13:28:19.0899136Z   ...
2026-10-08T13:28:19.0900252Z # Subtest: the actual adaptive learner visits every new question and preserves worked feedback
2026-10-08T13:28:19.0902154Z ok 10 - the actual adaptive learner visits every new question and preserves worked feedback
2026-10-08T13:28:19.0903325Z   ---
2026-10-08T13:28:19.0904095Z   duration_ms: 14.569242
2026-10-08T13:28:19.0904778Z   ...
2026-10-08T13:28:19.5596850Z # Subtest: unfinished and completely empty drafts save without claiming lesson validity
2026-10-08T13:28:19.5632606Z ok 11 - unfinished and completely empty drafts save without claiming lesson validity
2026-10-08T13:28:19.5659724Z   ---
2026-10-08T13:28:19.5702450Z   duration_ms: 6.905308
2026-10-08T13:28:19.5703243Z   ...
2026-10-08T13:28:19.5704525Z # Subtest: duplicate text, cyclic and self prerequisites, and unfinished selections survive for repair
2026-10-08T13:28:19.5706371Z ok 12 - duplicate text, cyclic and self prerequisites, and unfinished selections survive for repair
2026-10-08T13:28:19.5707518Z   ---
2026-10-08T13:28:19.5708156Z   duration_ms: 1.921
2026-10-08T13:28:19.5708778Z   ...
2026-10-08T13:28:19.5709981Z # Subtest: ready imported lessons retain public IDs, ordered content, answer identity and checked bytes
2026-10-08T13:28:19.5711934Z ok 13 - ready imported lessons retain public IDs, ordered content, answer identity and checked bytes
2026-10-08T13:28:19.5713065Z   ---
2026-10-08T13:28:19.5713709Z   duration_ms: 2.095398
2026-10-08T13:28:19.5714411Z   ...
2026-10-08T13:28:19.5715668Z # Subtest: canonical private keys recover near-limit counters without changing public IDs or live state
2026-10-08T13:28:19.5717461Z ok 14 - canonical private keys recover near-limit counters without changing public IDs or live state
2026-10-08T13:28:19.5718553Z   ---
2026-10-08T13:28:19.5719153Z   duration_ms: 1.074339
2026-10-08T13:28:19.5719770Z   ...
2026-10-08T13:28:19.5720844Z # Subtest: staged drafts are deeply frozen and replacement copies remain editable
2026-10-08T13:28:19.5722663Z ok 15 - staged drafts are deeply frozen and replacement copies remain editable
2026-10-08T13:28:19.5723622Z   ---
2026-10-08T13:28:19.5724217Z   duration_ms: 0.588866
2026-10-08T13:28:19.5724827Z   ...
2026-10-08T13:28:19.5726164Z # Subtest: missing or ambiguous internal references, malformed shape and unsafe counters refuse before admission
2026-10-08T13:28:19.5728064Z ok 16 - missing or ambiguous internal references, malformed shape and unsafe counters refuse before admission
2026-10-08T13:28:19.5729745Z   ---
2026-10-08T13:28:19.5730395Z   duration_ms: 5.931828
2026-10-08T13:28:19.5731149Z   ...
2026-10-08T13:28:19.5732426Z # Subtest: only recognized editor fields cross the draft boundary
2026-10-08T13:28:19.5733676Z ok 17 - only recognized editor fields cross the draft boundary
2026-10-08T13:28:19.5734591Z   ---
2026-10-08T13:28:19.5735230Z   duration_ms: 0.528483
2026-10-08T13:28:19.5735879Z   ...
2026-10-08T13:28:19.5737059Z # Subtest: a lesson larger than its admission limit can be saved as a draft and repaired later
2026-10-08T13:28:19.5738750Z ok 18 - a lesson larger than its admission limit can be saved as a draft and repaired later
2026-10-08T13:28:19.5739846Z   ---
2026-10-08T13:28:19.5740572Z   duration_ms: 17.548262
2026-10-08T13:28:19.5741222Z   ...
2026-10-08T13:28:19.5742798Z # Subtest: draft size limits count actual UTF-8 bytes and failed saving leaves writing intact
2026-10-08T13:28:19.5744464Z ok 19 - draft size limits count actual UTF-8 bytes and failed saving leaves writing intact
2026-10-08T13:28:19.5745607Z   ---
2026-10-08T13:28:19.5746249Z   duration_ms: 56.360226
2026-10-08T13:28:19.5746919Z   ...
2026-10-08T13:28:19.5748161Z # Subtest: compact drafts remain saveable near and exactly at the byte limit without added whitespace
2026-10-08T13:28:19.5749950Z ok 20 - compact drafts remain saveable near and exactly at the byte limit without added whitespace
2026-10-08T13:28:19.5751070Z   ---
2026-10-08T13:28:19.5752111Z   duration_ms: 273.7815
2026-10-08T13:28:19.5752852Z   ...
2026-10-08T13:28:19.5754066Z # Subtest: a file whose canonical private keys exceed the saved limit is refused before admission
2026-10-08T13:28:19.5755785Z ok 21 - a file whose canonical private keys exceed the saved limit is refused before admission
2026-10-08T13:28:19.5756947Z   ---
2026-10-08T13:28:19.5757545Z   duration_ms: 59.771801
2026-10-08T13:28:19.5758181Z   ...
2026-10-08T13:28:19.5944425Z # Subtest: a valid deck stages without touching authored text and commits once with full immutable content
2026-10-08T13:28:19.5963525Z ok 22 - a valid deck stages without touching authored text and commits once with full immutable content
2026-10-08T13:28:19.5983773Z   ---
2026-10-08T13:28:19.5984440Z   duration_ms: 14.405193
2026-10-08T13:28:19.5985053Z   ...
2026-10-08T13:28:19.5986323Z # Subtest: invalid JSON, invalid answer, oversized file and unreadable file preserve the draft and allow retry
2026-10-08T13:28:19.5988337Z ok 23 - invalid JSON, invalid answer, oversized file and unreadable file preserve the draft and allow retry
2026-10-08T13:28:19.5989589Z   ---
2026-10-08T13:28:19.5990239Z   duration_ms: 9.176637
2026-10-08T13:28:19.5990931Z   ...
2026-10-08T13:28:19.5992555Z # Subtest: unfinished and cyclic draft files stage visibly and replace once with an immutable editable state
2026-10-08T13:28:19.5994568Z ok 24 - unfinished and cyclic draft files stage visibly and replace once with an immutable editable state
2026-10-08T13:28:19.5995803Z   ---
2026-10-08T13:28:19.5996417Z   duration_ms: 3.670378
2026-10-08T13:28:19.5997083Z   ...
2026-10-08T13:28:19.5998359Z # Subtest: a draft suffix cannot admit an oversized lesson deck through the larger draft-file limit
2026-10-08T13:28:19.6000106Z ok 25 - a draft suffix cannot admit an oversized lesson deck through the larger draft-file limit
2026-10-08T13:28:19.6001240Z   ---
2026-10-08T13:28:19.6002172Z   duration_ms: 8.090155
2026-10-08T13:28:19.6002799Z   ...
2026-10-08T13:28:19.6004154Z # Subtest: malformed and unsupported editable drafts preserve the old draft and retire pending previews
2026-10-08T13:28:19.6005966Z ok 26 - malformed and unsupported editable drafts preserve the old draft and retire pending previews
2026-10-08T13:28:19.6007012Z   ---
2026-10-08T13:28:19.6007566Z   duration_ms: 4.957939
2026-10-08T13:28:19.6008116Z   ...
2026-10-08T13:28:19.6009263Z # Subtest: newest selected format wins across slow draft-to-deck and deck-to-draft reads
2026-10-08T13:28:19.6010805Z ok 27 - newest selected format wins across slow draft-to-deck and deck-to-draft reads
2026-10-08T13:28:19.6012695Z   ---
2026-10-08T13:28:19.6013237Z   duration_ms: 1.859885
2026-10-08T13:28:19.6013803Z   ...
2026-10-08T13:28:19.6015002Z # Subtest: explicit Keep current draft clears staged replacement and restores the open control focus
2026-10-08T13:28:19.6016638Z ok 28 - explicit Keep current draft clears staged replacement and restores the open control focus
2026-10-08T13:28:19.6017679Z   ---
2026-10-08T13:28:19.6020135Z   duration_ms: 1.250009
2026-10-08T13:28:19.6020981Z   ...
2026-10-08T13:28:19.6022430Z # Subtest: opening another chooser invalidates its old preview even when the chooser is cancelled
2026-10-08T13:28:19.6023975Z ok 29 - opening another chooser invalidates its old preview even when the chooser is cancelled
2026-10-08T13:28:19.6024888Z   ---
2026-10-08T13:28:19.6025357Z   duration_ms: 1.331422
2026-10-08T13:28:19.6025878Z   ...
2026-10-08T13:28:19.6026713Z # Subtest: a newer valid choice wins over an earlier slow success or failure
2026-10-08T13:28:19.6027880Z ok 30 - a newer valid choice wins over an earlier slow success or failure
2026-10-08T13:28:19.6028634Z   ---
2026-10-08T13:28:19.6029108Z   duration_ms: 3.558154
2026-10-08T13:28:19.6029610Z   ...
2026-10-08T13:28:19.6030573Z # Subtest: cancelled or empty file selection prevents a late read from reopening a preview
2026-10-08T13:28:19.6032183Z ok 31 - cancelled or empty file selection prevents a late read from reopening a preview
2026-10-08T13:28:19.6033286Z   ---
2026-10-08T13:28:19.6033924Z   duration_ms: 1.987216
2026-10-08T13:28:19.6034602Z   ...
2026-10-08T13:28:19.6035666Z # Subtest: invalid newer files invalidate an earlier pending or staged valid deck
2026-10-08T13:28:19.6037125Z ok 32 - invalid newer files invalidate an earlier pending or staged valid deck
2026-10-08T13:28:19.6038117Z   ---
2026-10-08T13:28:19.6038762Z   duration_ms: 2.070502
2026-10-08T13:28:19.6039429Z   ...
2026-10-08T13:28:19.6040666Z # Subtest: undo restores all writing while clearing only references to deliberately removed concepts
2026-10-08T13:28:19.6043112Z ok 33 - undo restores all writing while clearing only references to deliberately removed concepts
2026-10-08T13:28:19.6044309Z   ---
2026-10-08T13:28:19.6044979Z   duration_ms: 2.333396
2026-10-08T13:28:19.6045671Z   ...
2026-10-08T13:28:19.6046903Z # Subtest: undo retains known selections and even unfinished self links while removing a missing prerequisite
2026-10-08T13:28:19.6048586Z ok 34 - undo retains known selections and even unfinished self links while removing a missing prerequisite
2026-10-08T13:28:19.6049560Z   ---
2026-10-08T13:28:19.6050058Z   duration_ms: 0.31885
2026-10-08T13:28:19.6050554Z   ...
2026-10-08T13:28:19.6051385Z # Subtest: blank editor requires authored metadata and a deliberate answer
2026-10-08T13:28:19.6052842Z ok 35 - blank editor requires authored metadata and a deliberate answer
2026-10-08T13:28:19.6053612Z   ---
2026-10-08T13:28:19.6054080Z   duration_ms: 5.797095
2026-10-08T13:28:19.6054595Z   ...
2026-10-08T13:28:19.6055806Z # Subtest: opening a validated lesson makes an independent editable draft and preserves IDs and literals
2026-10-08T13:28:19.6057609Z ok 36 - opening a validated lesson makes an independent editable draft and preserves IDs and literals
2026-10-08T13:28:19.6058689Z   ---
2026-10-08T13:28:19.6059206Z   duration_ms: 1.195917
2026-10-08T13:28:19.6059742Z   ...
2026-10-08T13:28:19.6060759Z # Subtest: correctness follows an option when moved or when a preceding option is removed
2026-10-08T13:28:19.6062444Z ok 37 - correctness follows an option when moved or when a preceding option is removed
2026-10-08T13:28:19.6063462Z   ---
2026-10-08T13:28:19.6063985Z   duration_ms: 0.939706
2026-10-08T13:28:19.6064514Z   ...
2026-10-08T13:28:19.6082582Z # Subtest: option limits refuse without deleting text or changing the answer
2026-10-08T13:28:19.6108239Z ok 38 - option limits refuse without deleting text or changing the answer
2026-10-08T13:28:19.6189565Z   ---
2026-10-08T13:28:19.6190314Z   duration_ms: 0.89948
2026-10-08T13:28:19.6190704Z   ...
2026-10-08T13:28:19.6192029Z # Subtest: concept renaming updates question and prerequisite references while used deletion is refused
2026-10-08T13:28:19.6193546Z ok 39 - concept renaming updates question and prerequisite references while used deletion is refused
2026-10-08T13:28:19.6194394Z   ---
2026-10-08T13:28:19.6194738Z   duration_ms: 0.593145
2026-10-08T13:28:19.6195108Z   ...
2026-10-08T13:28:19.6195945Z # Subtest: cycles, uncovered concepts and duplicate answer text remain repairable drafts
2026-10-08T13:28:19.6197168Z ok 40 - cycles, uncovered concepts and duplicate answer text remain repairable drafts
2026-10-08T13:28:19.6197877Z   ---
2026-10-08T13:28:19.6198210Z   duration_ms: 0.850509
2026-10-08T13:28:19.6198585Z   ...
2026-10-08T13:28:19.6199526Z # Subtest: question reordering and undo restore the removed question without rolling back later edits
2026-10-08T13:28:19.6201046Z ok 41 - question reordering and undo restore the removed question without rolling back later edits
2026-10-08T13:28:19.6272182Z   ---
2026-10-08T13:28:19.6302412Z   duration_ms: 2.283382
2026-10-08T13:28:19.6332185Z   ...
2026-10-08T13:28:19.6333318Z # Subtest: new question IDs do not overwrite IDs from an opened deck
2026-10-08T13:28:19.6362821Z ok 42 - new question IDs do not overwrite IDs from an opened deck
2026-10-08T13:28:19.6392197Z   ---
2026-10-08T13:28:19.6392834Z   duration_ms: 0.61203
2026-10-08T13:28:19.6397046Z   ...
2026-10-08T13:28:19.6398319Z # Subtest: checked snapshots are immutable, deterministic, and separate from later draft edits
2026-10-08T13:28:19.6400073Z ok 43 - checked snapshots are immutable, deterministic, and separate from later draft edits
2026-10-08T13:28:19.6401223Z   ---
2026-10-08T13:28:19.6402123Z   duration_ms: 0.716948
2026-10-08T13:28:19.6402760Z   ...
2026-10-08T13:28:19.6403992Z # Subtest: individually valid multibyte content cannot export a file larger than the importer admits
2026-10-08T13:28:19.6405825Z ok 44 - individually valid multibyte content cannot export a file larger than the importer admits
2026-10-08T13:28:19.6406994Z   ---
2026-10-08T13:28:19.6407965Z   duration_ms: 11.548995
2026-10-08T13:28:19.6408732Z   ...
2026-10-08T13:28:19.6409533Z # Subtest: download filenames are bounded local names
2026-10-08T13:28:19.6410559Z ok 45 - download filenames are bounded local names
2026-10-08T13:28:19.6411325Z   ---
2026-10-08T13:28:19.6412200Z   duration_ms: 0.507624
2026-10-08T13:28:19.6412825Z   ...
2026-10-08T13:28:19.6413814Z # Subtest: the existing bundled deck imports unchanged without a format field
2026-10-08T13:28:19.6415189Z ok 46 - the existing bundled deck imports unchanged without a format field
2026-10-08T13:28:19.6416133Z   ---
2026-10-08T13:28:19.6416722Z   duration_ms: 3.652124
2026-10-08T13:28:19.6417362Z   ...
2026-10-08T13:28:19.6418402Z # Subtest: a deck is an immutable copy, and unknown fields cannot configure the runtime
2026-10-08T13:28:19.6419778Z ok 47 - a deck is an immutable copy, and unknown fields cannot configure the runtime
2026-10-08T13:28:19.6420680Z   ---
2026-10-08T13:28:19.6421203Z   duration_ms: 0.917484
2026-10-08T13:28:19.6422082Z   ...
2026-10-08T13:28:19.6433009Z # Subtest: malformed JSON, unsupported versions and wrong top-level values give actionable errors
2026-10-08T13:28:19.6434837Z ok 48 - malformed JSON, unsupported versions and wrong top-level values give actionable errors
2026-10-08T13:28:19.6435942Z   ---
2026-10-08T13:28:19.6436504Z   duration_ms: 0.457309
2026-10-08T13:28:19.6437094Z   ...
2026-10-08T13:28:19.6438080Z # Subtest: JSON byte limit counts multibyte text and accepts the exact boundary
2026-10-08T13:28:19.6439464Z ok 49 - JSON byte limit counts multibyte text and accepts the exact boundary
2026-10-08T13:28:19.6440449Z   ---
2026-10-08T13:28:19.6441074Z   duration_ms: 2.978548
2026-10-08T13:28:19.6442054Z   ...
2026-10-08T13:28:19.6443155Z # Subtest: required readable metadata and bounded question fields are validated
2026-10-08T13:28:19.6444762Z ok 50 - required readable metadata and bounded question fields are validated
2026-10-08T13:28:19.6446161Z   ---
2026-10-08T13:28:19.6446864Z   duration_ms: 1.66503
2026-10-08T13:28:19.6447609Z   ...
2026-10-08T13:28:19.6448885Z # Subtest: empty and oversized collections and duplicate identities are refused
2026-10-08T13:28:19.6450527Z ok 51 - empty and oversized collections and duplicate identities are refused
2026-10-08T13:28:19.6451971Z   ---
2026-10-08T13:28:19.6452572Z   duration_ms: 0.559201
2026-10-08T13:28:19.6453147Z   ...
2026-10-08T13:28:19.6454078Z # Subtest: every question and prerequisite must name a known covered concept
2026-10-08T13:28:19.6455348Z ok 52 - every question and prerequisite must name a known covered concept
2026-10-08T13:28:19.6456214Z   ---
2026-10-08T13:28:19.6456752Z   duration_ms: 0.312798
2026-10-08T13:28:19.6457316Z   ...
2026-10-08T13:28:19.6458326Z # Subtest: self-requirements and concept cycles across different questions are refused
2026-10-08T13:28:19.6464743Z ok 53 - self-requirements and concept cycles across different questions are refused
2026-10-08T13:28:19.6466070Z   ---
2026-10-08T13:28:19.6466646Z   duration_ms: 0.324971
2026-10-08T13:28:19.6467566Z   ...
2026-10-08T13:28:19.6468861Z # Subtest: choices require distinct readable options and an actual integer answer index
2026-10-08T13:28:19.6470837Z ok 54 - choices require distinct readable options and an actual integer answer index
2026-10-08T13:28:19.6472110Z   ---
2026-10-08T13:28:19.6472653Z   duration_ms: 0.560153
2026-10-08T13:28:19.6473523Z   ...
2026-10-08T13:28:19.6474830Z # Subtest: 100 questions and 32 concepts work through the existing selector to exhaustion
2026-10-08T13:28:19.6476787Z ok 55 - 100 questions and 32 concepts work through the existing selector to exhaustion
2026-10-08T13:28:19.6477967Z   ---
2026-10-08T13:28:19.6478526Z   duration_ms: 94.934682
2026-10-08T13:28:19.6479311Z   ...
2026-10-08T13:28:19.6480761Z # Subtest: imported answer indices, literal text and object-key names survive learning and practice
2026-10-08T13:28:19.6484812Z ok 56 - imported answer indices, literal text and object-key names survive learning and practice
2026-10-08T13:28:19.6486387Z   ---
2026-10-08T13:28:19.6487168Z   duration_ms: 0.66492
2026-10-08T13:28:19.6487895Z   ...
2026-10-08T13:28:19.6489235Z # Subtest: downloadable example round-trips through the import contract with full attribution
2026-10-08T13:28:19.6491157Z ok 57 - downloadable example round-trips through the import contract with full attribution
2026-10-08T13:28:19.6492564Z   ---
2026-10-08T13:28:19.6493149Z   duration_ms: 0.518705
2026-10-08T13:28:19.6493732Z   ...
2026-10-08T13:28:19.6494790Z # Subtest: the exact original course is bounded, admitted, balanced and round-trippable
2026-10-08T13:28:19.6496226Z ok 58 - the exact original course is bounded, admitted, balanced and round-trippable
2026-10-08T13:28:19.6497115Z   ---
2026-10-08T13:28:19.6497621Z   duration_ms: 3.684335
2026-10-08T13:28:19.6498168Z   ...
2026-10-08T13:28:19.6499078Z # Subtest: every stated answer follows the literal graph, with one correct option
2026-10-08T13:28:19.6500008Z     # Subtest: dg-links-1
2026-10-08T13:28:19.6500609Z     ok 1 - dg-links-1
2026-10-08T13:28:19.6501174Z       ---
2026-10-08T13:28:19.6501979Z       duration_ms: 0.617932
2026-10-08T13:28:19.6502596Z       ...
2026-10-08T13:28:19.6503103Z     # Subtest: dg-links-2
2026-10-08T13:28:19.6503699Z     ok 2 - dg-links-2
2026-10-08T13:28:19.6504233Z       ---
2026-10-08T13:28:19.6504741Z       duration_ms: 0.582926
2026-10-08T13:28:19.6505307Z       ...
2026-10-08T13:28:19.6505812Z     # Subtest: dg-links-3
2026-10-08T13:28:19.6506377Z     ok 3 - dg-links-3
2026-10-08T13:28:19.6506919Z       ---
2026-10-08T13:28:19.6507419Z       duration_ms: 1.83566
2026-10-08T13:28:19.6507989Z       ...
2026-10-08T13:28:19.6508480Z     # Subtest: dg-reach-1
2026-10-08T13:28:19.6509116Z     ok 4 - dg-reach-1
2026-10-08T13:28:19.6509710Z       ---
2026-10-08T13:28:19.6510284Z       duration_ms: 0.473841
2026-10-08T13:28:19.6510908Z       ...
2026-10-08T13:28:19.6511981Z     # Subtest: dg-reach-2
2026-10-08T13:28:19.6512730Z     ok 5 - dg-reach-2
2026-10-08T13:28:19.6513359Z       ---
2026-10-08T13:28:19.6513935Z       duration_ms: 0.411244
2026-10-08T13:28:19.6514557Z       ...
2026-10-08T13:28:19.6515158Z     # Subtest: dg-reach-3
2026-10-08T13:28:19.6515811Z     ok 6 - dg-reach-3
2026-10-08T13:28:19.6516410Z       ---
2026-10-08T13:28:19.6516996Z       duration_ms: 0.251532
2026-10-08T13:28:19.6517625Z       ...
2026-10-08T13:28:19.6518202Z     # Subtest: dg-order-1
2026-10-08T13:28:19.6518920Z     ok 7 - dg-order-1
2026-10-08T13:28:19.6519520Z       ---
2026-10-08T13:28:19.6520040Z       duration_ms: 0.312748
2026-10-08T13:28:19.6520598Z       ...
2026-10-08T13:28:19.6521108Z     # Subtest: dg-order-2
2026-10-08T13:28:19.6521931Z     ok 8 - dg-order-2
2026-10-08T13:28:19.6522490Z       ---
2026-10-08T13:28:19.6523000Z       duration_ms: 0.517943
2026-10-08T13:28:19.6523582Z       ...
2026-10-08T13:28:19.6524091Z     # Subtest: dg-order-3
2026-10-08T13:28:19.6524680Z     ok 9 - dg-order-3
2026-10-08T13:28:19.6525228Z       ---
2026-10-08T13:28:19.6525751Z       duration_ms: 0.603935
2026-10-08T13:28:19.6526313Z       ...
2026-10-08T13:28:19.6526835Z     # Subtest: dg-update-1
2026-10-08T13:28:19.6527434Z     ok 10 - dg-update-1
2026-10-08T13:28:19.6527969Z       ---
2026-10-08T13:28:19.6528953Z       duration_ms: 0.856881
2026-10-08T13:28:19.6529572Z       ...
2026-10-08T13:28:19.6530109Z     # Subtest: dg-update-2
2026-10-08T13:28:19.6530789Z     ok 11 - dg-update-2
2026-10-08T13:28:19.6531352Z       ---
2026-10-08T13:28:19.6532156Z       duration_ms: 0.962549
2026-10-08T13:28:19.6532770Z       ...
2026-10-08T13:28:19.6533306Z     # Subtest: dg-update-3
2026-10-08T13:28:19.6533943Z     ok 12 - dg-update-3
2026-10-08T13:28:19.6534503Z       ---
2026-10-08T13:28:19.6535008Z       duration_ms: 0.604356
2026-10-08T13:28:19.6535558Z       ...
2026-10-08T13:28:19.6536047Z     1..12
2026-10-08T13:28:19.6536995Z ok 59 - every stated answer follows the literal graph, with one correct option
2026-10-08T13:28:19.6537958Z   ---
2026-10-08T13:28:19.6538508Z   duration_ms: 10.633445
2026-10-08T13:28:19.6539305Z   ...
2026-10-08T13:28:19.6541372Z # Subtest: structurally valid changed content exposes graph reversal and blocked-descendant mistakes
2026-10-08T13:28:19.6545306Z ok 60 - structurally valid changed content exposes graph reversal and blocked-descendant mistakes
2026-10-08T13:28:19.6546389Z   ---
2026-10-08T13:28:19.6546921Z   duration_ms: 2.882487
2026-10-08T13:28:19.6547487Z   ...
2026-10-08T13:28:19.6548664Z # Subtest: the real selector, review, practice, notes and trace consumer preserve this course
2026-10-08T13:28:19.6585712Z ok 61 - the real selector, review, practice, notes and trace consumer preserve this course
2026-10-08T13:28:19.6602246Z   ---
2026-10-08T13:28:19.6612528Z   duration_ms: 21.449924
2026-10-08T13:28:19.6613409Z   ...
2026-10-08T13:28:19.6742347Z # Subtest: standalone artifact exactly matches sources and contains a valid offline script
2026-10-08T13:28:19.6772922Z ok 62 - standalone artifact exactly matches sources and contains a valid offline script
2026-10-08T13:28:19.6802293Z   ---
2026-10-08T13:28:19.6832140Z   duration_ms: 6.968347
2026-10-08T13:28:19.6832911Z   ...
2026-10-08T13:28:19.6862720Z # Subtest: course survives the existing validator and editable-format round trip
2026-10-08T13:28:19.6872855Z ok 63 - course survives the existing validator and editable-format round trip
2026-10-08T13:28:19.6873866Z   ---
2026-10-08T13:28:19.6879286Z   duration_ms: 2.118532
2026-10-08T13:28:19.6880005Z   ...
2026-10-08T13:28:19.6881132Z # Subtest: literal markup and Unicode in admitted course content cannot close the generated script
2026-10-08T13:28:19.6883100Z ok 64 - literal markup and Unicode in admitted course content cannot close the generated script
2026-10-08T13:28:19.6884057Z   ---
2026-10-08T13:28:19.6884562Z   duration_ms: 24.710201
2026-10-08T13:28:19.6885108Z   ...
2026-10-08T13:28:19.6886030Z # Subtest: check mode reports stale output without replacing a retained artifact
2026-10-08T13:28:19.6887713Z ok 65 - check mode reports stale output without replacing a retained artifact
2026-10-08T13:28:19.6888577Z   ---
2026-10-08T13:28:19.6889079Z   duration_ms: 92.263009
2026-10-08T13:28:19.6889617Z   ...
2026-10-08T13:28:19.6890664Z # Subtest: unexpected UI dependency refuses the build before overwriting its artifact
2026-10-08T13:28:19.6892264Z ok 66 - unexpected UI dependency refuses the build before overwriting its artifact
2026-10-08T13:28:19.6893183Z   ---
2026-10-08T13:28:19.6893707Z   duration_ms: 85.62574
2026-10-08T13:28:19.6894228Z   ...
2026-10-08T13:28:19.6966771Z # Subtest: fictional reversal retains denominators and uses common weights only for reference
2026-10-08T13:28:19.6999586Z ok 67 - fictional reversal retains denominators and uses common weights only for reference
2026-10-08T13:28:19.7045785Z   ---
2026-10-08T13:28:19.7053012Z   duration_ms: 5.459581
2026-10-08T13:28:19.7112109Z   ...
2026-10-08T13:28:19.7113180Z # Subtest: ties and conflicting subgroup directions are not a strict reversal
2026-10-08T13:28:19.7142704Z ok 68 - ties and conflicting subgroup directions are not a strict reversal
2026-10-08T13:28:19.7152330Z   ---
2026-10-08T13:28:19.7152900Z   duration_ms: 1.166813
2026-10-08T13:28:19.7153621Z   ...
2026-10-08T13:28:19.7154743Z # Subtest: empty cells remain unavailable unless their reference weight is exactly zero
2026-10-08T13:28:19.7158720Z ok 69 - empty cells remain unavailable unless their reference weight is exactly zero
2026-10-08T13:28:19.7159819Z   ---
2026-10-08T13:28:19.7160441Z   duration_ms: 0.676001
2026-10-08T13:28:19.7160992Z   ...
2026-10-08T13:28:19.7162169Z # Subtest: an entirely empty option has no pooled rate or inferred group mix
2026-10-08T13:28:19.7163478Z ok 70 - an entirely empty option has no pooled rate or inferred group mix
2026-10-08T13:28:19.7164400Z   ---
2026-10-08T13:28:19.7164972Z   duration_ms: 0.291538
2026-10-08T13:28:19.7165570Z   ...
2026-10-08T13:28:19.7166536Z # Subtest: invalid numeric inputs are refused without truncation or coercion
2026-10-08T13:28:19.7168310Z ok 71 - invalid numeric inputs are refused without truncation or coercion
2026-10-08T13:28:19.7169339Z   ---
2026-10-08T13:28:19.7169909Z   duration_ms: 1.086692
2026-10-08T13:28:19.7170618Z   ...
2026-10-08T13:28:19.7171940Z # Subtest: native count entry distinguishes blank and invalid text from zero
2026-10-08T13:28:19.7173132Z ok 72 - native count entry distinguishes blank and invalid text from zero
2026-10-08T13:28:19.7173921Z   ---
2026-10-08T13:28:19.7174326Z   duration_ms: 22.83106
2026-10-08T13:28:19.7174759Z   ...
2026-10-08T13:28:19.7175656Z # Subtest: a strict difference too small for percentage display is not declared equal
2026-10-08T13:28:19.7176888Z ok 73 - a strict difference too small for percentage display is not declared equal
2026-10-08T13:28:19.7205481Z   ---
2026-10-08T13:28:19.7206034Z   duration_ms: 0.554832
2026-10-08T13:28:19.7206594Z   ...
2026-10-08T13:28:19.7207912Z # Subtest: label and group transformations preserve the intended descriptive quantities
2026-10-08T13:28:19.7209405Z ok 74 - label and group transformations preserve the intended descriptive quantities
2026-10-08T13:28:19.7210385Z   ---
2026-10-08T13:28:19.7210943Z   duration_ms: 1.634242
2026-10-08T13:28:19.7211746Z   ...
2026-10-08T13:28:19.7212901Z # Subtest: shared weights preserve both strict subgroup advantages at every permitted mix
2026-10-08T13:28:19.7214649Z ok 75 - shared weights preserve both strict subgroup advantages at every permitted mix
2026-10-08T13:28:19.7215756Z   ---
2026-10-08T13:28:19.7216349Z   duration_ms: 11.679471
2026-10-08T13:28:19.7245089Z   ...
2026-10-08T13:28:19.7266348Z # Subtest: download contains exact inputs, unavailable values and deterministic recomputable fractions
2026-10-08T13:28:19.7292835Z ok 76 - download contains exact inputs, unavailable values and deterministic recomputable fractions
2026-10-08T13:28:19.7322045Z   ---
2026-10-08T13:28:19.7352180Z   duration_ms: 0.860187
2026-10-08T13:28:19.7372153Z   ...
2026-10-08T13:28:19.7376021Z # Subtest: BKT probabilities stay bounded across repeated evidence
2026-10-08T13:28:19.7402610Z ok 77 - BKT probabilities stay bounded across repeated evidence
2026-10-08T13:28:19.7415473Z   ---
2026-10-08T13:28:19.7442280Z   duration_ms: 18.944386
2026-10-08T13:28:19.7462086Z   ...
2026-10-08T13:28:19.7489702Z # Subtest: correct evidence raises and incorrect evidence lowers posterior for interior prior
2026-10-08T13:28:19.7499663Z ok 78 - correct evidence raises and incorrect evidence lowers posterior for interior prior
2026-10-08T13:28:19.7522244Z   ---
2026-10-08T13:28:19.7522631Z   duration_ms: 0.27691
2026-10-08T13:28:19.7523048Z   ...
2026-10-08T13:28:19.7523770Z # Subtest: parameter validation rejects impossible probabilities
2026-10-08T13:28:19.7524767Z ok 79 - parameter validation rejects impossible probabilities
2026-10-08T13:28:19.7525395Z   ---
2026-10-08T13:28:19.7525755Z   duration_ms: 0.707109
2026-10-08T13:28:19.7526181Z   ...
2026-10-08T13:28:19.7527062Z # Subtest: entropy and information gain have expected bounds and peak near uncertainty
2026-10-08T13:28:19.7528369Z ok 80 - entropy and information gain have expected bounds and peak near uncertainty
2026-10-08T13:28:19.7529134Z   ---
2026-10-08T13:28:19.7529501Z   duration_ms: 5.850296
2026-10-08T13:28:19.7529910Z   ...
2026-10-08T13:28:19.7530776Z # Subtest: selector prioritizes a weak prerequisite and is stable after exhaustion
2026-10-08T13:28:19.7532295Z ok 81 - selector prioritizes a weak prerequisite and is stable after exhaustion
2026-10-08T13:28:19.7533098Z   ---
2026-10-08T13:28:19.7533447Z   duration_ms: 0.690849
2026-10-08T13:28:19.7533838Z   ...
2026-10-08T13:28:19.7534500Z # Subtest: initial mastery creates independent named concept values
2026-10-08T13:28:19.7535481Z ok 82 - initial mastery creates independent named concept values
2026-10-08T13:28:19.7535928Z   ---
2026-10-08T13:28:19.7536131Z   duration_ms: 4.18734
2026-10-08T13:28:19.7536343Z   ...
2026-10-08T13:28:19.7536842Z # Subtest: scripted learner simulation is deterministic, bounded, and distinguishes selector modes
2026-10-08T13:28:19.7537928Z ok 83 - scripted learner simulation is deterministic, bounded, and distinguishes selector modes
2026-10-08T13:28:19.7538379Z   ---
2026-10-08T13:28:19.7538603Z   duration_ms: 0.780697
2026-10-08T13:28:19.7538816Z   ...
2026-10-08T13:28:19.7539310Z # Subtest: the original course is admitted by the existing deck contract with all four concepts covered
2026-10-08T13:28:19.7540086Z ok 84 - the original course is admitted by the existing deck contract with all four concepts covered
2026-10-08T13:28:19.7540530Z   ---
2026-10-08T13:28:19.7540721Z   duration_ms: 4.122558
2026-10-08T13:28:19.7540933Z   ...
2026-10-08T13:28:19.7541366Z # Subtest: answer positions are balanced and no correct option is uniquely the longest
2026-10-08T13:28:19.7542752Z ok 85 - answer positions are balanced and no correct option is uniquely the longest
2026-10-08T13:28:19.7543454Z   ---
2026-10-08T13:28:19.7543797Z   duration_ms: 0.470264
2026-10-08T13:28:19.7544160Z   ...
2026-10-08T13:28:19.7545095Z # Subtest: each numerical answer uses the stated correction sign, denominator or independence assumption
2026-10-08T13:28:19.7546035Z ok 86 - each numerical answer uses the stated correction sign, denominator or independence assumption
2026-10-08T13:28:19.7546592Z   ---
2026-10-08T13:28:19.7546822Z   duration_ms: 0.55864
2026-10-08T13:28:19.7547041Z   ...
2026-10-08T13:28:19.7548019Z # Subtest: standalone artifact is deterministic, preserves the exact deck bytes and contains executable classic scripts
2026-10-08T13:28:19.7549713Z ok 87 - standalone artifact is deterministic, preserves the exact deck bytes and contains executable classic scripts
2026-10-08T13:28:19.7550622Z   ---
2026-10-08T13:28:19.7550951Z   duration_ms: 5.656942
2026-10-08T13:28:19.7551314Z   ...
2026-10-08T13:28:19.7572899Z # Subtest: worked four-reading budget distinguishes raw mean, correction, sample scatter and mean uncertainty
2026-10-08T13:28:19.7574892Z ok 88 - worked four-reading budget distinguishes raw mean, correction, sample scatter and mean uncertainty
2026-10-08T13:28:19.7575821Z   ---
2026-10-08T13:28:19.7576175Z   duration_ms: 4.553489
2026-10-08T13:28:19.7576583Z   ...
2026-10-08T13:28:19.7577559Z # Subtest: a shared additive correction shifts the estimate without changing either uncertainty component
2026-10-08T13:28:19.7579057Z ok 89 - a shared additive correction shifts the estimate without changing either uncertainty component
2026-10-08T13:28:19.7579925Z   ---
2026-10-08T13:28:19.7580291Z   duration_ms: 0.364516
2026-10-08T13:28:19.7580682Z   ...
2026-10-08T13:28:19.7581981Z # Subtest: identical readings retain a nonzero shared component and are not rejected for numerical repetition
2026-10-08T13:28:19.7583557Z ok 90 - identical readings retain a nonzero shared component and are not rejected for numerical repetition
2026-10-08T13:28:19.7584437Z   ---
2026-10-08T13:28:19.7584778Z   duration_ms: 1.129113
2026-10-08T13:28:19.7585149Z   ...
2026-10-08T13:28:19.7586206Z # Subtest: future independent sample sizes hold shared calibration fixed while repeatability shrinks by square root
2026-10-08T13:28:19.7587867Z ok 91 - future independent sample sizes hold shared calibration fixed while repeatability shrinks by square root
2026-10-08T13:28:19.7588795Z   ---
2026-10-08T13:28:19.7589134Z   duration_ms: 0.607582
2026-10-08T13:28:19.7589499Z   ...
2026-10-08T13:28:19.7590374Z # Subtest: shared covariance gives the same calibration contribution for a mean of any sample size
2026-10-08T13:28:19.7592006Z ok 92 - shared covariance gives the same calibration contribution for a mean of any sample size
2026-10-08T13:28:19.7592812Z   ---
2026-10-08T13:28:19.7593152Z   duration_ms: 0.381517
2026-10-08T13:28:19.7593526Z   ...
2026-10-08T13:28:19.7594404Z # Subtest: compensated raw means preserve small residuals after large opposing readings cancel
2026-10-08T13:28:19.7595740Z ok 93 - compensated raw means preserve small residuals after large opposing readings cancel
2026-10-08T13:28:19.7596563Z   ---
2026-10-08T13:28:19.7596906Z   duration_ms: 0.395744
2026-10-08T13:28:19.7597544Z   ...
2026-10-08T13:28:19.7598490Z # Subtest: centered scatter remains meaningful for a large shared offset and at supported extremes
2026-10-08T13:28:19.7599873Z ok 94 - centered scatter remains meaningful for a large shared offset and at supported extremes
2026-10-08T13:28:19.7600690Z   ---
2026-10-08T13:28:19.7601040Z   duration_ms: 0.452651
2026-10-08T13:28:19.7601420Z   ...
2026-10-08T13:28:19.7602989Z # Subtest: reordering observations preserves the summary but does not assert statistical independence
2026-10-08T13:28:19.7604535Z ok 95 - reordering observations preserves the summary but does not assert statistical independence
2026-10-08T13:28:19.7605432Z   ---
2026-10-08T13:28:19.7605799Z   duration_ms: 1.153137
2026-10-08T13:28:19.7606221Z   ...
2026-10-08T13:28:19.7607132Z # Subtest: input parsing keeps every observation and refuses malformed or missing comma fields
2026-10-08T13:28:19.7608659Z ok 96 - input parsing keeps every observation and refuses malformed or missing comma fields
2026-10-08T13:28:19.7609502Z   ---
2026-10-08T13:28:19.7609878Z   duration_ms: 1.993037
2026-10-08T13:28:19.7610289Z   ...
2026-10-08T13:28:19.7611121Z # Subtest: supported magnitude and nonnegative half-width boundaries are explicit
2026-10-08T13:28:19.7612641Z ok 97 - supported magnitude and nonnegative half-width boundaries are explicit
2026-10-08T13:28:19.7613405Z   ---
2026-10-08T13:28:19.7613785Z   duration_ms: 0.849015
2026-10-08T13:28:19.7614199Z   ...
2026-10-08T13:28:19.7615066Z # Subtest: public calculations reject missing observations and invalid forecast counts
2026-10-08T13:28:19.7616395Z ok 98 - public calculations reject missing observations and invalid forecast counts
2026-10-08T13:28:19.7617183Z   ---
2026-10-08T13:28:19.7617539Z   duration_ms: 0.685739
2026-10-08T13:28:19.7617951Z   ...
2026-10-08T13:28:19.7618829Z # Subtest: calculation snapshots do not mutate caller arrays or change after later edits
2026-10-08T13:28:19.7620422Z ok 99 - calculation snapshots do not mutate caller arrays or change after later edits
2026-10-08T13:28:19.7621230Z   ---
2026-10-08T13:28:19.7621892Z   duration_ms: 0.32428
2026-10-08T13:28:19.7622317Z   ...
2026-10-08T13:28:19.7755451Z # Subtest: review preserves session order and the actual chosen answer
2026-10-08T13:28:19.7759915Z ok 100 - review preserves session order and the actual chosen answer
2026-10-08T13:28:19.7812098Z   ---
2026-10-08T13:28:19.7812776Z   duration_ms: 2.567836
2026-10-08T13:28:19.7813239Z   ...
2026-10-08T13:28:19.7814074Z # Subtest: review is an immutable snapshot independent of mutable input arrays
2026-10-08T13:28:19.7862671Z ok 101 - review is an immutable snapshot independent of mutable input arrays
2026-10-08T13:28:19.7863348Z   ---
2026-10-08T13:28:19.7863784Z   duration_ms: 0.757984
2026-10-08T13:28:19.7864246Z   ...
2026-10-08T13:28:19.7864962Z # Subtest: a review rejects unknown, duplicate, or invalid first answers
2026-10-08T13:28:19.7865851Z ok 102 - a review rejects unknown, duplicate, or invalid first answers
2026-10-08T13:28:19.7866496Z   ---
2026-10-08T13:28:19.7866935Z   duration_ms: 0.44159
2026-10-08T13:28:19.7867387Z   ...
2026-10-08T13:28:19.7868128Z # Subtest: practice includes only initially missed questions in first-attempt order
2026-10-08T13:28:19.7869148Z ok 103 - practice includes only initially missed questions in first-attempt order
2026-10-08T13:28:19.7869782Z   ---
2026-10-08T13:28:19.7870240Z   duration_ms: 0.326383
2026-10-08T13:28:19.7870674Z   ...
2026-10-08T13:28:19.7871372Z # Subtest: correct and incorrect retries remain separate from the immutable original trace
2026-10-08T13:28:19.7872583Z ok 104 - correct and incorrect retries remain separate from the immutable original trace
2026-10-08T13:28:19.7873348Z   ---
2026-10-08T13:28:19.7873771Z   duration_ms: 0.408487
2026-10-08T13:28:19.7874198Z   ...
2026-10-08T13:28:19.7875121Z # Subtest: practice resumes at the next unanswered question and refuses duplicate or out-of-order writes
2026-10-08T13:28:19.7876735Z ok 105 - practice resumes at the next unanswered question and refuses duplicate or out-of-order writes
2026-10-08T13:28:19.7877657Z   ---
2026-10-08T13:28:19.7878117Z   duration_ms: 0.42583
2026-10-08T13:28:19.7878609Z   ...
2026-10-08T13:28:19.7879202Z # Subtest: an all-correct or empty review has no practice question
2026-10-08T13:28:19.7880047Z ok 106 - an all-correct or empty review has no practice question
2026-10-08T13:28:19.7880708Z   ---
2026-10-08T13:28:19.7881215Z   duration_ms: 0.313429
2026-10-08T13:28:19.7881902Z   ...
2026-10-08T13:28:19.7968558Z # Subtest: notes retain the actual first choices, session order, corrections, transfers, and attribution
2026-10-08T13:28:19.7986556Z ok 107 - notes retain the actual first choices, session order, corrections, transfers, and attribution
2026-10-08T13:28:19.7987658Z   ---
2026-10-08T13:28:19.7988198Z   duration_ms: 3.183634
2026-10-08T13:28:19.7988745Z   ...
2026-10-08T13:28:19.7989790Z # Subtest: paused and completed retries cannot replace the first answers or alter the model
2026-10-08T13:28:19.7991321Z ok 108 - paused and completed retries cannot replace the first answers or alter the model
2026-10-08T13:28:19.7992842Z   ---
2026-10-08T13:28:19.7993433Z   duration_ms: 1.552338
2026-10-08T13:28:19.7994064Z   ...
2026-10-08T13:28:19.7995205Z # Subtest: unstarted, zero-answer paused, and all-correct sessions have honest practice labels
2026-10-08T13:28:19.7996860Z ok 109 - unstarted, zero-answer paused, and all-correct sessions have honest practice labels
2026-10-08T13:28:19.7997952Z   ---
2026-10-08T13:28:19.7998553Z   duration_ms: 1.935587
2026-10-08T13:28:19.7999188Z   ...
2026-10-08T13:28:19.8000467Z # Subtest: incomplete, duplicate, legacy choice-less or malformed traces are refused rather than fabricated
2026-10-08T13:28:19.8003642Z ok 110 - incomplete, duplicate, legacy choice-less or malformed traces are refused rather than fabricated
2026-10-08T13:28:19.8004887Z   ---
2026-10-08T13:28:19.8005954Z   duration_ms: 1.010109
2026-10-08T13:28:19.8006607Z   ...
2026-10-08T13:28:19.8007763Z # Subtest: plain-text output preserves Unicode and literal markup without creating executable content
2026-10-08T13:28:19.8009575Z ok 111 - plain-text output preserves Unicode and literal markup without creating executable content
2026-10-08T13:28:19.8010817Z   ---
2026-10-08T13:28:19.8011853Z   duration_ms: 0.345459
2026-10-08T13:28:19.8012679Z   ...
2026-10-08T13:28:19.9123974Z # Subtest: the original twelve-item SQL course uses the published import contract without changing its native meaning
2026-10-08T13:28:19.9152723Z ok 112 - the original twelve-item SQL course uses the published import contract without changing its native meaning
2026-10-08T13:28:19.9153859Z   ---
2026-10-08T13:28:19.9172797Z   duration_ms: 2.752023
2026-10-08T13:28:19.9173452Z   ...
2026-10-08T13:28:19.9174623Z # Subtest: actual SQLite regenerates all twenty-two saved queries and their exact course/default bindings
2026-10-08T13:28:19.9176178Z ok 113 - actual SQLite regenerates all twenty-two saved queries and their exact course/default bindings
2026-10-08T13:28:19.9177234Z   ---
2026-10-08T13:28:19.9177842Z   duration_ms: 54.959577
2026-10-08T13:28:19.9178281Z   ...
2026-10-08T13:28:19.9179387Z # Subtest: native adaptive selection, shuffled choices, review, practice and notes preserve all twelve SQL questions
2026-10-08T13:28:19.9181087Z ok 114 - native adaptive selection, shuffled choices, review, practice and notes preserve all twelve SQL questions
2026-10-08T13:28:19.9182292Z   ---
2026-10-08T13:28:19.9182650Z   duration_ms: 18.230994
2026-10-08T13:28:19.9183038Z   ...
2026-10-08T13:28:20.3805464Z # Subtest: a changed answer or invalid query refuses the build and preserves both saved artifacts
2026-10-08T13:28:20.3806967Z ok 115 - a changed answer or invalid query refuses the build and preserves both saved artifacts
2026-10-08T13:28:20.3807887Z   ---
2026-10-08T13:28:20.3808332Z   duration_ms: 473.686409
2026-10-08T13:28:20.3808811Z   ...
2026-10-08T13:28:20.4293460Z # Subtest: a stale generated explorer fails --check without silently replacing the changed file
2026-10-08T13:28:20.4295835Z ok 116 - a stale generated explorer fails --check without silently replacing the changed file
2026-10-08T13:28:20.4297065Z   ---
2026-10-08T13:28:20.4297694Z   duration_ms: 47.157691
2026-10-08T13:28:20.4298298Z   ...
2026-10-08T13:28:20.4350245Z # Subtest: completed first answers restore in their original adaptive order with exact, unrounded estimates
2026-10-08T13:28:20.4351914Z ok 117 - completed first answers restore in their original adaptive order with exact, unrounded estimates
2026-10-08T13:28:20.4352794Z   ---
2026-10-08T13:28:20.4353158Z   duration_ms: 12.605732
2026-10-08T13:28:20.4353568Z   ...
2026-10-08T13:28:20.4354469Z # Subtest: unstarted, zero-answer, paused and complete practice remain distinct and can resume once
2026-10-08T13:28:20.4355861Z ok 118 - unstarted, zero-answer, paused and complete practice remain distinct and can resume once
2026-10-08T13:28:20.4356349Z   ---
2026-10-08T13:28:20.4356546Z   duration_ms: 6.844003
2026-10-08T13:28:20.4356760Z   ...
2026-10-08T13:28:20.4357196Z # Subtest: all-correct and all-missed completed traces use canonical answer indices
2026-10-08T13:28:20.4357821Z ok 119 - all-correct and all-missed completed traces use canonical answer indices
2026-10-08T13:28:20.4358199Z   ---
2026-10-08T13:28:20.4358386Z   duration_ms: 4.321192
2026-10-08T13:28:20.4358592Z   ...
2026-10-08T13:28:20.4359013Z # Subtest: incomplete, duplicate, unknown and out-of-range first answers are refused
2026-10-08T13:28:20.4359653Z ok 120 - incomplete, duplicate, unknown and out-of-range first answers are refused
2026-10-08T13:28:20.4360059Z   ---
2026-10-08T13:28:20.4360250Z   duration_ms: 10.244725
2026-10-08T13:28:20.4360540Z   ...
2026-10-08T13:28:20.4361054Z # Subtest: a different course revision cannot replace the current deck; property order is immaterial
2026-10-08T13:28:20.4362110Z ok 121 - a different course revision cannot replace the current deck; property order is immaterial
2026-10-08T13:28:20.4362915Z   ---
2026-10-08T13:28:20.4363281Z   duration_ms: 4.52807
2026-10-08T13:28:20.4363652Z   ...
2026-10-08T13:28:20.4364488Z # Subtest: changed model parameters, rounded estimates and incompatible versions are refused
2026-10-08T13:28:20.4365769Z ok 122 - changed model parameters, rounded estimates and incompatible versions are refused
2026-10-08T13:28:20.4366518Z   ---
2026-10-08T13:28:20.4366831Z   duration_ms: 8.82196
2026-10-08T13:28:20.4367044Z   ...
2026-10-08T13:28:20.4367484Z # Subtest: practice replay refuses duplicate, reordered, correct-first and extra answers
2026-10-08T13:28:20.4368139Z ok 123 - practice replay refuses duplicate, reordered, correct-first and extra answers
2026-10-08T13:28:20.4368545Z   ---
2026-10-08T13:28:20.4368729Z   duration_ms: 5.285945
2026-10-08T13:28:20.4368934Z   ...
2026-10-08T13:28:20.4369379Z # Subtest: bounded parsing refuses invalid JSON and oversized UTF-8 before exposing state
2026-10-08T13:28:20.4370052Z ok 124 - bounded parsing refuses invalid JSON and oversized UTF-8 before exposing state
2026-10-08T13:28:20.4370456Z   ---
2026-10-08T13:28:20.4370650Z   duration_ms: 4.402254
2026-10-08T13:28:20.4370857Z   ...
2026-10-08T13:28:20.4371025Z 1..124
2026-10-08T13:28:20.4371206Z # tests 136
2026-10-08T13:28:20.4371389Z # suites 0
2026-10-08T13:28:20.4371962Z # pass 136
2026-10-08T13:28:20.4372196Z # fail 0
2026-10-08T13:28:20.4372388Z # cancelled 0
2026-10-08T13:28:20.4372611Z # skipped 0
2026-10-08T13:28:20.4372799Z # todo 0
2026-10-08T13:28:20.4373010Z # duration_ms 1469.292242
2026-10-08T13:28:20.4443358Z ##[group]Run cp demo.html /tmp/demo-before.html
2026-10-08T13:28:20.4443760Z [36;1mcp demo.html /tmp/demo-before.html[0m
2026-10-08T13:28:20.4444073Z [36;1mpython3 tools/make_demo.py[0m
2026-10-08T13:28:20.4444677Z [36;1mcmp /tmp/demo-before.html demo.html || { echo "demo.html is stale: run 'python3 tools/make_demo.py' and commit the result"; exit 1; }[0m
2026-10-08T13:28:20.4510785Z shell: /usr/bin/bash -e {0}
2026-10-08T13:28:20.4511038Z ##[endgroup]
2026-10-08T13:28:20.4855254Z Built /home/runner/work/RecallWeave/RecallWeave/demo.html (75725 bytes)
2026-10-08T13:28:20.5011419Z Post job cleanup.
2026-10-08T13:28:20.6251045Z (node:2587) [DEP0040] DeprecationWarning: The `punycode` module is deprecated. Please use a userland alternative instead.
2026-10-08T13:28:20.6252346Z (Use `node --trace-deprecation ...` to show where the warning was created)
2026-10-08T13:28:20.6436232Z Post job cleanup.
2026-10-08T13:28:20.7327076Z [command]/usr/bin/git version
2026-10-08T13:28:20.7373814Z git version 2.55.0
2026-10-08T13:28:20.7418343Z Temporarily overriding HOME='/home/runner/work/_temp/afeda809-97e0-4ffb-a8f2-c00b53bdb417' before making global git config changes
2026-10-08T13:28:20.7419920Z Adding repository directory to the temporary git global config as a safe directory
2026-10-08T13:28:20.7424973Z [command]/usr/bin/git config --global --add safe.directory /home/runner/work/RecallWeave/RecallWeave
2026-10-08T13:28:20.7464325Z [command]/usr/bin/git config --local --name-only --get-regexp core\.sshCommand
2026-10-08T13:28:20.7501405Z [command]/usr/bin/git submodule foreach --recursive sh -c "git config --local --name-only --get-regexp 'core\.sshCommand' && git config --local --unset-all 'core.sshCommand' || :"
2026-10-08T13:28:20.7755299Z [command]/usr/bin/git config --local --name-only --get-regexp http\.https\:\/\/github\.com\/\.extraheader
2026-10-08T13:28:20.7787484Z http.https://github.com/.extraheader
2026-10-08T13:28:20.7798640Z [command]/usr/bin/git config --local --unset-all http.https://github.com/.extraheader
2026-10-08T13:28:20.7833875Z [command]/usr/bin/git submodule foreach --recursive sh -c "git config --local --name-only --get-regexp 'http\.https\:\/\/github\.com\/\.extraheader' && git config --local --unset-all 'http.https://github.com/.extraheader' || :"
2026-10-08T13:28:20.8102161Z [command]/usr/bin/git config --local --name-only --get-regexp ^includeIf\.gitdir:
2026-10-08T13:28:20.8148525Z [command]/usr/bin/git submodule foreach --recursive git config --local --show-origin --name-only --get-regexp remote.origin.url
2026-10-08T13:28:20.8612137Z Cleaning up orphan processes
2026-10-08T13:28:20.8898168Z ##[warning]Node.js 20 is deprecated. The following actions target Node.js 20 but are being forced to run on Node.js 24: actions/checkout@11d5960a326750d5838078e36cf38b85af677262, actions/setup-node@49933ea5288caeca8642d1e84afbd3f7d6820020. For more information see: https://github.blog/changelog/2025-09-19-deprecation-of-node-20-on-github-actions-runners/
