TAP version 13
# Subtest: display orders retain every canonical option exactly once and are immutable
ok 1 - display orders retain every canonical option exactly once and are immutable
  ---
  duration_ms: 46.034793
  type: 'test'
  ...
# Subtest: a stable source replays an order and changed input can put the answer in every display position
ok 2 - a stable source replays an order and changed input can put the answer in every display position
  ---
  duration_ms: 2.438219
  type: 'test'
  ...
# Subtest: invalid counts or random values cannot produce duplicate, missing, or unaddressable choices
ok 3 - invalid counts or random values cannot produce duplicate, missing, or unaddressable choices
  ---
  duration_ms: 1.254818
  type: 'test'
  ...
# Subtest: varied displayed choices keep review, corrected practice and study notes tied to their original text
ok 4 - varied displayed choices keep review, corrected practice and study notes tied to their original text
  ---
  duration_ms: 55.435032
  type: 'test'
  ...
# Subtest: the direct-file author page is generated from all current author modules
ok 5 - the direct-file author page is generated from all current author modules
  ---
  duration_ms: 338.423856
  type: 'test'
  ...
# Subtest: the binary-search course round-trips through the published deck contract
ok 6 - the binary-search course round-trips through the published deck contract
  ---
  duration_ms: 42.411065
  type: 'test'
  ...
# Subtest: worked first-occurrence and absent examples agree with an independent linear partition
ok 7 - worked first-occurrence and absent examples agree with an independent linear partition
  ---
  duration_ms: 7.07298
  type: 'test'
  ...
# Subtest: midpoint and branch answers use the course’s half-open interval convention
ok 8 - midpoint and branch answers use the course’s half-open interval convention
  ---
  duration_ms: 1.103737
  type: 'test'
  ...
# Subtest: the worked trace and worst-case count follow strictly shrinking intervals
ok 9 - the worked trace and worst-case count follow strictly shrinking intervals
  ---
  duration_ms: 69.110752
  type: 'test'
  ...
# Subtest: the actual adaptive learner visits every new question and preserves worked feedback
ok 10 - the actual adaptive learner visits every new question and preserves worked feedback
  ---
  duration_ms: 65.752882
  type: 'test'
  ...
# Subtest: unfinished and completely empty drafts save without claiming lesson validity
ok 11 - unfinished and completely empty drafts save without claiming lesson validity
  ---
  duration_ms: 25.267174
  type: 'test'
  ...
# Subtest: duplicate text, cyclic and self prerequisites, and unfinished selections survive for repair
ok 12 - duplicate text, cyclic and self prerequisites, and unfinished selections survive for repair
  ---
  duration_ms: 9.991945
  type: 'test'
  ...
# Subtest: ready imported lessons retain public IDs, ordered content, answer identity and checked bytes
ok 13 - ready imported lessons retain public IDs, ordered content, answer identity and checked bytes
  ---
  duration_ms: 11.878405
  type: 'test'
  ...
# Subtest: canonical private keys recover near-limit counters without changing public IDs or live state
ok 14 - canonical private keys recover near-limit counters without changing public IDs or live state
  ---
  duration_ms: 5.004086
  type: 'test'
  ...
# Subtest: staged drafts are deeply frozen and replacement copies remain editable
ok 15 - staged drafts are deeply frozen and replacement copies remain editable
  ---
  duration_ms: 1.425617
  type: 'test'
  ...
# Subtest: missing or ambiguous internal references, malformed shape and unsafe counters refuse before admission
ok 16 - missing or ambiguous internal references, malformed shape and unsafe counters refuse before admission
  ---
  duration_ms: 19.035324
  type: 'test'
  ...
# Subtest: only recognized editor fields cross the draft boundary
ok 17 - only recognized editor fields cross the draft boundary
  ---
  duration_ms: 1.580412
  type: 'test'
  ...
# Subtest: a lesson larger than its admission limit can be saved as a draft and repaired later
ok 18 - a lesson larger than its admission limit can be saved as a draft and repaired later
  ---
  duration_ms: 70.957648
  type: 'test'
  ...
# Subtest: draft size limits count actual UTF-8 bytes and failed saving leaves writing intact
ok 19 - draft size limits count actual UTF-8 bytes and failed saving leaves writing intact
  ---
  duration_ms: 274.097662
  type: 'test'
  ...
# Subtest: compact drafts remain saveable near and exactly at the byte limit without added whitespace
ok 20 - compact drafts remain saveable near and exactly at the byte limit without added whitespace
  ---
  duration_ms: 793.902657
  type: 'test'
  ...
# Subtest: a file whose canonical private keys exceed the saved limit is refused before admission
ok 21 - a file whose canonical private keys exceed the saved limit is refused before admission
  ---
  duration_ms: 125.453562
  type: 'test'
  ...
# Subtest: a valid deck stages without touching authored text and commits once with full immutable content
ok 22 - a valid deck stages without touching authored text and commits once with full immutable content
  ---
  duration_ms: 73.493726
  type: 'test'
  ...
# Subtest: invalid JSON, invalid answer, oversized file and unreadable file preserve the draft and allow retry
ok 23 - invalid JSON, invalid answer, oversized file and unreadable file preserve the draft and allow retry
  ---
  duration_ms: 50.668601
  type: 'test'
  ...
# Subtest: unfinished and cyclic draft files stage visibly and replace once with an immutable editable state
ok 24 - unfinished and cyclic draft files stage visibly and replace once with an immutable editable state
  ---
  duration_ms: 27.711798
  type: 'test'
  ...
# Subtest: a draft suffix cannot admit an oversized lesson deck through the larger draft-file limit
ok 25 - a draft suffix cannot admit an oversized lesson deck through the larger draft-file limit
  ---
  duration_ms: 30.179638
  type: 'test'
  ...
# Subtest: malformed and unsupported editable drafts preserve the old draft and retire pending previews
ok 26 - malformed and unsupported editable drafts preserve the old draft and retire pending previews
  ---
  duration_ms: 20.494787
  type: 'test'
  ...
# Subtest: newest selected format wins across slow draft-to-deck and deck-to-draft reads
ok 27 - newest selected format wins across slow draft-to-deck and deck-to-draft reads
  ---
  duration_ms: 9.648242
  type: 'test'
  ...
# Subtest: explicit Keep current draft clears staged replacement and restores the open control focus
ok 28 - explicit Keep current draft clears staged replacement and restores the open control focus
  ---
  duration_ms: 4.063862
  type: 'test'
  ...
# Subtest: opening another chooser invalidates its old preview even when the chooser is cancelled
ok 29 - opening another chooser invalidates its old preview even when the chooser is cancelled
  ---
  duration_ms: 3.933327
  type: 'test'
  ...
# Subtest: a newer valid choice wins over an earlier slow success or failure
ok 30 - a newer valid choice wins over an earlier slow success or failure
  ---
  duration_ms: 17.094988
  type: 'test'
  ...
# Subtest: cancelled or empty file selection prevents a late read from reopening a preview
ok 31 - cancelled or empty file selection prevents a late read from reopening a preview
  ---
  duration_ms: 11.622974
  type: 'test'
  ...
# Subtest: invalid newer files invalidate an earlier pending or staged valid deck
ok 32 - invalid newer files invalidate an earlier pending or staged valid deck
  ---
  duration_ms: 8.45291
  type: 'test'
  ...
# Subtest: undo restores all writing while clearing only references to deliberately removed concepts
ok 33 - undo restores all writing while clearing only references to deliberately removed concepts
  ---
  duration_ms: 13.268148
  type: 'test'
  ...
# Subtest: undo retains known selections and even unfinished self links while removing a missing prerequisite
ok 34 - undo retains known selections and even unfinished self links while removing a missing prerequisite
  ---
  duration_ms: 1.202706
  type: 'test'
  ...
# Subtest: blank editor requires authored metadata and a deliberate answer
ok 35 - blank editor requires authored metadata and a deliberate answer
  ---
  duration_ms: 17.417721
  type: 'test'
  ...
# Subtest: opening a validated lesson makes an independent editable draft and preserves IDs and literals
ok 36 - opening a validated lesson makes an independent editable draft and preserves IDs and literals
  ---
  duration_ms: 4.479216
  type: 'test'
  ...
# Subtest: correctness follows an option when moved or when a preceding option is removed
ok 37 - correctness follows an option when moved or when a preceding option is removed
  ---
  duration_ms: 3.021359
  type: 'test'
  ...
# Subtest: option limits refuse without deleting text or changing the answer
ok 38 - option limits refuse without deleting text or changing the answer
  ---
  duration_ms: 2.456019
  type: 'test'
  ...
# Subtest: concept renaming updates question and prerequisite references while used deletion is refused
ok 39 - concept renaming updates question and prerequisite references while used deletion is refused
  ---
  duration_ms: 7.272025
  type: 'test'
  ...
# Subtest: cycles, uncovered concepts and duplicate answer text remain repairable drafts
ok 40 - cycles, uncovered concepts and duplicate answer text remain repairable drafts
  ---
  duration_ms: 2.609112
  type: 'test'
  ...
# Subtest: question reordering and undo restore the removed question without rolling back later edits
ok 41 - question reordering and undo restore the removed question without rolling back later edits
  ---
  duration_ms: 2.836498
  type: 'test'
  ...
# Subtest: new question IDs do not overwrite IDs from an opened deck
ok 42 - new question IDs do not overwrite IDs from an opened deck
  ---
  duration_ms: 1.69778
  type: 'test'
  ...
# Subtest: checked snapshots are immutable, deterministic, and separate from later draft edits
ok 43 - checked snapshots are immutable, deterministic, and separate from later draft edits
  ---
  duration_ms: 2.650499
  type: 'test'
  ...
# Subtest: individually valid multibyte content cannot export a file larger than the importer admits
ok 44 - individually valid multibyte content cannot export a file larger than the importer admits
  ---
  duration_ms: 28.374498
  type: 'test'
  ...
# Subtest: download filenames are bounded local names
ok 45 - download filenames are bounded local names
  ---
  duration_ms: 1.583827
  type: 'test'
  ...
# Subtest: the existing bundled deck imports unchanged without a format field
ok 46 - the existing bundled deck imports unchanged without a format field
  ---
  duration_ms: 17.871079
  type: 'test'
  ...
# Subtest: a deck is an immutable copy, and unknown fields cannot configure the runtime
ok 47 - a deck is an immutable copy, and unknown fields cannot configure the runtime
  ---
  duration_ms: 2.669863
  type: 'test'
  ...
# Subtest: malformed JSON, unsupported versions and wrong top-level values give actionable errors
ok 48 - malformed JSON, unsupported versions and wrong top-level values give actionable errors
  ---
  duration_ms: 1.130755
  type: 'test'
  ...
# Subtest: JSON byte limit counts multibyte text and accepts the exact boundary
ok 49 - JSON byte limit counts multibyte text and accepts the exact boundary
  ---
  duration_ms: 5.362863
  type: 'test'
  ...
# Subtest: required readable metadata and bounded question fields are validated
ok 50 - required readable metadata and bounded question fields are validated
  ---
  duration_ms: 2.50428
  type: 'test'
  ...
# Subtest: empty and oversized collections and duplicate identities are refused
ok 51 - empty and oversized collections and duplicate identities are refused
  ---
  duration_ms: 1.522383
  type: 'test'
  ...
# Subtest: every question and prerequisite must name a known covered concept
ok 52 - every question and prerequisite must name a known covered concept
  ---
  duration_ms: 1.350236
  type: 'test'
  ...
# Subtest: self-requirements and concept cycles across different questions are refused
ok 53 - self-requirements and concept cycles across different questions are refused
  ---
  duration_ms: 2.11254
  type: 'test'
  ...
# Subtest: choices require distinct readable options and an actual integer answer index
ok 54 - choices require distinct readable options and an actual integer answer index
  ---
  duration_ms: 2.70663
  type: 'test'
  ...
# Subtest: 100 questions and 32 concepts work through the existing selector to exhaustion
ok 55 - 100 questions and 32 concepts work through the existing selector to exhaustion
  ---
  duration_ms: 479.90848
  type: 'test'
  ...
# Subtest: imported answer indices, literal text and object-key names survive learning and practice
ok 56 - imported answer indices, literal text and object-key names survive learning and practice
  ---
  duration_ms: 1.898506
  type: 'test'
  ...
# Subtest: downloadable example round-trips through the import contract with full attribution
ok 57 - downloadable example round-trips through the import contract with full attribution
  ---
  duration_ms: 1.171228
  type: 'test'
  ...
# Subtest: the exact original course is bounded, admitted, balanced and round-trippable
ok 58 - the exact original course is bounded, admitted, balanced and round-trippable
  ---
  duration_ms: 13.258977
  type: 'test'
  ...
# Subtest: every stated answer follows the literal graph, with one correct option
    # Subtest: dg-links-1
    ok 1 - dg-links-1
      ---
      duration_ms: 1.626332
      type: 'test'
      ...
    # Subtest: dg-links-2
    ok 2 - dg-links-2
      ---
      duration_ms: 1.754596
      type: 'test'
      ...
    # Subtest: dg-links-3
    ok 3 - dg-links-3
      ---
      duration_ms: 1.478659
      type: 'test'
      ...
    # Subtest: dg-reach-1
    ok 4 - dg-reach-1
      ---
      duration_ms: 1.436993
      type: 'test'
      ...
    # Subtest: dg-reach-2
    ok 5 - dg-reach-2
      ---
      duration_ms: 1.284282
      type: 'test'
      ...
    # Subtest: dg-reach-3
    ok 6 - dg-reach-3
      ---
      duration_ms: 0.586447
      type: 'test'
      ...
    # Subtest: dg-order-1
    ok 7 - dg-order-1
      ---
      duration_ms: 1.166542
      type: 'test'
      ...
    # Subtest: dg-order-2
    ok 8 - dg-order-2
      ---
      duration_ms: 1.64203
      type: 'test'
      ...
    # Subtest: dg-order-3
    ok 9 - dg-order-3
      ---
      duration_ms: 1.910572
      type: 'test'
      ...
    # Subtest: dg-update-1
    ok 10 - dg-update-1
      ---
      duration_ms: 5.218086
      type: 'test'
      ...
    # Subtest: dg-update-2
    ok 11 - dg-update-2
      ---
      duration_ms: 1.321241
      type: 'test'
      ...
    # Subtest: dg-update-3
    ok 12 - dg-update-3
      ---
      duration_ms: 1.138627
      type: 'test'
      ...
    1..12
ok 59 - every stated answer follows the literal graph, with one correct option
  ---
  duration_ms: 27.109216
  type: 'test'
  ...
# Subtest: structurally valid changed content exposes graph reversal and blocked-descendant mistakes
ok 60 - structurally valid changed content exposes graph reversal and blocked-descendant mistakes
  ---
  duration_ms: 8.775111
  type: 'test'
  ...
# Subtest: the real selector, review, practice, notes and trace consumer preserve this course
ok 61 - the real selector, review, practice, notes and trace consumer preserve this course
  ---
  duration_ms: 77.457103
  type: 'test'
  ...
# Subtest: standalone artifact exactly matches sources and contains a valid offline script
ok 62 - standalone artifact exactly matches sources and contains a valid offline script
  ---
  duration_ms: 13.50501
  type: 'test'
  ...
# Subtest: course survives the existing validator and editable-format round trip
ok 63 - course survives the existing validator and editable-format round trip
  ---
  duration_ms: 7.348992
  type: 'test'
  ...
# Subtest: literal markup and Unicode in admitted course content cannot close the generated script
ok 64 - literal markup and Unicode in admitted course content cannot close the generated script
  ---
  duration_ms: 47.249433
  type: 'test'
  ...
# Subtest: check mode reports stale output without replacing a retained artifact
ok 65 - check mode reports stale output without replacing a retained artifact
  ---
  duration_ms: 412.238955
  type: 'test'
  ...
# Subtest: unexpected UI dependency refuses the build before overwriting its artifact
ok 66 - unexpected UI dependency refuses the build before overwriting its artifact
  ---
  duration_ms: 305.751781
  type: 'test'
  ...
# Subtest: fictional reversal retains denominators and uses common weights only for reference
ok 67 - fictional reversal retains denominators and uses common weights only for reference
  ---
  duration_ms: 32.792327
  type: 'test'
  ...
# Subtest: ties and conflicting subgroup directions are not a strict reversal
ok 68 - ties and conflicting subgroup directions are not a strict reversal
  ---
  duration_ms: 2.228069
  type: 'test'
  ...
# Subtest: empty cells remain unavailable unless their reference weight is exactly zero
ok 69 - empty cells remain unavailable unless their reference weight is exactly zero
  ---
  duration_ms: 4.665941
  type: 'test'
  ...
# Subtest: an entirely empty option has no pooled rate or inferred group mix
ok 70 - an entirely empty option has no pooled rate or inferred group mix
  ---
  duration_ms: 0.677852
  type: 'test'
  ...
# Subtest: invalid numeric inputs are refused without truncation or coercion
ok 71 - invalid numeric inputs are refused without truncation or coercion
  ---
  duration_ms: 6.365569
  type: 'test'
  ...
# Subtest: native count entry distinguishes blank and invalid text from zero
ok 72 - native count entry distinguishes blank and invalid text from zero
  ---
  duration_ms: 109.819622
  type: 'test'
  ...
# Subtest: a strict difference too small for percentage display is not declared equal
ok 73 - a strict difference too small for percentage display is not declared equal
  ---
  duration_ms: 1.165333
  type: 'test'
  ...
# Subtest: label and group transformations preserve the intended descriptive quantities
ok 74 - label and group transformations preserve the intended descriptive quantities
  ---
  duration_ms: 1.542054
  type: 'test'
  ...
# Subtest: shared weights preserve both strict subgroup advantages at every permitted mix
ok 75 - shared weights preserve both strict subgroup advantages at every permitted mix
  ---
  duration_ms: 24.534078
  type: 'test'
  ...
# Subtest: download contains exact inputs, unavailable values and deterministic recomputable fractions
ok 76 - download contains exact inputs, unavailable values and deterministic recomputable fractions
  ---
  duration_ms: 2.189152
  type: 'test'
  ...
# Subtest: BKT probabilities stay bounded across repeated evidence
ok 77 - BKT probabilities stay bounded across repeated evidence
  ---
  duration_ms: 23.999096
  type: 'test'
  ...
# Subtest: correct evidence raises and incorrect evidence lowers posterior for interior prior
ok 78 - correct evidence raises and incorrect evidence lowers posterior for interior prior
  ---
  duration_ms: 3.810895
  type: 'test'
  ...
# Subtest: parameter validation rejects impossible probabilities
ok 79 - parameter validation rejects impossible probabilities
  ---
  duration_ms: 1.476352
  type: 'test'
  ...
# Subtest: entropy and information gain have expected bounds and peak near uncertainty
ok 80 - entropy and information gain have expected bounds and peak near uncertainty
  ---
  duration_ms: 7.552797
  type: 'test'
  ...
# Subtest: selector prioritizes a weak prerequisite and is stable after exhaustion
ok 81 - selector prioritizes a weak prerequisite and is stable after exhaustion
  ---
  duration_ms: 3.192477
  type: 'test'
  ...
# Subtest: initial mastery creates independent named concept values
ok 82 - initial mastery creates independent named concept values
  ---
  duration_ms: 4.706031
  type: 'test'
  ...
# Subtest: scripted learner simulation is deterministic, bounded, and distinguishes selector modes
ok 83 - scripted learner simulation is deterministic, bounded, and distinguishes selector modes
  ---
  duration_ms: 1.688244
  type: 'test'
  ...
# Subtest: the original course is admitted by the existing deck contract with all four concepts covered
ok 84 - the original course is admitted by the existing deck contract with all four concepts covered
  ---
  duration_ms: 17.075095
  type: 'test'
  ...
# Subtest: answer positions are balanced and no correct option is uniquely the longest
ok 85 - answer positions are balanced and no correct option is uniquely the longest
  ---
  duration_ms: 1.19686
  type: 'test'
  ...
# Subtest: each numerical answer uses the stated correction sign, denominator or independence assumption
ok 86 - each numerical answer uses the stated correction sign, denominator or independence assumption
  ---
  duration_ms: 3.875811
  type: 'test'
  ...
# Subtest: standalone artifact is deterministic, preserves the exact deck bytes and contains executable classic scripts
ok 87 - standalone artifact is deterministic, preserves the exact deck bytes and contains executable classic scripts
  ---
  duration_ms: 79.472011
  type: 'test'
  ...
# Subtest: worked four-reading budget distinguishes raw mean, correction, sample scatter and mean uncertainty
ok 88 - worked four-reading budget distinguishes raw mean, correction, sample scatter and mean uncertainty
  ---
  duration_ms: 5.435362
  type: 'test'
  ...
# Subtest: a shared additive correction shifts the estimate without changing either uncertainty component
ok 89 - a shared additive correction shifts the estimate without changing either uncertainty component
  ---
  duration_ms: 0.742869
  type: 'test'
  ...
# Subtest: identical readings retain a nonzero shared component and are not rejected for numerical repetition
ok 90 - identical readings retain a nonzero shared component and are not rejected for numerical repetition
  ---
  duration_ms: 0.396758
  type: 'test'
  ...
# Subtest: future independent sample sizes hold shared calibration fixed while repeatability shrinks by square root
ok 91 - future independent sample sizes hold shared calibration fixed while repeatability shrinks by square root
  ---
  duration_ms: 0.945373
  type: 'test'
  ...
# Subtest: shared covariance gives the same calibration contribution for a mean of any sample size
ok 92 - shared covariance gives the same calibration contribution for a mean of any sample size
  ---
  duration_ms: 0.502438
  type: 'test'
  ...
# Subtest: compensated raw means preserve small residuals after large opposing readings cancel
ok 93 - compensated raw means preserve small residuals after large opposing readings cancel
  ---
  duration_ms: 0.477463
  type: 'test'
  ...
# Subtest: centered scatter remains meaningful for a large shared offset and at supported extremes
ok 94 - centered scatter remains meaningful for a large shared offset and at supported extremes
  ---
  duration_ms: 0.737069
  type: 'test'
  ...
# Subtest: reordering observations preserves the summary but does not assert statistical independence
ok 95 - reordering observations preserves the summary but does not assert statistical independence
  ---
  duration_ms: 3.330785
  type: 'test'
  ...
# Subtest: input parsing keeps every observation and refuses malformed or missing comma fields
ok 96 - input parsing keeps every observation and refuses malformed or missing comma fields
  ---
  duration_ms: 3.287473
  type: 'test'
  ...
# Subtest: supported magnitude and nonnegative half-width boundaries are explicit
ok 97 - supported magnitude and nonnegative half-width boundaries are explicit
  ---
  duration_ms: 1.76182
  type: 'test'
  ...
# Subtest: public calculations reject missing observations and invalid forecast counts
ok 98 - public calculations reject missing observations and invalid forecast counts
  ---
  duration_ms: 1.207509
  type: 'test'
  ...
# Subtest: calculation snapshots do not mutate caller arrays or change after later edits
ok 99 - calculation snapshots do not mutate caller arrays or change after later edits
  ---
  duration_ms: 0.425352
  type: 'test'
  ...
# Subtest: review preserves session order and the actual chosen answer
ok 100 - review preserves session order and the actual chosen answer
  ---
  duration_ms: 8.581049
  type: 'test'
  ...
# Subtest: review is an immutable snapshot independent of mutable input arrays
ok 101 - review is an immutable snapshot independent of mutable input arrays
  ---
  duration_ms: 1.731541
  type: 'test'
  ...
# Subtest: a review rejects unknown, duplicate, or invalid first answers
ok 102 - a review rejects unknown, duplicate, or invalid first answers
  ---
  duration_ms: 0.864698
  type: 'test'
  ...
# Subtest: practice includes only initially missed questions in first-attempt order
ok 103 - practice includes only initially missed questions in first-attempt order
  ---
  duration_ms: 0.791715
  type: 'test'
  ...
# Subtest: correct and incorrect retries remain separate from the immutable original trace
ok 104 - correct and incorrect retries remain separate from the immutable original trace
  ---
  duration_ms: 1.095273
  type: 'test'
  ...
# Subtest: practice resumes at the next unanswered question and refuses duplicate or out-of-order writes
ok 105 - practice resumes at the next unanswered question and refuses duplicate or out-of-order writes
  ---
  duration_ms: 0.856378
  type: 'test'
  ...
# Subtest: an all-correct or empty review has no practice question
ok 106 - an all-correct or empty review has no practice question
  ---
  duration_ms: 0.455287
  type: 'test'
  ...
# Subtest: notes retain the actual first choices, session order, corrections, transfers, and attribution
ok 107 - notes retain the actual first choices, session order, corrections, transfers, and attribution
  ---
  duration_ms: 6.3515
  type: 'test'
  ...
# Subtest: paused and completed retries cannot replace the first answers or alter the model
ok 108 - paused and completed retries cannot replace the first answers or alter the model
  ---
  duration_ms: 2.232542
  type: 'test'
  ...
# Subtest: unstarted, zero-answer paused, and all-correct sessions have honest practice labels
ok 109 - unstarted, zero-answer paused, and all-correct sessions have honest practice labels
  ---
  duration_ms: 0.904947
  type: 'test'
  ...
# Subtest: incomplete, duplicate, legacy choice-less or malformed traces are refused rather than fabricated
ok 110 - incomplete, duplicate, legacy choice-less or malformed traces are refused rather than fabricated
  ---
  duration_ms: 2.502803
  type: 'test'
  ...
# Subtest: plain-text output preserves Unicode and literal markup without creating executable content
ok 111 - plain-text output preserves Unicode and literal markup without creating executable content
  ---
  duration_ms: 0.814514
  type: 'test'
  ...
# Subtest: the original twelve-item SQL course uses the published import contract without changing its native meaning
ok 112 - the original twelve-item SQL course uses the published import contract without changing its native meaning
  ---
  duration_ms: 8.79528
  type: 'test'
  ...
# Subtest: actual SQLite regenerates all twenty-two saved queries and their exact course/default bindings
ok 113 - actual SQLite regenerates all twenty-two saved queries and their exact course/default bindings
  ---
  duration_ms: 96.62221
  type: 'test'
  ...
# Subtest: native adaptive selection, shuffled choices, review, practice and notes preserve all twelve SQL questions
ok 114 - native adaptive selection, shuffled choices, review, practice and notes preserve all twelve SQL questions
  ---
  duration_ms: 13.46985
  type: 'test'
  ...
# Subtest: a changed answer or invalid query refuses the build and preserves both saved artifacts
ok 115 - a changed answer or invalid query refuses the build and preserves both saved artifacts
  ---
  duration_ms: 454.94946
  type: 'test'
  ...
# Subtest: a stale generated explorer fails --check without silently replacing the changed file
ok 116 - a stale generated explorer fails --check without silently replacing the changed file
  ---
  duration_ms: 68.222453
  type: 'test'
  ...
# Subtest: completed first answers restore in their original adaptive order with exact, unrounded estimates
ok 117 - completed first answers restore in their original adaptive order with exact, unrounded estimates
  ---
  duration_ms: 35.028837
  type: 'test'
  ...
# Subtest: unstarted, zero-answer, paused and complete practice remain distinct and can resume once
ok 118 - unstarted, zero-answer, paused and complete practice remain distinct and can resume once
  ---
  duration_ms: 11.260062
  type: 'test'
  ...
# Subtest: all-correct and all-missed completed traces use canonical answer indices
ok 119 - all-correct and all-missed completed traces use canonical answer indices
  ---
  duration_ms: 4.613686
  type: 'test'
  ...
# Subtest: incomplete, duplicate, unknown and out-of-range first answers are refused
ok 120 - incomplete, duplicate, unknown and out-of-range first answers are refused
  ---
  duration_ms: 33.886289
  type: 'test'
  ...
# Subtest: a different course revision cannot replace the current deck; property order is immaterial
ok 121 - a different course revision cannot replace the current deck; property order is immaterial
  ---
  duration_ms: 8.462046
  type: 'test'
  ...
# Subtest: changed model parameters, rounded estimates and incompatible versions are refused
ok 122 - changed model parameters, rounded estimates and incompatible versions are refused
  ---
  duration_ms: 16.204994
  type: 'test'
  ...
# Subtest: practice replay refuses duplicate, reordered, correct-first and extra answers
ok 123 - practice replay refuses duplicate, reordered, correct-first and extra answers
  ---
  duration_ms: 15.226657
  type: 'test'
  ...
# Subtest: bounded parsing refuses invalid JSON and oversized UTF-8 before exposing state
ok 124 - bounded parsing refuses invalid JSON and oversized UTF-8 before exposing state
  ---
  duration_ms: 5.376631
  type: 'test'
  ...
1..124
# tests 136
# suites 0
# pass 136
# fail 0
# cancelled 0
# skipped 0
# todo 0
# duration_ms 3861.39892
