{
  "schema": "recallweave.lp.local-check/1",
  "sourceCommit": "b5e46d4f8c3013259c0baa81507652d900cb5074",
  "sourceTree": "988b548df0dee45259e54341b56beba1a054ccc9",
  "releaseSha256": "2328e2f3fba72cc067eeb8b29f7c0c28e83deb94cd95304ed489e45c3ffaecae",
  "fileUrl": "file:///Users/me/Applications/RecallWeave-LP-e3a41d2b3368/site/courses/linear-programming-explorer.html",
  "filesVerified": 13,
  "files": {
    "site/courses/linear-programming.json": {
      "bytes": 13211,
      "sha256": "d251a3bc174d109d185d600871f8890d81722aed5c190f759b604d162685c5c5",
      "mode": 420
    },
    "site/courses/linear-programming.md": {
      "bytes": 8028,
      "sha256": "fa3a0f5a133189ef3a52cd933060245703185f2fcd69327207128dae06fe4e5d",
      "mode": 420
    },
    "site/courses/linear-programming-explorer.html": {
      "bytes": 64651,
      "sha256": "a0e64d648b19b0d3cea8fbf321cc318d811acfc7e376e5553ba41e7fcb2cb66f",
      "mode": 420
    },
    "open.py": {
      "bytes": 7894,
      "sha256": "dc3ba241fba5728267f529b730e525908d7f0cb059d5c626b144dac75c6a3043",
      "mode": 420
    },
    "Open LP Explorer.command": {
      "bytes": 209,
      "sha256": "8216a7d56f024798841e41595530f555f712cee4e1b55bca1763b235fbd4c46d",
      "mode": 493
    },
    "README.md": {
      "bytes": 3425,
      "sha256": "5c50a3305ec587fbd6210d993ca76efeeb9e3283e0fd44c8b8b8ad4fb22796dc",
      "mode": 420
    },
    "RELEASE.json": {
      "bytes": 934,
      "sha256": "2328e2f3fba72cc067eeb8b29f7c0c28e83deb94cd95304ed489e45c3ffaecae",
      "mode": 420
    },
    "recovery/install.py": {
      "bytes": 9591,
      "sha256": "e0bbda4e6bfbb195fce3ce94fd9cb570fa62f825189baa3d2cdc065349081083",
      "mode": 384
    },
    "recovery/open.py": {
      "bytes": 7894,
      "sha256": "dc3ba241fba5728267f529b730e525908d7f0cb059d5c626b144dac75c6a3043",
      "mode": 384
    },
    "recovery/Open LP Explorer.command.in": {
      "bytes": 126,
      "sha256": "d838e833285d68a52982f20998466912d0d808e7ea51546288f3fce07b7b3578",
      "mode": 384
    },
    "recovery/README.md": {
      "bytes": 3425,
      "sha256": "5c50a3305ec587fbd6210d993ca76efeeb9e3283e0fd44c8b8b8ad4fb22796dc",
      "mode": 384
    },
    "recovery/LP-ASSETS.json": {
      "bytes": 89373,
      "sha256": "0edca06da25ac75ead7ab6891b219a5ae9facad24ef3ceaa599e42b0e78f850b",
      "mode": 384
    },
    "recovery/RELEASE.json": {
      "bytes": 934,
      "sha256": "2328e2f3fba72cc067eeb8b29f7c0c28e83deb94cd95304ed489e45c3ffaecae",
      "mode": 384
    }
  },
  "assetPaths": [
    "courses/linear-programming.json",
    "courses/linear-programming.md",
    "courses/linear-programming-explorer.html"
  ],
  "mode": "check",
  "openRequested": false
}
