2026-10-08T14:49:18.9280724Z Current runner version: '2.337.0'
2026-10-08T14:49:18.9322724Z ##[group]Runner Image Provisioner
2026-10-08T14:49:18.9323471Z Hosted Compute Agent
2026-10-08T14:49:18.9324032Z Version: 20261002.596
2026-10-08T14:49:18.9324555Z Commit: c3d12f3313a95f25162a1503be624f3b0617f8c0
2026-10-08T14:49:18.9325133Z Build Date: 2026-10-02T22:28:27Z
2026-10-08T14:49:18.9325783Z Worker ID: {f39da856-53ba-44a7-ab45-938a83c2ea70}
2026-10-08T14:49:18.9326361Z Region: westus3
2026-10-08T14:49:18.9326841Z Cloud: Azure
2026-10-08T14:49:18.9327335Z ##[endgroup]
2026-10-08T14:49:18.9328400Z ##[group]Operating System
2026-10-08T14:49:18.9329007Z Ubuntu
2026-10-08T14:49:18.9329440Z 24.04.5
2026-10-08T14:49:18.9329915Z LTS
2026-10-08T14:49:18.9330515Z ##[endgroup]
2026-10-08T14:49:18.9330976Z ##[group]Runner Image
2026-10-08T14:49:18.9331550Z Image: ubuntu-24.04
2026-10-08T14:49:18.9332019Z Version: 20261004.327.1
2026-10-08T14:49:18.9333122Z Included Software: https://github.com/actions/runner-images/blob/ubuntu24/20261004.327/images/ubuntu/Ubuntu2404-Readme.md
2026-10-08T14:49:18.9334368Z Image Release: https://github.com/actions/runner-images/releases/tag/ubuntu24%2F20261004.327
2026-10-08T14:49:18.9335204Z ##[endgroup]
2026-10-08T14:49:18.9336112Z ##[group]GITHUB_TOKEN Permissions
2026-10-08T14:49:18.9337943Z Contents: read
2026-10-08T14:49:18.9338429Z Metadata: read
2026-10-08T14:49:18.9338997Z ##[endgroup]
2026-10-08T14:49:18.9340950Z Secret source: Actions
2026-10-08T14:49:18.9341681Z Cache mode: write
2026-10-08T14:49:18.9342345Z Prepare workflow directory
2026-10-08T14:49:18.9644436Z Prepare all required actions
2026-10-08T14:49:18.9684257Z Getting action download info
2026-10-08T14:49:19.2448237Z Download action repository 'actions/checkout@11d5960a326750d5838078e36cf38b85af677262' (SHA:11d5960a326750d5838078e36cf38b85af677262)
2026-10-08T14:49:19.3599350Z Download action repository 'actions/setup-node@49933ea5288caeca8642d1e84afbd3f7d6820020' (SHA:49933ea5288caeca8642d1e84afbd3f7d6820020)
2026-10-08T14:49:19.5854587Z Complete job name: node-test
2026-10-08T14:49:19.6504183Z ##[group]Run actions/checkout@11d5960a326750d5838078e36cf38b85af677262
2026-10-08T14:49:19.6504999Z with:
2026-10-08T14:49:19.6505370Z   repository: Jacob-Met/RecallWeave
2026-10-08T14:49:19.6508629Z   token: ***
2026-10-08T14:49:19.6508972Z   ssh-strict: true
2026-10-08T14:49:19.6509316Z   ssh-user: git
2026-10-08T14:49:19.6509667Z   persist-credentials: true
2026-10-08T14:49:19.6510050Z   clean: true
2026-10-08T14:49:19.6510572Z   sparse-checkout-cone-mode: true
2026-10-08T14:49:19.6510986Z   fetch-depth: 1
2026-10-08T14:49:19.6511325Z   fetch-tags: false
2026-10-08T14:49:19.6511672Z   show-progress: true
2026-10-08T14:49:19.6512025Z   lfs: false
2026-10-08T14:49:19.6512346Z   submodules: false
2026-10-08T14:49:19.6512701Z   set-safe-directory: true
2026-10-08T14:49:19.6513099Z   allow-unsafe-pr-checkout: false
2026-10-08T14:49:19.6513655Z ##[endgroup]
2026-10-08T14:49:19.7386771Z Syncing repository: Jacob-Met/RecallWeave
2026-10-08T14:49:19.7388546Z ##[group]Getting Git version info
2026-10-08T14:49:19.7389241Z Working directory is '/home/runner/work/RecallWeave/RecallWeave'
2026-10-08T14:49:19.7390457Z [command]/usr/bin/git version
2026-10-08T14:49:19.7422252Z git version 2.55.0
2026-10-08T14:49:19.7440131Z ##[endgroup]
2026-10-08T14:49:19.7453625Z Temporarily overriding HOME='/home/runner/work/_temp/5e49203c-657e-4fc8-afa2-5399abe5e4b0' before making global git config changes
2026-10-08T14:49:19.7455355Z Adding repository directory to the temporary git global config as a safe directory
2026-10-08T14:49:19.7458441Z [command]/usr/bin/git config --global --add safe.directory /home/runner/work/RecallWeave/RecallWeave
2026-10-08T14:49:19.7506765Z Deleting the contents of '/home/runner/work/RecallWeave/RecallWeave'
2026-10-08T14:49:19.7511853Z ##[group]Initializing the repository
2026-10-08T14:49:19.7513689Z [command]/usr/bin/git init /home/runner/work/RecallWeave/RecallWeave
2026-10-08T14:49:19.7701022Z hint: Using 'master' as the name for the initial branch. This default branch name
2026-10-08T14:49:19.7722210Z hint: will change to "main" in Git 3.0. To configure the initial branch name
2026-10-08T14:49:19.7723786Z hint: to use in all of your new repositories, which will suppress this warning,
2026-10-08T14:49:19.7724859Z hint: call:
2026-10-08T14:49:19.7725490Z hint:
2026-10-08T14:49:19.7728817Z hint: 	git config --global init.defaultBranch <name>
2026-10-08T14:49:19.7729743Z hint:
2026-10-08T14:49:19.7730789Z hint: Names commonly chosen instead of 'master' are 'main', 'trunk' and
2026-10-08T14:49:19.7732131Z hint: 'development'. The just-created branch can be renamed via this command:
2026-10-08T14:49:19.7733182Z hint:
2026-10-08T14:49:19.7733816Z hint: 	git branch -m <name>
2026-10-08T14:49:19.7734551Z hint:
2026-10-08T14:49:19.7735487Z hint: Disable this message with "git config set advice.defaultBranchName false"
2026-10-08T14:49:19.7736923Z Initialized empty Git repository in /home/runner/work/RecallWeave/RecallWeave/.git/
2026-10-08T14:49:19.7740146Z [command]/usr/bin/git remote add origin https://github.com/Jacob-Met/RecallWeave
2026-10-08T14:49:19.7792189Z ##[endgroup]
2026-10-08T14:49:19.7793157Z ##[group]Disabling automatic garbage collection
2026-10-08T14:49:19.7821183Z [command]/usr/bin/git config --local gc.auto 0
2026-10-08T14:49:19.7828768Z ##[endgroup]
2026-10-08T14:49:19.7829658Z ##[group]Setting up auth
2026-10-08T14:49:19.7835212Z [command]/usr/bin/git config --local --name-only --get-regexp core\.sshCommand
2026-10-08T14:49:19.7871459Z [command]/usr/bin/git submodule foreach --recursive sh -c "git config --local --name-only --get-regexp 'core\.sshCommand' && git config --local --unset-all 'core.sshCommand' || :"
2026-10-08T14:49:19.8165916Z [command]/usr/bin/git config --local --name-only --get-regexp http\.https\:\/\/github\.com\/\.extraheader
2026-10-08T14:49:19.8198079Z [command]/usr/bin/git submodule foreach --recursive sh -c "git config --local --name-only --get-regexp 'http\.https\:\/\/github\.com\/\.extraheader' && git config --local --unset-all 'http.https://github.com/.extraheader' || :"
2026-10-08T14:49:19.8391496Z [command]/usr/bin/git config --local --name-only --get-regexp ^includeIf\.gitdir:
2026-10-08T14:49:19.8422595Z [command]/usr/bin/git submodule foreach --recursive git config --local --show-origin --name-only --get-regexp remote.origin.url
2026-10-08T14:49:19.8614824Z [command]/usr/bin/git config --local http.https://github.com/.extraheader AUTHORIZATION: basic ***
2026-10-08T14:49:19.8654235Z ##[endgroup]
2026-10-08T14:49:19.8655167Z ##[group]Fetching the repository
2026-10-08T14:49:19.8662785Z [command]/usr/bin/git -c protocol.version=2 fetch --no-tags --prune --no-recurse-submodules --depth=1 origin +edd088d00cb456c05db2e86a509b601fd092fedc:refs/remotes/pull/38/merge
2026-10-08T14:49:23.0231528Z From https://github.com/Jacob-Met/RecallWeave
2026-10-08T14:49:23.0232946Z  * [new ref]         edd088d00cb456c05db2e86a509b601fd092fedc -> pull/38/merge
2026-10-08T14:49:23.0236132Z ##[endgroup]
2026-10-08T14:49:23.0237427Z ##[group]Determining the checkout info
2026-10-08T14:49:23.0238741Z ##[endgroup]
2026-10-08T14:49:23.0244074Z [command]/usr/bin/git sparse-checkout disable
2026-10-08T14:49:23.0292141Z [command]/usr/bin/git config --local --unset-all extensions.worktreeConfig
2026-10-08T14:49:23.0322989Z ##[group]Checking out the ref
2026-10-08T14:49:23.0324049Z [command]/usr/bin/git checkout --progress --force refs/remotes/pull/38/merge
2026-10-08T14:49:23.1485114Z Note: switching to 'refs/remotes/pull/38/merge'.
2026-10-08T14:49:23.1485870Z 
2026-10-08T14:49:23.1486427Z You are in 'detached HEAD' state. You can look around, make experimental
2026-10-08T14:49:23.1487784Z changes and commit them, and you can discard any commits you make in this
2026-10-08T14:49:23.1489163Z state without impacting any branches by switching back to a branch.
2026-10-08T14:49:23.1489974Z 
2026-10-08T14:49:23.1490785Z If you want to create a new branch to retain commits you create, you may
2026-10-08T14:49:23.1492084Z do so (now or later) by using -c with the switch command. Example:
2026-10-08T14:49:23.1493041Z 
2026-10-08T14:49:23.1493358Z   git switch -c <new-branch-name>
2026-10-08T14:49:23.1493845Z 
2026-10-08T14:49:23.1494212Z Or undo this operation with:
2026-10-08T14:49:23.1494803Z 
2026-10-08T14:49:23.1495247Z   git switch -
2026-10-08T14:49:23.1495786Z 
2026-10-08T14:49:23.1496505Z Turn off this advice by setting config variable advice.detachedHead to false
2026-10-08T14:49:23.1497532Z 
2026-10-08T14:49:23.1499018Z HEAD is now at edd088d Merge 286488d66d23ded40f625e23fa926322d63768d5 into 169b618ce71d2d4702a0d2ef740821df53581ad2
2026-10-08T14:49:23.1504602Z ##[endgroup]
2026-10-08T14:49:23.1545151Z [command]/usr/bin/git log -1 --format=%H
2026-10-08T14:49:23.1569614Z edd088d00cb456c05db2e86a509b601fd092fedc
2026-10-08T14:49:23.1889548Z ##[group]Run actions/setup-node@49933ea5288caeca8642d1e84afbd3f7d6820020
2026-10-08T14:49:23.1891044Z with:
2026-10-08T14:49:23.1891735Z   node-version: 20
2026-10-08T14:49:23.1892489Z   always-auth: false
2026-10-08T14:49:23.1893269Z   check-latest: false
2026-10-08T14:49:23.1900948Z   token: ***
2026-10-08T14:49:23.1901644Z ##[endgroup]
2026-10-08T14:49:23.3163962Z Attempting to download 20...
2026-10-08T14:49:23.3254483Z (node:2075) [DEP0040] DeprecationWarning: The `punycode` module is deprecated. Please use a userland alternative instead.
2026-10-08T14:49:23.3257953Z (Use `node --trace-deprecation ...` to show where the warning was created)
2026-10-08T14:49:24.3821544Z Acquiring 20.20.2 - x64 from https://github.com/actions/node-versions/releases/download/20.20.2-23521894959/node-20.20.2-linux-x64.tar.gz
2026-10-08T14:49:24.6404206Z Unexpected HTTP response: 500
2026-10-08T14:49:24.6404643Z Waiting 17 seconds before trying again
2026-10-08T14:49:42.1756705Z Extracting ...
2026-10-08T14:49:42.1858906Z [command]/usr/bin/tar xz --strip 1 --warning=no-unknown-keyword --overwrite -C /home/runner/work/_temp/ab27a07a-8a25-4cd0-b322-8ea12a3555d8 -f /home/runner/work/_temp/9e590996-d451-42d3-b624-4ff92388d45d
2026-10-08T14:49:43.0339284Z Adding to the cache ...
2026-10-08T14:49:46.5815176Z ##[group]Environment details
2026-10-08T14:49:46.7590943Z node: v20.20.2
2026-10-08T14:49:46.7591267Z npm: 10.8.2
2026-10-08T14:49:46.7591449Z yarn: 1.22.22
2026-10-08T14:49:46.7593169Z ##[endgroup]
2026-10-08T14:49:46.7745018Z ##[group]Run node --test tests/*.test.mjs
2026-10-08T14:49:46.7745360Z [36;1mnode --test tests/*.test.mjs[0m
2026-10-08T14:49:46.7957786Z shell: /usr/bin/bash -e {0}
2026-10-08T14:49:46.7958042Z ##[endgroup]
2026-10-08T14:49:46.8424893Z TAP version 13
2026-10-08T14:49:46.8972242Z # Subtest: display orders retain every canonical option exactly once and are immutable
2026-10-08T14:49:46.8978517Z ok 1 - display orders retain every canonical option exactly once and are immutable
2026-10-08T14:49:46.8979362Z   ---
2026-10-08T14:49:46.8979853Z   duration_ms: 11.725421
2026-10-08T14:49:46.8980468Z   ...
2026-10-08T14:49:46.8981379Z # Subtest: a stable source replays an order and changed input can put the answer in every display position
2026-10-08T14:49:46.8982720Z ok 2 - a stable source replays an order and changed input can put the answer in every display position
2026-10-08T14:49:46.8983521Z   ---
2026-10-08T14:49:46.8983949Z   duration_ms: 0.779548
2026-10-08T14:49:46.8984469Z   ...
2026-10-08T14:49:46.8985359Z # Subtest: invalid counts or random values cannot produce duplicate, missing, or unaddressable choices
2026-10-08T14:49:46.8986696Z ok 3 - invalid counts or random values cannot produce duplicate, missing, or unaddressable choices
2026-10-08T14:49:46.8987541Z   ---
2026-10-08T14:49:46.8987983Z   duration_ms: 0.300689
2026-10-08T14:49:46.8988484Z   ...
2026-10-08T14:49:46.9001504Z # Subtest: varied displayed choices keep review, corrected practice and study notes tied to their original text
2026-10-08T14:49:46.9002714Z ok 4 - varied displayed choices keep review, corrected practice and study notes tied to their original text
2026-10-08T14:49:46.9003319Z   ---
2026-10-08T14:49:46.9003597Z   duration_ms: 11.567151
2026-10-08T14:49:46.9004567Z   ...
2026-10-08T14:49:46.9144917Z # Subtest: the direct-file author page is generated from all current author modules
2026-10-08T14:49:46.9146029Z ok 5 - the direct-file author page is generated from all current author modules
2026-10-08T14:49:46.9146700Z   ---
2026-10-08T14:49:46.9147035Z   duration_ms: 41.151915
2026-10-08T14:49:46.9147408Z   ...
2026-10-08T14:49:46.9221884Z # Subtest: the binary-search course round-trips through the published deck contract
2026-10-08T14:49:46.9223162Z ok 6 - the binary-search course round-trips through the published deck contract
2026-10-08T14:49:46.9223944Z   ---
2026-10-08T14:49:46.9224397Z   duration_ms: 3.210756
2026-10-08T14:49:46.9224867Z   ...
2026-10-08T14:49:46.9225717Z # Subtest: worked first-occurrence and absent examples agree with an independent linear partition
2026-10-08T14:49:46.9227561Z ok 7 - worked first-occurrence and absent examples agree with an independent linear partition
2026-10-08T14:49:46.9228327Z   ---
2026-10-08T14:49:46.9228777Z   duration_ms: 0.869098
2026-10-08T14:49:46.9229211Z   ...
2026-10-08T14:49:46.9261708Z # Subtest: midpoint and branch answers use the course’s half-open interval convention
2026-10-08T14:49:46.9271505Z ok 8 - midpoint and branch answers use the course’s half-open interval convention
2026-10-08T14:49:46.9272260Z   ---
2026-10-08T14:49:46.9282369Z   duration_ms: 0.252699
2026-10-08T14:49:46.9283003Z   ...
2026-10-08T14:49:46.9283750Z # Subtest: the worked trace and worst-case count follow strictly shrinking intervals
2026-10-08T14:49:46.9284751Z ok 9 - the worked trace and worst-case count follow strictly shrinking intervals
2026-10-08T14:49:46.9285404Z   ---
2026-10-08T14:49:46.9285857Z   duration_ms: 7.741172
2026-10-08T14:49:46.9286265Z   ...
2026-10-08T14:49:46.9287040Z # Subtest: the actual adaptive learner visits every new question and preserves worked feedback
2026-10-08T14:49:46.9288160Z ok 10 - the actual adaptive learner visits every new question and preserves worked feedback
2026-10-08T14:49:46.9289126Z   ---
2026-10-08T14:49:46.9289553Z   duration_ms: 11.811532
2026-10-08T14:49:46.9290002Z   ...
2026-10-08T14:49:46.9795586Z # Subtest: the direct-file handout page is generated from the current validator, document and UI sources
2026-10-08T14:49:46.9843953Z ok 11 - the direct-file handout page is generated from the current validator, document and UI sources
2026-10-08T14:49:46.9845015Z   ---
2026-10-08T14:49:46.9845514Z   duration_ms: 31.860165
2026-10-08T14:49:46.9846026Z   ...
2026-10-08T14:49:46.9921663Z # Subtest: worksheet projection contains only original public question fields in canonical order
2026-10-08T14:49:46.9931042Z ok 12 - worksheet projection contains only original public question fields in canonical order
2026-10-08T14:49:46.9970905Z   ---
2026-10-08T14:49:47.0001397Z   duration_ms: 2.776022
2026-10-08T14:49:47.0001930Z   ...
2026-10-08T14:49:47.0021451Z # Subtest: separate answer key maps B, A and F to the original two, four and six option arrays
2026-10-08T14:49:47.0022672Z ok 13 - separate answer key maps B, A and F to the original two, four and six option arrays
2026-10-08T14:49:47.0023377Z   ---
2026-10-08T14:49:47.0023734Z   duration_ms: 0.356731
2026-10-08T14:49:47.0024111Z   ...
2026-10-08T14:49:47.0024846Z # Subtest: projection is a frozen snapshot and cannot mutate or alias the selected deck
2026-10-08T14:49:47.0025779Z ok 14 - projection is a frozen snapshot and cannot mutate or alias the selected deck
2026-10-08T14:49:47.0026407Z   ---
2026-10-08T14:49:47.0026758Z   duration_ms: 0.827227
2026-10-08T14:49:47.0027123Z   ...
2026-10-08T14:49:47.0027804Z # Subtest: downloaded worksheet JSON and HTML omit authored answers and explanations
2026-10-08T14:49:47.0028766Z ok 15 - downloaded worksheet JSON and HTML omit authored answers and explanations
2026-10-08T14:49:47.0029386Z   ---
2026-10-08T14:49:47.0029736Z   duration_ms: 0.904169
2026-10-08T14:49:47.0030102Z   ...
2026-10-08T14:49:47.0031001Z # Subtest: downloaded answer key carries exact authored answers, explanations and credit
2026-10-08T14:49:47.0031976Z ok 16 - downloaded answer key carries exact authored answers, explanations and credit
2026-10-08T14:49:47.0032313Z   ---
2026-10-08T14:49:47.0032589Z   duration_ms: 0.562491
2026-10-08T14:49:47.0032861Z   ...
2026-10-08T14:49:47.0033628Z # Subtest: literal Unicode, markup, line endings and script delimiters survive JSON without becoming executable markup
2026-10-08T14:49:47.0034744Z ok 17 - literal Unicode, markup, line endings and script delimiters survive JSON without becoming executable markup
2026-10-08T14:49:47.0035362Z   ---
2026-10-08T14:49:47.0035602Z   duration_ms: 2.264645
2026-10-08T14:49:47.0035876Z   ...
2026-10-08T14:49:47.0036484Z # Subtest: real Deck studio checked downloads retain reordered questions and answer identity
2026-10-08T14:49:47.0037372Z ok 18 - real Deck studio checked downloads retain reordered questions and answer identity
2026-10-08T14:49:47.0037888Z   ---
2026-10-08T14:49:47.0038128Z   duration_ms: 1.081669
2026-10-08T14:49:47.0038401Z   ...
2026-10-08T14:49:47.0038957Z # Subtest: real parser rejects malformed, unsupported and oversized local deck input
2026-10-08T14:49:47.0039510Z ok 19 - real parser rejects malformed, unsupported and oversized local deck input
2026-10-08T14:49:47.0039907Z   ---
2026-10-08T14:49:47.0040083Z   duration_ms: 1.386904
2026-10-08T14:49:47.0040445Z   ...
2026-10-08T14:49:47.0041103Z # Subtest: handout creation refuses invalid deck answers instead of producing an untrustworthy key
2026-10-08T14:49:47.0042120Z ok 20 - handout creation refuses invalid deck answers instead of producing an untrustworthy key
2026-10-08T14:49:47.0042702Z   ---
2026-10-08T14:49:47.0042947Z   duration_ms: 0.482354
2026-10-08T14:49:47.0043228Z   ...
2026-10-08T14:49:47.0043852Z # Subtest: document modes are explicit and invalid choices never silently produce an answer key
2026-10-08T14:49:47.0044792Z ok 21 - document modes are explicit and invalid choices never silently produce an answer key
2026-10-08T14:49:47.0045342Z   ---
2026-10-08T14:49:47.0045610Z   duration_ms: 0.531355
2026-10-08T14:49:47.0045878Z   ...
2026-10-08T14:49:47.0046376Z # Subtest: worksheet and key filenames are distinct bounded local names
2026-10-08T14:49:47.0047290Z ok 22 - worksheet and key filenames are distinct bounded local names
2026-10-08T14:49:47.0047750Z   ---
2026-10-08T14:49:47.0048003Z   duration_ms: 0.35649
2026-10-08T14:49:47.0048287Z   ...
2026-10-08T14:49:47.0048911Z # Subtest: repeat exports are deterministic and leave the original selected JSON unchanged
2026-10-08T14:49:47.0049825Z ok 23 - repeat exports are deterministic and leave the original selected JSON unchanged
2026-10-08T14:49:47.0050491Z   ---
2026-10-08T14:49:47.0050742Z   duration_ms: 0.399954
2026-10-08T14:49:47.0051028Z   ...
2026-10-08T14:49:47.2629918Z # Subtest: unfinished and completely empty drafts save without claiming lesson validity
2026-10-08T14:49:47.2644574Z ok 24 - unfinished and completely empty drafts save without claiming lesson validity
2026-10-08T14:49:47.2672959Z   ---
2026-10-08T14:49:47.2673623Z   duration_ms: 4.838181
2026-10-08T14:49:47.2675140Z   ...
2026-10-08T14:49:47.2676172Z # Subtest: duplicate text, cyclic and self prerequisites, and unfinished selections survive for repair
2026-10-08T14:49:47.2677540Z ok 25 - duplicate text, cyclic and self prerequisites, and unfinished selections survive for repair
2026-10-08T14:49:47.2678330Z   ---
2026-10-08T14:49:47.2678786Z   duration_ms: 1.27452
2026-10-08T14:49:47.2679237Z   ...
2026-10-08T14:49:47.2680129Z # Subtest: ready imported lessons retain public IDs, ordered content, answer identity and checked bytes
2026-10-08T14:49:47.2681719Z ok 26 - ready imported lessons retain public IDs, ordered content, answer identity and checked bytes
2026-10-08T14:49:47.2682547Z   ---
2026-10-08T14:49:47.2683003Z   duration_ms: 2.247309
2026-10-08T14:49:47.2690905Z   ...
2026-10-08T14:49:47.2752328Z # Subtest: canonical private keys recover near-limit counters without changing public IDs or live state
2026-10-08T14:49:47.2811742Z ok 27 - canonical private keys recover near-limit counters without changing public IDs or live state
2026-10-08T14:49:47.2866810Z   ---
2026-10-08T14:49:47.2891022Z   duration_ms: 0.75337
2026-10-08T14:49:47.3005517Z   ...
2026-10-08T14:49:47.3013464Z # Subtest: staged drafts are deeply frozen and replacement copies remain editable
2026-10-08T14:49:47.3101681Z ok 28 - staged drafts are deeply frozen and replacement copies remain editable
2026-10-08T14:49:47.3171107Z   ---
2026-10-08T14:49:47.3201052Z   duration_ms: 0.354457
2026-10-08T14:49:47.3201408Z   ...
2026-10-08T14:49:47.3202235Z # Subtest: missing or ambiguous internal references, malformed shape and unsafe counters refuse before admission
2026-10-08T14:49:47.3203452Z ok 29 - missing or ambiguous internal references, malformed shape and unsafe counters refuse before admission
2026-10-08T14:49:47.3204107Z   ---
2026-10-08T14:49:47.3204376Z   duration_ms: 2.586485
2026-10-08T14:49:47.3204736Z   ...
2026-10-08T14:49:47.3205274Z # Subtest: only recognized editor fields cross the draft boundary
2026-10-08T14:49:47.3231498Z ok 30 - only recognized editor fields cross the draft boundary
2026-10-08T14:49:47.3231998Z   ---
2026-10-08T14:49:47.3232275Z   duration_ms: 0.379924
2026-10-08T14:49:47.3232568Z   ...
2026-10-08T14:49:47.3233231Z # Subtest: a lesson larger than its admission limit can be saved as a draft and repaired later
2026-10-08T14:49:47.3234183Z ok 31 - a lesson larger than its admission limit can be saved as a draft and repaired later
2026-10-08T14:49:47.3234743Z   ---
2026-10-08T14:49:47.3235012Z   duration_ms: 13.796464
2026-10-08T14:49:47.3235297Z   ...
2026-10-08T14:49:47.3235949Z # Subtest: draft size limits count actual UTF-8 bytes and failed saving leaves writing intact
2026-10-08T14:49:47.3236865Z ok 32 - draft size limits count actual UTF-8 bytes and failed saving leaves writing intact
2026-10-08T14:49:47.3237402Z   ---
2026-10-08T14:49:47.3237665Z   duration_ms: 45.806608
2026-10-08T14:49:47.3237941Z   ...
2026-10-08T14:49:47.3238616Z # Subtest: compact drafts remain saveable near and exactly at the byte limit without added whitespace
2026-10-08T14:49:47.3239634Z ok 33 - compact drafts remain saveable near and exactly at the byte limit without added whitespace
2026-10-08T14:49:47.3240192Z   ---
2026-10-08T14:49:47.3241034Z   duration_ms: 167.984526
2026-10-08T14:49:47.3241345Z   ...
2026-10-08T14:49:47.3242003Z # Subtest: a file whose canonical private keys exceed the saved limit is refused before admission
2026-10-08T14:49:47.3243003Z ok 34 - a file whose canonical private keys exceed the saved limit is refused before admission
2026-10-08T14:49:47.3243567Z   ---
2026-10-08T14:49:47.3243843Z   duration_ms: 41.359968
2026-10-08T14:49:47.3244121Z   ...
2026-10-08T14:49:47.3244803Z # Subtest: a valid deck stages without touching authored text and commits once with full immutable content
2026-10-08T14:49:47.3245835Z ok 35 - a valid deck stages without touching authored text and commits once with full immutable content
2026-10-08T14:49:47.3246416Z   ---
2026-10-08T14:49:47.3246700Z   duration_ms: 10.064287
2026-10-08T14:49:47.3247001Z   ...
2026-10-08T14:49:47.3247724Z # Subtest: invalid JSON, invalid answer, oversized file and unreadable file preserve the draft and allow retry
2026-10-08T14:49:47.3248813Z ok 36 - invalid JSON, invalid answer, oversized file and unreadable file preserve the draft and allow retry
2026-10-08T14:49:47.3249496Z   ---
2026-10-08T14:49:47.3249742Z   duration_ms: 8.230341
2026-10-08T14:49:47.3250010Z   ...
2026-10-08T14:49:47.3250969Z # Subtest: unfinished and cyclic draft files stage visibly and replace once with an immutable editable state
2026-10-08T14:49:47.3252062Z ok 37 - unfinished and cyclic draft files stage visibly and replace once with an immutable editable state
2026-10-08T14:49:47.3252670Z   ---
2026-10-08T14:49:47.3252918Z   duration_ms: 2.76825
2026-10-08T14:49:47.3253196Z   ...
2026-10-08T14:49:47.3253865Z # Subtest: a draft suffix cannot admit an oversized lesson deck through the larger draft-file limit
2026-10-08T14:49:47.3255061Z ok 38 - a draft suffix cannot admit an oversized lesson deck through the larger draft-file limit
2026-10-08T14:49:47.3255660Z   ---
2026-10-08T14:49:47.3255922Z   duration_ms: 6.046819
2026-10-08T14:49:47.3256192Z   ...
2026-10-08T14:49:47.3256895Z # Subtest: malformed and unsupported editable drafts preserve the old draft and retire pending previews
2026-10-08T14:49:47.3257959Z ok 39 - malformed and unsupported editable drafts preserve the old draft and retire pending previews
2026-10-08T14:49:47.3258574Z   ---
2026-10-08T14:49:47.3258833Z   duration_ms: 3.722562
2026-10-08T14:49:47.3259121Z   ...
2026-10-08T14:49:47.3259729Z # Subtest: newest selected format wins across slow draft-to-deck and deck-to-draft reads
2026-10-08T14:49:47.3260769Z ok 40 - newest selected format wins across slow draft-to-deck and deck-to-draft reads
2026-10-08T14:49:47.3261329Z   ---
2026-10-08T14:49:47.3261583Z   duration_ms: 1.655647
2026-10-08T14:49:47.3261860Z   ...
2026-10-08T14:49:47.3262584Z # Subtest: explicit Keep current draft clears staged replacement and restores the open control focus
2026-10-08T14:49:47.3263651Z ok 41 - explicit Keep current draft clears staged replacement and restores the open control focus
2026-10-08T14:49:47.3264235Z   ---
2026-10-08T14:49:47.3264517Z   duration_ms: 0.850932
2026-10-08T14:49:47.3264801Z   ...
2026-10-08T14:49:47.3265492Z # Subtest: opening another chooser invalidates its old preview even when the chooser is cancelled
2026-10-08T14:49:47.3266549Z ok 42 - opening another chooser invalidates its old preview even when the chooser is cancelled
2026-10-08T14:49:47.3267116Z   ---
2026-10-08T14:49:47.3267378Z   duration_ms: 0.933181
2026-10-08T14:49:47.3267662Z   ...
2026-10-08T14:49:47.3268211Z # Subtest: a newer valid choice wins over an earlier slow success or failure
2026-10-08T14:49:47.3268990Z ok 43 - a newer valid choice wins over an earlier slow success or failure
2026-10-08T14:49:47.3269468Z   ---
2026-10-08T14:49:47.3269724Z   duration_ms: 1.737265
2026-10-08T14:49:47.3270010Z   ...
2026-10-08T14:49:47.3270787Z # Subtest: cancelled or empty file selection prevents a late read from reopening a preview
2026-10-08T14:49:47.3271694Z ok 44 - cancelled or empty file selection prevents a late read from reopening a preview
2026-10-08T14:49:47.3272467Z   ---
2026-10-08T14:49:47.3272729Z   duration_ms: 1.500129
2026-10-08T14:49:47.3273034Z   ...
2026-10-08T14:49:47.3273815Z # Subtest: invalid newer files invalidate an earlier pending or staged valid deck
2026-10-08T14:49:47.3274909Z ok 45 - invalid newer files invalidate an earlier pending or staged valid deck
2026-10-08T14:49:47.3275433Z   ---
2026-10-08T14:49:47.3275698Z   duration_ms: 1.796932
2026-10-08T14:49:47.3276110Z   ...
2026-10-08T14:49:47.3276828Z # Subtest: undo restores all writing while clearing only references to deliberately removed concepts
2026-10-08T14:49:47.3277882Z ok 46 - undo restores all writing while clearing only references to deliberately removed concepts
2026-10-08T14:49:47.3278468Z   ---
2026-10-08T14:49:47.3278729Z   duration_ms: 2.39797
2026-10-08T14:49:47.3279021Z   ...
2026-10-08T14:49:47.3279780Z # Subtest: undo retains known selections and even unfinished self links while removing a missing prerequisite
2026-10-08T14:49:47.3281077Z ok 47 - undo retains known selections and even unfinished self links while removing a missing prerequisite
2026-10-08T14:49:47.3281707Z   ---
2026-10-08T14:49:47.3281961Z   duration_ms: 0.305806
2026-10-08T14:49:47.3282245Z   ...
2026-10-08T14:49:47.3282798Z # Subtest: blank editor requires authored metadata and a deliberate answer
2026-10-08T14:49:47.3283574Z ok 48 - blank editor requires authored metadata and a deliberate answer
2026-10-08T14:49:47.3284050Z   ---
2026-10-08T14:49:47.3284309Z   duration_ms: 3.958817
2026-10-08T14:49:47.3284598Z   ...
2026-10-08T14:49:47.3285340Z # Subtest: opening a validated lesson makes an independent editable draft and preserves IDs and literals
2026-10-08T14:49:47.3286507Z ok 49 - opening a validated lesson makes an independent editable draft and preserves IDs and literals
2026-10-08T14:49:47.3287300Z   ---
2026-10-08T14:49:47.3287553Z   duration_ms: 0.975523
2026-10-08T14:49:47.3287825Z   ...
2026-10-08T14:49:47.3288462Z # Subtest: correctness follows an option when moved or when a preceding option is removed
2026-10-08T14:49:47.3289453Z ok 50 - correctness follows an option when moved or when a preceding option is removed
2026-10-08T14:49:47.3289970Z   ---
2026-10-08T14:49:47.3290415Z   duration_ms: 0.805525
2026-10-08T14:49:47.3290709Z   ...
2026-10-08T14:49:47.3291269Z # Subtest: option limits refuse without deleting text or changing the answer
2026-10-08T14:49:47.3292053Z ok 51 - option limits refuse without deleting text or changing the answer
2026-10-08T14:49:47.3292550Z   ---
2026-10-08T14:49:47.3292789Z   duration_ms: 0.6508
2026-10-08T14:49:47.3293056Z   ...
2026-10-08T14:49:47.3293776Z # Subtest: concept renaming updates question and prerequisite references while used deletion is refused
2026-10-08T14:49:47.3294846Z ok 52 - concept renaming updates question and prerequisite references while used deletion is refused
2026-10-08T14:49:47.3295442Z   ---
2026-10-08T14:49:47.3295694Z   duration_ms: 0.461313
2026-10-08T14:49:47.3295962Z   ...
2026-10-08T14:49:47.3296573Z # Subtest: cycles, uncovered concepts and duplicate answer text remain repairable drafts
2026-10-08T14:49:47.3297468Z ok 53 - cycles, uncovered concepts and duplicate answer text remain repairable drafts
2026-10-08T14:49:47.3298002Z   ---
2026-10-08T14:49:47.3298263Z   duration_ms: 0.61693
2026-10-08T14:49:47.3298556Z   ...
2026-10-08T14:49:47.3299260Z # Subtest: question reordering and undo restore the removed question without rolling back later edits
2026-10-08T14:49:47.3300486Z ok 54 - question reordering and undo restore the removed question without rolling back later edits
2026-10-08T14:49:47.3301094Z   ---
2026-10-08T14:49:47.3301348Z   duration_ms: 1.431339
2026-10-08T14:49:47.3301626Z   ...
2026-10-08T14:49:47.3302115Z # Subtest: new question IDs do not overwrite IDs from an opened deck
2026-10-08T14:49:47.3302819Z ok 55 - new question IDs do not overwrite IDs from an opened deck
2026-10-08T14:49:47.3303254Z   ---
2026-10-08T14:49:47.3303534Z   duration_ms: 0.473872
2026-10-08T14:49:47.3303802Z   ...
2026-10-08T14:49:47.3304683Z # Subtest: checked snapshots are immutable, deterministic, and separate from later draft edits
2026-10-08T14:49:47.3305698Z ok 56 - checked snapshots are immutable, deterministic, and separate from later draft edits
2026-10-08T14:49:47.3306256Z   ---
2026-10-08T14:49:47.3306514Z   duration_ms: 0.490346
2026-10-08T14:49:47.3306810Z   ...
2026-10-08T14:49:47.3307537Z # Subtest: individually valid multibyte content cannot export a file larger than the importer admits
2026-10-08T14:49:47.3308600Z ok 57 - individually valid multibyte content cannot export a file larger than the importer admits
2026-10-08T14:49:47.3309201Z   ---
2026-10-08T14:49:47.3309458Z   duration_ms: 8.037359
2026-10-08T14:49:47.3309733Z   ...
2026-10-08T14:49:47.3310158Z # Subtest: download filenames are bounded local names
2026-10-08T14:49:47.3310908Z ok 58 - download filenames are bounded local names
2026-10-08T14:49:47.3311299Z   ---
2026-10-08T14:49:47.3311550Z   duration_ms: 0.407024
2026-10-08T14:49:47.3311830Z   ...
2026-10-08T14:49:47.3312401Z # Subtest: the existing bundled deck imports unchanged without a format field
2026-10-08T14:49:47.3313182Z ok 59 - the existing bundled deck imports unchanged without a format field
2026-10-08T14:49:47.3313652Z   ---
2026-10-08T14:49:47.3313901Z   duration_ms: 2.965007
2026-10-08T14:49:47.3314174Z   ...
2026-10-08T14:49:47.3314761Z # Subtest: a deck is an immutable copy, and unknown fields cannot configure the runtime
2026-10-08T14:49:47.3315604Z ok 60 - a deck is an immutable copy, and unknown fields cannot configure the runtime
2026-10-08T14:49:47.3316104Z   ---
2026-10-08T14:49:47.3316358Z   duration_ms: 0.694373
2026-10-08T14:49:47.3316634Z   ...
2026-10-08T14:49:47.3317325Z # Subtest: malformed JSON, unsupported versions and wrong top-level values give actionable errors
2026-10-08T14:49:47.3318543Z ok 61 - malformed JSON, unsupported versions and wrong top-level values give actionable errors
2026-10-08T14:49:47.3319131Z   ---
2026-10-08T14:49:47.3319377Z   duration_ms: 0.347618
2026-10-08T14:49:47.3319653Z   ...
2026-10-08T14:49:47.3320207Z # Subtest: JSON byte limit counts multibyte text and accepts the exact boundary
2026-10-08T14:49:47.3321170Z ok 62 - JSON byte limit counts multibyte text and accepts the exact boundary
2026-10-08T14:49:47.3321639Z   ---
2026-10-08T14:49:47.3321894Z   duration_ms: 2.441182
2026-10-08T14:49:47.3322171Z   ...
2026-10-08T14:49:47.3322733Z # Subtest: required readable metadata and bounded question fields are validated
2026-10-08T14:49:47.3323565Z ok 63 - required readable metadata and bounded question fields are validated
2026-10-08T14:49:47.3324063Z   ---
2026-10-08T14:49:47.3324311Z   duration_ms: 1.604241
2026-10-08T14:49:47.3324586Z   ...
2026-10-08T14:49:47.3325162Z # Subtest: empty and oversized collections and duplicate identities are refused
2026-10-08T14:49:47.3326009Z ok 64 - empty and oversized collections and duplicate identities are refused
2026-10-08T14:49:47.3326496Z   ---
2026-10-08T14:49:47.3326742Z   duration_ms: 0.535291
2026-10-08T14:49:47.3327026Z   ...
2026-10-08T14:49:47.3327578Z # Subtest: every question and prerequisite must name a known covered concept
2026-10-08T14:49:47.3328377Z ok 65 - every question and prerequisite must name a known covered concept
2026-10-08T14:49:47.3328849Z   ---
2026-10-08T14:49:47.3329092Z   duration_ms: 0.322651
2026-10-08T14:49:47.3329365Z   ...
2026-10-08T14:49:47.3329968Z # Subtest: self-requirements and concept cycles across different questions are refused
2026-10-08T14:49:47.3331022Z ok 66 - self-requirements and concept cycles across different questions are refused
2026-10-08T14:49:47.3331563Z   ---
2026-10-08T14:49:47.3331819Z   duration_ms: 0.312596
2026-10-08T14:49:47.3332098Z   ...
2026-10-08T14:49:47.3332710Z # Subtest: choices require distinct readable options and an actual integer answer index
2026-10-08T14:49:47.3333608Z ok 67 - choices require distinct readable options and an actual integer answer index
2026-10-08T14:49:47.3334146Z   ---
2026-10-08T14:49:47.3334400Z   duration_ms: 0.657419
2026-10-08T14:49:47.3334871Z   ...
2026-10-08T14:49:47.3335510Z # Subtest: 100 questions and 32 concepts work through the existing selector to exhaustion
2026-10-08T14:49:47.3336381Z ok 68 - 100 questions and 32 concepts work through the existing selector to exhaustion
2026-10-08T14:49:47.3336898Z   ---
2026-10-08T14:49:47.3337184Z   duration_ms: 111.877101
2026-10-08T14:49:47.3337478Z   ...
2026-10-08T14:49:47.3338174Z # Subtest: imported answer indices, literal text and object-key names survive learning and practice
2026-10-08T14:49:47.3339180Z ok 69 - imported answer indices, literal text and object-key names survive learning and practice
2026-10-08T14:49:47.3339769Z   ---
2026-10-08T14:49:47.3340038Z   duration_ms: 0.626965
2026-10-08T14:49:47.3340504Z   ...
2026-10-08T14:49:47.3341198Z # Subtest: downloadable example round-trips through the import contract with full attribution
2026-10-08T14:49:47.3342164Z ok 70 - downloadable example round-trips through the import contract with full attribution
2026-10-08T14:49:47.3342724Z   ---
2026-10-08T14:49:47.3342978Z   duration_ms: 0.435526
2026-10-08T14:49:47.3343269Z   ...
2026-10-08T14:49:47.3343888Z # Subtest: the exact original course is bounded, admitted, balanced and round-trippable
2026-10-08T14:49:47.3344772Z ok 71 - the exact original course is bounded, admitted, balanced and round-trippable
2026-10-08T14:49:47.3345284Z   ---
2026-10-08T14:49:47.3345544Z   duration_ms: 2.721191
2026-10-08T14:49:47.3345817Z   ...
2026-10-08T14:49:47.3346386Z # Subtest: every stated answer follows the literal graph, with one correct option
2026-10-08T14:49:47.3346929Z     # Subtest: dg-links-1
2026-10-08T14:49:47.3347249Z     ok 1 - dg-links-1
2026-10-08T14:49:47.3347544Z       ---
2026-10-08T14:49:47.3347819Z       duration_ms: 0.440513
2026-10-08T14:49:47.3348318Z       ...
2026-10-08T14:49:47.3348576Z     # Subtest: dg-links-2
2026-10-08T14:49:47.3348897Z     ok 2 - dg-links-2
2026-10-08T14:49:47.3349177Z       ---
2026-10-08T14:49:47.3349436Z       duration_ms: 0.398572
2026-10-08T14:49:47.3349755Z       ...
2026-10-08T14:49:47.3350010Z     # Subtest: dg-links-3
2026-10-08T14:49:47.3350476Z     ok 3 - dg-links-3
2026-10-08T14:49:47.3350767Z       ---
2026-10-08T14:49:47.3351036Z       duration_ms: 1.506529
2026-10-08T14:49:47.3351328Z       ...
2026-10-08T14:49:47.3351581Z     # Subtest: dg-reach-1
2026-10-08T14:49:47.3351876Z     ok 4 - dg-reach-1
2026-10-08T14:49:47.3352150Z       ---
2026-10-08T14:49:47.3352405Z       duration_ms: 0.393584
2026-10-08T14:49:47.3352708Z       ...
2026-10-08T14:49:47.3352961Z     # Subtest: dg-reach-2
2026-10-08T14:49:47.3353264Z     ok 5 - dg-reach-2
2026-10-08T14:49:47.3353540Z       ---
2026-10-08T14:49:47.3353794Z       duration_ms: 0.313988
2026-10-08T14:49:47.3354088Z       ...
2026-10-08T14:49:47.3354358Z     # Subtest: dg-reach-3
2026-10-08T14:49:47.3354653Z     ok 6 - dg-reach-3
2026-10-08T14:49:47.3354924Z       ---
2026-10-08T14:49:47.3355175Z       duration_ms: 0.179252
2026-10-08T14:49:47.3355470Z       ...
2026-10-08T14:49:47.3355737Z     # Subtest: dg-order-1
2026-10-08T14:49:47.3356031Z     ok 7 - dg-order-1
2026-10-08T14:49:47.3356318Z       ---
2026-10-08T14:49:47.3356577Z       duration_ms: 0.245108
2026-10-08T14:49:47.3356867Z       ...
2026-10-08T14:49:47.3357126Z     # Subtest: dg-order-2
2026-10-08T14:49:47.3357429Z     ok 8 - dg-order-2
2026-10-08T14:49:47.3357697Z       ---
2026-10-08T14:49:47.3357961Z       duration_ms: 0.340777
2026-10-08T14:49:47.3358326Z       ...
2026-10-08T14:49:47.3358640Z     # Subtest: dg-order-3
2026-10-08T14:49:47.3358995Z     ok 9 - dg-order-3
2026-10-08T14:49:47.3359301Z       ---
2026-10-08T14:49:47.3359574Z       duration_ms: 0.436777
2026-10-08T14:49:47.3359890Z       ...
2026-10-08T14:49:47.3360165Z     # Subtest: dg-update-1
2026-10-08T14:49:47.3360758Z     ok 10 - dg-update-1
2026-10-08T14:49:47.3361045Z       ---
2026-10-08T14:49:47.3361312Z       duration_ms: 0.642468
2026-10-08T14:49:47.3361613Z       ...
2026-10-08T14:49:47.3361882Z     # Subtest: dg-update-2
2026-10-08T14:49:47.3362427Z     ok 11 - dg-update-2
2026-10-08T14:49:47.3362735Z       ---
2026-10-08T14:49:47.3362996Z       duration_ms: 0.925611
2026-10-08T14:49:47.3363299Z       ...
2026-10-08T14:49:47.3363548Z     # Subtest: dg-update-3
2026-10-08T14:49:47.3363856Z     ok 12 - dg-update-3
2026-10-08T14:49:47.3364131Z       ---
2026-10-08T14:49:47.3364379Z       duration_ms: 0.484427
2026-10-08T14:49:47.3364672Z       ...
2026-10-08T14:49:47.3364922Z     1..12
2026-10-08T14:49:47.3365492Z ok 72 - every stated answer follows the literal graph, with one correct option
2026-10-08T14:49:47.3366009Z   ---
2026-10-08T14:49:47.3366278Z   duration_ms: 8.278691
2026-10-08T14:49:47.3366568Z   ...
2026-10-08T14:49:47.3367287Z # Subtest: structurally valid changed content exposes graph reversal and blocked-descendant mistakes
2026-10-08T14:49:47.3368387Z ok 73 - structurally valid changed content exposes graph reversal and blocked-descendant mistakes
2026-10-08T14:49:47.3369000Z   ---
2026-10-08T14:49:47.3369274Z   duration_ms: 2.219489
2026-10-08T14:49:47.3369579Z   ...
2026-10-08T14:49:47.3370412Z # Subtest: the real selector, review, practice, notes and trace consumer preserve this course
2026-10-08T14:49:47.3371374Z ok 74 - the real selector, review, practice, notes and trace consumer preserve this course
2026-10-08T14:49:47.3371923Z   ---
2026-10-08T14:49:47.3372182Z   duration_ms: 15.860205
2026-10-08T14:49:47.3372473Z   ...
2026-10-08T14:49:47.3543967Z # Subtest: standalone artifact exactly matches sources and contains a valid offline script
2026-10-08T14:49:47.3571826Z ok 75 - standalone artifact exactly matches sources and contains a valid offline script
2026-10-08T14:49:47.3600988Z   ---
2026-10-08T14:49:47.3666866Z   duration_ms: 13.646685
2026-10-08T14:49:47.3710960Z   ...
2026-10-08T14:49:47.3712210Z # Subtest: course survives the existing validator and editable-format round trip
2026-10-08T14:49:47.3713580Z ok 76 - course survives the existing validator and editable-format round trip
2026-10-08T14:49:47.3740831Z   ---
2026-10-08T14:49:47.3761618Z   duration_ms: 1.591873
2026-10-08T14:49:47.3800825Z   ...
2026-10-08T14:49:47.4602802Z # Subtest: literal markup and Unicode in admitted course content cannot close the generated script
2026-10-08T14:49:47.4621817Z ok 77 - literal markup and Unicode in admitted course content cannot close the generated script
2026-10-08T14:49:47.4622648Z   ---
2026-10-08T14:49:47.4623163Z   duration_ms: 20.949613
2026-10-08T14:49:47.4623746Z   ...
2026-10-08T14:49:47.4624505Z # Subtest: check mode reports stale output without replacing a retained artifact
2026-10-08T14:49:47.4628216Z ok 78 - check mode reports stale output without replacing a retained artifact
2026-10-08T14:49:47.4629005Z   ---
2026-10-08T14:49:47.4632019Z   duration_ms: 50.902594
2026-10-08T14:49:47.4632626Z   ...
2026-10-08T14:49:47.4633436Z # Subtest: unexpected UI dependency refuses the build before overwriting its artifact
2026-10-08T14:49:47.4648080Z ok 79 - unexpected UI dependency refuses the build before overwriting its artifact
2026-10-08T14:49:47.4648825Z   ---
2026-10-08T14:49:47.4649243Z   duration_ms: 44.967182
2026-10-08T14:49:47.4649671Z   ...
2026-10-08T14:49:47.4711607Z # Subtest: fictional reversal retains denominators and uses common weights only for reference
2026-10-08T14:49:47.4731338Z ok 80 - fictional reversal retains denominators and uses common weights only for reference
2026-10-08T14:49:47.4736401Z   ---
2026-10-08T14:49:47.4736864Z   duration_ms: 4.973148
2026-10-08T14:49:47.4737324Z   ...
2026-10-08T14:49:47.4738026Z # Subtest: ties and conflicting subgroup directions are not a strict reversal
2026-10-08T14:49:47.4739014Z ok 81 - ties and conflicting subgroup directions are not a strict reversal
2026-10-08T14:49:47.4739676Z   ---
2026-10-08T14:49:47.4740095Z   duration_ms: 0.921865
2026-10-08T14:49:47.4741269Z   ...
2026-10-08T14:49:47.4742027Z # Subtest: empty cells remain unavailable unless their reference weight is exactly zero
2026-10-08T14:49:47.4743458Z ok 82 - empty cells remain unavailable unless their reference weight is exactly zero
2026-10-08T14:49:47.4744253Z   ---
2026-10-08T14:49:47.4744664Z   duration_ms: 0.968003
2026-10-08T14:49:47.4745308Z   ...
2026-10-08T14:49:47.4746001Z # Subtest: an entirely empty option has no pooled rate or inferred group mix
2026-10-08T14:49:47.4746929Z ok 83 - an entirely empty option has no pooled rate or inferred group mix
2026-10-08T14:49:47.4747585Z   ---
2026-10-08T14:49:47.4748000Z   duration_ms: 0.263134
2026-10-08T14:49:47.4748441Z   ...
2026-10-08T14:49:47.4749117Z # Subtest: invalid numeric inputs are refused without truncation or coercion
2026-10-08T14:49:47.4750058Z ok 84 - invalid numeric inputs are refused without truncation or coercion
2026-10-08T14:49:47.4750896Z   ---
2026-10-08T14:49:47.4751309Z   duration_ms: 0.859184
2026-10-08T14:49:47.4751759Z   ...
2026-10-08T14:49:47.4752451Z # Subtest: native count entry distinguishes blank and invalid text from zero
2026-10-08T14:49:47.4753378Z ok 85 - native count entry distinguishes blank and invalid text from zero
2026-10-08T14:49:47.4754029Z   ---
2026-10-08T14:49:47.4754434Z   duration_ms: 17.462664
2026-10-08T14:49:47.4754873Z   ...
2026-10-08T14:49:47.4755580Z # Subtest: a strict difference too small for percentage display is not declared equal
2026-10-08T14:49:47.4756570Z ok 86 - a strict difference too small for percentage display is not declared equal
2026-10-08T14:49:47.4757246Z   ---
2026-10-08T14:49:47.4757649Z   duration_ms: 0.526799
2026-10-08T14:49:47.4758070Z   ...
2026-10-08T14:49:47.4758795Z # Subtest: label and group transformations preserve the intended descriptive quantities
2026-10-08T14:49:47.4759845Z ok 87 - label and group transformations preserve the intended descriptive quantities
2026-10-08T14:49:47.4760677Z   ---
2026-10-08T14:49:47.4761063Z   duration_ms: 2.002392
2026-10-08T14:49:47.4761752Z   ...
2026-10-08T14:49:47.4763929Z # Subtest: shared weights preserve both strict subgroup advantages at every permitted mix
2026-10-08T14:49:47.4765191Z ok 88 - shared weights preserve both strict subgroup advantages at every permitted mix
2026-10-08T14:49:47.4772843Z   ---
2026-10-08T14:49:47.4773309Z   duration_ms: 9.594321
2026-10-08T14:49:47.4773751Z   ...
2026-10-08T14:49:47.4774599Z # Subtest: download contains exact inputs, unavailable values and deterministic recomputable fractions
2026-10-08T14:49:47.4775880Z ok 89 - download contains exact inputs, unavailable values and deterministic recomputable fractions
2026-10-08T14:49:47.4776644Z   ---
2026-10-08T14:49:47.4777040Z   duration_ms: 0.632694
2026-10-08T14:49:47.4777475Z   ...
2026-10-08T14:49:47.4778088Z # Subtest: BKT probabilities stay bounded across repeated evidence
2026-10-08T14:49:47.4778908Z ok 90 - BKT probabilities stay bounded across repeated evidence
2026-10-08T14:49:47.4779502Z   ---
2026-10-08T14:49:47.4779920Z   duration_ms: 4.59782
2026-10-08T14:49:47.4780600Z   ...
2026-10-08T14:49:47.4781395Z # Subtest: correct evidence raises and incorrect evidence lowers posterior for interior prior
2026-10-08T14:49:47.4782490Z ok 91 - correct evidence raises and incorrect evidence lowers posterior for interior prior
2026-10-08T14:49:47.4783200Z   ---
2026-10-08T14:49:47.4783599Z   duration_ms: 0.126605
2026-10-08T14:49:47.4784024Z   ...
2026-10-08T14:49:47.4784648Z # Subtest: parameter validation rejects impossible probabilities
2026-10-08T14:49:47.4785418Z ok 92 - parameter validation rejects impossible probabilities
2026-10-08T14:49:47.4785936Z   ---
2026-10-08T14:49:47.4786302Z   duration_ms: 0.306667
2026-10-08T14:49:47.4786681Z   ...
2026-10-08T14:49:47.4787355Z # Subtest: entropy and information gain have expected bounds and peak near uncertainty
2026-10-08T14:49:47.4788371Z ok 93 - entropy and information gain have expected bounds and peak near uncertainty
2026-10-08T14:49:47.4789019Z   ---
2026-10-08T14:49:47.4789411Z   duration_ms: 1.1922
2026-10-08T14:49:47.4789825Z   ...
2026-10-08T14:49:47.4790780Z # Subtest: selector prioritizes a weak prerequisite and is stable after exhaustion
2026-10-08T14:49:47.4792085Z ok 94 - selector prioritizes a weak prerequisite and is stable after exhaustion
2026-10-08T14:49:47.4792770Z   ---
2026-10-08T14:49:47.4793174Z   duration_ms: 0.310092
2026-10-08T14:49:47.4793587Z   ...
2026-10-08T14:49:47.4794179Z # Subtest: initial mastery creates independent named concept values
2026-10-08T14:49:47.4794924Z ok 95 - initial mastery creates independent named concept values
2026-10-08T14:49:47.4795402Z   ---
2026-10-08T14:49:47.4795749Z   duration_ms: 0.622779
2026-10-08T14:49:47.4796127Z   ...
2026-10-08T14:49:47.4796807Z # Subtest: scripted learner simulation is deterministic, bounded, and distinguishes selector modes
2026-10-08T14:49:47.4797816Z ok 96 - scripted learner simulation is deterministic, bounded, and distinguishes selector modes
2026-10-08T14:49:47.4798459Z   ---
2026-10-08T14:49:47.4798799Z   duration_ms: 0.346466
2026-10-08T14:49:47.4799175Z   ...
2026-10-08T14:49:47.4799933Z # Subtest: the original course is admitted by the existing deck contract with all four concepts covered
2026-10-08T14:49:47.4801252Z ok 97 - the original course is admitted by the existing deck contract with all four concepts covered
2026-10-08T14:49:47.4801937Z   ---
2026-10-08T14:49:47.4802302Z   duration_ms: 2.959869
2026-10-08T14:49:47.4802695Z   ...
2026-10-08T14:49:47.4803370Z # Subtest: answer positions are balanced and no correct option is uniquely the longest
2026-10-08T14:49:47.4804304Z ok 98 - answer positions are balanced and no correct option is uniquely the longest
2026-10-08T14:49:47.4804928Z   ---
2026-10-08T14:49:47.4805327Z   duration_ms: 0.334778
2026-10-08T14:49:47.4805736Z   ...
2026-10-08T14:49:47.4806561Z # Subtest: each numerical answer uses the stated correction sign, denominator or independence assumption
2026-10-08T14:49:47.4807709Z ok 99 - each numerical answer uses the stated correction sign, denominator or independence assumption
2026-10-08T14:49:47.4808700Z   ---
2026-10-08T14:49:47.4809074Z   duration_ms: 0.350551
2026-10-08T14:49:47.4809476Z   ...
2026-10-08T14:49:47.4810605Z # Subtest: standalone artifact is deterministic, preserves the exact deck bytes and contains executable classic scripts
2026-10-08T14:49:47.4811993Z ok 100 - standalone artifact is deterministic, preserves the exact deck bytes and contains executable classic scripts
2026-10-08T14:49:47.4812795Z   ---
2026-10-08T14:49:47.4813175Z   duration_ms: 4.38853
2026-10-08T14:49:47.4813585Z   ...
2026-10-08T14:49:47.4814463Z # Subtest: worked four-reading budget distinguishes raw mean, correction, sample scatter and mean uncertainty
2026-10-08T14:49:47.4815711Z ok 101 - worked four-reading budget distinguishes raw mean, correction, sample scatter and mean uncertainty
2026-10-08T14:49:47.4816481Z   ---
2026-10-08T14:49:47.4816892Z   duration_ms: 1.729504
2026-10-08T14:49:47.4817348Z   ...
2026-10-08T14:49:47.4818153Z # Subtest: a shared additive correction shifts the estimate without changing either uncertainty component
2026-10-08T14:49:47.4819375Z ok 102 - a shared additive correction shifts the estimate without changing either uncertainty component
2026-10-08T14:49:47.4820142Z   ---
2026-10-08T14:49:47.4820850Z   duration_ms: 0.290504
2026-10-08T14:49:47.4821289Z   ...
2026-10-08T14:49:47.4822118Z # Subtest: identical readings retain a nonzero shared component and are not rejected for numerical repetition
2026-10-08T14:49:47.4823377Z ok 103 - identical readings retain a nonzero shared component and are not rejected for numerical repetition
2026-10-08T14:49:47.4824166Z   ---
2026-10-08T14:49:47.4824551Z   duration_ms: 1.217937
2026-10-08T14:49:47.4824956Z   ...
2026-10-08T14:49:47.4825809Z # Subtest: future independent sample sizes hold shared calibration fixed while repeatability shrinks by square root
2026-10-08T14:49:47.4827159Z ok 104 - future independent sample sizes hold shared calibration fixed while repeatability shrinks by square root
2026-10-08T14:49:47.4827960Z   ---
2026-10-08T14:49:47.4828355Z   duration_ms: 0.371753
2026-10-08T14:49:47.4828742Z   ...
2026-10-08T14:49:47.4829669Z # Subtest: shared covariance gives the same calibration contribution for a mean of any sample size
2026-10-08T14:49:47.4830970Z ok 105 - shared covariance gives the same calibration contribution for a mean of any sample size
2026-10-08T14:49:47.4831667Z   ---
2026-10-08T14:49:47.4832039Z   duration_ms: 0.209666
2026-10-08T14:49:47.4832440Z   ...
2026-10-08T14:49:47.4833172Z # Subtest: compensated raw means preserve small residuals after large opposing readings cancel
2026-10-08T14:49:47.4834230Z ok 106 - compensated raw means preserve small residuals after large opposing readings cancel
2026-10-08T14:49:47.4834934Z   ---
2026-10-08T14:49:47.4835307Z   duration_ms: 0.205119
2026-10-08T14:49:47.4835700Z   ...
2026-10-08T14:49:47.4836467Z # Subtest: centered scatter remains meaningful for a large shared offset and at supported extremes
2026-10-08T14:49:47.4837581Z ok 107 - centered scatter remains meaningful for a large shared offset and at supported extremes
2026-10-08T14:49:47.4838321Z   ---
2026-10-08T14:49:47.4838707Z   duration_ms: 0.306007
2026-10-08T14:49:47.4861175Z   ...
2026-10-08T14:49:47.4865021Z # Subtest: reordering observations preserves the summary but does not assert statistical independence
2026-10-08T14:49:47.4866260Z ok 108 - reordering observations preserves the summary but does not assert statistical independence
2026-10-08T14:49:47.4867145Z   ---
2026-10-08T14:49:47.4867532Z   duration_ms: 0.591463
2026-10-08T14:49:47.4867946Z   ...
2026-10-08T14:49:47.4868743Z # Subtest: input parsing keeps every observation and refuses malformed or missing comma fields
2026-10-08T14:49:47.4869807Z ok 109 - input parsing keeps every observation and refuses malformed or missing comma fields
2026-10-08T14:49:47.4870767Z   ---
2026-10-08T14:49:47.4871171Z   duration_ms: 1.133354
2026-10-08T14:49:47.4871598Z   ...
2026-10-08T14:49:47.4872871Z # Subtest: supported magnitude and nonnegative half-width boundaries are explicit
2026-10-08T14:49:47.4873860Z ok 110 - supported magnitude and nonnegative half-width boundaries are explicit
2026-10-08T14:49:47.4874540Z   ---
2026-10-08T14:49:47.4874946Z   duration_ms: 0.397481
2026-10-08T14:49:47.4875361Z   ...
2026-10-08T14:49:47.4876066Z # Subtest: public calculations reject missing observations and invalid forecast counts
2026-10-08T14:49:47.4877088Z ok 111 - public calculations reject missing observations and invalid forecast counts
2026-10-08T14:49:47.4877769Z   ---
2026-10-08T14:49:47.4878171Z   duration_ms: 0.306257
2026-10-08T14:49:47.4878585Z   ...
2026-10-08T14:49:47.4879366Z # Subtest: calculation snapshots do not mutate caller arrays or change after later edits
2026-10-08T14:49:47.4880559Z ok 112 - calculation snapshots do not mutate caller arrays or change after later edits
2026-10-08T14:49:47.4881274Z   ---
2026-10-08T14:49:47.4881681Z   duration_ms: 0.181024
2026-10-08T14:49:47.4882133Z   ...
2026-10-08T14:49:47.5101725Z # Subtest: small dyadic arithmetic keeps exact operand and result values
2026-10-08T14:49:47.5146268Z ok 113 - small dyadic arithmetic keeps exact operand and result values
2026-10-08T14:49:47.5147132Z   ---
2026-10-08T14:49:47.5147417Z   duration_ms: 2.730064
2026-10-08T14:49:47.5147676Z   ...
2026-10-08T14:49:47.5148174Z # Subtest: decimal sum retains exact conversion and operation contributions
2026-10-08T14:49:47.5148663Z ok 114 - decimal sum retains exact conversion and operation contributions
2026-10-08T14:49:47.5148952Z   ---
2026-10-08T14:49:47.5149117Z   duration_ms: 0.484197
2026-10-08T14:49:47.5149293Z   ...
2026-10-08T14:49:47.5149603Z # Subtest: conversion can erase a difference while subtraction itself is exact
2026-10-08T14:49:47.5150053Z ok 115 - conversion can erase a difference while subtraction itself is exact
2026-10-08T14:49:47.5150533Z   ---
2026-10-08T14:49:47.5150769Z   duration_ms: 0.329982
2026-10-08T14:49:47.5151026Z   ...
2026-10-08T14:49:47.5151448Z # Subtest: operation rounding can lose an exact integer step
2026-10-08T14:49:47.5152019Z ok 116 - operation rounding can lose an exact integer step
2026-10-08T14:49:47.5152421Z   ---
2026-10-08T14:49:47.5153042Z   duration_ms: 0.391151
2026-10-08T14:49:47.5153321Z   ...
2026-10-08T14:49:47.5153869Z # Subtest: nonzero signed contributions can cancel at an exactly represented result
2026-10-08T14:49:47.5154670Z ok 117 - nonzero signed contributions can cancel at an exactly represented result
2026-10-08T14:49:47.5155168Z   ---
2026-10-08T14:49:47.5155421Z   duration_ms: 0.38415
2026-10-08T14:49:47.5155688Z   ...
2026-10-08T14:49:47.5156347Z # Subtest: individual exact integers outside the safe interval are kept distinct from the API guarantee
2026-10-08T14:49:47.5157353Z ok 118 - individual exact integers outside the safe interval are kept distinct from the API guarantee
2026-10-08T14:49:47.5157935Z   ---
2026-10-08T14:49:47.5158184Z   duration_ms: 0.503195
2026-10-08T14:49:47.5158469Z   ...
2026-10-08T14:49:47.5158944Z # Subtest: signs, exact raw strings and negative zero remain explicit
2026-10-08T14:49:47.5159614Z ok 119 - signs, exact raw strings and negative zero remain explicit
2026-10-08T14:49:47.5160049Z   ---
2026-10-08T14:49:47.5160476Z   duration_ms: 1.228452
2026-10-08T14:49:47.5160752Z   ...
2026-10-08T14:49:47.5161287Z # Subtest: the declared decimal input bounds admit edges and refuse other syntax
2026-10-08T14:49:47.5162054Z ok 120 - the declared decimal input bounds admit edges and refuse other syntax
2026-10-08T14:49:47.5162534Z   ---
2026-10-08T14:49:47.5162786Z   duration_ms: 1.579455
2026-10-08T14:49:47.5163063Z   ...
2026-10-08T14:49:47.5163550Z # Subtest: worked records are complete, deterministic and deeply immutable
2026-10-08T14:49:47.5164253Z ok 121 - worked records are complete, deterministic and deeply immutable
2026-10-08T14:49:47.5164695Z   ---
2026-10-08T14:49:47.5164931Z   duration_ms: 1.961743
2026-10-08T14:49:47.5165197Z   ...
2026-10-08T14:49:47.5616138Z # Subtest: the original lesson passes the unchanged native deck contract with exact export parity
2026-10-08T14:49:47.5622125Z ok 122 - the original lesson passes the unchanged native deck contract with exact export parity
2026-10-08T14:49:47.5622883Z   ---
2026-10-08T14:49:47.5623276Z   duration_ms: 15.03075
2026-10-08T14:49:47.5623668Z   ...
2026-10-08T14:49:47.5660505Z # Subtest: language-specific worked examples agree with actual native Number and BigInt operations
2026-10-08T14:49:47.5662089Z ok 123 - language-specific worked examples agree with actual native Number and BigInt operations
2026-10-08T14:49:47.5680961Z   ---
2026-10-08T14:49:47.5681400Z   duration_ms: 0.264796
2026-10-08T14:49:47.5681830Z   ...
2026-10-08T14:49:47.5682507Z # Subtest: the directly openable explorer is an exact build of its native inputs
2026-10-08T14:49:47.5683464Z ok 124 - the directly openable explorer is an exact build of its native inputs
2026-10-08T14:49:47.5684108Z   ---
2026-10-08T14:49:47.5684471Z   duration_ms: 43.291747
2026-10-08T14:49:47.5684884Z   ...
2026-10-08T14:49:47.5745660Z # Subtest: embedded lesson download preserves exact source bytes
2026-10-08T14:49:47.5747789Z ok 125 - embedded lesson download preserves exact source bytes
2026-10-08T14:49:47.5756684Z   ---
2026-10-08T14:49:47.5757097Z   duration_ms: 13.58862
2026-10-08T14:49:47.5757555Z   ...
2026-10-08T14:49:47.5867289Z # Subtest: question identity survives reordered review, edits and clearing without changing earlier notes
2026-10-08T14:49:47.5868561Z ok 126 - question identity survives reordered review, edits and clearing without changing earlier notes
2026-10-08T14:49:47.5869366Z   ---
2026-10-08T14:49:47.5869767Z   duration_ms: 1.972769
2026-10-08T14:49:47.5870187Z   ...
2026-10-08T14:49:47.5871079Z # Subtest: application writing is separate and a fresh session starts with every field empty
2026-10-08T14:49:47.5872156Z ok 127 - application writing is separate and a fresh session starts with every field empty
2026-10-08T14:49:47.5872842Z   ---
2026-10-08T14:49:47.5873265Z   duration_ms: 0.888196
2026-10-08T14:49:47.5873683Z   ...
2026-10-08T14:49:47.5874378Z # Subtest: unknown or duplicate question identities and non-text edits are refused
2026-10-08T14:49:47.5875658Z ok 128 - unknown or duplicate question identities and non-text edits are refused
2026-10-08T14:49:47.5876355Z   ---
2026-10-08T14:49:47.5876735Z   duration_ms: 0.293549
2026-10-08T14:49:47.5877147Z   ...
2026-10-08T14:49:47.5878030Z # Subtest: actual study notes bind writing to questions while retaining native review, estimates and a paused retry
2026-10-08T14:49:47.5879290Z ok 129 - actual study notes bind writing to questions while retaining native review, estimates and a paused retry
2026-10-08T14:49:47.5880059Z   ---
2026-10-08T14:49:47.5880864Z   duration_ms: 2.204528
2026-10-08T14:49:47.5881309Z   ...
2026-10-08T14:49:47.5882030Z # Subtest: actual export uses the most recent edit and represents cleared fields as unwritten
2026-10-08T14:49:47.5883069Z ok 130 - actual export uses the most recent edit and represents cleared fields as unwritten
2026-10-08T14:49:47.5883751Z   ---
2026-10-08T14:49:47.5884134Z   duration_ms: 1.633194
2026-10-08T14:49:47.5884543Z   ...
2026-10-08T14:49:47.5885405Z # Subtest: export refuses missing, duplicate or foreign notebook identities instead of attaching notes by position
2026-10-08T14:49:47.5886644Z ok 131 - export refuses missing, duplicate or foreign notebook identities instead of attaching notes by position
2026-10-08T14:49:47.5911033Z   ---
2026-10-08T14:49:47.5911408Z   duration_ms: 0.557905
2026-10-08T14:49:47.5911780Z   ...
2026-10-08T14:49:47.5912636Z # Subtest: study notes retain the displayed imported-course application prompt without changing notebook or first-session data
2026-10-08T14:49:47.5913973Z ok 132 - study notes retain the displayed imported-course application prompt without changing notebook or first-session data
2026-10-08T14:49:47.5914688Z   ---
2026-10-08T14:49:47.5914922Z   duration_ms: 0.616229
2026-10-08T14:49:47.5915227Z   ...
2026-10-08T14:49:47.5916061Z # Subtest: a notebook export refuses a missing or non-text displayed application prompt
2026-10-08T14:49:47.5916947Z ok 133 - a notebook export refuses a missing or non-text displayed application prompt
2026-10-08T14:49:47.5917549Z   ---
2026-10-08T14:49:47.5917856Z   duration_ms: 0.38317
2026-10-08T14:49:47.5918198Z   ...
2026-10-08T14:49:47.5918726Z # Subtest: review preserves session order and the actual chosen answer
2026-10-08T14:49:47.5919541Z ok 134 - review preserves session order and the actual chosen answer
2026-10-08T14:49:47.5920095Z   ---
2026-10-08T14:49:47.5920726Z   duration_ms: 1.438369
2026-10-08T14:49:47.5921082Z   ...
2026-10-08T14:49:47.5921712Z # Subtest: review is an immutable snapshot independent of mutable input arrays
2026-10-08T14:49:47.5922599Z ok 135 - review is an immutable snapshot independent of mutable input arrays
2026-10-08T14:49:47.5923152Z   ---
2026-10-08T14:49:47.5923410Z   duration_ms: 0.396278
2026-10-08T14:49:47.5923718Z   ...
2026-10-08T14:49:47.5924163Z # Subtest: a review rejects unknown, duplicate, or invalid first answers
2026-10-08T14:49:47.5924890Z ok 136 - a review rejects unknown, duplicate, or invalid first answers
2026-10-08T14:49:47.5925378Z   ---
2026-10-08T14:49:47.5958960Z   duration_ms: 0.311164
2026-10-08T14:49:47.5959516Z   ...
2026-10-08T14:49:47.5960398Z # Subtest: practice includes only initially missed questions in first-attempt order
2026-10-08T14:49:47.5961428Z ok 137 - practice includes only initially missed questions in first-attempt order
2026-10-08T14:49:47.5962087Z   ---
2026-10-08T14:49:47.5962425Z   duration_ms: 0.24655
2026-10-08T14:49:47.5962815Z   ...
2026-10-08T14:49:47.5963501Z # Subtest: correct and incorrect retries remain separate from the immutable original trace
2026-10-08T14:49:47.5964555Z ok 138 - correct and incorrect retries remain separate from the immutable original trace
2026-10-08T14:49:47.5965249Z   ---
2026-10-08T14:49:47.5965599Z   duration_ms: 0.321039
2026-10-08T14:49:47.5965941Z   ...
2026-10-08T14:49:47.5966737Z # Subtest: practice resumes at the next unanswered question and refuses duplicate or out-of-order writes
2026-10-08T14:49:47.5968090Z ok 139 - practice resumes at the next unanswered question and refuses duplicate or out-of-order writes
2026-10-08T14:49:47.5968794Z   ---
2026-10-08T14:49:47.5969107Z   duration_ms: 0.230456
2026-10-08T14:49:47.5969553Z   ...
2026-10-08T14:49:47.5970077Z # Subtest: an all-correct or empty review has no practice question
2026-10-08T14:49:47.5970943Z ok 140 - an all-correct or empty review has no practice question
2026-10-08T14:49:47.5971438Z   ---
2026-10-08T14:49:47.5971781Z   duration_ms: 0.171771
2026-10-08T14:49:47.5972128Z   ...
2026-10-08T14:49:47.5984211Z # Subtest: the original course survives native validation and serialization with complete connected content
2026-10-08T14:49:47.5987047Z ok 141 - the original course survives native validation and serialization with complete connected content
2026-10-08T14:49:47.5987814Z   ---
2026-10-08T14:49:47.5988206Z   duration_ms: 3.070201
2026-10-08T14:49:47.5988608Z   ...
2026-10-08T14:49:47.5995535Z # Subtest: native item selection reaches all twelve questions and can prioritize the weak sample clock
2026-10-08T14:49:47.5996791Z ok 142 - native item selection reaches all twelve questions and can prioritize the weak sample clock
2026-10-08T14:49:47.5997703Z   ---
2026-10-08T14:49:47.5998084Z   duration_ms: 10.615893
2026-10-08T14:49:47.5998489Z   ...
2026-10-08T14:49:47.6002504Z # Subtest: answer text matches independently stated calculations and explicit sampling assumptions
2026-10-08T14:49:47.6004905Z ok 143 - answer text matches independently stated calculations and explicit sampling assumptions
2026-10-08T14:49:47.6005656Z   ---
2026-10-08T14:49:47.6006028Z   duration_ms: 0.354027
2026-10-08T14:49:47.6006427Z   ...
2026-10-08T14:49:47.6106050Z # Subtest: each supported sample clock uses inclusive endpoints and an actually different matching cosine
2026-10-08T14:49:47.6131392Z ok 144 - each supported sample clock uses inclusive endpoints and an actually different matching cosine
2026-10-08T14:49:47.6132538Z   ---
2026-10-08T14:49:47.6132827Z   duration_ms: 18.407998
2026-10-08T14:49:47.6133207Z   ...
2026-10-08T14:49:47.6133886Z # Subtest: DC, reflected aliases, the half-rate and input limits preserve their distinct meaning
2026-10-08T14:49:47.6134875Z ok 145 - DC, reflected aliases, the half-rate and input limits preserve their distinct meaning
2026-10-08T14:49:47.6135500Z   ---
2026-10-08T14:49:47.6135764Z   duration_ms: 0.326756
2026-10-08T14:49:47.6136097Z   ...
2026-10-08T14:49:47.6136719Z # Subtest: invalid numerical input is refused and snapshots cannot be changed after observation
2026-10-08T14:49:47.6137710Z ok 146 - invalid numerical input is refused and snapshots cannot be changed after observation
2026-10-08T14:49:47.6138363Z   ---
2026-10-08T14:49:47.6138631Z   duration_ms: 0.697578
2026-10-08T14:49:47.6138911Z   ...
2026-10-08T14:49:47.6139612Z # Subtest: CSV carries full precision and current parameter identity, ignoring supplied forged sample rows
2026-10-08T14:49:47.6140923Z ok 147 - CSV carries full precision and current parameter identity, ignoring supplied forged sample rows
2026-10-08T14:49:47.6141747Z   ---
2026-10-08T14:49:47.6142094Z   duration_ms: 1.100095
2026-10-08T14:49:47.6142433Z   ...
2026-10-08T14:49:47.6401867Z # Subtest: notes retain the actual first choices, session order, corrections, transfers, and attribution
2026-10-08T14:49:47.6431367Z ok 148 - notes retain the actual first choices, session order, corrections, transfers, and attribution
2026-10-08T14:49:47.6452188Z   ---
2026-10-08T14:49:47.6452471Z   duration_ms: 1.944358
2026-10-08T14:49:47.6452746Z   ...
2026-10-08T14:49:47.6453385Z # Subtest: paused and completed retries cannot replace the first answers or alter the model
2026-10-08T14:49:47.6461035Z ok 149 - paused and completed retries cannot replace the first answers or alter the model
2026-10-08T14:49:47.6461759Z   ---
2026-10-08T14:49:47.6462156Z   duration_ms: 0.749684
2026-10-08T14:49:47.6462576Z   ...
2026-10-08T14:49:47.6463275Z # Subtest: unstarted, zero-answer paused, and all-correct sessions have honest practice labels
2026-10-08T14:49:47.6464579Z ok 150 - unstarted, zero-answer paused, and all-correct sessions have honest practice labels
2026-10-08T14:49:47.6465309Z   ---
2026-10-08T14:49:47.6465691Z   duration_ms: 1.209735
2026-10-08T14:49:47.6466091Z   ...
2026-10-08T14:49:47.6466896Z # Subtest: incomplete, duplicate, legacy choice-less or malformed traces are refused rather than fabricated
2026-10-08T14:49:47.6468048Z ok 151 - incomplete, duplicate, legacy choice-less or malformed traces are refused rather than fabricated
2026-10-08T14:49:47.6468966Z   ---
2026-10-08T14:49:47.6469438Z   duration_ms: 0.894415
2026-10-08T14:49:47.6469813Z   ...
2026-10-08T14:49:47.6470692Z # Subtest: plain-text output preserves Unicode and literal markup without creating executable content
2026-10-08T14:49:47.6471745Z ok 152 - plain-text output preserves Unicode and literal markup without creating executable content
2026-10-08T14:49:47.6472619Z   ---
2026-10-08T14:49:47.6473044Z   duration_ms: 0.320908
2026-10-08T14:49:47.6473425Z   ...
2026-10-08T14:49:47.7471359Z # Subtest: the original five-vertex example has the hand-calculated settling order and cost-7 route
2026-10-08T14:49:47.7474029Z ok 153 - the original five-vertex example has the hand-calculated settling order and cost-7 route
2026-10-08T14:49:47.7474868Z   ---
2026-10-08T14:49:47.7475332Z   duration_ms: 3.828607
2026-10-08T14:49:47.7475641Z   ...
2026-10-08T14:49:47.7476642Z # Subtest: target discovery remains tentative; the cheaper route is final only on target settlement
2026-10-08T14:49:47.7501262Z ok 154 - target discovery remains tentative; the cheaper route is final only on target settlement
2026-10-08T14:49:47.7502446Z   ---
2026-10-08T14:49:47.7509423Z   duration_ms: 1.237256
2026-10-08T14:49:47.7509830Z   ...
2026-10-08T14:49:47.7510708Z # Subtest: zero weights and equal routes preserve the stated alphabetical and first-predecessor policies
2026-10-08T14:49:47.7511911Z ok 155 - zero weights and equal routes preserve the stated alphabetical and first-predecessor policies
2026-10-08T14:49:47.7512578Z   ---
2026-10-08T14:49:47.7512903Z   duration_ms: 0.969184
2026-10-08T14:49:47.7513266Z   ...
2026-10-08T14:49:47.7514010Z # Subtest: all preset source/target pairs agree with exhaustive simple paths, including reverse direction
2026-10-08T14:49:47.7515136Z ok 156 - all preset source/target pairs agree with exhaustive simple paths, including reverse direction
2026-10-08T14:49:47.7515824Z   ---
2026-10-08T14:49:47.7516134Z   duration_ms: 6.018688
2026-10-08T14:49:47.7516480Z   ...
2026-10-08T14:49:47.7517124Z # Subtest: 80 deterministic bounded graphs agree with a simple-path oracle for every source
2026-10-08T14:49:47.7518063Z ok 157 - 80 deterministic bounded graphs agree with a simple-path oracle for every source
2026-10-08T14:49:47.7518649Z   ---
2026-10-08T14:49:47.7518963Z   duration_ms: 61.692495
2026-10-08T14:49:47.7519311Z   ...
2026-10-08T14:49:47.7519826Z # Subtest: invalid graphs are refused before a runnable state exists
2026-10-08T14:49:47.7520817Z ok 158 - invalid graphs are refused before a runnable state exists
2026-10-08T14:49:47.7521347Z   ---
2026-10-08T14:49:47.7521674Z   duration_ms: 1.040168
2026-10-08T14:49:47.7522010Z   ...
2026-10-08T14:49:47.7522579Z # Subtest: run, graph, presets and trace snapshots cannot be changed by later edits
2026-10-08T14:49:47.7523391Z ok 159 - run, graph, presets and trace snapshots cannot be changed by later edits
2026-10-08T14:49:47.7523925Z   ---
2026-10-08T14:49:47.7524242Z   duration_ms: 0.452991
2026-10-08T14:49:47.7524591Z   ...
2026-10-08T14:49:47.7525295Z # Subtest: the original twelve-question course is valid, canonical and has balanced answer positions
2026-10-08T14:49:47.7526320Z ok 160 - the original twelve-question course is valid, canonical and has balanced answer positions
2026-10-08T14:49:47.7526947Z   ---
2026-10-08T14:49:47.7527264Z   duration_ms: 0.542322
2026-10-08T14:49:47.7527617Z   ...
2026-10-08T14:49:47.7528394Z # Subtest: existing knowledge, review, practice and notes contracts accept the new deck without changing the app
2026-10-08T14:49:47.7529793Z ok 161 - existing knowledge, review, practice and notes contracts accept the new deck without changing the app
2026-10-08T14:49:47.7530641Z   ---
2026-10-08T14:49:47.7530968Z   duration_ms: 10.912455
2026-10-08T14:49:47.7531317Z   ...
2026-10-08T14:49:48.1261065Z # Subtest: the original twelve-item SQL course uses the published import contract without changing its native meaning
2026-10-08T14:49:48.1262259Z ok 162 - the original twelve-item SQL course uses the published import contract without changing its native meaning
2026-10-08T14:49:48.1262880Z   ---
2026-10-08T14:49:48.1263120Z   duration_ms: 1.965138
2026-10-08T14:49:48.1263412Z   ...
2026-10-08T14:49:48.1264047Z # Subtest: actual SQLite regenerates all twenty-two saved queries and their exact course/default bindings
2026-10-08T14:49:48.1264677Z ok 163 - actual SQLite regenerates all twenty-two saved queries and their exact course/default bindings
2026-10-08T14:49:48.1265077Z   ---
2026-10-08T14:49:48.1265244Z   duration_ms: 55.217046
2026-10-08T14:49:48.1265424Z   ...
2026-10-08T14:49:48.1265873Z # Subtest: native adaptive selection, shuffled choices, review, practice and notes preserve all twelve SQL questions
2026-10-08T14:49:48.1266550Z ok 164 - native adaptive selection, shuffled choices, review, practice and notes preserve all twelve SQL questions
2026-10-08T14:49:48.1266937Z   ---
2026-10-08T14:49:48.1267099Z   duration_ms: 10.575283
2026-10-08T14:49:48.1267285Z   ...
2026-10-08T14:49:48.1267658Z # Subtest: a changed answer or invalid query refuses the build and preserves both saved artifacts
2026-10-08T14:49:48.1268193Z ok 165 - a changed answer or invalid query refuses the build and preserves both saved artifacts
2026-10-08T14:49:48.1268528Z   ---
2026-10-08T14:49:48.1268689Z   duration_ms: 383.207772
2026-10-08T14:49:48.1268869Z   ...
2026-10-08T14:49:48.1657531Z # Subtest: a stale generated explorer fails --check without silently replacing the changed file
2026-10-08T14:49:48.1658714Z ok 166 - a stale generated explorer fails --check without silently replacing the changed file
2026-10-08T14:49:48.1659465Z   ---
2026-10-08T14:49:48.1659818Z   duration_ms: 39.19591
2026-10-08T14:49:48.1660099Z   ...
2026-10-08T14:49:48.1739530Z # Subtest: original course fits the existing deck contract with all four concepts represented
2026-10-08T14:49:48.1740828Z ok 167 - original course fits the existing deck contract with all four concepts represented
2026-10-08T14:49:48.1741536Z   ---
2026-10-08T14:49:48.1741897Z   duration_ms: 2.957506
2026-10-08T14:49:48.1742175Z   ...
2026-10-08T14:49:48.1742848Z # Subtest: authored answer keys retain the independently worked quantities and conceptual distinctions
2026-10-08T14:49:48.1743794Z ok 168 - authored answer keys retain the independently worked quantities and conceptual distinctions
2026-10-08T14:49:48.1744284Z   ---
2026-10-08T14:49:48.1744495Z   duration_ms: 0.284846
2026-10-08T14:49:48.1744679Z   ...
2026-10-08T14:49:48.1745083Z # Subtest: course completes native selection, correct first answers, review, retry and study notes
2026-10-08T14:49:48.1745672Z ok 169 - course completes native selection, correct first answers, review, retry and study notes
2026-10-08T14:49:48.1746012Z   ---
2026-10-08T14:49:48.1746175Z   duration_ms: 13.500202
2026-10-08T14:49:48.1746360Z   ...
2026-10-08T14:49:48.1746717Z # Subtest: course completes native selection, mixed first answers, review, retry and study notes
2026-10-08T14:49:48.1747301Z ok 170 - course completes native selection, mixed first answers, review, retry and study notes
2026-10-08T14:49:48.1747633Z   ---
2026-10-08T14:49:48.1747789Z   duration_ms: 2.022401
2026-10-08T14:49:48.1747971Z   ...
2026-10-08T14:49:48.1748331Z # Subtest: course completes native selection, missed first answers, review, retry and study notes
2026-10-08T14:49:48.1748874Z ok 171 - course completes native selection, missed first answers, review, retry and study notes
2026-10-08T14:49:48.1749204Z   ---
2026-10-08T14:49:48.1749360Z   duration_ms: 1.483595
2026-10-08T14:49:48.1749525Z   ...
2026-10-08T14:49:48.1750159Z # Subtest: generated direct-open artifact has exact build parity and embeds the qualified course
2026-10-08T14:49:48.1750897Z ok 172 - generated direct-open artifact has exact build parity and embeds the qualified course
2026-10-08T14:49:48.1751227Z   ---
2026-10-08T14:49:48.1751385Z   duration_ms: 56.683568
2026-10-08T14:49:48.1751557Z   ...
2026-10-08T14:49:48.1751967Z # Subtest: standalone rendering keeps embedded source and course text inside their script elements
2026-10-08T14:49:48.1752559Z ok 173 - standalone rendering keeps embedded source and course text inside their script elements
2026-10-08T14:49:48.1752912Z   ---
2026-10-08T14:49:48.1753084Z   duration_ms: 0.636404
2026-10-08T14:49:48.1753271Z   ...
2026-10-08T14:49:48.1753743Z # Subtest: water: 6 / 2 mol → second
2026-10-08T14:49:48.1754076Z ok 174 - water: 6 / 2 mol → second
2026-10-08T14:49:48.1754307Z   ---
2026-10-08T14:49:48.1754482Z   duration_ms: 1.901171
2026-10-08T14:49:48.1754666Z   ...
2026-10-08T14:49:48.1754916Z # Subtest: water: 2 / 2 mol → first
2026-10-08T14:49:48.1755218Z ok 175 - water: 2 / 2 mol → first
2026-10-08T14:49:48.1755430Z   ---
2026-10-08T14:49:48.1755618Z   duration_ms: 0.180939
2026-10-08T14:49:48.1755814Z   ...
2026-10-08T14:49:48.1756062Z # Subtest: water: 4 / 2 mol → matched
2026-10-08T14:49:48.1756411Z ok 176 - water: 4 / 2 mol → matched
2026-10-08T14:49:48.1756612Z   ---
2026-10-08T14:49:48.1756783Z   duration_ms: 0.259365
2026-10-08T14:49:48.1756975Z   ...
2026-10-08T14:49:48.1757239Z # Subtest: water: 0 / 5 mol → no-product
2026-10-08T14:49:48.1757577Z ok 177 - water: 0 / 5 mol → no-product
2026-10-08T14:49:48.1757801Z   ---
2026-10-08T14:49:48.1757973Z   duration_ms: 0.145616
2026-10-08T14:49:48.1758157Z   ...
2026-10-08T14:49:48.1758399Z # Subtest: water: 5 / 0 mol → no-product
2026-10-08T14:49:48.1758942Z ok 178 - water: 5 / 0 mol → no-product
2026-10-08T14:49:48.1759168Z   ---
2026-10-08T14:49:48.1759354Z   duration_ms: 0.273125
2026-10-08T14:49:48.1759551Z   ...
2026-10-08T14:49:48.1759813Z # Subtest: water: 0 / 0 mol → no-product
2026-10-08T14:49:48.1760123Z ok 179 - water: 0 / 0 mol → no-product
2026-10-08T14:49:48.1760515Z   ---
2026-10-08T14:49:48.1760767Z   duration_ms: 0.164664
2026-10-08T14:49:48.1761056Z   ...
2026-10-08T14:49:48.1761403Z # Subtest: ammonia: 2 / 3 mol → second
2026-10-08T14:49:48.1761724Z ok 180 - ammonia: 2 / 3 mol → second
2026-10-08T14:49:48.1761941Z   ---
2026-10-08T14:49:48.1762129Z   duration_ms: 0.219616
2026-10-08T14:49:48.1762320Z   ...
2026-10-08T14:49:48.1762584Z # Subtest: ammonia: 1 / 2.4 mol → second
2026-10-08T14:49:48.1762943Z ok 181 - ammonia: 1 / 2.4 mol → second
2026-10-08T14:49:48.1763220Z   ---
2026-10-08T14:49:48.1763424Z   duration_ms: 0.219215
2026-10-08T14:49:48.1763624Z   ...
2026-10-08T14:49:48.1763892Z # Subtest: ammonia: 2 / 4.8 mol → second
2026-10-08T14:49:48.1764207Z ok 182 - ammonia: 2 / 4.8 mol → second
2026-10-08T14:49:48.1764427Z   ---
2026-10-08T14:49:48.1764596Z   duration_ms: 0.35011
2026-10-08T14:49:48.1764785Z   ...
2026-10-08T14:49:48.1765061Z # Subtest: ammonia: 0.1 / 0.3 mol → matched
2026-10-08T14:49:48.1765396Z ok 183 - ammonia: 0.1 / 0.3 mol → matched
2026-10-08T14:49:48.1765640Z   ---
2026-10-08T14:49:48.1765839Z   duration_ms: 0.28937
2026-10-08T14:49:48.1766052Z   ...
2026-10-08T14:49:48.1766390Z # Subtest: ammonia: 0.001 / 0.001 mol → second
2026-10-08T14:49:48.1766802Z ok 184 - ammonia: 0.001 / 0.001 mol → second
2026-10-08T14:49:48.1767080Z   ---
2026-10-08T14:49:48.1767305Z   duration_ms: 0.20866
2026-10-08T14:49:48.1767523Z   ...
2026-10-08T14:49:48.1767780Z # Subtest: ammonia: 0.001 / 0.003 mol → matched
2026-10-08T14:49:48.1768107Z ok 185 - ammonia: 0.001 / 0.003 mol → matched
2026-10-08T14:49:48.1768320Z   ---
2026-10-08T14:49:48.1768476Z   duration_ms: 0.178876
2026-10-08T14:49:48.1768643Z   ...
2026-10-08T14:49:48.1768915Z # Subtest: ammonia: 0.001 / 0.004 mol → first
2026-10-08T14:49:48.1769209Z ok 186 - ammonia: 0.001 / 0.004 mol → first
2026-10-08T14:49:48.1769420Z   ---
2026-10-08T14:49:48.1769574Z   duration_ms: 0.230742
2026-10-08T14:49:48.1769749Z   ...
2026-10-08T14:49:48.1770123Z # Subtest: magnesium: 1.5 / 1 mol → first
2026-10-08T14:49:48.1771052Z ok 187 - magnesium: 1.5 / 1 mol → first
2026-10-08T14:49:48.1771379Z   ---
2026-10-08T14:49:48.1771612Z   duration_ms: 1.088866
2026-10-08T14:49:48.1771868Z   ...
2026-10-08T14:49:48.1772134Z # Subtest: magnesium: 1 / 0.499 mol → second
2026-10-08T14:49:48.1772437Z ok 188 - magnesium: 1 / 0.499 mol → second
2026-10-08T14:49:48.1772653Z   ---
2026-10-08T14:49:48.1772802Z   duration_ms: 0.176122
2026-10-08T14:49:48.1772969Z   ...
2026-10-08T14:49:48.1773203Z # Subtest: magnesium: 1 / 0.5 mol → matched
2026-10-08T14:49:48.1773509Z ok 189 - magnesium: 1 / 0.5 mol → matched
2026-10-08T14:49:48.1773715Z   ---
2026-10-08T14:49:48.1773869Z   duration_ms: 0.230973
2026-10-08T14:49:48.1774061Z   ...
2026-10-08T14:49:48.1774299Z # Subtest: magnesium: 1 / 0.501 mol → first
2026-10-08T14:49:48.1774585Z ok 190 - magnesium: 1 / 0.501 mol → first
2026-10-08T14:49:48.1774787Z   ---
2026-10-08T14:49:48.1774952Z   duration_ms: 0.156643
2026-10-08T14:49:48.1775124Z   ...
2026-10-08T14:49:48.1775359Z # Subtest: water: 1000 / 1000 mol → first
2026-10-08T14:49:48.1775643Z ok 191 - water: 1000 / 1000 mol → first
2026-10-08T14:49:48.1775848Z   ---
2026-10-08T14:49:48.1776005Z   duration_ms: 0.282529
2026-10-08T14:49:48.1776174Z   ...
2026-10-08T14:49:48.1776489Z # Subtest: authored equations use the declared species and conserve each element
2026-10-08T14:49:48.1776953Z ok 192 - authored equations use the declared species and conserve each element
2026-10-08T14:49:48.1777247Z   ---
2026-10-08T14:49:48.1777406Z   duration_ms: 1.066683
2026-10-08T14:49:48.1777577Z   ...
2026-10-08T14:49:48.1777869Z # Subtest: all admitted decimal spellings resolve to exact millimoles
2026-10-08T14:49:48.1778446Z ok 193 - all admitted decimal spellings resolve to exact millimoles
2026-10-08T14:49:48.1778719Z   ---
2026-10-08T14:49:48.1778873Z   duration_ms: 0.254988
2026-10-08T14:49:48.1779042Z   ...
2026-10-08T14:49:48.1779367Z # Subtest: invalid or ambiguous amount inputs are refused without numeric coercion
2026-10-08T14:49:48.1779832Z ok 194 - invalid or ambiguous amount inputs are refused without numeric coercion
2026-10-08T14:49:48.1780221Z   ---
2026-10-08T14:49:48.1780700Z   duration_ms: 0.847377
2026-10-08T14:49:48.1780937Z   ...
2026-10-08T14:49:48.1781582Z # Subtest: positive amounts straddling an exact ratio are never classified using a floating tolerance
2026-10-08T14:49:48.1782286Z ok 195 - positive amounts straddling an exact ratio are never classified using a floating tolerance
2026-10-08T14:49:48.1782767Z   ---
2026-10-08T14:49:48.1783022Z   duration_ms: 0.197963
2026-10-08T14:49:48.1783269Z   ...
2026-10-08T14:49:48.1783791Z # Subtest: start = used + left and atom inventory is conserved across a changed-input grid
2026-10-08T14:49:48.1784422Z ok 196 - start = used + left and atom inventory is conserved across a changed-input grid
2026-10-08T14:49:48.1830937Z   ---
2026-10-08T14:49:48.1831214Z   duration_ms: 7.036361
2026-10-08T14:49:48.1831493Z   ...
2026-10-08T14:49:48.1832186Z # Subtest: doubling both supplies doubles theoretical product and excess without changing the limiting identity
2026-10-08T14:49:48.1833075Z ok 197 - doubling both supplies doubles theoretical product and excess without changing the limiting identity
2026-10-08T14:49:48.1833459Z   ---
2026-10-08T14:49:48.1833639Z   duration_ms: 0.759788
2026-10-08T14:49:48.1833818Z   ...
2026-10-08T14:49:48.1834223Z # Subtest: reaction definitions and solved records are deeply immutable without changing caller inputs
2026-10-08T14:49:48.1834814Z ok 198 - reaction definitions and solved records are deeply immutable without changing caller inputs
2026-10-08T14:49:48.1835163Z   ---
2026-10-08T14:49:48.1835321Z   duration_ms: 0.318813
2026-10-08T14:49:48.1835503Z   ...
2026-10-08T14:49:48.1835875Z # Subtest: worked record carries this prediction, mole accounting and the explicit theoretical model
2026-10-08T14:49:48.1836595Z ok 199 - worked record carries this prediction, mole accounting and the explicit theoretical model
2026-10-08T14:49:48.1836936Z   ---
2026-10-08T14:49:48.1837100Z   duration_ms: 0.724435
2026-10-08T14:49:48.1837273Z   ...
2026-10-08T14:49:48.1837667Z # Subtest: completed first answers restore in their original adaptive order with exact, unrounded estimates
2026-10-08T14:49:48.1838264Z ok 200 - completed first answers restore in their original adaptive order with exact, unrounded estimates
2026-10-08T14:49:48.1838615Z   ---
2026-10-08T14:49:48.1838776Z   duration_ms: 10.348645
2026-10-08T14:49:48.1838963Z   ...
2026-10-08T14:49:48.1839339Z # Subtest: unstarted, zero-answer, paused and complete practice remain distinct and can resume once
2026-10-08T14:49:48.1839897Z ok 201 - unstarted, zero-answer, paused and complete practice remain distinct and can resume once
2026-10-08T14:49:48.1840394Z   ---
2026-10-08T14:49:48.1840584Z   duration_ms: 3.283853
2026-10-08T14:49:48.1840761Z   ...
2026-10-08T14:49:48.1841109Z # Subtest: all-correct and all-missed completed traces use canonical answer indices
2026-10-08T14:49:48.1841586Z ok 202 - all-correct and all-missed completed traces use canonical answer indices
2026-10-08T14:49:48.1841886Z   ---
2026-10-08T14:49:48.1842044Z   duration_ms: 2.024965
2026-10-08T14:49:48.1842215Z   ...
2026-10-08T14:49:48.1842537Z # Subtest: incomplete, duplicate, unknown and out-of-range first answers are refused
2026-10-08T14:49:48.1843019Z ok 203 - incomplete, duplicate, unknown and out-of-range first answers are refused
2026-10-08T14:49:48.1843308Z   ---
2026-10-08T14:49:48.1843460Z   duration_ms: 6.799134
2026-10-08T14:49:48.1843624Z   ...
2026-10-08T14:49:48.1844002Z # Subtest: a different course revision cannot replace the current deck; property order is immaterial
2026-10-08T14:49:48.1844563Z ok 204 - a different course revision cannot replace the current deck; property order is immaterial
2026-10-08T14:49:48.1845021Z   ---
2026-10-08T14:49:48.1845180Z   duration_ms: 2.939381
2026-10-08T14:49:48.1845360Z   ...
2026-10-08T14:49:48.1845719Z # Subtest: changed model parameters, rounded estimates and incompatible versions are refused
2026-10-08T14:49:48.1846240Z ok 205 - changed model parameters, rounded estimates and incompatible versions are refused
2026-10-08T14:49:48.1846554Z   ---
2026-10-08T14:49:48.1846705Z   duration_ms: 6.12958
2026-10-08T14:49:48.1846884Z   ...
2026-10-08T14:49:48.1847229Z # Subtest: practice replay refuses duplicate, reordered, correct-first and extra answers
2026-10-08T14:49:48.1847729Z ok 206 - practice replay refuses duplicate, reordered, correct-first and extra answers
2026-10-08T14:49:48.1848039Z   ---
2026-10-08T14:49:48.1848198Z   duration_ms: 5.362242
2026-10-08T14:49:48.1848371Z   ...
2026-10-08T14:49:48.1848706Z # Subtest: bounded parsing refuses invalid JSON and oversized UTF-8 before exposing state
2026-10-08T14:49:48.1849217Z ok 207 - bounded parsing refuses invalid JSON and oversized UTF-8 before exposing state
2026-10-08T14:49:48.1849522Z   ---
2026-10-08T14:49:48.1849673Z   duration_ms: 3.947458
2026-10-08T14:49:48.1849844Z   ...
2026-10-08T14:49:48.1850196Z # Subtest: the downloadable course is the exact admitted course, without external dependencies
2026-10-08T14:49:48.1850921Z ok 208 - the downloadable course is the exact admitted course, without external dependencies
2026-10-08T14:49:48.1851245Z   ---
2026-10-08T14:49:48.1851399Z   duration_ms: 1.440818
2026-10-08T14:49:48.1851565Z   ...
2026-10-08T14:49:48.1851885Z # Subtest: rebuilding the embedded course preserves already current standalone bytes
2026-10-08T14:49:48.1852360Z ok 209 - rebuilding the embedded course preserves already current standalone bytes
2026-10-08T14:49:48.1852663Z   ---
2026-10-08T14:49:48.1852819Z   duration_ms: 46.934378
2026-10-08T14:49:48.1852998Z   ...
2026-10-08T14:49:48.1853315Z # Subtest: the course example retains a component and reconstructs the exact original
2026-10-08T14:49:48.1853798Z ok 210 - the course example retains a component and reconstructs the exact original
2026-10-08T14:49:48.1854093Z   ---
2026-10-08T14:49:48.1854362Z   duration_ms: 1.03068
2026-10-08T14:49:48.1854532Z   ...
2026-10-08T14:49:48.1854856Z # Subtest: the geometric line is unchanged by a positive or negative direction rescaling
2026-10-08T14:49:48.1855339Z ok 211 - the geometric line is unchanged by a positive or negative direction rescaling
2026-10-08T14:49:48.1855639Z   ---
2026-10-08T14:49:48.1855795Z   duration_ms: 0.439372
2026-10-08T14:49:48.1855970Z   ...
2026-10-08T14:49:48.1856303Z # Subtest: perpendicular, parallel, axis-aligned and zero-original cases remain defined
2026-10-08T14:49:48.1856799Z ok 212 - perpendicular, parallel, axis-aligned and zero-original cases remain defined
2026-10-08T14:49:48.1857108Z   ---
2026-10-08T14:49:48.1857259Z   duration_ms: 0.446343
2026-10-08T14:49:48.1857423Z   ...
2026-10-08T14:49:48.1857740Z # Subtest: malformed, missing, out-of-domain and zero direction values are refused
2026-10-08T14:49:48.1858196Z ok 213 - malformed, missing, out-of-domain and zero direction values are refused
2026-10-08T14:49:48.1858483Z   ---
2026-10-08T14:49:48.1858637Z   duration_ms: 1.687605
2026-10-08T14:49:48.1858800Z   ...
2026-10-08T14:49:48.1859072Z # Subtest: calculation does not mutate or alias its input coordinates
2026-10-08T14:49:48.1859469Z ok 214 - calculation does not mutate or alias its input coordinates
2026-10-08T14:49:48.1859726Z   ---
2026-10-08T14:49:48.1859876Z   duration_ms: 0.271723
2026-10-08T14:49:48.1860042Z   ...
2026-10-08T14:49:48.1860576Z # Subtest: 2,000 independently checked geometries satisfy the projection characterization and plot bounds
2026-10-08T14:49:48.1861179Z ok 215 - 2,000 independently checked geometries satisfy the projection characterization and plot bounds
2026-10-08T14:49:48.1861537Z   ---
2026-10-08T14:49:48.1861689Z   duration_ms: 25.121015
2026-10-08T14:49:48.1861974Z   ...
2026-10-08T14:49:48.1862336Z # Subtest: course has twelve original items, two per concept, with a balanced canonical answer key
2026-10-08T14:49:48.1862876Z ok 216 - course has twelve original items, two per concept, with a balanced canonical answer key
2026-10-08T14:49:48.1863199Z   ---
2026-10-08T14:49:48.1863355Z   duration_ms: 1.937956
2026-10-08T14:49:48.1863520Z   ...
2026-10-08T14:49:48.1863846Z # Subtest: displacement subtracts the starting point, including its negative component
2026-10-08T14:49:48.1864333Z ok 217 - displacement subtracts the starting point, including its negative component
2026-10-08T14:49:48.1864632Z   ---
2026-10-08T14:49:48.1864779Z   duration_ms: 0.594592
2026-10-08T14:49:48.1864946Z   ...
2026-10-08T14:49:48.1865281Z # Subtest: sequential displacements combine componentwise and retain the same final point
2026-10-08T14:49:48.1865786Z ok 218 - sequential displacements combine componentwise and retain the same final point
2026-10-08T14:49:48.1866097Z   ---
2026-10-08T14:49:48.1866251Z   duration_ms: 0.265074
2026-10-08T14:49:48.1866414Z   ...
2026-10-08T14:49:48.1866734Z # Subtest: Euclidean length is the square root of the sum of squared components
2026-10-08T14:49:48.1867180Z ok 219 - Euclidean length is the square root of the sum of squared components
2026-10-08T14:49:48.1867467Z   ---
2026-10-08T14:49:48.1867618Z   duration_ms: 0.203061
2026-10-08T14:49:48.1867788Z   ...
2026-10-08T14:49:48.1868102Z # Subtest: the unit direction has length one and preserves the original orientation
2026-10-08T14:49:48.1868574Z ok 220 - the unit direction has length one and preserves the original orientation
2026-10-08T14:49:48.1868867Z   ---
2026-10-08T14:49:48.1869021Z   duration_ms: 0.286706
2026-10-08T14:49:48.1869189Z   ...
2026-10-08T14:49:48.1869465Z # Subtest: the two nonzero perpendicular vectors have zero dot product
2026-10-08T14:49:48.1869858Z ok 221 - the two nonzero perpendicular vectors have zero dot product
2026-10-08T14:49:48.1870126Z   ---
2026-10-08T14:49:48.1870435Z   duration_ms: 0.182892
2026-10-08T14:49:48.1870631Z   ...
2026-10-08T14:49:48.1870935Z # Subtest: a unit-axis component retains the sign of the projected displacement
2026-10-08T14:49:48.1871487Z ok 222 - a unit-axis component retains the sign of the projected displacement
2026-10-08T14:49:48.1871780Z   ---
2026-10-08T14:49:48.1871929Z   duration_ms: 0.205255
2026-10-08T14:49:48.1872095Z   ...
2026-10-08T14:49:48.1872474Z # Subtest: the projection lies on the nonunit direction line and leaves an orthogonal residual
2026-10-08T14:49:48.1873000Z ok 223 - the projection lies on the nonunit direction line and leaves an orthogonal residual
2026-10-08T14:49:48.1873308Z   ---
2026-10-08T14:49:48.1873462Z   duration_ms: 0.297181
2026-10-08T14:49:48.1873626Z   ...
2026-10-08T14:49:48.1873927Z # Subtest: the requested residual reconstructs b as well as being perpendicular
2026-10-08T14:49:48.1874362Z ok 224 - the requested residual reconstructs b as well as being perpendicular
2026-10-08T14:49:48.1874649Z   ---
2026-10-08T14:49:48.1874805Z   duration_ms: 0.333966
2026-10-08T14:49:48.1874982Z   ...
2026-10-08T14:49:48.1875289Z # Subtest: row dot products implement the stated column-vector matrix convention
2026-10-08T14:49:48.1875741Z ok 225 - row dot products implement the stated column-vector matrix convention
2026-10-08T14:49:48.1876026Z   ---
2026-10-08T14:49:48.1876175Z   duration_ms: 0.3303
2026-10-08T14:49:48.1876346Z   ...
2026-10-08T14:49:48.1876649Z # Subtest: basis images retain the coefficients of the input linear combination
2026-10-08T14:49:48.1877078Z ok 226 - basis images retain the coefficients of the input linear combination
2026-10-08T14:49:48.1877351Z   ---
2026-10-08T14:49:48.1877502Z   duration_ms: 0.190863
2026-10-08T14:49:48.1877665Z   ...
2026-10-08T14:49:48.1877965Z # Subtest: rotation before horizontal stretch differs from the reverse order
2026-10-08T14:49:48.1878397Z ok 227 - rotation before horizontal stretch differs from the reverse order
2026-10-08T14:49:48.1878681Z   ---
2026-10-08T14:49:48.1878946Z   duration_ms: 0.231653
2026-10-08T14:49:48.1879115Z   ...
2026-10-08T14:49:48.1879389Z # Subtest: the stated distinct inputs collide under the flattening map
2026-10-08T14:49:48.1879785Z ok 228 - the stated distinct inputs collide under the flattening map
2026-10-08T14:49:48.1880053Z   ---
2026-10-08T14:49:48.1880203Z   duration_ms: 0.193047
2026-10-08T14:49:48.1880523Z   ...
2026-10-08T14:49:48.1880670Z 1..228
2026-10-08T14:49:48.1880825Z # tests 240
2026-10-08T14:49:48.1880978Z # suites 0
2026-10-08T14:49:48.1881130Z # pass 240
2026-10-08T14:49:48.1881286Z # fail 0
2026-10-08T14:49:48.1881437Z # cancelled 0
2026-10-08T14:49:48.1881597Z # skipped 0
2026-10-08T14:49:48.1881748Z # todo 0
2026-10-08T14:49:48.1881913Z # duration_ms 1343.09843
2026-10-08T14:49:48.1914579Z ##[group]Run cp demo.html /tmp/demo-before.html
2026-10-08T14:49:48.1914887Z [36;1mcp demo.html /tmp/demo-before.html[0m
2026-10-08T14:49:48.1915136Z [36;1mpython3 tools/make_demo.py[0m
2026-10-08T14:49:48.1915597Z [36;1mcmp /tmp/demo-before.html demo.html || { echo "demo.html is stale: run 'python3 tools/make_demo.py' and commit the result"; exit 1; }[0m
2026-10-08T14:49:48.1973856Z shell: /usr/bin/bash -e {0}
2026-10-08T14:49:48.1974081Z ##[endgroup]
2026-10-08T14:49:48.2256751Z Built /home/runner/work/RecallWeave/RecallWeave/demo.html (81178 bytes)
2026-10-08T14:49:48.2384961Z Post job cleanup.
2026-10-08T14:49:48.3370909Z (node:2512) [DEP0040] DeprecationWarning: The `punycode` module is deprecated. Please use a userland alternative instead.
2026-10-08T14:49:48.3371948Z (Use `node --trace-deprecation ...` to show where the warning was created)
2026-10-08T14:49:48.3549656Z Post job cleanup.
2026-10-08T14:49:48.4248200Z [command]/usr/bin/git version
2026-10-08T14:49:48.4284055Z git version 2.55.0
2026-10-08T14:49:48.4315483Z Temporarily overriding HOME='/home/runner/work/_temp/0dd7b493-eef1-46c9-8b12-2ffcc499fb8d' before making global git config changes
2026-10-08T14:49:48.4316707Z Adding repository directory to the temporary git global config as a safe directory
2026-10-08T14:49:48.4319977Z [command]/usr/bin/git config --global --add safe.directory /home/runner/work/RecallWeave/RecallWeave
2026-10-08T14:49:48.4357384Z [command]/usr/bin/git config --local --name-only --get-regexp core\.sshCommand
2026-10-08T14:49:48.4387572Z [command]/usr/bin/git submodule foreach --recursive sh -c "git config --local --name-only --get-regexp 'core\.sshCommand' && git config --local --unset-all 'core.sshCommand' || :"
2026-10-08T14:49:48.4597846Z [command]/usr/bin/git config --local --name-only --get-regexp http\.https\:\/\/github\.com\/\.extraheader
2026-10-08T14:49:48.4620358Z http.https://github.com/.extraheader
2026-10-08T14:49:48.4629472Z [command]/usr/bin/git config --local --unset-all http.https://github.com/.extraheader
2026-10-08T14:49:48.4666281Z [command]/usr/bin/git submodule foreach --recursive sh -c "git config --local --name-only --get-regexp 'http\.https\:\/\/github\.com\/\.extraheader' && git config --local --unset-all 'http.https://github.com/.extraheader' || :"
2026-10-08T14:49:48.4878276Z [command]/usr/bin/git config --local --name-only --get-regexp ^includeIf\.gitdir:
2026-10-08T14:49:48.4908907Z [command]/usr/bin/git submodule foreach --recursive git config --local --show-origin --name-only --get-regexp remote.origin.url
2026-10-08T14:49:48.5238572Z Cleaning up orphan processes
2026-10-08T14:49:48.5495984Z ##[warning]Node.js 20 is deprecated. The following actions target Node.js 20 but are being forced to run on Node.js 24: actions/checkout@11d5960a326750d5838078e36cf38b85af677262, actions/setup-node@49933ea5288caeca8642d1e84afbd3f7d6820020. For more information see: https://github.blog/changelog/2025-09-19-deprecation-of-node-20-on-github-actions-runners/
