2026-10-08T14:36:56.9698354Z Current runner version: '2.337.0'
2026-10-08T14:36:56.9717509Z ##[group]Runner Image Provisioner
2026-10-08T14:36:56.9718139Z Hosted Compute Agent
2026-10-08T14:36:56.9718519Z Version: 20261002.596
2026-10-08T14:36:56.9718879Z Commit: c3d12f3313a95f25162a1503be624f3b0617f8c0
2026-10-08T14:36:56.9719348Z Build Date: 2026-10-02T22:28:27Z
2026-10-08T14:36:56.9719748Z Worker ID: {93fbf984-86c8-4a3e-b211-3abf20aa33b3}
2026-10-08T14:36:56.9720180Z Region: westus3
2026-10-08T14:36:56.9720524Z Cloud: Azure
2026-10-08T14:36:56.9721042Z ##[endgroup]
2026-10-08T14:36:56.9721857Z ##[group]Operating System
2026-10-08T14:36:56.9722214Z Ubuntu
2026-10-08T14:36:56.9722587Z 24.04.5
2026-10-08T14:36:56.9722936Z LTS
2026-10-08T14:36:56.9723246Z ##[endgroup]
2026-10-08T14:36:56.9723603Z ##[group]Runner Image
2026-10-08T14:36:56.9723954Z Image: ubuntu-24.04
2026-10-08T14:36:56.9724282Z Version: 20261004.327.1
2026-10-08T14:36:56.9725103Z Included Software: https://github.com/actions/runner-images/blob/ubuntu24/20261004.327/images/ubuntu/Ubuntu2404-Readme.md
2026-10-08T14:36:56.9726013Z Image Release: https://github.com/actions/runner-images/releases/tag/ubuntu24%2F20261004.327
2026-10-08T14:36:56.9726560Z ##[endgroup]
2026-10-08T14:36:56.9727267Z ##[group]GITHUB_TOKEN Permissions
2026-10-08T14:36:56.9728477Z Contents: read
2026-10-08T14:36:56.9728802Z Metadata: read
2026-10-08T14:36:56.9729194Z ##[endgroup]
2026-10-08T14:36:56.9730540Z Secret source: Actions
2026-10-08T14:36:56.9731299Z Cache mode: write
2026-10-08T14:36:56.9731719Z Prepare workflow directory
2026-10-08T14:36:56.9944856Z Prepare all required actions
2026-10-08T14:36:56.9976527Z Getting action download info
2026-10-08T14:36:57.2961252Z Download action repository 'actions/checkout@11d5960a326750d5838078e36cf38b85af677262' (SHA:11d5960a326750d5838078e36cf38b85af677262)
2026-10-08T14:36:57.3643212Z Download action repository 'actions/setup-node@49933ea5288caeca8642d1e84afbd3f7d6820020' (SHA:49933ea5288caeca8642d1e84afbd3f7d6820020)
2026-10-08T14:36:57.8178296Z Complete job name: node-test
2026-10-08T14:36:57.8650604Z ##[group]Run actions/checkout@11d5960a326750d5838078e36cf38b85af677262
2026-10-08T14:36:57.8651306Z with:
2026-10-08T14:36:57.8651556Z   repository: Jacob-Met/RecallWeave
2026-10-08T14:36:57.8653634Z   token: ***
2026-10-08T14:36:57.8653868Z   ssh-strict: true
2026-10-08T14:36:57.8654113Z   ssh-user: git
2026-10-08T14:36:57.8654361Z   persist-credentials: true
2026-10-08T14:36:57.8654631Z   clean: true
2026-10-08T14:36:57.8654879Z   sparse-checkout-cone-mode: true
2026-10-08T14:36:57.8655166Z   fetch-depth: 1
2026-10-08T14:36:57.8655408Z   fetch-tags: false
2026-10-08T14:36:57.8655659Z   show-progress: true
2026-10-08T14:36:57.8655908Z   lfs: false
2026-10-08T14:36:57.8656139Z   submodules: false
2026-10-08T14:36:57.8656388Z   set-safe-directory: true
2026-10-08T14:36:57.8656671Z   allow-unsafe-pr-checkout: false
2026-10-08T14:36:57.8657023Z ##[endgroup]
2026-10-08T14:36:57.9333730Z Syncing repository: Jacob-Met/RecallWeave
2026-10-08T14:36:57.9335316Z ##[group]Getting Git version info
2026-10-08T14:36:57.9335892Z Working directory is '/home/runner/work/RecallWeave/RecallWeave'
2026-10-08T14:36:57.9336674Z [command]/usr/bin/git version
2026-10-08T14:36:57.9408720Z git version 2.55.0
2026-10-08T14:36:57.9423371Z ##[endgroup]
2026-10-08T14:36:57.9434363Z Temporarily overriding HOME='/home/runner/work/_temp/0f05027b-1d2c-4921-9d1d-1621ac80a0e6' before making global git config changes
2026-10-08T14:36:57.9435737Z Adding repository directory to the temporary git global config as a safe directory
2026-10-08T14:36:57.9438280Z [command]/usr/bin/git config --global --add safe.directory /home/runner/work/RecallWeave/RecallWeave
2026-10-08T14:36:57.9510442Z Deleting the contents of '/home/runner/work/RecallWeave/RecallWeave'
2026-10-08T14:36:57.9511665Z ##[group]Initializing the repository
2026-10-08T14:36:57.9512305Z [command]/usr/bin/git init /home/runner/work/RecallWeave/RecallWeave
2026-10-08T14:36:57.9633775Z hint: Using 'master' as the name for the initial branch. This default branch name
2026-10-08T14:36:57.9635643Z hint: will change to "main" in Git 3.0. To configure the initial branch name
2026-10-08T14:36:57.9636709Z hint: to use in all of your new repositories, which will suppress this warning,
2026-10-08T14:36:57.9637706Z hint: call:
2026-10-08T14:36:57.9638052Z hint:
2026-10-08T14:36:57.9638506Z hint: 	git config --global init.defaultBranch <name>
2026-10-08T14:36:57.9639041Z hint:
2026-10-08T14:36:57.9639542Z hint: Names commonly chosen instead of 'master' are 'main', 'trunk' and
2026-10-08T14:36:57.9640363Z hint: 'development'. The just-created branch can be renamed via this command:
2026-10-08T14:36:57.9651827Z hint:
2026-10-08T14:36:57.9652221Z hint: 	git branch -m <name>
2026-10-08T14:36:57.9652634Z hint:
2026-10-08T14:36:57.9653183Z hint: Disable this message with "git config set advice.defaultBranchName false"
2026-10-08T14:36:57.9654138Z Initialized empty Git repository in /home/runner/work/RecallWeave/RecallWeave/.git/
2026-10-08T14:36:57.9655785Z [command]/usr/bin/git remote add origin https://github.com/Jacob-Met/RecallWeave
2026-10-08T14:36:57.9702577Z ##[endgroup]
2026-10-08T14:36:57.9703245Z ##[group]Disabling automatic garbage collection
2026-10-08T14:36:57.9705401Z [command]/usr/bin/git config --local gc.auto 0
2026-10-08T14:36:57.9764941Z ##[endgroup]
2026-10-08T14:36:57.9765613Z ##[group]Setting up auth
2026-10-08T14:36:57.9771101Z [command]/usr/bin/git config --local --name-only --get-regexp core\.sshCommand
2026-10-08T14:36:57.9804315Z [command]/usr/bin/git submodule foreach --recursive sh -c "git config --local --name-only --get-regexp 'core\.sshCommand' && git config --local --unset-all 'core.sshCommand' || :"
2026-10-08T14:36:58.0076828Z [command]/usr/bin/git config --local --name-only --get-regexp http\.https\:\/\/github\.com\/\.extraheader
2026-10-08T14:36:58.0107428Z [command]/usr/bin/git submodule foreach --recursive sh -c "git config --local --name-only --get-regexp 'http\.https\:\/\/github\.com\/\.extraheader' && git config --local --unset-all 'http.https://github.com/.extraheader' || :"
2026-10-08T14:36:58.0291899Z [command]/usr/bin/git config --local --name-only --get-regexp ^includeIf\.gitdir:
2026-10-08T14:36:58.0326973Z [command]/usr/bin/git submodule foreach --recursive git config --local --show-origin --name-only --get-regexp remote.origin.url
2026-10-08T14:36:58.0524913Z [command]/usr/bin/git config --local http.https://github.com/.extraheader AUTHORIZATION: basic ***
2026-10-08T14:36:58.0564681Z ##[endgroup]
2026-10-08T14:36:58.0565136Z ##[group]Fetching the repository
2026-10-08T14:36:58.0573466Z [command]/usr/bin/git -c protocol.version=2 fetch --no-tags --prune --no-recurse-submodules --depth=1 origin +cdfe6cce01e05c2a00e685947dd9668ddc05d00a:refs/remotes/pull/38/merge
2026-10-08T14:37:00.1034959Z From https://github.com/Jacob-Met/RecallWeave
2026-10-08T14:37:00.1036524Z  * [new ref]         cdfe6cce01e05c2a00e685947dd9668ddc05d00a -> pull/38/merge
2026-10-08T14:37:00.1040010Z ##[endgroup]
2026-10-08T14:37:00.1041592Z ##[group]Determining the checkout info
2026-10-08T14:37:00.1043107Z ##[endgroup]
2026-10-08T14:37:00.1054144Z [command]/usr/bin/git sparse-checkout disable
2026-10-08T14:37:00.1153018Z [command]/usr/bin/git config --local --unset-all extensions.worktreeConfig
2026-10-08T14:37:00.1181990Z ##[group]Checking out the ref
2026-10-08T14:37:00.1185162Z [command]/usr/bin/git checkout --progress --force refs/remotes/pull/38/merge
2026-10-08T14:37:00.2055546Z Note: switching to 'refs/remotes/pull/38/merge'.
2026-10-08T14:37:00.2056272Z 
2026-10-08T14:37:00.2056787Z You are in 'detached HEAD' state. You can look around, make experimental
2026-10-08T14:37:00.2058044Z changes and commit them, and you can discard any commits you make in this
2026-10-08T14:37:00.2059297Z state without impacting any branches by switching back to a branch.
2026-10-08T14:37:00.2060057Z 
2026-10-08T14:37:00.2060550Z If you want to create a new branch to retain commits you create, you may
2026-10-08T14:37:00.2061900Z do so (now or later) by using -c with the switch command. Example:
2026-10-08T14:37:00.2062785Z 
2026-10-08T14:37:00.2063056Z   git switch -c <new-branch-name>
2026-10-08T14:37:00.2063501Z 
2026-10-08T14:37:00.2063802Z Or undo this operation with:
2026-10-08T14:37:00.2064304Z 
2026-10-08T14:37:00.2064627Z   git switch -
2026-10-08T14:37:00.2065081Z 
2026-10-08T14:37:00.2065743Z Turn off this advice by setting config variable advice.detachedHead to false
2026-10-08T14:37:00.2066646Z 
2026-10-08T14:37:00.2067849Z HEAD is now at cdfe6cc Merge 2ad7d8170082ba97699941ed5b9023418a2a28f1 into 3cdebd86e69506709bcaeaeff4026deb3d1fc208
2026-10-08T14:37:00.2073429Z ##[endgroup]
2026-10-08T14:37:00.2113290Z [command]/usr/bin/git log -1 --format=%H
2026-10-08T14:37:00.2137004Z cdfe6cce01e05c2a00e685947dd9668ddc05d00a
2026-10-08T14:37:00.2461256Z ##[group]Run actions/setup-node@49933ea5288caeca8642d1e84afbd3f7d6820020
2026-10-08T14:37:00.2462297Z with:
2026-10-08T14:37:00.2462830Z   node-version: 20
2026-10-08T14:37:00.2463405Z   always-auth: false
2026-10-08T14:37:00.2464019Z   check-latest: false
2026-10-08T14:37:00.2470047Z   token: ***
2026-10-08T14:37:00.2470597Z ##[endgroup]
2026-10-08T14:37:00.3517929Z Attempting to download 20...
2026-10-08T14:37:00.3591632Z (node:2104) [DEP0040] DeprecationWarning: The `punycode` module is deprecated. Please use a userland alternative instead.
2026-10-08T14:37:00.3593753Z (Use `node --trace-deprecation ...` to show where the warning was created)
2026-10-08T14:37:01.6546590Z Acquiring 20.20.2 - x64 from https://github.com/actions/node-versions/releases/download/20.20.2-23521894959/node-20.20.2-linux-x64.tar.gz
2026-10-08T14:37:02.2081559Z Extracting ...
2026-10-08T14:37:02.2167988Z [command]/usr/bin/tar xz --strip 1 --warning=no-unknown-keyword --overwrite -C /home/runner/work/_temp/4f66c05d-5e01-4443-8d7a-b6dd28b31216 -f /home/runner/work/_temp/89a47bd4-3948-430b-880e-7b421dec1021
2026-10-08T14:37:02.9833555Z Adding to the cache ...
2026-10-08T14:37:04.6269805Z ##[group]Environment details
2026-10-08T14:37:04.7748380Z node: v20.20.2
2026-10-08T14:37:04.7748914Z npm: 10.8.2
2026-10-08T14:37:04.7749093Z yarn: 1.22.22
2026-10-08T14:37:04.7749674Z ##[endgroup]
2026-10-08T14:37:04.7912255Z ##[group]Run node --test tests/*.test.mjs
2026-10-08T14:37:04.7912533Z [36;1mnode --test tests/*.test.mjs[0m
2026-10-08T14:37:04.8115834Z shell: /usr/bin/bash -e {0}
2026-10-08T14:37:04.8116039Z ##[endgroup]
2026-10-08T14:37:04.8511043Z TAP version 13
2026-10-08T14:37:04.8893082Z # Subtest: display orders retain every canonical option exactly once and are immutable
2026-10-08T14:37:04.8900598Z ok 1 - display orders retain every canonical option exactly once and are immutable
2026-10-08T14:37:04.8921679Z   ---
2026-10-08T14:37:04.8921999Z   duration_ms: 6.466634
2026-10-08T14:37:04.8922235Z   ...
2026-10-08T14:37:04.8922819Z # Subtest: a stable source replays an order and changed input can put the answer in every display position
2026-10-08T14:37:04.8923559Z ok 2 - a stable source replays an order and changed input can put the answer in every display position
2026-10-08T14:37:04.8923900Z   ---
2026-10-08T14:37:04.8924027Z   duration_ms: 0.862365
2026-10-08T14:37:04.8924224Z   ...
2026-10-08T14:37:04.8924550Z # Subtest: invalid counts or random values cannot produce duplicate, missing, or unaddressable choices
2026-10-08T14:37:04.8924984Z ok 3 - invalid counts or random values cannot produce duplicate, missing, or unaddressable choices
2026-10-08T14:37:04.8925250Z   ---
2026-10-08T14:37:04.8925364Z   duration_ms: 0.29234
2026-10-08T14:37:04.8925490Z   ...
2026-10-08T14:37:04.8926211Z # Subtest: varied displayed choices keep review, corrected practice and study notes tied to their original text
2026-10-08T14:37:04.8926834Z ok 4 - varied displayed choices keep review, corrected practice and study notes tied to their original text
2026-10-08T14:37:04.8927096Z   ---
2026-10-08T14:37:04.8927208Z   duration_ms: 7.976782
2026-10-08T14:37:04.8927334Z   ...
2026-10-08T14:37:04.9084420Z # Subtest: the direct-file author page is generated from all current author modules
2026-10-08T14:37:04.9090144Z ok 5 - the direct-file author page is generated from all current author modules
2026-10-08T14:37:04.9091238Z   ---
2026-10-08T14:37:04.9091954Z   duration_ms: 36.152113
2026-10-08T14:37:04.9092334Z   ...
2026-10-08T14:37:04.9209527Z # Subtest: the binary-search course round-trips through the published deck contract
2026-10-08T14:37:04.9223346Z ok 6 - the binary-search course round-trips through the published deck contract
2026-10-08T14:37:04.9259872Z   ---
2026-10-08T14:37:04.9268971Z   duration_ms: 2.430791
2026-10-08T14:37:04.9269580Z   ...
2026-10-08T14:37:04.9270294Z # Subtest: worked first-occurrence and absent examples agree with an independent linear partition
2026-10-08T14:37:04.9271527Z ok 7 - worked first-occurrence and absent examples agree with an independent linear partition
2026-10-08T14:37:04.9272152Z   ---
2026-10-08T14:37:04.9272519Z   duration_ms: 0.176486
2026-10-08T14:37:04.9272880Z   ...
2026-10-08T14:37:04.9273946Z # Subtest: midpoint and branch answers use the course’s half-open interval convention
2026-10-08T14:37:04.9274938Z ok 8 - midpoint and branch answers use the course’s half-open interval convention
2026-10-08T14:37:04.9275464Z   ---
2026-10-08T14:37:04.9275801Z   duration_ms: 0.2065
2026-10-08T14:37:04.9276150Z   ...
2026-10-08T14:37:04.9276704Z # Subtest: the worked trace and worst-case count follow strictly shrinking intervals
2026-10-08T14:37:04.9277472Z ok 9 - the worked trace and worst-case count follow strictly shrinking intervals
2026-10-08T14:37:04.9278058Z   ---
2026-10-08T14:37:04.9278398Z   duration_ms: 6.917461
2026-10-08T14:37:04.9278757Z   ...
2026-10-08T14:37:04.9279358Z # Subtest: the actual adaptive learner visits every new question and preserves worked feedback
2026-10-08T14:37:04.9280195Z ok 10 - the actual adaptive learner visits every new question and preserves worked feedback
2026-10-08T14:37:04.9281017Z   ---
2026-10-08T14:37:04.9281355Z   duration_ms: 11.08441
2026-10-08T14:37:04.9281705Z   ...
2026-10-08T14:37:04.9679292Z # Subtest: the direct-file handout page is generated from the current validator, document and UI sources
2026-10-08T14:37:04.9685064Z ok 11 - the direct-file handout page is generated from the current validator, document and UI sources
2026-10-08T14:37:04.9685838Z   ---
2026-10-08T14:37:04.9686241Z   duration_ms: 30.304915
2026-10-08T14:37:04.9686602Z   ...
2026-10-08T14:37:04.9816456Z # Subtest: worksheet projection contains only original public question fields in canonical order
2026-10-08T14:37:04.9842152Z ok 12 - worksheet projection contains only original public question fields in canonical order
2026-10-08T14:37:04.9842671Z   ---
2026-10-08T14:37:04.9842880Z   duration_ms: 2.188437
2026-10-08T14:37:04.9843089Z   ...
2026-10-08T14:37:04.9843568Z # Subtest: separate answer key maps B, A and F to the original two, four and six option arrays
2026-10-08T14:37:04.9844256Z ok 13 - separate answer key maps B, A and F to the original two, four and six option arrays
2026-10-08T14:37:04.9844654Z   ---
2026-10-08T14:37:04.9845068Z   duration_ms: 0.283796
2026-10-08T14:37:04.9845273Z   ...
2026-10-08T14:37:04.9845716Z # Subtest: projection is a frozen snapshot and cannot mutate or alias the selected deck
2026-10-08T14:37:04.9846331Z ok 14 - projection is a frozen snapshot and cannot mutate or alias the selected deck
2026-10-08T14:37:04.9846698Z   ---
2026-10-08T14:37:04.9846884Z   duration_ms: 0.670226
2026-10-08T14:37:04.9847084Z   ...
2026-10-08T14:37:04.9847493Z # Subtest: downloaded worksheet JSON and HTML omit authored answers and explanations
2026-10-08T14:37:04.9848092Z ok 15 - downloaded worksheet JSON and HTML omit authored answers and explanations
2026-10-08T14:37:04.9848453Z   ---
2026-10-08T14:37:04.9848635Z   duration_ms: 0.746521
2026-10-08T14:37:04.9848839Z   ...
2026-10-08T14:37:04.9849257Z # Subtest: downloaded answer key carries exact authored answers, explanations and credit
2026-10-08T14:37:04.9849878Z ok 16 - downloaded answer key carries exact authored answers, explanations and credit
2026-10-08T14:37:04.9850830Z   ---
2026-10-08T14:37:04.9851010Z   duration_ms: 0.43963
2026-10-08T14:37:04.9851208Z   ...
2026-10-08T14:37:04.9851778Z # Subtest: literal Unicode, markup, line endings and script delimiters survive JSON without becoming executable markup
2026-10-08T14:37:04.9852617Z ok 17 - literal Unicode, markup, line endings and script delimiters survive JSON without becoming executable markup
2026-10-08T14:37:04.9853077Z   ---
2026-10-08T14:37:04.9853257Z   duration_ms: 1.756769
2026-10-08T14:37:04.9853457Z   ...
2026-10-08T14:37:04.9853894Z # Subtest: real Deck studio checked downloads retain reordered questions and answer identity
2026-10-08T14:37:04.9854540Z ok 18 - real Deck studio checked downloads retain reordered questions and answer identity
2026-10-08T14:37:04.9854923Z   ---
2026-10-08T14:37:04.9855105Z   duration_ms: 0.838289
2026-10-08T14:37:04.9855308Z   ...
2026-10-08T14:37:04.9855714Z # Subtest: real parser rejects malformed, unsupported and oversized local deck input
2026-10-08T14:37:04.9856331Z ok 19 - real parser rejects malformed, unsupported and oversized local deck input
2026-10-08T14:37:04.9856687Z   ---
2026-10-08T14:37:04.9856869Z   duration_ms: 1.013622
2026-10-08T14:37:04.9857059Z   ...
2026-10-08T14:37:04.9857529Z # Subtest: handout creation refuses invalid deck answers instead of producing an untrustworthy key
2026-10-08T14:37:04.9858244Z ok 20 - handout creation refuses invalid deck answers instead of producing an untrustworthy key
2026-10-08T14:37:04.9858655Z   ---
2026-10-08T14:37:04.9858831Z   duration_ms: 0.376396
2026-10-08T14:37:04.9859029Z   ...
2026-10-08T14:37:04.9859479Z # Subtest: document modes are explicit and invalid choices never silently produce an answer key
2026-10-08T14:37:04.9860150Z ok 21 - document modes are explicit and invalid choices never silently produce an answer key
2026-10-08T14:37:04.9860537Z   ---
2026-10-08T14:37:04.9860917Z   duration_ms: 0.422635
2026-10-08T14:37:04.9861120Z   ...
2026-10-08T14:37:04.9861476Z # Subtest: worksheet and key filenames are distinct bounded local names
2026-10-08T14:37:04.9862225Z ok 22 - worksheet and key filenames are distinct bounded local names
2026-10-08T14:37:04.9862558Z   ---
2026-10-08T14:37:04.9862743Z   duration_ms: 0.286471
2026-10-08T14:37:04.9862949Z   ...
2026-10-08T14:37:04.9863416Z # Subtest: repeat exports are deterministic and leave the original selected JSON unchanged
2026-10-08T14:37:04.9864098Z ok 23 - repeat exports are deterministic and leave the original selected JSON unchanged
2026-10-08T14:37:04.9864472Z   ---
2026-10-08T14:37:04.9864652Z   duration_ms: 0.361353
2026-10-08T14:37:04.9864865Z   ...
2026-10-08T14:37:05.1466361Z # Subtest: unfinished and completely empty drafts save without claiming lesson validity
2026-10-08T14:37:05.1490308Z ok 24 - unfinished and completely empty drafts save without claiming lesson validity
2026-10-08T14:37:05.1521301Z   ---
2026-10-08T14:37:05.1523284Z   duration_ms: 4.209133
2026-10-08T14:37:05.1523688Z   ...
2026-10-08T14:37:05.1524311Z # Subtest: duplicate text, cyclic and self prerequisites, and unfinished selections survive for repair
2026-10-08T14:37:05.1525928Z ok 25 - duplicate text, cyclic and self prerequisites, and unfinished selections survive for repair
2026-10-08T14:37:05.1526468Z   ---
2026-10-08T14:37:05.1526742Z   duration_ms: 1.040192
2026-10-08T14:37:05.1527025Z   ...
2026-10-08T14:37:05.1527645Z # Subtest: ready imported lessons retain public IDs, ordered content, answer identity and checked bytes
2026-10-08T14:37:05.1528498Z ok 26 - ready imported lessons retain public IDs, ordered content, answer identity and checked bytes
2026-10-08T14:37:05.1529016Z   ---
2026-10-08T14:37:05.1529281Z   duration_ms: 1.110307
2026-10-08T14:37:05.1529562Z   ...
2026-10-08T14:37:05.1530157Z # Subtest: canonical private keys recover near-limit counters without changing public IDs or live state
2026-10-08T14:37:05.1531098Z ok 27 - canonical private keys recover near-limit counters without changing public IDs or live state
2026-10-08T14:37:05.1531604Z   ---
2026-10-08T14:37:05.1532350Z   duration_ms: 0.726261
2026-10-08T14:37:05.1532624Z   ...
2026-10-08T14:37:05.1533136Z # Subtest: staged drafts are deeply frozen and replacement copies remain editable
2026-10-08T14:37:05.1533793Z ok 28 - staged drafts are deeply frozen and replacement copies remain editable
2026-10-08T14:37:05.1534216Z   ---
2026-10-08T14:37:05.1534466Z   duration_ms: 0.332399
2026-10-08T14:37:05.1534753Z   ...
2026-10-08T14:37:05.1535328Z # Subtest: missing or ambiguous internal references, malformed shape and unsafe counters refuse before admission
2026-10-08T14:37:05.1536226Z ok 29 - missing or ambiguous internal references, malformed shape and unsafe counters refuse before admission
2026-10-08T14:37:05.1536731Z   ---
2026-10-08T14:37:05.1537013Z   duration_ms: 2.022538
2026-10-08T14:37:05.1537321Z   ...
2026-10-08T14:37:05.1537750Z # Subtest: only recognized editor fields cross the draft boundary
2026-10-08T14:37:05.1538334Z ok 30 - only recognized editor fields cross the draft boundary
2026-10-08T14:37:05.1538774Z   ---
2026-10-08T14:37:05.1539050Z   duration_ms: 0.378218
2026-10-08T14:37:05.1539340Z   ...
2026-10-08T14:37:05.1539917Z # Subtest: a lesson larger than its admission limit can be saved as a draft and repaired later
2026-10-08T14:37:05.1540961Z ok 31 - a lesson larger than its admission limit can be saved as a draft and repaired later
2026-10-08T14:37:05.1541468Z   ---
2026-10-08T14:37:05.1541756Z   duration_ms: 10.135419
2026-10-08T14:37:05.1542088Z   ...
2026-10-08T14:37:05.1542800Z # Subtest: draft size limits count actual UTF-8 bytes and failed saving leaves writing intact
2026-10-08T14:37:05.1543567Z ok 32 - draft size limits count actual UTF-8 bytes and failed saving leaves writing intact
2026-10-08T14:37:05.1544073Z   ---
2026-10-08T14:37:05.1544343Z   duration_ms: 34.668996
2026-10-08T14:37:05.1544651Z   ...
2026-10-08T14:37:05.1545245Z # Subtest: compact drafts remain saveable near and exactly at the byte limit without added whitespace
2026-10-08T14:37:05.1546112Z ok 33 - compact drafts remain saveable near and exactly at the byte limit without added whitespace
2026-10-08T14:37:05.1546648Z   ---
2026-10-08T14:37:05.1547204Z   duration_ms: 113.489844
2026-10-08T14:37:05.1547509Z   ...
2026-10-08T14:37:05.1548078Z # Subtest: a file whose canonical private keys exceed the saved limit is refused before admission
2026-10-08T14:37:05.1548865Z ok 34 - a file whose canonical private keys exceed the saved limit is refused before admission
2026-10-08T14:37:05.1549366Z   ---
2026-10-08T14:37:05.1549642Z   duration_ms: 17.7558
2026-10-08T14:37:05.1549939Z   ...
2026-10-08T14:37:05.1701953Z # Subtest: a valid deck stages without touching authored text and commits once with full immutable content
2026-10-08T14:37:05.1761960Z ok 35 - a valid deck stages without touching authored text and commits once with full immutable content
2026-10-08T14:37:05.1762793Z   ---
2026-10-08T14:37:05.1763130Z   duration_ms: 8.162942
2026-10-08T14:37:05.1763459Z   ...
2026-10-08T14:37:05.1764144Z # Subtest: invalid JSON, invalid answer, oversized file and unreadable file preserve the draft and allow retry
2026-10-08T14:37:05.1765214Z ok 36 - invalid JSON, invalid answer, oversized file and unreadable file preserve the draft and allow retry
2026-10-08T14:37:05.1765780Z   ---
2026-10-08T14:37:05.1766086Z   duration_ms: 6.890871
2026-10-08T14:37:05.1766411Z   ...
2026-10-08T14:37:05.1767068Z # Subtest: unfinished and cyclic draft files stage visibly and replace once with an immutable editable state
2026-10-08T14:37:05.1767988Z ok 37 - unfinished and cyclic draft files stage visibly and replace once with an immutable editable state
2026-10-08T14:37:05.1768545Z   ---
2026-10-08T14:37:05.1768845Z   duration_ms: 2.572253
2026-10-08T14:37:05.1769166Z   ...
2026-10-08T14:37:05.1769784Z # Subtest: a draft suffix cannot admit an oversized lesson deck through the larger draft-file limit
2026-10-08T14:37:05.1770628Z ok 38 - a draft suffix cannot admit an oversized lesson deck through the larger draft-file limit
2026-10-08T14:37:05.1771735Z   ---
2026-10-08T14:37:05.1772032Z   duration_ms: 4.897346
2026-10-08T14:37:05.1772351Z   ...
2026-10-08T14:37:05.1773005Z # Subtest: malformed and unsupported editable drafts preserve the old draft and retire pending previews
2026-10-08T14:37:05.1773903Z ok 39 - malformed and unsupported editable drafts preserve the old draft and retire pending previews
2026-10-08T14:37:05.1774452Z   ---
2026-10-08T14:37:05.1774746Z   duration_ms: 3.666257
2026-10-08T14:37:05.1775064Z   ...
2026-10-08T14:37:05.1775628Z # Subtest: newest selected format wins across slow draft-to-deck and deck-to-draft reads
2026-10-08T14:37:05.1776466Z ok 40 - newest selected format wins across slow draft-to-deck and deck-to-draft reads
2026-10-08T14:37:05.1776959Z   ---
2026-10-08T14:37:05.1777256Z   duration_ms: 1.938832
2026-10-08T14:37:05.1777577Z   ...
2026-10-08T14:37:05.1778224Z # Subtest: explicit Keep current draft clears staged replacement and restores the open control focus
2026-10-08T14:37:05.1779097Z ok 41 - explicit Keep current draft clears staged replacement and restores the open control focus
2026-10-08T14:37:05.1779646Z   ---
2026-10-08T14:37:05.1779951Z   duration_ms: 0.941174
2026-10-08T14:37:05.1780278Z   ...
2026-10-08T14:37:05.1781027Z # Subtest: opening another chooser invalidates its old preview even when the chooser is cancelled
2026-10-08T14:37:05.1781883Z ok 42 - opening another chooser invalidates its old preview even when the chooser is cancelled
2026-10-08T14:37:05.1782414Z   ---
2026-10-08T14:37:05.1782712Z   duration_ms: 1.703939
2026-10-08T14:37:05.1783033Z   ...
2026-10-08T14:37:05.1783542Z # Subtest: a newer valid choice wins over an earlier slow success or failure
2026-10-08T14:37:05.1784211Z ok 43 - a newer valid choice wins over an earlier slow success or failure
2026-10-08T14:37:05.1784663Z   ---
2026-10-08T14:37:05.1784959Z   duration_ms: 1.764731
2026-10-08T14:37:05.1785281Z   ...
2026-10-08T14:37:05.1785857Z # Subtest: cancelled or empty file selection prevents a late read from reopening a preview
2026-10-08T14:37:05.1786657Z ok 44 - cancelled or empty file selection prevents a late read from reopening a preview
2026-10-08T14:37:05.1787350Z   ---
2026-10-08T14:37:05.1787652Z   duration_ms: 1.172111
2026-10-08T14:37:05.1787974Z   ...
2026-10-08T14:37:05.1788515Z # Subtest: invalid newer files invalidate an earlier pending or staged valid deck
2026-10-08T14:37:05.1789244Z ok 45 - invalid newer files invalidate an earlier pending or staged valid deck
2026-10-08T14:37:05.1789726Z   ---
2026-10-08T14:37:05.1790029Z   duration_ms: 1.369236
2026-10-08T14:37:05.1790349Z   ...
2026-10-08T14:37:05.1791107Z # Subtest: undo restores all writing while clearing only references to deliberately removed concepts
2026-10-08T14:37:05.1791980Z ok 46 - undo restores all writing while clearing only references to deliberately removed concepts
2026-10-08T14:37:05.1792514Z   ---
2026-10-08T14:37:05.1792812Z   duration_ms: 2.048737
2026-10-08T14:37:05.1793127Z   ...
2026-10-08T14:37:05.1793793Z # Subtest: undo retains known selections and even unfinished self links while removing a missing prerequisite
2026-10-08T14:37:05.1794753Z ok 47 - undo retains known selections and even unfinished self links while removing a missing prerequisite
2026-10-08T14:37:05.1795313Z   ---
2026-10-08T14:37:05.1795616Z   duration_ms: 0.266801
2026-10-08T14:37:05.1795932Z   ...
2026-10-08T14:37:05.1796437Z # Subtest: blank editor requires authored metadata and a deliberate answer
2026-10-08T14:37:05.1797108Z ok 48 - blank editor requires authored metadata and a deliberate answer
2026-10-08T14:37:05.1797558Z   ---
2026-10-08T14:37:05.1797863Z   duration_ms: 2.64965
2026-10-08T14:37:05.1798185Z   ...
2026-10-08T14:37:05.1798866Z # Subtest: opening a validated lesson makes an independent editable draft and preserves IDs and literals
2026-10-08T14:37:05.1799703Z ok 49 - opening a validated lesson makes an independent editable draft and preserves IDs and literals
2026-10-08T14:37:05.1800222Z   ---
2026-10-08T14:37:05.1800518Z   duration_ms: 0.580022
2026-10-08T14:37:05.1801178Z   ...
2026-10-08T14:37:05.1801772Z # Subtest: correctness follows an option when moved or when a preceding option is removed
2026-10-08T14:37:05.1802587Z ok 50 - correctness follows an option when moved or when a preceding option is removed
2026-10-08T14:37:05.1803086Z   ---
2026-10-08T14:37:05.1803382Z   duration_ms: 0.570547
2026-10-08T14:37:05.1803710Z   ...
2026-10-08T14:37:05.1804263Z # Subtest: option limits refuse without deleting text or changing the answer
2026-10-08T14:37:05.1804950Z ok 51 - option limits refuse without deleting text or changing the answer
2026-10-08T14:37:05.1805405Z   ---
2026-10-08T14:37:05.1805702Z   duration_ms: 0.547623
2026-10-08T14:37:05.1806020Z   ...
2026-10-08T14:37:05.1806664Z # Subtest: concept renaming updates question and prerequisite references while used deletion is refused
2026-10-08T14:37:05.1807561Z ok 52 - concept renaming updates question and prerequisite references while used deletion is refused
2026-10-08T14:37:05.1808105Z   ---
2026-10-08T14:37:05.1808410Z   duration_ms: 0.357878
2026-10-08T14:37:05.1808728Z   ...
2026-10-08T14:37:05.1809309Z # Subtest: cycles, uncovered concepts and duplicate answer text remain repairable drafts
2026-10-08T14:37:05.1810088Z ok 53 - cycles, uncovered concepts and duplicate answer text remain repairable drafts
2026-10-08T14:37:05.1810583Z   ---
2026-10-08T14:37:05.1810979Z   duration_ms: 0.465049
2026-10-08T14:37:05.1811299Z   ...
2026-10-08T14:37:05.1811930Z # Subtest: question reordering and undo restore the removed question without rolling back later edits
2026-10-08T14:37:05.1812802Z ok 54 - question reordering and undo restore the removed question without rolling back later edits
2026-10-08T14:37:05.1813341Z   ---
2026-10-08T14:37:05.1813639Z   duration_ms: 1.568566
2026-10-08T14:37:05.1813958Z   ...
2026-10-08T14:37:05.1814438Z # Subtest: new question IDs do not overwrite IDs from an opened deck
2026-10-08T14:37:05.1815059Z ok 55 - new question IDs do not overwrite IDs from an opened deck
2026-10-08T14:37:05.1815494Z   ---
2026-10-08T14:37:05.1815789Z   duration_ms: 0.358619
2026-10-08T14:37:05.1816108Z   ...
2026-10-08T14:37:05.1816892Z # Subtest: checked snapshots are immutable, deterministic, and separate from later draft edits
2026-10-08T14:37:05.1817728Z ok 56 - checked snapshots are immutable, deterministic, and separate from later draft edits
2026-10-08T14:37:05.1818245Z   ---
2026-10-08T14:37:05.1818542Z   duration_ms: 0.543957
2026-10-08T14:37:05.1818861Z   ...
2026-10-08T14:37:05.1819489Z # Subtest: individually valid multibyte content cannot export a file larger than the importer admits
2026-10-08T14:37:05.1820367Z ok 57 - individually valid multibyte content cannot export a file larger than the importer admits
2026-10-08T14:37:05.1821006Z   ---
2026-10-08T14:37:05.1821335Z   duration_ms: 4.687281
2026-10-08T14:37:05.1821650Z   ...
2026-10-08T14:37:05.1822073Z # Subtest: download filenames are bounded local names
2026-10-08T14:37:05.1822593Z ok 58 - download filenames are bounded local names
2026-10-08T14:37:05.1822994Z   ---
2026-10-08T14:37:05.1823297Z   duration_ms: 0.349314
2026-10-08T14:37:05.1823614Z   ...
2026-10-08T14:37:05.2068446Z # Subtest: the existing bundled deck imports unchanged without a format field
2026-10-08T14:37:05.2092000Z ok 59 - the existing bundled deck imports unchanged without a format field
2026-10-08T14:37:05.2093283Z   ---
2026-10-08T14:37:05.2093659Z   duration_ms: 2.093644
2026-10-08T14:37:05.2093989Z   ...
2026-10-08T14:37:05.2094591Z # Subtest: a deck is an immutable copy, and unknown fields cannot configure the runtime
2026-10-08T14:37:05.2095368Z ok 60 - a deck is an immutable copy, and unknown fields cannot configure the runtime
2026-10-08T14:37:05.2095857Z   ---
2026-10-08T14:37:05.2096164Z   duration_ms: 0.57933
2026-10-08T14:37:05.2096483Z   ...
2026-10-08T14:37:05.2097094Z # Subtest: malformed JSON, unsupported versions and wrong top-level values give actionable errors
2026-10-08T14:37:05.2097955Z ok 61 - malformed JSON, unsupported versions and wrong top-level values give actionable errors
2026-10-08T14:37:05.2098941Z   ---
2026-10-08T14:37:05.2099268Z   duration_ms: 0.239139
2026-10-08T14:37:05.2099612Z   ...
2026-10-08T14:37:05.2100140Z # Subtest: JSON byte limit counts multibyte text and accepts the exact boundary
2026-10-08T14:37:05.2100988Z ok 62 - JSON byte limit counts multibyte text and accepts the exact boundary
2026-10-08T14:37:05.2101465Z   ---
2026-10-08T14:37:05.2101775Z   duration_ms: 1.687515
2026-10-08T14:37:05.2102097Z   ...
2026-10-08T14:37:05.2102629Z # Subtest: required readable metadata and bounded question fields are validated
2026-10-08T14:37:05.2103461Z ok 63 - required readable metadata and bounded question fields are validated
2026-10-08T14:37:05.2103951Z   ---
2026-10-08T14:37:05.2104260Z   duration_ms: 1.288796
2026-10-08T14:37:05.2104584Z   ...
2026-10-08T14:37:05.2114680Z # Subtest: empty and oversized collections and duplicate identities are refused
2026-10-08T14:37:05.2115478Z ok 64 - empty and oversized collections and duplicate identities are refused
2026-10-08T14:37:05.2115995Z   ---
2026-10-08T14:37:05.2116303Z   duration_ms: 0.443135
2026-10-08T14:37:05.2116640Z   ...
2026-10-08T14:37:05.2117156Z # Subtest: every question and prerequisite must name a known covered concept
2026-10-08T14:37:05.2117817Z ok 65 - every question and prerequisite must name a known covered concept
2026-10-08T14:37:05.2118281Z   ---
2026-10-08T14:37:05.2118583Z   duration_ms: 0.200461
2026-10-08T14:37:05.2118892Z   ...
2026-10-08T14:37:05.2119462Z # Subtest: self-requirements and concept cycles across different questions are refused
2026-10-08T14:37:05.2120216Z ok 66 - self-requirements and concept cycles across different questions are refused
2026-10-08T14:37:05.2120932Z   ---
2026-10-08T14:37:05.2121244Z   duration_ms: 0.196094
2026-10-08T14:37:05.2121553Z   ...
2026-10-08T14:37:05.2122086Z # Subtest: choices require distinct readable options and an actual integer answer index
2026-10-08T14:37:05.2122858Z ok 67 - choices require distinct readable options and an actual integer answer index
2026-10-08T14:37:05.2123379Z   ---
2026-10-08T14:37:05.2123677Z   duration_ms: 0.434072
2026-10-08T14:37:05.2124269Z   ...
2026-10-08T14:37:05.2124901Z # Subtest: 100 questions and 32 concepts work through the existing selector to exhaustion
2026-10-08T14:37:05.2125684Z ok 68 - 100 questions and 32 concepts work through the existing selector to exhaustion
2026-10-08T14:37:05.2126177Z   ---
2026-10-08T14:37:05.2126476Z   duration_ms: 90.273277
2026-10-08T14:37:05.2126803Z   ...
2026-10-08T14:37:05.2129391Z # Subtest: imported answer indices, literal text and object-key names survive learning and practice
2026-10-08T14:37:05.2203902Z ok 69 - imported answer indices, literal text and object-key names survive learning and practice
2026-10-08T14:37:05.2235591Z   ---
2026-10-08T14:37:05.2246723Z   duration_ms: 0.555654
2026-10-08T14:37:05.2247252Z   ...
2026-10-08T14:37:05.2247909Z # Subtest: downloadable example round-trips through the import contract with full attribution
2026-10-08T14:37:05.2248794Z ok 70 - downloadable example round-trips through the import contract with full attribution
2026-10-08T14:37:05.2249359Z   ---
2026-10-08T14:37:05.2249669Z   duration_ms: 0.462214
2026-10-08T14:37:05.2249992Z   ...
2026-10-08T14:37:05.2352439Z # Subtest: the exact original course is bounded, admitted, balanced and round-trippable
2026-10-08T14:37:05.2382236Z ok 71 - the exact original course is bounded, admitted, balanced and round-trippable
2026-10-08T14:37:05.2382894Z   ---
2026-10-08T14:37:05.2383201Z   duration_ms: 2.219534
2026-10-08T14:37:05.2383486Z   ...
2026-10-08T14:37:05.2384010Z # Subtest: every stated answer follows the literal graph, with one correct option
2026-10-08T14:37:05.2384535Z     # Subtest: dg-links-1
2026-10-08T14:37:05.2384823Z     ok 1 - dg-links-1
2026-10-08T14:37:05.2385082Z       ---
2026-10-08T14:37:05.2385333Z       duration_ms: 0.403075
2026-10-08T14:37:05.2385617Z       ...
2026-10-08T14:37:05.2385863Z     # Subtest: dg-links-2
2026-10-08T14:37:05.2386141Z     ok 2 - dg-links-2
2026-10-08T14:37:05.2388322Z       ---
2026-10-08T14:37:05.2388600Z       duration_ms: 0.336856
2026-10-08T14:37:05.2389029Z       ...
2026-10-08T14:37:05.2389281Z     # Subtest: dg-links-3
2026-10-08T14:37:05.2389561Z     ok 3 - dg-links-3
2026-10-08T14:37:05.2389821Z       ---
2026-10-08T14:37:05.2390071Z       duration_ms: 1.008816
2026-10-08T14:37:05.2390347Z       ...
2026-10-08T14:37:05.2390593Z     # Subtest: dg-reach-1
2026-10-08T14:37:05.2390979Z     ok 4 - dg-reach-1
2026-10-08T14:37:05.2391238Z       ---
2026-10-08T14:37:05.2391558Z       duration_ms: 0.338889
2026-10-08T14:37:05.2391972Z       ...
2026-10-08T14:37:05.2392221Z     # Subtest: dg-reach-2
2026-10-08T14:37:05.2392498Z     ok 5 - dg-reach-2
2026-10-08T14:37:05.2392757Z       ---
2026-10-08T14:37:05.2393006Z       duration_ms: 0.29997
2026-10-08T14:37:05.2393278Z       ...
2026-10-08T14:37:05.2393523Z     # Subtest: dg-reach-3
2026-10-08T14:37:05.2393801Z     ok 6 - dg-reach-3
2026-10-08T14:37:05.2394059Z       ---
2026-10-08T14:37:05.2394317Z       duration_ms: 0.177416
2026-10-08T14:37:05.2394631Z       ...
2026-10-08T14:37:05.2394897Z     # Subtest: dg-order-1
2026-10-08T14:37:05.2395180Z     ok 7 - dg-order-1
2026-10-08T14:37:05.2395447Z       ---
2026-10-08T14:37:05.2395695Z       duration_ms: 0.201833
2026-10-08T14:37:05.2395971Z       ...
2026-10-08T14:37:05.2396224Z     # Subtest: dg-order-2
2026-10-08T14:37:05.2396507Z     ok 8 - dg-order-2
2026-10-08T14:37:05.2396771Z       ---
2026-10-08T14:37:05.2397020Z       duration_ms: 0.297237
2026-10-08T14:37:05.2397298Z       ...
2026-10-08T14:37:05.2397550Z     # Subtest: dg-order-3
2026-10-08T14:37:05.2397835Z     ok 9 - dg-order-3
2026-10-08T14:37:05.2398099Z       ---
2026-10-08T14:37:05.2398348Z       duration_ms: 0.381643
2026-10-08T14:37:05.2398620Z       ...
2026-10-08T14:37:05.2398878Z     # Subtest: dg-update-1
2026-10-08T14:37:05.2399167Z     ok 10 - dg-update-1
2026-10-08T14:37:05.2399438Z       ---
2026-10-08T14:37:05.2399689Z       duration_ms: 0.50608
2026-10-08T14:37:05.2399970Z       ...
2026-10-08T14:37:05.2400223Z     # Subtest: dg-update-2
2026-10-08T14:37:05.2400805Z     ok 11 - dg-update-2
2026-10-08T14:37:05.2401078Z       ---
2026-10-08T14:37:05.2401329Z       duration_ms: 0.337517
2026-10-08T14:37:05.2401604Z       ...
2026-10-08T14:37:05.2401859Z     # Subtest: dg-update-3
2026-10-08T14:37:05.2402144Z     ok 12 - dg-update-3
2026-10-08T14:37:05.2402439Z       ---
2026-10-08T14:37:05.2402689Z       duration_ms: 0.381413
2026-10-08T14:37:05.2402963Z       ...
2026-10-08T14:37:05.2403215Z     1..12
2026-10-08T14:37:05.2403702Z ok 72 - every stated answer follows the literal graph, with one correct option
2026-10-08T14:37:05.2404126Z   ---
2026-10-08T14:37:05.2404383Z   duration_ms: 6.842818
2026-10-08T14:37:05.2404650Z   ...
2026-10-08T14:37:05.2405234Z # Subtest: structurally valid changed content exposes graph reversal and blocked-descendant mistakes
2026-10-08T14:37:05.2406058Z ok 73 - structurally valid changed content exposes graph reversal and blocked-descendant mistakes
2026-10-08T14:37:05.2406551Z   ---
2026-10-08T14:37:05.2406802Z   duration_ms: 1.782798
2026-10-08T14:37:05.2407079Z   ...
2026-10-08T14:37:05.2407612Z # Subtest: the real selector, review, practice, notes and trace consumer preserve this course
2026-10-08T14:37:05.2408350Z ok 74 - the real selector, review, practice, notes and trace consumer preserve this course
2026-10-08T14:37:05.2408800Z   ---
2026-10-08T14:37:05.2409052Z   duration_ms: 15.302204
2026-10-08T14:37:05.2409324Z   ...
2026-10-08T14:37:05.2409746Z # Subtest: BKT probabilities stay bounded across repeated evidence
2026-10-08T14:37:05.2410312Z ok 75 - BKT probabilities stay bounded across repeated evidence
2026-10-08T14:37:05.2410891Z   ---
2026-10-08T14:37:05.2411146Z   duration_ms: 6.897771
2026-10-08T14:37:05.2411417Z   ...
2026-10-08T14:37:05.2411956Z # Subtest: correct evidence raises and incorrect evidence lowers posterior for interior prior
2026-10-08T14:37:05.2412702Z ok 76 - correct evidence raises and incorrect evidence lowers posterior for interior prior
2026-10-08T14:37:05.2413309Z   ---
2026-10-08T14:37:05.2434742Z   duration_ms: 0.167081
2026-10-08T14:37:05.2435187Z   ...
2026-10-08T14:37:05.2435637Z # Subtest: parameter validation rejects impossible probabilities
2026-10-08T14:37:05.2436206Z ok 77 - parameter validation rejects impossible probabilities
2026-10-08T14:37:05.2436587Z   ---
2026-10-08T14:37:05.2436846Z   duration_ms: 0.343756
2026-10-08T14:37:05.2437117Z   ...
2026-10-08T14:37:05.2437623Z # Subtest: entropy and information gain have expected bounds and peak near uncertainty
2026-10-08T14:37:05.2438335Z ok 78 - entropy and information gain have expected bounds and peak near uncertainty
2026-10-08T14:37:05.2440266Z   ---
2026-10-08T14:37:05.2440511Z   duration_ms: 1.239331
2026-10-08T14:37:05.2451053Z   ...
2026-10-08T14:37:05.2451535Z # Subtest: selector prioritizes a weak prerequisite and is stable after exhaustion
2026-10-08T14:37:05.2452158Z ok 79 - selector prioritizes a weak prerequisite and is stable after exhaustion
2026-10-08T14:37:05.2453578Z   ---
2026-10-08T14:37:05.2453770Z   duration_ms: 0.240351
2026-10-08T14:37:05.2453982Z   ...
2026-10-08T14:37:05.2454460Z # Subtest: initial mastery creates independent named concept values
2026-10-08T14:37:05.2454958Z ok 80 - initial mastery creates independent named concept values
2026-10-08T14:37:05.2455267Z   ---
2026-10-08T14:37:05.2455446Z   duration_ms: 0.674303
2026-10-08T14:37:05.2455644Z   ...
2026-10-08T14:37:05.2456137Z # Subtest: scripted learner simulation is deterministic, bounded, and distinguishes selector modes
2026-10-08T14:37:05.2456873Z ok 81 - scripted learner simulation is deterministic, bounded, and distinguishes selector modes
2026-10-08T14:37:05.2457279Z   ---
2026-10-08T14:37:05.2457455Z   duration_ms: 0.515695
2026-10-08T14:37:05.2457654Z   ...
2026-10-08T14:37:05.2617887Z # Subtest: the original course is admitted by the existing deck contract with all four concepts covered
2026-10-08T14:37:05.2636564Z ok 82 - the original course is admitted by the existing deck contract with all four concepts covered
2026-10-08T14:37:05.2650281Z   ---
2026-10-08T14:37:05.2662975Z   duration_ms: 2.131161
2026-10-08T14:37:05.2663379Z   ...
2026-10-08T14:37:05.2664052Z # Subtest: answer positions are balanced and no correct option is uniquely the longest
2026-10-08T14:37:05.2664866Z ok 83 - answer positions are balanced and no correct option is uniquely the longest
2026-10-08T14:37:05.2665383Z   ---
2026-10-08T14:37:05.2665706Z   duration_ms: 0.291929
2026-10-08T14:37:05.2666039Z   ...
2026-10-08T14:37:05.2666814Z # Subtest: each numerical answer uses the stated correction sign, denominator or independence assumption
2026-10-08T14:37:05.2667848Z ok 84 - each numerical answer uses the stated correction sign, denominator or independence assumption
2026-10-08T14:37:05.2668466Z   ---
2026-10-08T14:37:05.2668819Z   duration_ms: 0.265359
2026-10-08T14:37:05.2669193Z   ...
2026-10-08T14:37:05.2669984Z # Subtest: standalone artifact is deterministic, preserves the exact deck bytes and contains executable classic scripts
2026-10-08T14:37:05.2671295Z ok 85 - standalone artifact is deterministic, preserves the exact deck bytes and contains executable classic scripts
2026-10-08T14:37:05.2671989Z   ---
2026-10-08T14:37:05.2672421Z   duration_ms: 3.666838
2026-10-08T14:37:05.2672839Z   ...
2026-10-08T14:37:05.2720447Z # Subtest: worked four-reading budget distinguishes raw mean, correction, sample scatter and mean uncertainty
2026-10-08T14:37:05.2721733Z ok 86 - worked four-reading budget distinguishes raw mean, correction, sample scatter and mean uncertainty
2026-10-08T14:37:05.2722304Z   ---
2026-10-08T14:37:05.2722613Z   duration_ms: 0.924959
2026-10-08T14:37:05.2722931Z   ...
2026-10-08T14:37:05.2723572Z # Subtest: a shared additive correction shifts the estimate without changing either uncertainty component
2026-10-08T14:37:05.2724469Z ok 87 - a shared additive correction shifts the estimate without changing either uncertainty component
2026-10-08T14:37:05.2725304Z   ---
2026-10-08T14:37:05.2725619Z   duration_ms: 0.183636
2026-10-08T14:37:05.2725925Z   ...
2026-10-08T14:37:05.2726573Z # Subtest: identical readings retain a nonzero shared component and are not rejected for numerical repetition
2026-10-08T14:37:05.2727476Z ok 88 - identical readings retain a nonzero shared component and are not rejected for numerical repetition
2026-10-08T14:37:05.2728023Z   ---
2026-10-08T14:37:05.2728316Z   duration_ms: 0.990368
2026-10-08T14:37:05.2728677Z   ...
2026-10-08T14:37:05.2729349Z # Subtest: future independent sample sizes hold shared calibration fixed while repeatability shrinks by square root
2026-10-08T14:37:05.2730290Z ok 89 - future independent sample sizes hold shared calibration fixed while repeatability shrinks by square root
2026-10-08T14:37:05.2731011Z   ---
2026-10-08T14:37:05.2731301Z   duration_ms: 0.260562
2026-10-08T14:37:05.2731606Z   ...
2026-10-08T14:37:05.2732189Z # Subtest: shared covariance gives the same calibration contribution for a mean of any sample size
2026-10-08T14:37:05.2733004Z ok 90 - shared covariance gives the same calibration contribution for a mean of any sample size
2026-10-08T14:37:05.2733495Z   ---
2026-10-08T14:37:05.2733783Z   duration_ms: 0.159049
2026-10-08T14:37:05.2734095Z   ...
2026-10-08T14:37:05.2734666Z # Subtest: compensated raw means preserve small residuals after large opposing readings cancel
2026-10-08T14:37:05.2735465Z ok 91 - compensated raw means preserve small residuals after large opposing readings cancel
2026-10-08T14:37:05.2736169Z   ---
2026-10-08T14:37:05.2736475Z   duration_ms: 0.132218
2026-10-08T14:37:05.2736789Z   ...
2026-10-08T14:37:05.2754619Z # Subtest: centered scatter remains meaningful for a large shared offset and at supported extremes
2026-10-08T14:37:05.2755558Z ok 92 - centered scatter remains meaningful for a large shared offset and at supported extremes
2026-10-08T14:37:05.2756116Z   ---
2026-10-08T14:37:05.2756421Z   duration_ms: 0.158808
2026-10-08T14:37:05.2756740Z   ...
2026-10-08T14:37:05.2757378Z # Subtest: reordering observations preserves the summary but does not assert statistical independence
2026-10-08T14:37:05.2758515Z ok 93 - reordering observations preserves the summary but does not assert statistical independence
2026-10-08T14:37:05.2759027Z   ---
2026-10-08T14:37:05.2759344Z   duration_ms: 0.584538
2026-10-08T14:37:05.2759660Z   ...
2026-10-08T14:37:05.2760224Z # Subtest: input parsing keeps every observation and refuses malformed or missing comma fields
2026-10-08T14:37:05.2761131Z ok 94 - input parsing keeps every observation and refuses malformed or missing comma fields
2026-10-08T14:37:05.2761639Z   ---
2026-10-08T14:37:05.2761934Z   duration_ms: 0.736577
2026-10-08T14:37:05.2762241Z   ...
2026-10-08T14:37:05.2762766Z # Subtest: supported magnitude and nonnegative half-width boundaries are explicit
2026-10-08T14:37:05.2763453Z ok 95 - supported magnitude and nonnegative half-width boundaries are explicit
2026-10-08T14:37:05.2763915Z   ---
2026-10-08T14:37:05.2764201Z   duration_ms: 0.428954
2026-10-08T14:37:05.2764518Z   ...
2026-10-08T14:37:05.2765055Z # Subtest: public calculations reject missing observations and invalid forecast counts
2026-10-08T14:37:05.2768055Z ok 96 - public calculations reject missing observations and invalid forecast counts
2026-10-08T14:37:05.2776027Z   ---
2026-10-08T14:37:05.2776374Z   duration_ms: 0.216305
2026-10-08T14:37:05.2776692Z   ...
2026-10-08T14:37:05.2777249Z # Subtest: calculation snapshots do not mutate caller arrays or change after later edits
2026-10-08T14:37:05.2777990Z ok 97 - calculation snapshots do not mutate caller arrays or change after later edits
2026-10-08T14:37:05.2778469Z   ---
2026-10-08T14:37:05.2778762Z   duration_ms: 0.117016
2026-10-08T14:37:05.2779099Z   ...
2026-10-08T14:37:05.3222630Z # Subtest: small dyadic arithmetic keeps exact operand and result values
2026-10-08T14:37:05.3227362Z ok 98 - small dyadic arithmetic keeps exact operand and result values
2026-10-08T14:37:05.3227968Z   ---
2026-10-08T14:37:05.3228294Z   duration_ms: 1.898321
2026-10-08T14:37:05.3229009Z   ...
2026-10-08T14:37:05.3229548Z # Subtest: decimal sum retains exact conversion and operation contributions
2026-10-08T14:37:05.3230226Z ok 99 - decimal sum retains exact conversion and operation contributions
2026-10-08T14:37:05.3231396Z   ---
2026-10-08T14:37:05.3231731Z   duration_ms: 0.417326
2026-10-08T14:37:05.3232054Z   ...
2026-10-08T14:37:05.3232573Z # Subtest: conversion can erase a difference while subtraction itself is exact
2026-10-08T14:37:05.3233262Z ok 100 - conversion can erase a difference while subtraction itself is exact
2026-10-08T14:37:05.3233720Z   ---
2026-10-08T14:37:05.3234013Z   duration_ms: 0.235804
2026-10-08T14:37:05.3234325Z   ...
2026-10-08T14:37:05.3234763Z # Subtest: operation rounding can lose an exact integer step
2026-10-08T14:37:05.3235333Z ok 101 - operation rounding can lose an exact integer step
2026-10-08T14:37:05.3235746Z   ---
2026-10-08T14:37:05.3236045Z   duration_ms: 0.275304
2026-10-08T14:37:05.3236360Z   ...
2026-10-08T14:37:05.3236925Z # Subtest: nonzero signed contributions can cancel at an exactly represented result
2026-10-08T14:37:05.3237677Z ok 102 - nonzero signed contributions can cancel at an exactly represented result
2026-10-08T14:37:05.3238162Z   ---
2026-10-08T14:37:05.3238464Z   duration_ms: 0.296485
2026-10-08T14:37:05.3238774Z   ...
2026-10-08T14:37:05.3239445Z # Subtest: individual exact integers outside the safe interval are kept distinct from the API guarantee
2026-10-08T14:37:05.3240318Z ok 103 - individual exact integers outside the safe interval are kept distinct from the API guarantee
2026-10-08T14:37:05.3250641Z   ---
2026-10-08T14:37:05.3251197Z   duration_ms: 0.348713
2026-10-08T14:37:05.3251552Z   ...
2026-10-08T14:37:05.3252070Z # Subtest: signs, exact raw strings and negative zero remain explicit
2026-10-08T14:37:05.3252699Z ok 104 - signs, exact raw strings and negative zero remain explicit
2026-10-08T14:37:05.3253147Z   ---
2026-10-08T14:37:05.3253449Z   duration_ms: 1.301164
2026-10-08T14:37:05.3253788Z   ...
2026-10-08T14:37:05.3254654Z # Subtest: the declared decimal input bounds admit edges and refuse other syntax
2026-10-08T14:37:05.3255490Z ok 105 - the declared decimal input bounds admit edges and refuse other syntax
2026-10-08T14:37:05.3255978Z   ---
2026-10-08T14:37:05.3256290Z   duration_ms: 1.211139
2026-10-08T14:37:05.3256611Z   ...
2026-10-08T14:37:05.3257083Z # Subtest: worked records are complete, deterministic and deeply immutable
2026-10-08T14:37:05.3257748Z ok 106 - worked records are complete, deterministic and deeply immutable
2026-10-08T14:37:05.3258195Z   ---
2026-10-08T14:37:05.3258492Z   duration_ms: 1.631661
2026-10-08T14:37:05.3258806Z   ...
2026-10-08T14:37:05.3259401Z # Subtest: the original lesson passes the unchanged native deck contract with exact export parity
2026-10-08T14:37:05.3260229Z ok 107 - the original lesson passes the unchanged native deck contract with exact export parity
2026-10-08T14:37:05.3261022Z   ---
2026-10-08T14:37:05.3261332Z   duration_ms: 6.310324
2026-10-08T14:37:05.3261671Z   ...
2026-10-08T14:37:05.3262313Z # Subtest: language-specific worked examples agree with actual native Number and BigInt operations
2026-10-08T14:37:05.3263152Z ok 108 - language-specific worked examples agree with actual native Number and BigInt operations
2026-10-08T14:37:05.3263682Z   ---
2026-10-08T14:37:05.3263986Z   duration_ms: 0.225058
2026-10-08T14:37:05.3264305Z   ...
2026-10-08T14:37:05.3264836Z # Subtest: the directly openable explorer is an exact build of its native inputs
2026-10-08T14:37:05.3265536Z ok 109 - the directly openable explorer is an exact build of its native inputs
2026-10-08T14:37:05.3266005Z   ---
2026-10-08T14:37:05.3266303Z   duration_ms: 31.418112
2026-10-08T14:37:05.3266624Z   ...
2026-10-08T14:37:05.3340090Z # Subtest: embedded lesson download preserves exact source bytes
2026-10-08T14:37:05.3342187Z ok 110 - embedded lesson download preserves exact source bytes
2026-10-08T14:37:05.3342653Z   ---
2026-10-08T14:37:05.3342971Z   duration_ms: 13.505702
2026-10-08T14:37:05.3343579Z   ...
2026-10-08T14:37:05.3448170Z # Subtest: question identity survives reordered review, edits and clearing without changing earlier notes
2026-10-08T14:37:05.3461405Z ok 111 - question identity survives reordered review, edits and clearing without changing earlier notes
2026-10-08T14:37:05.3462210Z   ---
2026-10-08T14:37:05.3462552Z   duration_ms: 1.102616
2026-10-08T14:37:05.3462883Z   ...
2026-10-08T14:37:05.3463586Z # Subtest: application writing is separate and a fresh session starts with every field empty
2026-10-08T14:37:05.3464439Z ok 112 - application writing is separate and a fresh session starts with every field empty
2026-10-08T14:37:05.3464961Z   ---
2026-10-08T14:37:05.3465267Z   duration_ms: 0.533741
2026-10-08T14:37:05.3465589Z   ...
2026-10-08T14:37:05.3466126Z # Subtest: unknown or duplicate question identities and non-text edits are refused
2026-10-08T14:37:05.3466849Z ok 113 - unknown or duplicate question identities and non-text edits are refused
2026-10-08T14:37:05.3467350Z   ---
2026-10-08T14:37:05.3467652Z   duration_ms: 0.154992
2026-10-08T14:37:05.3467989Z   ...
2026-10-08T14:37:05.3468673Z # Subtest: actual study notes bind writing to questions while retaining native review, estimates and a paused retry
2026-10-08T14:37:05.3469615Z ok 114 - actual study notes bind writing to questions while retaining native review, estimates and a paused retry
2026-10-08T14:37:05.3470205Z   ---
2026-10-08T14:37:05.3470508Z   duration_ms: 1.394605
2026-10-08T14:37:05.3471363Z   ...
2026-10-08T14:37:05.3471937Z # Subtest: actual export uses the most recent edit and represents cleared fields as unwritten
2026-10-08T14:37:05.3472719Z ok 115 - actual export uses the most recent edit and represents cleared fields as unwritten
2026-10-08T14:37:05.3473222Z   ---
2026-10-08T14:37:05.3473517Z   duration_ms: 0.928855
2026-10-08T14:37:05.3473832Z   ...
2026-10-08T14:37:05.3474504Z # Subtest: export refuses missing, duplicate or foreign notebook identities instead of attaching notes by position
2026-10-08T14:37:05.3475821Z ok 116 - export refuses missing, duplicate or foreign notebook identities instead of attaching notes by position
2026-10-08T14:37:05.3476413Z   ---
2026-10-08T14:37:05.3476721Z   duration_ms: 0.42585
2026-10-08T14:37:05.3477042Z   ...
2026-10-08T14:37:05.3477782Z # Subtest: study notes retain the displayed imported-course application prompt without changing notebook or first-session data
2026-10-08T14:37:05.3478844Z ok 117 - study notes retain the displayed imported-course application prompt without changing notebook or first-session data
2026-10-08T14:37:05.3479472Z   ---
2026-10-08T14:37:05.3479780Z   duration_ms: 0.364067
2026-10-08T14:37:05.3480104Z   ...
2026-10-08T14:37:05.3480655Z # Subtest: a notebook export refuses a missing or non-text displayed application prompt
2026-10-08T14:37:05.3481551Z ok 118 - a notebook export refuses a missing or non-text displayed application prompt
2026-10-08T14:37:05.3482041Z   ---
2026-10-08T14:37:05.3482359Z   duration_ms: 0.238448
2026-10-08T14:37:05.3482671Z   ...
2026-10-08T14:37:05.3483146Z # Subtest: review preserves session order and the actual chosen answer
2026-10-08T14:37:05.3483788Z ok 119 - review preserves session order and the actual chosen answer
2026-10-08T14:37:05.3484230Z   ---
2026-10-08T14:37:05.3484529Z   duration_ms: 1.599493
2026-10-08T14:37:05.3484848Z   ...
2026-10-08T14:37:05.3485353Z # Subtest: review is an immutable snapshot independent of mutable input arrays
2026-10-08T14:37:05.3486024Z ok 120 - review is an immutable snapshot independent of mutable input arrays
2026-10-08T14:37:05.3486488Z   ---
2026-10-08T14:37:05.3486786Z   duration_ms: 0.460141
2026-10-08T14:37:05.3487104Z   ...
2026-10-08T14:37:05.3487590Z # Subtest: a review rejects unknown, duplicate, or invalid first answers
2026-10-08T14:37:05.3488233Z ok 121 - a review rejects unknown, duplicate, or invalid first answers
2026-10-08T14:37:05.3488676Z   ---
2026-10-08T14:37:05.3488977Z   duration_ms: 0.312579
2026-10-08T14:37:05.3489522Z   ...
2026-10-08T14:37:05.3490060Z # Subtest: practice includes only initially missed questions in first-attempt order
2026-10-08T14:37:05.3490921Z ok 122 - practice includes only initially missed questions in first-attempt order
2026-10-08T14:37:05.3491431Z   ---
2026-10-08T14:37:05.3491736Z   duration_ms: 0.257567
2026-10-08T14:37:05.3492081Z   ...
2026-10-08T14:37:05.3492680Z # Subtest: correct and incorrect retries remain separate from the immutable original trace
2026-10-08T14:37:05.3493451Z ok 123 - correct and incorrect retries remain separate from the immutable original trace
2026-10-08T14:37:05.3493946Z   ---
2026-10-08T14:37:05.3494232Z   duration_ms: 0.328092
2026-10-08T14:37:05.3494535Z   ...
2026-10-08T14:37:05.3495130Z # Subtest: practice resumes at the next unanswered question and refuses duplicate or out-of-order writes
2026-10-08T14:37:05.3495970Z ok 124 - practice resumes at the next unanswered question and refuses duplicate or out-of-order writes
2026-10-08T14:37:05.3496502Z   ---
2026-10-08T14:37:05.3496812Z   duration_ms: 0.296555
2026-10-08T14:37:05.3497136Z   ...
2026-10-08T14:37:05.3497614Z # Subtest: an all-correct or empty review has no practice question
2026-10-08T14:37:05.3498228Z ok 125 - an all-correct or empty review has no practice question
2026-10-08T14:37:05.3498662Z   ---
2026-10-08T14:37:05.3498959Z   duration_ms: 0.160441
2026-10-08T14:37:05.3499281Z   ...
2026-10-08T14:37:05.3769367Z # Subtest: the original course survives native validation and serialization with complete connected content
2026-10-08T14:37:05.3773664Z ok 126 - the original course survives native validation and serialization with complete connected content
2026-10-08T14:37:05.3774340Z   ---
2026-10-08T14:37:05.3774674Z   duration_ms: 2.524812
2026-10-08T14:37:05.3775003Z   ...
2026-10-08T14:37:05.3775771Z # Subtest: native item selection reaches all twelve questions and can prioritize the weak sample clock
2026-10-08T14:37:05.3776674Z ok 127 - native item selection reaches all twelve questions and can prioritize the weak sample clock
2026-10-08T14:37:05.3777283Z   ---
2026-10-08T14:37:05.3777595Z   duration_ms: 10.795616
2026-10-08T14:37:05.3778371Z   ...
2026-10-08T14:37:05.3779222Z # Subtest: answer text matches independently stated calculations and explicit sampling assumptions
2026-10-08T14:37:05.3780570Z ok 128 - answer text matches independently stated calculations and explicit sampling assumptions
2026-10-08T14:37:05.3781274Z   ---
2026-10-08T14:37:05.3781584Z   duration_ms: 0.334202
2026-10-08T14:37:05.3781907Z   ...
2026-10-08T14:37:05.3882289Z # Subtest: each supported sample clock uses inclusive endpoints and an actually different matching cosine
2026-10-08T14:37:05.3883853Z ok 129 - each supported sample clock uses inclusive endpoints and an actually different matching cosine
2026-10-08T14:37:05.3884455Z   ---
2026-10-08T14:37:05.3884785Z   duration_ms: 10.33917
2026-10-08T14:37:05.3885105Z   ...
2026-10-08T14:37:05.3885734Z # Subtest: DC, reflected aliases, the half-rate and input limits preserve their distinct meaning
2026-10-08T14:37:05.3886629Z ok 130 - DC, reflected aliases, the half-rate and input limits preserve their distinct meaning
2026-10-08T14:37:05.3887199Z   ---
2026-10-08T14:37:05.3887556Z   duration_ms: 0.256756
2026-10-08T14:37:05.3887865Z   ...
2026-10-08T14:37:05.3888451Z # Subtest: invalid numerical input is refused and snapshots cannot be changed after observation
2026-10-08T14:37:05.3889275Z ok 131 - invalid numerical input is refused and snapshots cannot be changed after observation
2026-10-08T14:37:05.3889770Z   ---
2026-10-08T14:37:05.3890067Z   duration_ms: 0.580472
2026-10-08T14:37:05.3890380Z   ...
2026-10-08T14:37:05.3891259Z # Subtest: CSV carries full precision and current parameter identity, ignoring supplied forged sample rows
2026-10-08T14:37:05.3892169Z ok 132 - CSV carries full precision and current parameter identity, ignoring supplied forged sample rows
2026-10-08T14:37:05.3892719Z   ---
2026-10-08T14:37:05.3893018Z   duration_ms: 1.51808
2026-10-08T14:37:05.3893723Z   ...
2026-10-08T14:37:05.4018075Z # Subtest: notes retain the actual first choices, session order, corrections, transfers, and attribution
2026-10-08T14:37:05.4042208Z ok 133 - notes retain the actual first choices, session order, corrections, transfers, and attribution
2026-10-08T14:37:05.4052365Z   ---
2026-10-08T14:37:05.4052791Z   duration_ms: 2.068507
2026-10-08T14:37:05.4053132Z   ...
2026-10-08T14:37:05.4053734Z # Subtest: paused and completed retries cannot replace the first answers or alter the model
2026-10-08T14:37:05.4054531Z ok 134 - paused and completed retries cannot replace the first answers or alter the model
2026-10-08T14:37:05.4055052Z   ---
2026-10-08T14:37:05.4055357Z   duration_ms: 0.799591
2026-10-08T14:37:05.4055681Z   ...
2026-10-08T14:37:05.4056283Z # Subtest: unstarted, zero-answer paused, and all-correct sessions have honest practice labels
2026-10-08T14:37:05.4057111Z ok 135 - unstarted, zero-answer paused, and all-correct sessions have honest practice labels
2026-10-08T14:37:05.4057677Z   ---
2026-10-08T14:37:05.4057979Z   duration_ms: 1.496427
2026-10-08T14:37:05.4058300Z   ...
2026-10-08T14:37:05.4058960Z # Subtest: incomplete, duplicate, legacy choice-less or malformed traces are refused rather than fabricated
2026-10-08T14:37:05.4059902Z ok 136 - incomplete, duplicate, legacy choice-less or malformed traces are refused rather than fabricated
2026-10-08T14:37:05.4060457Z   ---
2026-10-08T14:37:05.4060867Z   duration_ms: 0.845561
2026-10-08T14:37:05.4061194Z   ...
2026-10-08T14:37:05.4061821Z # Subtest: plain-text output preserves Unicode and literal markup without creating executable content
2026-10-08T14:37:05.4062676Z ok 137 - plain-text output preserves Unicode and literal markup without creating executable content
2026-10-08T14:37:05.4063204Z   ---
2026-10-08T14:37:05.4063499Z   duration_ms: 0.292519
2026-10-08T14:37:05.4063932Z   ...
2026-10-08T14:37:05.5012734Z # Subtest: the original five-vertex example has the hand-calculated settling order and cost-7 route
2026-10-08T14:37:05.5030116Z ok 138 - the original five-vertex example has the hand-calculated settling order and cost-7 route
2026-10-08T14:37:05.5053534Z   ---
2026-10-08T14:37:05.5079797Z   duration_ms: 2.900026
2026-10-08T14:37:05.5101777Z   ...
2026-10-08T14:37:05.5123876Z # Subtest: target discovery remains tentative; the cheaper route is final only on target settlement
2026-10-08T14:37:05.5131686Z ok 139 - target discovery remains tentative; the cheaper route is final only on target settlement
2026-10-08T14:37:05.5153932Z   ---
2026-10-08T14:37:05.5172578Z   duration_ms: 1.392311
2026-10-08T14:37:05.5201990Z   ...
2026-10-08T14:37:05.5225220Z # Subtest: zero weights and equal routes preserve the stated alphabetical and first-predecessor policies
2026-10-08T14:37:05.5251622Z ok 140 - zero weights and equal routes preserve the stated alphabetical and first-predecessor policies
2026-10-08T14:37:05.5252173Z   ---
2026-10-08T14:37:05.5271305Z   duration_ms: 0.750417
2026-10-08T14:37:05.5301307Z   ...
2026-10-08T14:37:05.5344377Z # Subtest: all preset source/target pairs agree with exhaustive simple paths, including reverse direction
2026-10-08T14:37:05.5365290Z ok 141 - all preset source/target pairs agree with exhaustive simple paths, including reverse direction
2026-10-08T14:37:05.5382091Z   ---
2026-10-08T14:37:05.5391581Z   duration_ms: 3.191103
2026-10-08T14:37:05.5391990Z   ...
2026-10-08T14:37:05.5392624Z # Subtest: 80 deterministic bounded graphs agree with a simple-path oracle for every source
2026-10-08T14:37:05.5393462Z ok 142 - 80 deterministic bounded graphs agree with a simple-path oracle for every source
2026-10-08T14:37:05.5393995Z   ---
2026-10-08T14:37:05.5394312Z   duration_ms: 49.457154
2026-10-08T14:37:05.5394640Z   ...
2026-10-08T14:37:05.5395107Z # Subtest: invalid graphs are refused before a runnable state exists
2026-10-08T14:37:05.5395725Z ok 143 - invalid graphs are refused before a runnable state exists
2026-10-08T14:37:05.5396193Z   ---
2026-10-08T14:37:05.5396364Z   duration_ms: 1.066302
2026-10-08T14:37:05.5396817Z   ...
2026-10-08T14:37:05.5397325Z # Subtest: run, graph, presets and trace snapshots cannot be changed by later edits
2026-10-08T14:37:05.5397688Z ok 144 - run, graph, presets and trace snapshots cannot be changed by later edits
2026-10-08T14:37:05.5397993Z   ---
2026-10-08T14:37:05.5398180Z   duration_ms: 0.511148
2026-10-08T14:37:05.5398430Z   ...
2026-10-08T14:37:05.5398869Z # Subtest: the original twelve-question course is valid, canonical and has balanced answer positions
2026-10-08T14:37:05.5399465Z ok 145 - the original twelve-question course is valid, canonical and has balanced answer positions
2026-10-08T14:37:05.5399789Z   ---
2026-10-08T14:37:05.5399971Z   duration_ms: 0.540882
2026-10-08T14:37:05.5400148Z   ...
2026-10-08T14:37:05.5400626Z # Subtest: existing knowledge, review, practice and notes contracts accept the new deck without changing the app
2026-10-08T14:37:05.5401645Z ok 146 - existing knowledge, review, practice and notes contracts accept the new deck without changing the app
2026-10-08T14:37:05.5402005Z   ---
2026-10-08T14:37:05.5402121Z   duration_ms: 11.540285
2026-10-08T14:37:05.5402256Z   ...
2026-10-08T14:37:05.8631032Z # Subtest: the original twelve-item SQL course uses the published import contract without changing its native meaning
2026-10-08T14:37:05.8632197Z ok 147 - the original twelve-item SQL course uses the published import contract without changing its native meaning
2026-10-08T14:37:05.8632655Z   ---
2026-10-08T14:37:05.8632848Z   duration_ms: 2.041917
2026-10-08T14:37:05.8633070Z   ...
2026-10-08T14:37:05.8633539Z # Subtest: actual SQLite regenerates all twenty-two saved queries and their exact course/default bindings
2026-10-08T14:37:05.8634234Z ok 148 - actual SQLite regenerates all twenty-two saved queries and their exact course/default bindings
2026-10-08T14:37:05.8634630Z   ---
2026-10-08T14:37:05.8634746Z   duration_ms: 70.712499
2026-10-08T14:37:05.8634885Z   ...
2026-10-08T14:37:05.8635207Z # Subtest: native adaptive selection, shuffled choices, review, practice and notes preserve all twelve SQL questions
2026-10-08T14:37:05.8636234Z ok 149 - native adaptive selection, shuffled choices, review, practice and notes preserve all twelve SQL questions
2026-10-08T14:37:05.8636567Z   ---
2026-10-08T14:37:05.8636747Z   duration_ms: 8.943414
2026-10-08T14:37:05.8636967Z   ...
2026-10-08T14:37:05.8637446Z # Subtest: a changed answer or invalid query refuses the build and preserves both saved artifacts
2026-10-08T14:37:05.8638118Z ok 150 - a changed answer or invalid query refuses the build and preserves both saved artifacts
2026-10-08T14:37:05.8638524Z   ---
2026-10-08T14:37:05.8638700Z   duration_ms: 352.432954
2026-10-08T14:37:05.8638893Z   ...
2026-10-08T14:37:05.8981416Z # Subtest: a stale generated explorer fails --check without silently replacing the changed file
2026-10-08T14:37:05.8981876Z ok 151 - a stale generated explorer fails --check without silently replacing the changed file
2026-10-08T14:37:05.8982124Z   ---
2026-10-08T14:37:05.8982280Z   duration_ms: 35.155395
2026-10-08T14:37:05.8982407Z   ...
2026-10-08T14:37:05.9040016Z # Subtest: original course fits the existing deck contract with all four concepts represented
2026-10-08T14:37:05.9040955Z ok 152 - original course fits the existing deck contract with all four concepts represented
2026-10-08T14:37:05.9041362Z   ---
2026-10-08T14:37:05.9041563Z   duration_ms: 2.322379
2026-10-08T14:37:05.9041949Z   ...
2026-10-08T14:37:05.9042448Z # Subtest: authored answer keys retain the independently worked quantities and conceptual distinctions
2026-10-08T14:37:05.9043231Z ok 153 - authored answer keys retain the independently worked quantities and conceptual distinctions
2026-10-08T14:37:05.9043676Z   ---
2026-10-08T14:37:05.9043860Z   duration_ms: 0.256385
2026-10-08T14:37:05.9044063Z   ...
2026-10-08T14:37:05.9044524Z # Subtest: course completes native selection, correct first answers, review, retry and study notes
2026-10-08T14:37:05.9045236Z ok 154 - course completes native selection, correct first answers, review, retry and study notes
2026-10-08T14:37:05.9046035Z   ---
2026-10-08T14:37:05.9046214Z   duration_ms: 12.472905
2026-10-08T14:37:05.9046410Z   ...
2026-10-08T14:37:05.9046846Z # Subtest: course completes native selection, mixed first answers, review, retry and study notes
2026-10-08T14:37:05.9047508Z ok 155 - course completes native selection, mixed first answers, review, retry and study notes
2026-10-08T14:37:05.9047900Z   ---
2026-10-08T14:37:05.9048075Z   duration_ms: 2.922816
2026-10-08T14:37:05.9048266Z   ...
2026-10-08T14:37:05.9048708Z # Subtest: course completes native selection, missed first answers, review, retry and study notes
2026-10-08T14:37:05.9049351Z ok 156 - course completes native selection, missed first answers, review, retry and study notes
2026-10-08T14:37:05.9049744Z   ---
2026-10-08T14:37:05.9049905Z   duration_ms: 4.479649
2026-10-08T14:37:05.9050086Z   ...
2026-10-08T14:37:05.9050496Z # Subtest: generated direct-open artifact has exact build parity and embeds the qualified course
2026-10-08T14:37:05.9051310Z ok 157 - generated direct-open artifact has exact build parity and embeds the qualified course
2026-10-08T14:37:05.9051687Z   ---
2026-10-08T14:37:05.9051859Z   duration_ms: 61.326587
2026-10-08T14:37:05.9052049Z   ...
2026-10-08T14:37:05.9052480Z # Subtest: standalone rendering keeps embedded source and course text inside their script elements
2026-10-08T14:37:05.9052993Z ok 158 - standalone rendering keeps embedded source and course text inside their script elements
2026-10-08T14:37:05.9053235Z   ---
2026-10-08T14:37:05.9053344Z   duration_ms: 0.430297
2026-10-08T14:37:05.9053489Z   ...
2026-10-08T14:37:05.9054012Z # Subtest: water: 6 / 2 mol → second
2026-10-08T14:37:05.9054328Z ok 159 - water: 6 / 2 mol → second
2026-10-08T14:37:05.9054549Z   ---
2026-10-08T14:37:05.9054713Z   duration_ms: 1.473423
2026-10-08T14:37:05.9054898Z   ...
2026-10-08T14:37:05.9055141Z # Subtest: water: 2 / 2 mol → first
2026-10-08T14:37:05.9055438Z ok 160 - water: 2 / 2 mol → first
2026-10-08T14:37:05.9055661Z   ---
2026-10-08T14:37:05.9055827Z   duration_ms: 0.184217
2026-10-08T14:37:05.9056237Z   ...
2026-10-08T14:37:05.9056489Z # Subtest: water: 4 / 2 mol → matched
2026-10-08T14:37:05.9056815Z ok 161 - water: 4 / 2 mol → matched
2026-10-08T14:37:05.9057058Z   ---
2026-10-08T14:37:05.9057225Z   duration_ms: 0.191818
2026-10-08T14:37:05.9057414Z   ...
2026-10-08T14:37:05.9057712Z # Subtest: water: 0 / 5 mol → no-product
2026-10-08T14:37:05.9058052Z ok 162 - water: 0 / 5 mol → no-product
2026-10-08T14:37:05.9058288Z   ---
2026-10-08T14:37:05.9058465Z   duration_ms: 0.125618
2026-10-08T14:37:05.9058664Z   ...
2026-10-08T14:37:05.9058935Z # Subtest: water: 5 / 0 mol → no-product
2026-10-08T14:37:05.9059278Z ok 163 - water: 5 / 0 mol → no-product
2026-10-08T14:37:05.9059512Z   ---
2026-10-08T14:37:05.9059687Z   duration_ms: 0.209755
2026-10-08T14:37:05.9059885Z   ...
2026-10-08T14:37:05.9060167Z # Subtest: water: 0 / 0 mol → no-product
2026-10-08T14:37:05.9060520Z ok 164 - water: 0 / 0 mol → no-product
2026-10-08T14:37:05.9060900Z   ---
2026-10-08T14:37:05.9061077Z   duration_ms: 0.116665
2026-10-08T14:37:05.9061293Z   ...
2026-10-08T14:37:05.9061572Z # Subtest: ammonia: 2 / 3 mol → second
2026-10-08T14:37:05.9061919Z ok 165 - ammonia: 2 / 3 mol → second
2026-10-08T14:37:05.9062157Z   ---
2026-10-08T14:37:05.9062347Z   duration_ms: 0.157596
2026-10-08T14:37:05.9062560Z   ...
2026-10-08T14:37:05.9062857Z # Subtest: ammonia: 1 / 2.4 mol → second
2026-10-08T14:37:05.9063213Z ok 166 - ammonia: 1 / 2.4 mol → second
2026-10-08T14:37:05.9063456Z   ---
2026-10-08T14:37:05.9063638Z   duration_ms: 0.177907
2026-10-08T14:37:05.9063871Z   ...
2026-10-08T14:37:05.9064144Z # Subtest: ammonia: 2 / 4.8 mol → second
2026-10-08T14:37:05.9064492Z ok 167 - ammonia: 2 / 4.8 mol → second
2026-10-08T14:37:05.9064735Z   ---
2026-10-08T14:37:05.9064913Z   duration_ms: 0.222484
2026-10-08T14:37:05.9065114Z   ...
2026-10-08T14:37:05.9065391Z # Subtest: ammonia: 0.1 / 0.3 mol → matched
2026-10-08T14:37:05.9065952Z ok 168 - ammonia: 0.1 / 0.3 mol → matched
2026-10-08T14:37:05.9066197Z   ---
2026-10-08T14:37:05.9066388Z   duration_ms: 0.207071
2026-10-08T14:37:05.9066586Z   ...
2026-10-08T14:37:05.9066883Z # Subtest: ammonia: 0.001 / 0.001 mol → second
2026-10-08T14:37:05.9067264Z ok 169 - ammonia: 0.001 / 0.001 mol → second
2026-10-08T14:37:05.9067508Z   ---
2026-10-08T14:37:05.9067691Z   duration_ms: 0.162124
2026-10-08T14:37:05.9067901Z   ...
2026-10-08T14:37:05.9068201Z # Subtest: ammonia: 0.001 / 0.003 mol → matched
2026-10-08T14:37:05.9068598Z ok 170 - ammonia: 0.001 / 0.003 mol → matched
2026-10-08T14:37:05.9068855Z   ---
2026-10-08T14:37:05.9069035Z   duration_ms: 0.119881
2026-10-08T14:37:05.9069236Z   ...
2026-10-08T14:37:05.9069577Z # Subtest: ammonia: 0.001 / 0.004 mol → first
2026-10-08T14:37:05.9069954Z ok 171 - ammonia: 0.001 / 0.004 mol → first
2026-10-08T14:37:05.9070215Z   ---
2026-10-08T14:37:05.9070396Z   duration_ms: 0.173991
2026-10-08T14:37:05.9070607Z   ...
2026-10-08T14:37:05.9071338Z # Subtest: magnesium: 1.5 / 1 mol → first
2026-10-08T14:37:05.9071711Z ok 172 - magnesium: 1.5 / 1 mol → first
2026-10-08T14:37:05.9071967Z   ---
2026-10-08T14:37:05.9072150Z   duration_ms: 0.148763
2026-10-08T14:37:05.9072351Z   ...
2026-10-08T14:37:05.9072642Z # Subtest: magnesium: 1 / 0.499 mol → second
2026-10-08T14:37:05.9073015Z ok 173 - magnesium: 1 / 0.499 mol → second
2026-10-08T14:37:05.9073277Z   ---
2026-10-08T14:37:05.9073458Z   duration_ms: 0.143425
2026-10-08T14:37:05.9073638Z   ...
2026-10-08T14:37:05.9073898Z # Subtest: magnesium: 1 / 0.5 mol → matched
2026-10-08T14:37:05.9074226Z ok 174 - magnesium: 1 / 0.5 mol → matched
2026-10-08T14:37:05.9074451Z   ---
2026-10-08T14:37:05.9074619Z   duration_ms: 0.156405
2026-10-08T14:37:05.9074805Z   ...
2026-10-08T14:37:05.9075080Z # Subtest: magnesium: 1 / 0.501 mol → first
2026-10-08T14:37:05.9075417Z ok 175 - magnesium: 1 / 0.501 mol → first
2026-10-08T14:37:05.9075648Z   ---
2026-10-08T14:37:05.9075826Z   duration_ms: 0.103666
2026-10-08T14:37:05.9076022Z   ...
2026-10-08T14:37:05.9076297Z # Subtest: water: 1000 / 1000 mol → first
2026-10-08T14:37:05.9076829Z ok 176 - water: 1000 / 1000 mol → first
2026-10-08T14:37:05.9077068Z   ---
2026-10-08T14:37:05.9077239Z   duration_ms: 0.167141
2026-10-08T14:37:05.9077438Z   ...
2026-10-08T14:37:05.9077822Z # Subtest: authored equations use the declared species and conserve each element
2026-10-08T14:37:05.9078393Z ok 177 - authored equations use the declared species and conserve each element
2026-10-08T14:37:05.9078737Z   ---
2026-10-08T14:37:05.9078912Z   duration_ms: 1.033191
2026-10-08T14:37:05.9079105Z   ...
2026-10-08T14:37:05.9079450Z # Subtest: all admitted decimal spellings resolve to exact millimoles
2026-10-08T14:37:05.9079926Z ok 178 - all admitted decimal spellings resolve to exact millimoles
2026-10-08T14:37:05.9080224Z   ---
2026-10-08T14:37:05.9080391Z   duration_ms: 0.234532
2026-10-08T14:37:05.9080583Z   ...
2026-10-08T14:37:05.9081407Z # Subtest: invalid or ambiguous amount inputs are refused without numeric coercion
2026-10-08T14:37:05.9082000Z ok 179 - invalid or ambiguous amount inputs are refused without numeric coercion
2026-10-08T14:37:05.9082357Z   ---
2026-10-08T14:37:05.9082539Z   duration_ms: 0.711859
2026-10-08T14:37:05.9082734Z   ...
2026-10-08T14:37:05.9083202Z # Subtest: positive amounts straddling an exact ratio are never classified using a floating tolerance
2026-10-08T14:37:05.9083931Z ok 180 - positive amounts straddling an exact ratio are never classified using a floating tolerance
2026-10-08T14:37:05.9084321Z   ---
2026-10-08T14:37:05.9084471Z   duration_ms: 0.14632
2026-10-08T14:37:05.9084596Z   ...
2026-10-08T14:37:05.9084858Z # Subtest: start = used + left and atom inventory is conserved across a changed-input grid
2026-10-08T14:37:05.9085376Z ok 181 - start = used + left and atom inventory is conserved across a changed-input grid
2026-10-08T14:37:05.9085716Z   ---
2026-10-08T14:37:05.9085881Z   duration_ms: 5.838851
2026-10-08T14:37:05.9086070Z   ...
2026-10-08T14:37:05.9086502Z # Subtest: doubling both supplies doubles theoretical product and excess without changing the limiting identity
2026-10-08T14:37:05.9087133Z ok 182 - doubling both supplies doubles theoretical product and excess without changing the limiting identity
2026-10-08T14:37:05.9087397Z   ---
2026-10-08T14:37:05.9087506Z   duration_ms: 0.585719
2026-10-08T14:37:05.9087629Z   ...
2026-10-08T14:37:05.9087916Z # Subtest: reaction definitions and solved records are deeply immutable without changing caller inputs
2026-10-08T14:37:05.9088346Z ok 183 - reaction definitions and solved records are deeply immutable without changing caller inputs
2026-10-08T14:37:05.9088592Z   ---
2026-10-08T14:37:05.9088700Z   duration_ms: 0.257677
2026-10-08T14:37:05.9088819Z   ...
2026-10-08T14:37:05.9089098Z # Subtest: worked record carries this prediction, mole accounting and the explicit theoretical model
2026-10-08T14:37:05.9089517Z ok 184 - worked record carries this prediction, mole accounting and the explicit theoretical model
2026-10-08T14:37:05.9089764Z   ---
2026-10-08T14:37:05.9089870Z   duration_ms: 0.615575
2026-10-08T14:37:05.9089992Z   ...
2026-10-08T14:37:05.9090287Z # Subtest: completed first answers restore in their original adaptive order with exact, unrounded estimates
2026-10-08T14:37:05.9090895Z ok 185 - completed first answers restore in their original adaptive order with exact, unrounded estimates
2026-10-08T14:37:05.9091152Z   ---
2026-10-08T14:37:05.9091263Z   duration_ms: 13.385877
2026-10-08T14:37:05.9091389Z   ...
2026-10-08T14:37:05.9091668Z # Subtest: unstarted, zero-answer, paused and complete practice remain distinct and can resume once
2026-10-08T14:37:05.9092081Z ok 186 - unstarted, zero-answer, paused and complete practice remain distinct and can resume once
2026-10-08T14:37:05.9092325Z   ---
2026-10-08T14:37:05.9092432Z   duration_ms: 4.164145
2026-10-08T14:37:05.9092552Z   ...
2026-10-08T14:37:05.9092794Z # Subtest: all-correct and all-missed completed traces use canonical answer indices
2026-10-08T14:37:05.9093151Z ok 187 - all-correct and all-missed completed traces use canonical answer indices
2026-10-08T14:37:05.9093360Z   ---
2026-10-08T14:37:05.9093573Z   duration_ms: 4.698708
2026-10-08T14:37:05.9093693Z   ...
2026-10-08T14:37:05.9093933Z # Subtest: incomplete, duplicate, unknown and out-of-range first answers are refused
2026-10-08T14:37:05.9094284Z ok 188 - incomplete, duplicate, unknown and out-of-range first answers are refused
2026-10-08T14:37:05.9094495Z   ---
2026-10-08T14:37:05.9094604Z   duration_ms: 8.319686
2026-10-08T14:37:05.9094729Z   ...
2026-10-08T14:37:05.9095009Z # Subtest: a different course revision cannot replace the current deck; property order is immaterial
2026-10-08T14:37:05.9095425Z ok 189 - a different course revision cannot replace the current deck; property order is immaterial
2026-10-08T14:37:05.9095664Z   ---
2026-10-08T14:37:05.9095772Z   duration_ms: 2.484402
2026-10-08T14:37:05.9095892Z   ...
2026-10-08T14:37:05.9096159Z # Subtest: changed model parameters, rounded estimates and incompatible versions are refused
2026-10-08T14:37:05.9096654Z ok 190 - changed model parameters, rounded estimates and incompatible versions are refused
2026-10-08T14:37:05.9097030Z   ---
2026-10-08T14:37:05.9097200Z   duration_ms: 5.109395
2026-10-08T14:37:05.9097386Z   ...
2026-10-08T14:37:05.9097872Z # Subtest: practice replay refuses duplicate, reordered, correct-first and extra answers
2026-10-08T14:37:05.9098444Z ok 191 - practice replay refuses duplicate, reordered, correct-first and extra answers
2026-10-08T14:37:05.9098805Z   ---
2026-10-08T14:37:05.9098968Z   duration_ms: 4.757215
2026-10-08T14:37:05.9099154Z   ...
2026-10-08T14:37:05.9099605Z # Subtest: bounded parsing refuses invalid JSON and oversized UTF-8 before exposing state
2026-10-08T14:37:05.9100203Z ok 192 - bounded parsing refuses invalid JSON and oversized UTF-8 before exposing state
2026-10-08T14:37:05.9100593Z   ---
2026-10-08T14:37:05.9100893Z   duration_ms: 2.751123
2026-10-08T14:37:05.9101074Z   ...
2026-10-08T14:37:05.9101677Z # Subtest: the downloadable course is the exact admitted course, without external dependencies
2026-10-08T14:37:05.9102367Z ok 193 - the downloadable course is the exact admitted course, without external dependencies
2026-10-08T14:37:05.9102782Z   ---
2026-10-08T14:37:05.9102971Z   duration_ms: 1.560584
2026-10-08T14:37:05.9103163Z   ...
2026-10-08T14:37:05.9103595Z # Subtest: rebuilding the embedded course preserves already current standalone bytes
2026-10-08T14:37:05.9104217Z ok 194 - rebuilding the embedded course preserves already current standalone bytes
2026-10-08T14:37:05.9104590Z   ---
2026-10-08T14:37:05.9104785Z   duration_ms: 36.557908
2026-10-08T14:37:05.9104976Z   ...
2026-10-08T14:37:05.9105401Z # Subtest: the course example retains a component and reconstructs the exact original
2026-10-08T14:37:05.9105992Z ok 195 - the course example retains a component and reconstructs the exact original
2026-10-08T14:37:05.9106386Z   ---
2026-10-08T14:37:05.9106571Z   duration_ms: 1.000513
2026-10-08T14:37:05.9106764Z   ...
2026-10-08T14:37:05.9107225Z # Subtest: the geometric line is unchanged by a positive or negative direction rescaling
2026-10-08T14:37:05.9107872Z ok 196 - the geometric line is unchanged by a positive or negative direction rescaling
2026-10-08T14:37:05.9108260Z   ---
2026-10-08T14:37:05.9108430Z   duration_ms: 0.344768
2026-10-08T14:37:05.9108645Z   ...
2026-10-08T14:37:05.9109267Z # Subtest: perpendicular, parallel, axis-aligned and zero-original cases remain defined
2026-10-08T14:37:05.9110003Z ok 197 - perpendicular, parallel, axis-aligned and zero-original cases remain defined
2026-10-08T14:37:05.9110402Z   ---
2026-10-08T14:37:05.9110617Z   duration_ms: 0.378559
2026-10-08T14:37:05.9110942Z   ...
2026-10-08T14:37:05.9111383Z # Subtest: malformed, missing, out-of-domain and zero direction values are refused
2026-10-08T14:37:05.9112058Z ok 198 - malformed, missing, out-of-domain and zero direction values are refused
2026-10-08T14:37:05.9112593Z   ---
2026-10-08T14:37:05.9112814Z   duration_ms: 2.047586
2026-10-08T14:37:05.9113290Z   ...
2026-10-08T14:37:05.9113941Z # Subtest: calculation does not mutate or alias its input coordinates
2026-10-08T14:37:05.9114648Z ok 199 - calculation does not mutate or alias its input coordinates
2026-10-08T14:37:05.9115185Z   ---
2026-10-08T14:37:05.9115604Z   duration_ms: 0.335063
2026-10-08T14:37:05.9116072Z   ...
2026-10-08T14:37:05.9116874Z # Subtest: 2,000 independently checked geometries satisfy the projection characterization and plot bounds
2026-10-08T14:37:05.9117823Z ok 200 - 2,000 independently checked geometries satisfy the projection characterization and plot bounds
2026-10-08T14:37:05.9118374Z   ---
2026-10-08T14:37:05.9118688Z   duration_ms: 22.906678
2026-10-08T14:37:05.9118995Z   ...
2026-10-08T14:37:05.9167228Z # Subtest: course has twelve original items, two per concept, with a balanced canonical answer key
2026-10-08T14:37:05.9167911Z ok 201 - course has twelve original items, two per concept, with a balanced canonical answer key
2026-10-08T14:37:05.9168221Z   ---
2026-10-08T14:37:05.9168345Z   duration_ms: 1.67772
2026-10-08T14:37:05.9168472Z   ...
2026-10-08T14:37:05.9168846Z # Subtest: displacement subtracts the starting point, including its negative component
2026-10-08T14:37:05.9169427Z ok 202 - displacement subtracts the starting point, including its negative component
2026-10-08T14:37:05.9169783Z   ---
2026-10-08T14:37:05.9169921Z   duration_ms: 0.690688
2026-10-08T14:37:05.9170047Z   ...
2026-10-08T14:37:05.9170302Z # Subtest: sequential displacements combine componentwise and retain the same final point
2026-10-08T14:37:05.9170817Z ok 203 - sequential displacements combine componentwise and retain the same final point
2026-10-08T14:37:05.9171055Z   ---
2026-10-08T14:37:05.9171163Z   duration_ms: 0.300091
2026-10-08T14:37:05.9171286Z   ...
2026-10-08T14:37:05.9171527Z # Subtest: Euclidean length is the square root of the sum of squared components
2026-10-08T14:37:05.9171857Z ok 204 - Euclidean length is the square root of the sum of squared components
2026-10-08T14:37:05.9172235Z   ---
2026-10-08T14:37:05.9172342Z   duration_ms: 0.212219
2026-10-08T14:37:05.9172464Z   ...
2026-10-08T14:37:05.9172697Z # Subtest: the unit direction has length one and preserves the original orientation
2026-10-08T14:37:05.9173037Z ok 205 - the unit direction has length one and preserves the original orientation
2026-10-08T14:37:05.9173246Z   ---
2026-10-08T14:37:05.9173352Z   duration_ms: 0.397076
2026-10-08T14:37:05.9173476Z   ...
2026-10-08T14:37:05.9173678Z # Subtest: the two nonzero perpendicular vectors have zero dot product
2026-10-08T14:37:05.9173966Z ok 206 - the two nonzero perpendicular vectors have zero dot product
2026-10-08T14:37:05.9174153Z   ---
2026-10-08T14:37:05.9174265Z   duration_ms: 0.195754
2026-10-08T14:37:05.9174388Z   ...
2026-10-08T14:37:05.9174617Z # Subtest: a unit-axis component retains the sign of the projected displacement
2026-10-08T14:37:05.9174945Z ok 207 - a unit-axis component retains the sign of the projected displacement
2026-10-08T14:37:05.9175153Z   ---
2026-10-08T14:37:05.9175264Z   duration_ms: 0.19305
2026-10-08T14:37:05.9175385Z   ...
2026-10-08T14:37:05.9175643Z # Subtest: the projection lies on the nonunit direction line and leaves an orthogonal residual
2026-10-08T14:37:05.9176027Z ok 208 - the projection lies on the nonunit direction line and leaves an orthogonal residual
2026-10-08T14:37:05.9176255Z   ---
2026-10-08T14:37:05.9176365Z   duration_ms: 0.316595
2026-10-08T14:37:05.9176486Z   ...
2026-10-08T14:37:05.9176707Z # Subtest: the requested residual reconstructs b as well as being perpendicular
2026-10-08T14:37:05.9177033Z ok 209 - the requested residual reconstructs b as well as being perpendicular
2026-10-08T14:37:05.9177239Z   ---
2026-10-08T14:37:05.9177346Z   duration_ms: 0.320782
2026-10-08T14:37:05.9177469Z   ...
2026-10-08T14:37:05.9177691Z # Subtest: row dot products implement the stated column-vector matrix convention
2026-10-08T14:37:05.9178018Z ok 210 - row dot products implement the stated column-vector matrix convention
2026-10-08T14:37:05.9178224Z   ---
2026-10-08T14:37:05.9178334Z   duration_ms: 0.324297
2026-10-08T14:37:05.9178556Z   ...
2026-10-08T14:37:05.9178776Z # Subtest: basis images retain the coefficients of the input linear combination
2026-10-08T14:37:05.9179099Z ok 211 - basis images retain the coefficients of the input linear combination
2026-10-08T14:37:05.9179303Z   ---
2026-10-08T14:37:05.9179409Z   duration_ms: 0.238939
2026-10-08T14:37:05.9179532Z   ...
2026-10-08T14:37:05.9179749Z # Subtest: rotation before horizontal stretch differs from the reverse order
2026-10-08T14:37:05.9180064Z ok 212 - rotation before horizontal stretch differs from the reverse order
2026-10-08T14:37:05.9180266Z   ---
2026-10-08T14:37:05.9180373Z   duration_ms: 0.261703
2026-10-08T14:37:05.9180493Z   ...
2026-10-08T14:37:05.9180852Z # Subtest: the stated distinct inputs collide under the flattening map
2026-10-08T14:37:05.9181145Z ok 213 - the stated distinct inputs collide under the flattening map
2026-10-08T14:37:05.9181335Z   ---
2026-10-08T14:37:05.9181442Z   duration_ms: 0.239861
2026-10-08T14:37:05.9181563Z   ...
2026-10-08T14:37:05.9181665Z 1..213
2026-10-08T14:37:05.9181776Z # tests 225
2026-10-08T14:37:05.9181890Z # suites 0
2026-10-08T14:37:05.9182002Z # pass 225
2026-10-08T14:37:05.9182112Z # fail 0
2026-10-08T14:37:05.9182219Z # cancelled 0
2026-10-08T14:37:05.9182333Z # skipped 0
2026-10-08T14:37:05.9182440Z # todo 0
2026-10-08T14:37:05.9182565Z # duration_ms 1065.110342
2026-10-08T14:37:05.9229218Z ##[group]Run cp demo.html /tmp/demo-before.html
2026-10-08T14:37:05.9229449Z [36;1mcp demo.html /tmp/demo-before.html[0m
2026-10-08T14:37:05.9229618Z [36;1mpython3 tools/make_demo.py[0m
2026-10-08T14:37:05.9229937Z [36;1mcmp /tmp/demo-before.html demo.html || { echo "demo.html is stale: run 'python3 tools/make_demo.py' and commit the result"; exit 1; }[0m
2026-10-08T14:37:05.9284415Z shell: /usr/bin/bash -e {0}
2026-10-08T14:37:05.9284565Z ##[endgroup]
2026-10-08T14:37:05.9539382Z Built /home/runner/work/RecallWeave/RecallWeave/demo.html (81178 bytes)
2026-10-08T14:37:05.9663896Z Post job cleanup.
2026-10-08T14:37:06.0507702Z (node:2489) [DEP0040] DeprecationWarning: The `punycode` module is deprecated. Please use a userland alternative instead.
2026-10-08T14:37:06.0508443Z (Use `node --trace-deprecation ...` to show where the warning was created)
2026-10-08T14:37:06.0691879Z Post job cleanup.
2026-10-08T14:37:06.1271475Z [command]/usr/bin/git version
2026-10-08T14:37:06.1301266Z git version 2.55.0
2026-10-08T14:37:06.1324426Z Temporarily overriding HOME='/home/runner/work/_temp/726983a2-ab30-4e4c-8a1c-85c1fafb1bb7' before making global git config changes
2026-10-08T14:37:06.1325234Z Adding repository directory to the temporary git global config as a safe directory
2026-10-08T14:37:06.1326305Z [command]/usr/bin/git config --global --add safe.directory /home/runner/work/RecallWeave/RecallWeave
2026-10-08T14:37:06.1361792Z [command]/usr/bin/git config --local --name-only --get-regexp core\.sshCommand
2026-10-08T14:37:06.1394348Z [command]/usr/bin/git submodule foreach --recursive sh -c "git config --local --name-only --get-regexp 'core\.sshCommand' && git config --local --unset-all 'core.sshCommand' || :"
2026-10-08T14:37:06.1598671Z [command]/usr/bin/git config --local --name-only --get-regexp http\.https\:\/\/github\.com\/\.extraheader
2026-10-08T14:37:06.1630905Z http.https://github.com/.extraheader
2026-10-08T14:37:06.1642295Z [command]/usr/bin/git config --local --unset-all http.https://github.com/.extraheader
2026-10-08T14:37:06.1678632Z [command]/usr/bin/git submodule foreach --recursive sh -c "git config --local --name-only --get-regexp 'http\.https\:\/\/github\.com\/\.extraheader' && git config --local --unset-all 'http.https://github.com/.extraheader' || :"
2026-10-08T14:37:06.1888017Z [command]/usr/bin/git config --local --name-only --get-regexp ^includeIf\.gitdir:
2026-10-08T14:37:06.1918956Z [command]/usr/bin/git submodule foreach --recursive git config --local --show-origin --name-only --get-regexp remote.origin.url
2026-10-08T14:37:06.2219470Z Cleaning up orphan processes
2026-10-08T14:37:06.2419770Z ##[warning]Node.js 20 is deprecated. The following actions target Node.js 20 but are being forced to run on Node.js 24: actions/checkout@11d5960a326750d5838078e36cf38b85af677262, actions/setup-node@49933ea5288caeca8642d1e84afbd3f7d6820020. For more information see: https://github.blog/changelog/2025-09-19-deprecation-of-node-20-on-github-actions-runners/
