✔ the existing bundled deck imports unchanged without a format field (4.4601ms)
✔ a deck is an immutable copy, and unknown fields cannot configure the runtime (1.5823ms)
✔ malformed JSON, unsupported versions and wrong top-level values give actionable errors (0.7909ms)
✔ JSON byte limit counts multibyte text and accepts the exact boundary (3.7873ms)
✔ required readable metadata and bounded question fields are validated (1.2637ms)
✔ empty and oversized collections and duplicate identities are refused (1.0526ms)
✔ every question and prerequisite must name a known covered concept (3.5456ms)
✔ self-requirements and concept cycles across different questions are refused (0.7422ms)
✔ choices require distinct readable options and an actual integer answer index (1.5197ms)
✔ 100 questions and 32 concepts work through the existing selector to exhaustion (159.9451ms)
✔ imported answer indices, literal text and object-key names survive learning and practice (0.9232ms)
✔ downloadable example round-trips through the import contract with full attribution (0.4341ms)
✔ BKT probabilities stay bounded across repeated evidence (8.6505ms)
✔ correct evidence raises and incorrect evidence lowers posterior for interior prior (0.2971ms)
✔ parameter validation rejects impossible probabilities (1.036ms)
✔ entropy and information gain have expected bounds and peak near uncertainty (2.6312ms)
✔ selector prioritizes a weak prerequisite and is stable after exhaustion (1.4408ms)
✔ initial mastery creates independent named concept values (2.2241ms)
✔ scripted learner simulation is deterministic, bounded, and distinguishes selector modes (1.1936ms)
✔ question identity survives reordered review, edits and clearing without changing earlier notes (4.9679ms)
✔ application writing is separate and a fresh session starts with every field empty (2.2011ms)
✔ unknown or duplicate question identities and non-text edits are refused (1.2953ms)
✔ actual study notes bind writing to questions while retaining native review, estimates and a paused retry (6.1853ms)
✔ actual export uses the most recent edit and represents cleared fields as unwritten (1.19ms)
✔ export refuses missing, duplicate or foreign notebook identities instead of attaching notes by position (4.1894ms)
✔ study notes retain the displayed imported-course application prompt without changing notebook or first-session data (1.1845ms)
✔ a notebook export refuses a missing or non-text displayed application prompt (0.9723ms)
✔ review preserves session order and the actual chosen answer (2.5366ms)
✔ review is an immutable snapshot independent of mutable input arrays (1.996ms)
✔ a review rejects unknown, duplicate, or invalid first answers (3.1133ms)
✔ practice includes only initially missed questions in first-attempt order (0.4172ms)
✔ correct and incorrect retries remain separate from the immutable original trace (0.5978ms)
✔ practice resumes at the next unanswered question and refuses duplicate or out-of-order writes (0.6476ms)
✔ an all-correct or empty review has no practice question (0.5369ms)
ℹ tests 34
ℹ suites 0
ℹ pass 34
ℹ fail 0
ℹ cancelled 0
ℹ skipped 0
ℹ todo 0
ℹ duration_ms 392.914
