Traceback (most recent call last):
  File "D:\Hamon\recallweave-diffusion-5f566b5ec8ef\browser-first.py", line 40, in <module>
    assert stat(page,'Sum')=='8' and stat(page,'Mean')=='1'
                                     ^^^^^^^^^^^^^^^^^
  File "D:\Hamon\recallweave-diffusion-5f566b5ec8ef\browser-first.py", line 26, in stat
    return page.locator('#stats .stat').filter(has=page.locator('dt',has_text=label)).locator('dd').inner_text()
           ^^^^^^^^^^^^^^^^^^^^^^^^^^^^^^^^^^^^^^^^^^^^^^^^^^^^^^^^^^^^^^^^^^^^^^^^^^^^^^^^^^^^^^^^^^^^^^^^^^^^^
  File "C:\Users\Veria\AppData\Local\Programs\Python\Python311\Lib\site-packages\playwright\sync_api\_generated.py", line 19446, in inner_text
    self._sync(self._impl_obj.inner_text(timeout=to_milliseconds(timeout)))
  File "C:\Users\Veria\AppData\Local\Programs\Python\Python311\Lib\site-packages\playwright\_impl\_sync_base.py", line 115, in _sync
    return task.result()
           ^^^^^^^^^^^^^
  File "C:\Users\Veria\AppData\Local\Programs\Python\Python311\Lib\site-packages\playwright\_impl\_locator.py", line 498, in inner_text
    return await self._frame.inner_text(
           ^^^^^^^^^^^^^^^^^^^^^^^^^^^^^
  File "C:\Users\Veria\AppData\Local\Programs\Python\Python311\Lib\site-packages\playwright\_impl\_frame.py", line 743, in inner_text
    return await self._channel.send(
           ^^^^^^^^^^^^^^^^^^^^^^^^^
  File "C:\Users\Veria\AppData\Local\Programs\Python\Python311\Lib\site-packages\playwright\_impl\_connection.py", line 76, in send
    return await self._connection.wrap_api_call(
           ^^^^^^^^^^^^^^^^^^^^^^^^^^^^^^^^^^^^^
  File "C:\Users\Veria\AppData\Local\Programs\Python\Python311\Lib\site-packages\playwright\_impl\_connection.py", line 632, in wrap_api_call
    raise rewrite_error(error, f"{parsed_st['apiName']}: {error}") from None
playwright._impl._errors.Error: Locator.inner_text: Error: strict mode violation: locator("#stats .stat").filter(has=locator("dt").filter(has_text="Mean")).locator("dd") resolved to 2 elements:
    1) <dd>1</dd> aka locator("#stats").get_by_text("1", exact=True)
    2) <dd>56</dd> aka get_by_text("56", exact=True)

Call log:
  - waiting for locator("#stats .stat").filter(has=locator("dt").filter(has_text="Mean")).locator("dd")


{"passed": false, "checks": 0, "error": "Locator.inner_text: Error: strict mode violation: locator(\"#stats .stat\").filter(has=locator(\"dt\").filter(has_text=\"Mean\")).locator(\"dd\") resolved to 2 elements:\n    1) <dd>1</dd> aka locator(\"#stats\").get_by_text(\"1\", exact=True)\n    2) <dd>56</dd> aka get_by_text(\"56\", exact=True)\n\nCall log:\n  - waiting for locator(\"#stats .stat\").filter(has=locator(\"dt\").filter(has_text=\"Mean\")).locator(\"dd\")\n", "source_unchanged": true}
