✔ simultaneous pulse includes periodic wraparound, complete old-row trace (4.3429ms)
✔ zero ratio and zero steps retain exact initial rows (0.9007ms)
✔ nonreduced ratio records original input and canonical weights (0.6815ms)
✔ constant signed field is fixed even beyond the convex boundary (15.1582ms)
✔ alternating exact damping, boundary cycle, growing mode and offset (1.1812ms)
✔ sum and exact half-integer mean remain conserved for signed data (11.2528ms)
✔ convex boundary and range envelope for admitted nonnegative weights (20.0167ms)
✔ returned graph is detached recursively frozen and JSON-safe (2.574ms)
✔ strict integer and object admission (0.7366ms)
✔ dense eight-cell input and each bounded value are mandatory (0.4278ms)
✔ negative zero is admitted as mathematical zero and unknown fields are inert (2.0743ms)
✔ maximum horizon remains bounded and every exact denominator positive (5.3493ms)
✔ original12-question course runs existing adaptive review and missed retry (13.6076ms)
ℹ tests 13
ℹ suites 0
ℹ pass 13
ℹ fail 0
ℹ cancelled 0
ℹ skipped 0
ℹ todo 0
ℹ duration_ms 180.7891
