✔ simultaneous pulse includes periodic wraparound, complete old-row trace (4.2848ms)
✔ zero ratio and zero steps retain exact initial rows (0.9976ms)
✔ nonreduced ratio records original input and canonical weights (0.614ms)
✔ constant signed field is fixed even beyond the convex boundary (14.4527ms)
✔ alternating exact damping, boundary cycle, growing mode and offset (1.0725ms)
✔ sum and exact half-integer mean remain conserved for signed data (11.6645ms)
✔ convex boundary and range envelope for admitted nonnegative weights (20.5364ms)
✔ returned graph is detached recursively frozen and JSON-safe (2.3218ms)
✔ strict integer and object admission (0.7452ms)
✔ dense eight-cell input and each bounded value are mandatory (0.4516ms)
✔ negative zero is admitted as mathematical zero and unknown fields are inert (2.6295ms)
✖ maximum horizon remains bounded and every exact denominator positive (4.17ms)
✔ original12-question course runs existing adaptive review and missed retry (14.7862ms)
ℹ tests 13
ℹ suites 0
ℹ pass 12
ℹ fail 1
ℹ cancelled 0
ℹ skipped 0
ℹ todo 0
ℹ duration_ms 180.4531

✖ failing tests:

test at tests\diffusion-stencil.test.mjs:74:1
✖ maximum horizon remains bounded and every exact denominator positive (4.17ms)
  AssertionError [ERR_ASSERTION]: The "string" argument must be of type string. Received type number (15)
      at walk (file:///D:/Hamon/recallweave-diffusion-5f566b5ec8ef/source/tests/diffusion-stencil.test.mjs:77:73)
      at Array.forEach (<anonymous>)
      at walk (file:///D:/Hamon/recallweave-diffusion-5f566b5ec8ef/source/tests/diffusion-stencil.test.mjs:77:157)
      at TestContext.<anonymous> (file:///D:/Hamon/recallweave-diffusion-5f566b5ec8ef/source/tests/diffusion-stencil.test.mjs:77:174)
      at Test.runInAsyncScope (node:async_hooks:227:14)
      at Test.run (node:internal/test_runner/test:1382:25)
      at Test.processPendingSubtests (node:internal/test_runner/test:960:18)
      at Test.postRun (node:internal/test_runner/test:1522:19)
      at Test.run (node:internal/test_runner/test:1447:12)
      at async Test.processPendingSubtests (node:internal/test_runner/test:960:7) {
    generatedMessage: true,
    code: 'ERR_ASSERTION',
    actual: 15,
    expected: /^-?\\d+$/,
    operator: 'match',
    diff: 'simple'
  }
