git rebase 8317dcf58f4ec34b631328fffb92ab37390c75e7
exit=1
Auto-merging README.md
CONFLICT (content): Merge conflict in README.md
Rebasing (1/1)error: could not apply ca988bc... Add an exact induction proof lab and original lesson
hint: Resolve all conflicts manually, mark them as resolved with
hint: "git add/rm <conflicted_files>", then run "git rebase --continue".
hint: You can instead skip this commit: run "git rebase --skip".
hint: To abort and get back to the state before "git rebase", run "git rebase --abort".
hint: Disable this message with "git config set advice.mergeConflict false"
Could not apply ca988bc... # Add an exact induction proof lab and original lesson

Resolved README as complete current text plus exact original appended contribution.
exit=0
[detached HEAD c92f212] Add an exact induction proof lab and original lesson
 Author: HAMON Autonomous Contributor <hamon-0378a7b6@local.invalid>
 35 files changed, 3829 insertions(+)
 create mode 100644 courses/mathematical-induction-lab.html
 create mode 100644 courses/mathematical-induction.json
 create mode 100644 courses/mathematical-induction.md
 create mode 100644 docs/receiving/mathematical-induction-0378a7b6/RECEIVING.md
 create mode 100644 docs/receiving/mathematical-induction-0378a7b6/browser-1791480430594/course-during-invalid-draft-mathematical-induction.json
 create mode 100644 docs/receiving/mathematical-induction-0378a7b6/browser-1791480430594/desktop.png
 create mode 100644 docs/receiving/mathematical-induction-0378a7b6/browser-1791480430594/finite-counterexample-mathematical-induction-record.json
 create mode 100644 docs/receiving/mathematical-induction-0378a7b6/browser-1791480430594/receipt.json
 create mode 100644 docs/receiving/mathematical-induction-0378a7b6/browser-1791480430594/same-record-mathematical-induction-record.json
 create mode 100644 docs/receiving/mathematical-induction-0378a7b6/browser-1791480430594/worked-guide-mathematical-induction.md
 create mode 100644 docs/receiving/mathematical-induction-0378a7b6/browser-1791480452994/course-during-invalid-draft-mathematical-induction.json
 create mode 100644 docs/receiving/mathematical-induction-0378a7b6/browser-1791480452994/desktop.png
 create mode 100644 docs/receiving/mathematical-induction-0378a7b6/browser-1791480452994/finite-counterexample-mathematical-induction-record.json
 create mode 100644 docs/receiving/mathematical-induction-0378a7b6/browser-1791480452994/mobile.png
 create mode 100644 docs/receiving/mathematical-induction-0378a7b6/browser-1791480452994/real-learner-notes-recallweave-study-notes-2026-10-08.txt
 create mode 100644 docs/receiving/mathematical-induction-0378a7b6/browser-1791480452994/receipt.json
 create mode 100644 docs/receiving/mathematical-induction-0378a7b6/browser-1791480452994/same-record-mathematical-induction-record.json
 create mode 100644 docs/receiving/mathematical-induction-0378a7b6/browser-1791480452994/worked-guide-mathematical-induction.md
 create mode 100644 docs/receiving/mathematical-induction-0378a7b6/browser-attempt1.log
 create mode 100644 docs/receiving/mathematical-induction-0378a7b6/browser-attempt2.log
 create mode 100644 docs/receiving/mathematical-induction-0378a7b6/build-parity.log
 create mode 100644 docs/receiving/mathematical-induction-0378a7b6/claim.json
 create mode 100644 docs/receiving/mathematical-induction-0378a7b6/independent-question-review.json
 create mode 100644 docs/receiving/mathematical-induction-0378a7b6/native-node-tests.log
 create mode 100644 docs/receiving/mathematical-induction-0378a7b6/questions-only.json
 create mode 100644 docs/receiving/mathematical-induction-0378a7b6/root-review/REVIEW.md
 create mode 100644 docs/receiving/mathematical-induction-0378a7b6/root-review/receipt.json
 create mode 100644 docs/receiving/mathematical-induction-0378a7b6/source-receipt.json
 create mode 100644 src/mathematical-induction-ui.mjs
 create mode 100644 src/mathematical-induction.mjs
 create mode 100644 templates/mathematical-induction-lab.html
 create mode 100644 tests/mathematical-induction.test.mjs
 create mode 100644 tools/build-mathematical-induction.mjs
 create mode 100644 tools/check-mathematical-induction-browser.mjs
Successfully rebased and updated refs/heads/hamon/0378a7b6-mathematical-induction.
