2026-10-08T15:27:18.4190861Z Current runner version: '2.337.0'
2026-10-08T15:27:18.4214954Z ##[group]Runner Image Provisioner
2026-10-08T15:27:18.4215843Z Hosted Compute Agent
2026-10-08T15:27:18.4216381Z Version: 20260901.588
2026-10-08T15:27:18.4217091Z Commit: f88ec8081b781fac6c440065ac7ff9e710ce3d0b
2026-10-08T15:27:18.4217773Z Build Date: 2026-09-01T19:56:44Z
2026-10-08T15:27:18.4218496Z Worker ID: {0b3519c9-e61c-4a08-b530-651b6399bff7}
2026-10-08T15:27:18.4219182Z Azure Region: centralus
2026-10-08T15:27:18.4219703Z ##[endgroup]
2026-10-08T15:27:18.4221011Z ##[group]Operating System
2026-10-08T15:27:18.4221580Z Ubuntu
2026-10-08T15:27:18.4222092Z 24.04.5
2026-10-08T15:27:18.4222611Z LTS
2026-10-08T15:27:18.4223097Z ##[endgroup]
2026-10-08T15:27:18.4223643Z ##[group]Runner Image
2026-10-08T15:27:18.4224192Z Image: ubuntu-24.04
2026-10-08T15:27:18.4225301Z Version: 20260927.320.1
2026-10-08T15:27:18.4226481Z Included Software: https://github.com/actions/runner-images/blob/ubuntu24/20260927.320/images/ubuntu/Ubuntu2404-Readme.md
2026-10-08T15:27:18.4227995Z Image Release: https://github.com/actions/runner-images/releases/tag/ubuntu24%2F20260927.320
2026-10-08T15:27:18.4228894Z ##[endgroup]
2026-10-08T15:27:18.4230066Z ##[group]GITHUB_TOKEN Permissions
2026-10-08T15:27:18.4232067Z Contents: read
2026-10-08T15:27:18.4232703Z Metadata: read
2026-10-08T15:27:18.4233236Z Pages: write
2026-10-08T15:27:18.4233750Z ##[endgroup]
2026-10-08T15:27:18.4236067Z Secret source: Actions
2026-10-08T15:27:18.4236953Z Cache mode: read
2026-10-08T15:27:18.4237628Z Prepare workflow directory
2026-10-08T15:27:18.4562360Z Prepare all required actions
2026-10-08T15:27:18.4608878Z Getting action download info
2026-10-08T15:27:18.7217008Z Download action repository 'actions/deploy-pages@v5' (SHA:368f82528645a54fb793d4d04e342629a3f51346)
2026-10-08T15:27:19.4973922Z Complete job name: deploy
2026-10-08T15:27:19.5583001Z ##[group]Run actions/deploy-pages@v5
2026-10-08T15:27:19.5583821Z with:
2026-10-08T15:27:19.5588130Z   token: ***
2026-10-08T15:27:19.5588660Z   timeout: 600000
2026-10-08T15:27:19.5589240Z   error_count: 10
2026-10-08T15:27:19.5589760Z   reporting_interval: 5000
2026-10-08T15:27:19.5590328Z   artifact_name: github-pages
2026-10-08T15:27:19.5590923Z   preview: false
2026-10-08T15:27:19.5591595Z ##[endgroup]
2026-10-08T15:27:19.7554659Z (node:2203) [DEP0040] DeprecationWarning: The `punycode` module is deprecated. Please use a userland alternative instead.
2026-10-08T15:27:19.7556394Z (Use `node --trace-deprecation ...` to show where the warning was created)
2026-10-08T15:27:19.9004891Z Fetching artifact metadata for "github-pages" in this workflow run
2026-10-08T15:27:20.0538563Z Found 1 artifact(s)
2026-10-08T15:27:20.0551418Z Creating Pages deployment with payload:
2026-10-08T15:27:20.0552745Z {
2026-10-08T15:27:20.0554081Z 	"artifact_id": 11561145740,
2026-10-08T15:27:20.0556099Z 	"pages_build_version": "343d20e38fb619c5eea2ec588b61c5f26fea714b",
2026-10-08T15:27:20.0644898Z 	"oidc_token": "***"
2026-10-08T15:27:20.0646246Z }
2026-10-08T15:27:20.6967678Z Created deployment for 343d20e38fb619c5eea2ec588b61c5f26fea714b, ID: 343d20e38fb619c5eea2ec588b61c5f26fea714b
2026-10-08T15:27:24.7498578Z Getting Pages deployment status...
2026-10-08T15:27:25.0710060Z Current status: updating_pages
2026-10-08T15:27:32.5511508Z Getting Pages deployment status...
2026-10-08T15:27:32.7699541Z Reported success!
2026-10-08T15:27:32.7969035Z Evaluate and set environment url
2026-10-08T15:27:32.7974857Z Evaluated environment url: http://jacobmetoyer.com/RecallWeave/
2026-10-08T15:27:32.7975942Z Cleaning up orphan processes
