TAP version 13
# Subtest: worked quadratic distinguishes the three estimates and signed errors
ok 1 - worked quadratic distinguishes the three estimates and signed errors
  ---
  duration_ms: 35.223471
  type: 'test'
  ...
# Subtest: each linear polynomial is integrated exactly for every interval and mesh
ok 2 - each linear polynomial is integrated exactly for every interval and mesh
  ---
  duration_ms: 188.721355
  type: 'test'
  ...
# Subtest: midpoint and trapezoid quadratic errors follow independent closed forms
ok 3 - midpoint and trapezoid quadratic errors follow independent closed forms
  ---
  duration_ms: 37.7606
  type: 'test'
  ...
# Subtest: Simpson integrates arbitrary signed cubics exactly on translated intervals
ok 4 - Simpson integrates arbitrary signed cubics exactly on translated intervals
  ---
  duration_ms: 48.939269
  type: 'test'
  ...
# Subtest: quartic and quintic Simpson errors agree with separate monomial identities
ok 5 - quartic and quintic Simpson errors agree with separate monomial identities
  ---
  duration_ms: 169.799693
  type: 'test'
  ...
# Subtest: zero values at all endpoint nodes do not prove a zero integral
ok 6 - zero values at all endpoint nodes do not prove a zero integral
  ---
  duration_ms: 3.967696
  type: 'test'
  ...
# Subtest: odd symmetry is reported as exact without inflating the degree guarantee
ok 7 - odd symmetry is reported as exact without inflating the degree guarantee
  ---
  duration_ms: 7.944019
  type: 'test'
  ...
# Subtest: negative signed integral is retained rather than replaced by geometric area
ok 8 - negative signed integral is retained rather than replaced by geometric area
  ---
  duration_ms: 3.266983
  type: 'test'
  ...
# Subtest: zero polynomial has no fabricated degree and no zero-over-zero ratios
ok 9 - zero polynomial has no fabricated degree and no zero-over-zero ratios
  ---
  duration_ms: 5.211799
  type: 'test'
  ...
# Subtest: refinement exposes exact observed factors four and sixteen
ok 10 - refinement exposes exact observed factors four and sixteen
  ---
  duration_ms: 10.667077
  type: 'test'
  ...
# Subtest: a coincidentally exact coarse trapezoid can lose exactness on refinement
not ok 11 - a coincidentally exact coarse trapezoid can lose exactness on refinement
  ---
  duration_ms: 9.15758
  type: 'test'
  location: '/home/jacob/recallweave-quadrature-20261008-5f566b5ec8ef/source/tests/quadrature.test.mjs:120:1'
  failureType: 'testCodeFailure'
  error: |-
    Expected values to be strictly equal:
    
    false !== true
    
  code: 'ERR_ASSERTION'
  name: 'AssertionError'
  expected: true
  actual: false
  operator: 'strictEqual'
  stack: |-
    TestContext.<anonymous> (file:///home/jacob/recallweave-quadrature-20261008-5f566b5ec8ef/source/tests/quadrature.test.mjs:123:10)
    Test.runInAsyncScope (node:async_hooks:214:14)
    Test.run (node:internal/test_runner/test:1047:25)
    Test.processPendingSubtests (node:internal/test_runner/test:744:18)
    Test.postRun (node:internal/test_runner/test:1173:19)
    Test.run (node:internal/test_runner/test:1101:12)
    async Test.processPendingSubtests (node:internal/test_runner/test:744:7)
  ...
# Subtest: positive node weights sum to interval width; exact contributions sum to estimates
ok 12 - positive node weights sum to interval width; exact contributions sum to estimates
  ---
  duration_ms: 17.356276
  type: 'test'
  ...
# Subtest: scaling the polynomial scales signed estimates and errors exactly
ok 13 - scaling the polynomial scales signed estimates and errors exactly
  ---
  duration_ms: 22.556087
  type: 'test'
  ...
# Subtest: inputs and presets stay unchanged; every exposed nested result is immutable
ok 14 - inputs and presets stay unchanged; every exposed nested result is immutable
  ---
  duration_ms: 6.227244
  type: 'test'
  ...
# Subtest: invalid or sparse settings reject as a whole
ok 15 - invalid or sparse settings reject as a whole
  ---
  duration_ms: 3.116915
  type: 'test'
  ...
# Subtest: download retains complete exact calculation and a separate inspection choice
ok 16 - download retains complete exact calculation and a separate inspection choice
  ---
  duration_ms: 7.997181
  type: 'test'
  ...
1..16
# tests 16
# suites 0
# pass 15
# fail 1
# cancelled 0
# skipped 0
# todo 0
# duration_ms 1195.462964
