TAP version 13
# Subtest: worked quadratic distinguishes the three estimates and signed errors
ok 1 - worked quadratic distinguishes the three estimates and signed errors
  ---
  duration_ms: 20.789575
  type: 'test'
  ...
# Subtest: each linear polynomial is integrated exactly for every interval and mesh
ok 2 - each linear polynomial is integrated exactly for every interval and mesh
  ---
  duration_ms: 71.392958
  type: 'test'
  ...
# Subtest: midpoint and trapezoid quadratic errors follow independent closed forms
ok 3 - midpoint and trapezoid quadratic errors follow independent closed forms
  ---
  duration_ms: 21.808644
  type: 'test'
  ...
# Subtest: Simpson integrates arbitrary signed cubics exactly on translated intervals
ok 4 - Simpson integrates arbitrary signed cubics exactly on translated intervals
  ---
  duration_ms: 31.230904
  type: 'test'
  ...
# Subtest: quartic and quintic Simpson errors agree with separate monomial identities
ok 5 - quartic and quintic Simpson errors agree with separate monomial identities
  ---
  duration_ms: 86.046101
  type: 'test'
  ...
# Subtest: zero values at all endpoint nodes do not prove a zero integral
ok 6 - zero values at all endpoint nodes do not prove a zero integral
  ---
  duration_ms: 3.924216
  type: 'test'
  ...
# Subtest: odd symmetry is reported as exact without inflating the degree guarantee
ok 7 - odd symmetry is reported as exact without inflating the degree guarantee
  ---
  duration_ms: 2.984794
  type: 'test'
  ...
# Subtest: negative signed integral is retained rather than replaced by geometric area
ok 8 - negative signed integral is retained rather than replaced by geometric area
  ---
  duration_ms: 2.365047
  type: 'test'
  ...
# Subtest: zero polynomial has no fabricated degree and no zero-over-zero ratios
ok 9 - zero polynomial has no fabricated degree and no zero-over-zero ratios
  ---
  duration_ms: 5.380711
  type: 'test'
  ...
# Subtest: refinement exposes exact observed factors four and sixteen
ok 10 - refinement exposes exact observed factors four and sixteen
  ---
  duration_ms: 5.643838
  type: 'test'
  ...
# Subtest: a coincidentally exact coarse trapezoid can lose exactness on refinement
ok 11 - a coincidentally exact coarse trapezoid can lose exactness on refinement
  ---
  duration_ms: 2.770856
  type: 'test'
  ...
# Subtest: positive node weights sum to interval width; exact contributions sum to estimates
ok 12 - positive node weights sum to interval width; exact contributions sum to estimates
  ---
  duration_ms: 13.841867
  type: 'test'
  ...
# Subtest: scaling the polynomial scales signed estimates and errors exactly
ok 13 - scaling the polynomial scales signed estimates and errors exactly
  ---
  duration_ms: 11.14041
  type: 'test'
  ...
# Subtest: inputs and presets stay unchanged; every exposed nested result is immutable
ok 14 - inputs and presets stay unchanged; every exposed nested result is immutable
  ---
  duration_ms: 5.291221
  type: 'test'
  ...
# Subtest: invalid or sparse settings reject as a whole
ok 15 - invalid or sparse settings reject as a whole
  ---
  duration_ms: 2.712519
  type: 'test'
  ...
# Subtest: download retains complete exact calculation and a separate inspection choice
ok 16 - download retains complete exact calculation and a separate inspection choice
  ---
  duration_ms: 5.981347
  type: 'test'
  ...
1..16
# tests 16
# suites 0
# pass 16
# fail 0
# cancelled 0
# skipped 0
# todo 0
# duration_ms 806.596578
