TAP version 13
# Subtest: the original twelve-question course is admitted by the unchanged deck consumer
ok 1 - the original twelve-question course is admitted by the unchanged deck consumer
  ---
  duration_ms: 181.053142
  type: 'test'
  ...
# Subtest: adaptive first attempts, separate practice and local notes retain this course content
ok 2 - adaptive first attempts, separate practice and local notes retain this course content
  ---
  duration_ms: 206.039333
  type: 'test'
  ...
# Subtest: the standalone download embeds the exact original course and worked guide
ok 3 - the standalone download embeds the exact original course and worked guide
  ---
  duration_ms: 162.983009
  type: 'test'
  ...
1..3
# tests 3
# suites 0
# pass 3
# fail 0
# cancelled 0
# skipped 0
# todo 0
# duration_ms 5654.010489
