TAP version 13
# Subtest: independent exact oracle: strict_reversal
ok 1 - independent exact oracle: strict_reversal
  ---
  duration_ms: 13.507734
  type: 'test'
  ...
# Subtest: independent exact oracle: aligned_nonreversal
ok 2 - independent exact oracle: aligned_nonreversal
  ---
  duration_ms: 1.892102
  type: 'test'
  ...
# Subtest: independent exact oracle: pooled_tie_both_groups_A
ok 3 - independent exact oracle: pooled_tie_both_groups_A
  ---
  duration_ms: 0.916981
  type: 'test'
  ...
# Subtest: independent exact oracle: one_subgroup_tie
ok 4 - independent exact oracle: one_subgroup_tie
  ---
  duration_ms: 0.782753
  type: 'test'
  ...
# Subtest: independent exact oracle: opposing_subgroups
ok 5 - independent exact oracle: opposing_subgroups
  ---
  duration_ms: 0.948657
  type: 'test'
  ...
# Subtest: independent exact oracle: missing_newcomer_weight_0
ok 6 - independent exact oracle: missing_newcomer_weight_0
  ---
  duration_ms: 0.667444
  type: 'test'
  ...
# Subtest: independent exact oracle: missing_newcomer_weight_37
ok 7 - independent exact oracle: missing_newcomer_weight_37
  ---
  duration_ms: 0.760947
  type: 'test'
  ...
# Subtest: independent exact oracle: missing_newcomer_weight_100
ok 8 - independent exact oracle: missing_newcomer_weight_100
  ---
  duration_ms: 0.568531
  type: 'test'
  ...
# Subtest: independent exact oracle: missing_experienced_weight_0
ok 9 - independent exact oracle: missing_experienced_weight_0
  ---
  duration_ms: 1.280194
  type: 'test'
  ...
# Subtest: independent exact oracle: missing_experienced_weight_37
ok 10 - independent exact oracle: missing_experienced_weight_37
  ---
  duration_ms: 1.450133
  type: 'test'
  ...
# Subtest: independent exact oracle: missing_experienced_weight_100
ok 11 - independent exact oracle: missing_experienced_weight_100
  ---
  duration_ms: 0.760809
  type: 'test'
  ...
# Subtest: independent exact oracle: entire_option_empty_weight_0
ok 12 - independent exact oracle: entire_option_empty_weight_0
  ---
  duration_ms: 0.467254
  type: 'test'
  ...
# Subtest: independent exact oracle: entire_option_empty_weight_50
ok 13 - independent exact oracle: entire_option_empty_weight_50
  ---
  duration_ms: 0.412298
  type: 'test'
  ...
# Subtest: independent exact oracle: entire_option_empty_weight_100
ok 14 - independent exact oracle: entire_option_empty_weight_100
  ---
  duration_ms: 0.405872
  type: 'test'
  ...
# Subtest: independent exact oracle: available_zero_rates
ok 15 - independent exact oracle: available_zero_rates
  ---
  duration_ms: 0.50372
  type: 'test'
  ...
# Subtest: independent exact oracle: maximum_valid_counts
ok 16 - independent exact oracle: maximum_valid_counts
  ---
  duration_ms: 0.477892
  type: 'test'
  ...
# Subtest: independent exact oracle: tiny_strict_reversal
ok 17 - independent exact oracle: tiny_strict_reversal
  ---
  duration_ms: 0.563012
  type: 'test'
  ...
# Subtest: independent exact oracle: float_collapsed_reference_difference
ok 18 - independent exact oracle: float_collapsed_reference_difference
  ---
  duration_ms: 0.872564
  type: 'test'
  ...
# Subtest: independent exact oracle: symmetry_base_37
ok 19 - independent exact oracle: symmetry_base_37
  ---
  duration_ms: 0.477164
  type: 'test'
  ...
# Subtest: independent exact oracle: swap_A_B
ok 20 - independent exact oracle: swap_A_B
  ---
  duration_ms: 0.566897
  type: 'test'
  ...
# Subtest: independent exact oracle: swap_groups_complement_weight
ok 21 - independent exact oracle: swap_groups_complement_weight
  ---
  duration_ms: 0.540739
  type: 'test'
  ...
# Subtest: independent exact oracle: scale_A_seven
ok 22 - independent exact oracle: scale_A_seven
  ---
  duration_ms: 0.566725
  type: 'test'
  ...
# Subtest: invalid draft admission: A_0_success_empty
ok 23 - invalid draft admission: A_0_success_empty
  ---
  duration_ms: 47.751443
  type: 'test'
  ...
# Subtest: invalid draft admission: A_0_success_whitespace
ok 24 - invalid draft admission: A_0_success_whitespace
  ---
  duration_ms: 0.682898
  type: 'test'
  ...
# Subtest: invalid draft admission: A_0_success_malformed
ok 25 - invalid draft admission: A_0_success_malformed
  ---
  duration_ms: 0.328474
  type: 'test'
  ...
# Subtest: invalid draft admission: A_0_success_negative
ok 26 - invalid draft admission: A_0_success_negative
  ---
  duration_ms: 0.185545
  type: 'test'
  ...
# Subtest: invalid draft admission: A_0_success_fractional
ok 27 - invalid draft admission: A_0_success_fractional
  ---
  duration_ms: 0.16737
  type: 'test'
  ...
# Subtest: invalid draft admission: A_0_success_nonfinite
ok 28 - invalid draft admission: A_0_success_nonfinite
  ---
  duration_ms: 0.165153
  type: 'test'
  ...
# Subtest: invalid draft admission: A_0_success_overflow_nonfinite
ok 29 - invalid draft admission: A_0_success_overflow_nonfinite
  ---
  duration_ms: 0.121729
  type: 'test'
  ...
# Subtest: invalid draft admission: A_0_success_over_limit
ok 30 - invalid draft admission: A_0_success_over_limit
  ---
  duration_ms: 0.255874
  type: 'test'
  ...
# Subtest: invalid draft admission: A_0_total_empty
ok 31 - invalid draft admission: A_0_total_empty
  ---
  duration_ms: 0.175953
  type: 'test'
  ...
# Subtest: invalid draft admission: A_0_total_whitespace
ok 32 - invalid draft admission: A_0_total_whitespace
  ---
  duration_ms: 0.224152
  type: 'test'
  ...
# Subtest: invalid draft admission: A_0_total_malformed
ok 33 - invalid draft admission: A_0_total_malformed
  ---
  duration_ms: 0.196875
  type: 'test'
  ...
# Subtest: invalid draft admission: A_0_total_negative
ok 34 - invalid draft admission: A_0_total_negative
  ---
  duration_ms: 0.133929
  type: 'test'
  ...
# Subtest: invalid draft admission: A_0_total_fractional
ok 35 - invalid draft admission: A_0_total_fractional
  ---
  duration_ms: 0.358801
  type: 'test'
  ...
# Subtest: invalid draft admission: A_0_total_nonfinite
ok 36 - invalid draft admission: A_0_total_nonfinite
  ---
  duration_ms: 0.213446
  type: 'test'
  ...
# Subtest: invalid draft admission: A_0_total_overflow_nonfinite
ok 37 - invalid draft admission: A_0_total_overflow_nonfinite
  ---
  duration_ms: 0.203168
  type: 'test'
  ...
# Subtest: invalid draft admission: A_0_total_over_limit
ok 38 - invalid draft admission: A_0_total_over_limit
  ---
  duration_ms: 0.180771
  type: 'test'
  ...
# Subtest: invalid draft admission: A_1_success_empty
ok 39 - invalid draft admission: A_1_success_empty
  ---
  duration_ms: 0.210919
  type: 'test'
  ...
# Subtest: invalid draft admission: A_1_success_whitespace
ok 40 - invalid draft admission: A_1_success_whitespace
  ---
  duration_ms: 0.169367
  type: 'test'
  ...
# Subtest: invalid draft admission: A_1_success_malformed
ok 41 - invalid draft admission: A_1_success_malformed
  ---
  duration_ms: 0.170538
  type: 'test'
  ...
# Subtest: invalid draft admission: A_1_success_negative
ok 42 - invalid draft admission: A_1_success_negative
  ---
  duration_ms: 0.158452
  type: 'test'
  ...
# Subtest: invalid draft admission: A_1_success_fractional
ok 43 - invalid draft admission: A_1_success_fractional
  ---
  duration_ms: 0.167091
  type: 'test'
  ...
# Subtest: invalid draft admission: A_1_success_nonfinite
ok 44 - invalid draft admission: A_1_success_nonfinite
  ---
  duration_ms: 0.171609
  type: 'test'
  ...
# Subtest: invalid draft admission: A_1_success_overflow_nonfinite
ok 45 - invalid draft admission: A_1_success_overflow_nonfinite
  ---
  duration_ms: 0.164256
  type: 'test'
  ...
# Subtest: invalid draft admission: A_1_success_over_limit
ok 46 - invalid draft admission: A_1_success_over_limit
  ---
  duration_ms: 0.1802
  type: 'test'
  ...
# Subtest: invalid draft admission: A_1_total_empty
ok 47 - invalid draft admission: A_1_total_empty
  ---
  duration_ms: 0.193358
  type: 'test'
  ...
# Subtest: invalid draft admission: A_1_total_whitespace
ok 48 - invalid draft admission: A_1_total_whitespace
  ---
  duration_ms: 0.132324
  type: 'test'
  ...
# Subtest: invalid draft admission: A_1_total_malformed
ok 49 - invalid draft admission: A_1_total_malformed
  ---
  duration_ms: 0.121167
  type: 'test'
  ...
# Subtest: invalid draft admission: A_1_total_negative
ok 50 - invalid draft admission: A_1_total_negative
  ---
  duration_ms: 0.11417
  type: 'test'
  ...
# Subtest: invalid draft admission: A_1_total_fractional
ok 51 - invalid draft admission: A_1_total_fractional
  ---
  duration_ms: 0.112921
  type: 'test'
  ...
# Subtest: invalid draft admission: A_1_total_nonfinite
ok 52 - invalid draft admission: A_1_total_nonfinite
  ---
  duration_ms: 0.127399
  type: 'test'
  ...
# Subtest: invalid draft admission: A_1_total_overflow_nonfinite
ok 53 - invalid draft admission: A_1_total_overflow_nonfinite
  ---
  duration_ms: 0.166349
  type: 'test'
  ...
# Subtest: invalid draft admission: A_1_total_over_limit
ok 54 - invalid draft admission: A_1_total_over_limit
  ---
  duration_ms: 0.126515
  type: 'test'
  ...
# Subtest: invalid draft admission: B_0_success_empty
ok 55 - invalid draft admission: B_0_success_empty
  ---
  duration_ms: 0.123503
  type: 'test'
  ...
# Subtest: invalid draft admission: B_0_success_whitespace
ok 56 - invalid draft admission: B_0_success_whitespace
  ---
  duration_ms: 0.115682
  type: 'test'
  ...
# Subtest: invalid draft admission: B_0_success_malformed
ok 57 - invalid draft admission: B_0_success_malformed
  ---
  duration_ms: 0.121072
  type: 'test'
  ...
# Subtest: invalid draft admission: B_0_success_negative
ok 58 - invalid draft admission: B_0_success_negative
  ---
  duration_ms: 0.130672
  type: 'test'
  ...
# Subtest: invalid draft admission: B_0_success_fractional
ok 59 - invalid draft admission: B_0_success_fractional
  ---
  duration_ms: 0.181102
  type: 'test'
  ...
# Subtest: invalid draft admission: B_0_success_nonfinite
ok 60 - invalid draft admission: B_0_success_nonfinite
  ---
  duration_ms: 0.152632
  type: 'test'
  ...
# Subtest: invalid draft admission: B_0_success_overflow_nonfinite
ok 61 - invalid draft admission: B_0_success_overflow_nonfinite
  ---
  duration_ms: 0.166095
  type: 'test'
  ...
# Subtest: invalid draft admission: B_0_success_over_limit
ok 62 - invalid draft admission: B_0_success_over_limit
  ---
  duration_ms: 0.147296
  type: 'test'
  ...
# Subtest: invalid draft admission: B_0_total_empty
ok 63 - invalid draft admission: B_0_total_empty
  ---
  duration_ms: 0.181749
  type: 'test'
  ...
# Subtest: invalid draft admission: B_0_total_whitespace
ok 64 - invalid draft admission: B_0_total_whitespace
  ---
  duration_ms: 0.137526
  type: 'test'
  ...
# Subtest: invalid draft admission: B_0_total_malformed
ok 65 - invalid draft admission: B_0_total_malformed
  ---
  duration_ms: 0.141856
  type: 'test'
  ...
# Subtest: invalid draft admission: B_0_total_negative
ok 66 - invalid draft admission: B_0_total_negative
  ---
  duration_ms: 1.397015
  type: 'test'
  ...
# Subtest: invalid draft admission: B_0_total_fractional
ok 67 - invalid draft admission: B_0_total_fractional
  ---
  duration_ms: 0.223194
  type: 'test'
  ...
# Subtest: invalid draft admission: B_0_total_nonfinite
ok 68 - invalid draft admission: B_0_total_nonfinite
  ---
  duration_ms: 0.188319
  type: 'test'
  ...
# Subtest: invalid draft admission: B_0_total_overflow_nonfinite
ok 69 - invalid draft admission: B_0_total_overflow_nonfinite
  ---
  duration_ms: 0.144822
  type: 'test'
  ...
# Subtest: invalid draft admission: B_0_total_over_limit
ok 70 - invalid draft admission: B_0_total_over_limit
  ---
  duration_ms: 0.152909
  type: 'test'
  ...
# Subtest: invalid draft admission: B_1_success_empty
ok 71 - invalid draft admission: B_1_success_empty
  ---
  duration_ms: 0.122486
  type: 'test'
  ...
# Subtest: invalid draft admission: B_1_success_whitespace
ok 72 - invalid draft admission: B_1_success_whitespace
  ---
  duration_ms: 0.103033
  type: 'test'
  ...
# Subtest: invalid draft admission: B_1_success_malformed
ok 73 - invalid draft admission: B_1_success_malformed
  ---
  duration_ms: 0.161419
  type: 'test'
  ...
# Subtest: invalid draft admission: B_1_success_negative
ok 74 - invalid draft admission: B_1_success_negative
  ---
  duration_ms: 0.278562
  type: 'test'
  ...
# Subtest: invalid draft admission: B_1_success_fractional
ok 75 - invalid draft admission: B_1_success_fractional
  ---
  duration_ms: 0.176669
  type: 'test'
  ...
# Subtest: invalid draft admission: B_1_success_nonfinite
ok 76 - invalid draft admission: B_1_success_nonfinite
  ---
  duration_ms: 0.15581
  type: 'test'
  ...
# Subtest: invalid draft admission: B_1_success_overflow_nonfinite
ok 77 - invalid draft admission: B_1_success_overflow_nonfinite
  ---
  duration_ms: 0.144587
  type: 'test'
  ...
# Subtest: invalid draft admission: B_1_success_over_limit
ok 78 - invalid draft admission: B_1_success_over_limit
  ---
  duration_ms: 0.14516
  type: 'test'
  ...
# Subtest: invalid draft admission: B_1_total_empty
ok 79 - invalid draft admission: B_1_total_empty
  ---
  duration_ms: 0.139765
  type: 'test'
  ...
# Subtest: invalid draft admission: B_1_total_whitespace
ok 80 - invalid draft admission: B_1_total_whitespace
  ---
  duration_ms: 0.134393
  type: 'test'
  ...
# Subtest: invalid draft admission: B_1_total_malformed
ok 81 - invalid draft admission: B_1_total_malformed
  ---
  duration_ms: 0.176596
  type: 'test'
  ...
# Subtest: invalid draft admission: B_1_total_negative
ok 82 - invalid draft admission: B_1_total_negative
  ---
  duration_ms: 0.183922
  type: 'test'
  ...
# Subtest: invalid draft admission: B_1_total_fractional
ok 83 - invalid draft admission: B_1_total_fractional
  ---
  duration_ms: 0.186871
  type: 'test'
  ...
# Subtest: invalid draft admission: B_1_total_nonfinite
ok 84 - invalid draft admission: B_1_total_nonfinite
  ---
  duration_ms: 0.18029
  type: 'test'
  ...
# Subtest: invalid draft admission: B_1_total_overflow_nonfinite
ok 85 - invalid draft admission: B_1_total_overflow_nonfinite
  ---
  duration_ms: 0.186241
  type: 'test'
  ...
# Subtest: invalid draft admission: B_1_total_over_limit
ok 86 - invalid draft admission: B_1_total_over_limit
  ---
  duration_ms: 0.193869
  type: 'test'
  ...
# Subtest: invalid draft admission: weight_empty
ok 87 - invalid draft admission: weight_empty
  ---
  duration_ms: 0.185218
  type: 'test'
  ...
# Subtest: invalid draft admission: weight_whitespace
ok 88 - invalid draft admission: weight_whitespace
  ---
  duration_ms: 0.157358
  type: 'test'
  ...
# Subtest: invalid draft admission: weight_malformed
ok 89 - invalid draft admission: weight_malformed
  ---
  duration_ms: 0.15132
  type: 'test'
  ...
# Subtest: invalid draft admission: weight_negative
ok 90 - invalid draft admission: weight_negative
  ---
  duration_ms: 0.215512
  type: 'test'
  ...
# Subtest: invalid draft admission: weight_fractional
ok 91 - invalid draft admission: weight_fractional
  ---
  duration_ms: 0.176179
  type: 'test'
  ...
# Subtest: invalid draft admission: weight_nonfinite
ok 92 - invalid draft admission: weight_nonfinite
  ---
  duration_ms: 1.792742
  type: 'test'
  ...
# Subtest: invalid draft admission: weight_overflow_nonfinite
ok 93 - invalid draft admission: weight_overflow_nonfinite
  ---
  duration_ms: 0.241484
  type: 'test'
  ...
# Subtest: invalid draft admission: weight_over_limit
ok 94 - invalid draft admission: weight_over_limit
  ---
  duration_ms: 0.219502
  type: 'test'
  ...
# Subtest: invalid draft admission: A_0_success_above_total
ok 95 - invalid draft admission: A_0_success_above_total
  ---
  duration_ms: 0.209274
  type: 'test'
  ...
# Subtest: invalid draft admission: A_0_total_below_success
ok 96 - invalid draft admission: A_0_total_below_success
  ---
  duration_ms: 0.198609
  type: 'test'
  ...
# Subtest: invalid draft admission: A_1_success_above_total
ok 97 - invalid draft admission: A_1_success_above_total
  ---
  duration_ms: 0.185021
  type: 'test'
  ...
# Subtest: invalid draft admission: A_1_total_below_success
ok 98 - invalid draft admission: A_1_total_below_success
  ---
  duration_ms: 0.333846
  type: 'test'
  ...
# Subtest: invalid draft admission: B_0_success_above_total
ok 99 - invalid draft admission: B_0_success_above_total
  ---
  duration_ms: 0.219135
  type: 'test'
  ...
# Subtest: invalid draft admission: B_0_total_below_success
ok 100 - invalid draft admission: B_0_total_below_success
  ---
  duration_ms: 0.192496
  type: 'test'
  ...
# Subtest: invalid draft admission: B_1_success_above_total
ok 101 - invalid draft admission: B_1_success_above_total
  ---
  duration_ms: 0.186036
  type: 'test'
  ...
# Subtest: invalid draft admission: B_1_total_below_success
ok 102 - invalid draft admission: B_1_total_below_success
  ---
  duration_ms: 0.184236
  type: 'test'
  ...
# Subtest: original presets include distinct reversal, nonreversal, empty-support cases
ok 103 - original presets include distinct reversal, nonreversal, empty-support cases
  ---
  duration_ms: 1.107384
  type: 'test'
  ...
# Subtest: typed kernel rejects non-integer values without caller mutation
ok 104 - typed kernel rejects non-integer values without caller mutation
  ---
  duration_ms: 0.73351
  type: 'test'
  ...
1..104
# tests 104
# suites 0
# pass 104
# fail 0
# cancelled 0
# skipped 0
# todo 0
# duration_ms 544.530537
