✔ BKT probabilities stay bounded across repeated evidence (6.515605ms)
✔ correct evidence raises and incorrect evidence lowers posterior for interior prior (0.21913ms)
✔ parameter validation rejects impossible probabilities (0.492521ms)
✔ entropy and information gain have expected bounds and peak near uncertainty (2.167448ms)
✔ selector prioritizes a weak prerequisite and is stable after exhaustion (0.389897ms)
✔ initial mastery creates independent named concept values (0.881655ms)
✔ scripted learner simulation is deterministic, bounded, and distinguishes selector modes (0.580122ms)
✔ review preserves session order and the actual chosen answer (1.342709ms)
✔ review is an immutable snapshot independent of mutable input arrays (0.517939ms)
✔ a review rejects unknown, duplicate, or invalid first answers (0.533231ms)
✔ practice includes only initially missed questions in first-attempt order (0.286421ms)
✔ correct and incorrect retries remain separate from the immutable original trace (0.447352ms)
✔ practice resumes at the next unanswered question and refuses duplicate or out-of-order writes (0.506241ms)
✔ an all-correct or empty review has no practice question (0.213301ms)
✔ notes retain the actual first choices, session order, corrections, transfers, and attribution (2.934111ms)
✔ paused and completed retries cannot replace the first answers or alter the model (1.235037ms)
✔ unstarted, zero-answer paused, and all-correct sessions have honest practice labels (0.594985ms)
✔ incomplete, duplicate, legacy choice-less or malformed traces are refused rather than fabricated (1.150841ms)
✔ plain-text output preserves Unicode and literal markup without creating executable content (0.364548ms)
ℹ tests 19
ℹ suites 0
ℹ pass 19
ℹ fail 0
ℹ cancelled 0
ℹ skipped 0
ℹ todo 0
ℹ duration_ms 134.681426
