✔ BKT probabilities stay bounded across repeated evidence (7.656593ms)
✔ correct evidence raises and incorrect evidence lowers posterior for interior prior (0.209325ms)
✔ parameter validation rejects impossible probabilities (0.548074ms)
✔ entropy and information gain have expected bounds and peak near uncertainty (4.000225ms)
✔ selector prioritizes a weak prerequisite and is stable after exhaustion (0.320983ms)
✔ initial mastery creates independent named concept values (0.833904ms)
✔ scripted learner simulation is deterministic, bounded, and distinguishes selector modes (0.43275ms)
✔ question identity survives reordered review, edits and clearing without changing earlier notes (1.471613ms)
✔ application writing is separate and a fresh session starts with every field empty (0.962036ms)
✔ unknown or duplicate question identities and non-text edits are refused (0.574083ms)
✔ actual study notes bind writing to questions while retaining native review, estimates and a paused retry (2.558337ms)
✔ actual export uses the most recent edit and represents cleared fields as unwritten (0.60551ms)
✔ export refuses missing, duplicate or foreign notebook identities instead of attaching notes by position (0.539001ms)
✔ review preserves session order and the actual chosen answer (2.153578ms)
✔ review is an immutable snapshot independent of mutable input arrays (0.544669ms)
✔ a review rejects unknown, duplicate, or invalid first answers (0.492261ms)
✔ practice includes only initially missed questions in first-attempt order (0.274583ms)
✔ correct and incorrect retries remain separate from the immutable original trace (0.346742ms)
✔ practice resumes at the next unanswered question and refuses duplicate or out-of-order writes (0.742156ms)
✔ an all-correct or empty review has no practice question (0.652852ms)
✔ notes retain the actual first choices, session order, corrections, transfers, and attribution (3.002725ms)
✔ paused and completed retries cannot replace the first answers or alter the model (1.006253ms)
✔ unstarted, zero-answer paused, and all-correct sessions have honest practice labels (0.679833ms)
✔ incomplete, duplicate, legacy choice-less or malformed traces are refused rather than fabricated (1.279253ms)
✔ plain-text output preserves Unicode and literal markup without creating executable content (1.413626ms)
ℹ tests 25
ℹ suites 0
ℹ pass 25
ℹ fail 0
ℹ cancelled 0
ℹ skipped 0
ℹ todo 0
ℹ duration_ms 125.994329
