 1012907, parent pid: 81986
[81989:71538223:1008/082900.499142:VERBOSE1:chrome/updater/updater.cc:372] Available disk space in install directory (/Users/me/Library/Application Support/Google/GoogleUpdater): 837173248B (798.391MiB) / 994662584320B (926.352GiB)
[81989:71538223:1008/082900.499197:VERBOSE1:chrome/updater/updater.cc:376] Available disk space in temporary directory (/var/folders/_b/0vl_rrg956l17vk8xl5mxps40000gn/T/): 837173248B (798.391MiB) / 994662584320B (926.352GiB)
[81989:71538223:1008/082900.499295:VERBOSE2:chrome/updater/event_history.cc:266] Emitted a UPDATER_PROCESS START event to the history log
[81991:71538228:1008/082900.509572:VERBOSE1:chrome/updater/updater.cc:364] Version: 156.0.8067.0, opt, ARM_64, command line: /Users/me/Library/Application Support/Google/GoogleUpdater/156.0.8067.0/GoogleUpdater.app/Contents/MacOS/GoogleUpdater --crash-handler --database=/Users/me/Library/Application Support/Google/GoogleUpdater/156.0.8067.0/Crashpad --url=https://clients2.google.com/cr/report --annotation=prod=Update4 --annotation=ver=156.0.8067.0 --handshake-fd=6 --enable-logging --vmodule=*/components/update_client/*=2,*/chrome/enterprise_companion/*=2,*/chrome/updater/*=2
[81991:71538228:1008/082900.510141:VERBOSE1:chrome/updater/updater.cc:367] OS version: 26.6.2, arch: arm64, System uptime (seconds): 1012907, parent pid: 1
[81991:71538228:1008/082900.512190:VERBOSE1:chrome/updater/updater.cc:372] Available disk space in install directory (/Users/me/Library/Application Support/Google/GoogleUpdater): 837152768B (798.371MiB) / 994662584320B (926.352GiB)
[81991:71538228:1008/082900.512222:VERBOSE1:chrome/updater/updater.cc:376] Available disk space in temporary directory (/var/folders/_b/0vl_rrg956l17vk8xl5mxps40000gn/T/): 837152768B (798.371MiB) / 994662584320B (926.352GiB)
[81991:71538228:1008/082900.512299:VERBOSE2:chrome/updater/event_history.cc:266] Emitted a UPDATER_PROCESS START event to the history log
[81989:71538223:1008/082900.512878:VERBOSE1:chrome/updater/crash_reporter.cc:123] Crash handler launched and ready.
[81989:71538223:1008/082900.513548:VERBOSE1:chrome/updater/crash_client.cc:108] Found 0 completed crash reports
[81989:71538223:1008/082900.513620:VERBOSE1:chrome/updater/crash_client.cc:132] Found 0 pending crash reports
[81989:71538223:1008/082900.513692:ERROR:third_party/crashpad/crashpad/util/file/file_io_posix.cc:145] open /Users/me/Library/Application Support/Google/RLZ/Crashpad/settings.dat: No such file or directory (2)
[81989:71538223:1008/082900.513892:VERBOSE1:chrome/updater/updater.cc:105] Crash reporting initialized.
[81989:71538223:1008/082900.514076:VERBOSE1:chrome/updater/ipc/update_service_internal_proxy_mojo.cc:61] Run
[81989:71538236:1008/082900.519199:VERBOSE1:chrome/updater/ipc/update_service_dialer_mac.cc:37] DialUpdateService launcher failure: launcher: posix_spawn failed: No such file or directory

[81989:71538236:1008/082900.519233:VERBOSE1:chrome/updater/ipc/update_service_dialer_posix.cc:56] Failed to connect to remote mojo service, is_internal_service: 1, scope: User, no updater exists.
[81989:71538223:1008/082900.519276:VERBOSE2:chrome/updater/ipc/update_service_internal_proxy_mojo.cc:119] No endpoint received.
[81989:71538223:1008/082900.519331:VERBOSE1:chrome/updater/ipc/update_service_internal_proxy_mojo.cc:61] Run
[81989:71538236:1008/082900.523746:VERBOSE1:chrome/updater/ipc/update_service_dialer_mac.cc:37] DialUpdateService launcher failure: launcher: posix_spawn failed: No such file or directory

[81989:71538236:1008/082900.523789:VERBOSE1:chrome/updater/ipc/update_service_dialer_posix.cc:56] Failed to connect to remote mojo service, is_internal_service: 1, scope: User, no updater exists.
[81989:71538223:1008/082900.523826:VERBOSE2:chrome/updater/ipc/update_service_internal_proxy_mojo.cc:119] No endpoint received.
[81989:71538223:1008/082900.523850:VERBOSE1:chrome/updater/ipc/update_service_internal_proxy_mojo.cc:61] Run
[81989:71538236:1008/082900.527932:VERBOSE1:chrome/updater/ipc/update_service_dialer_mac.cc:37] DialUpdateService launcher failure: launcher: posix_spawn failed: No such file or directory

[81989:71538236:1008/082900.527986:VERBOSE1:chrome/updater/ipc/update_service_dialer_posix.cc:56] Failed to connect to remote mojo service, is_internal_service: 1, scope: User, no updater exists.
[81989:71538223:1008/082900.528044:VERBOSE2:chrome/updater/ipc/update_service_internal_proxy_mojo.cc:119] No endpoint received.
[81989:71538223:1008/082900.528084:VERBOSE1:chrome/updater/app/app.cc:52] Shutdown: 0
[81989:71538223:1008/082900.528378:VERBOSE2:chrome/updater/event_history.cc:266] Emitted a UPDATER_PROCESS END event to the history log
[81989:71538223:1008/082900.528390:VERBOSE1:chrome/updater/updater.cc:409] UpdaterMain (--wake) returned 0.
[81991:71538228:1008/082900.529984:VERBOSE2:chrome/updater/event_history.cc:266] Emitted a UPDATER_PROCESS END event to the history log
[81991:71538228:1008/082900.530005:VERBOSE1:chrome/updater/updater.cc:409] UpdaterMain (--crash-handler) returned 0.
[81986:71538219:1008/082900.530466:VERBOSE1:chrome/updater/app/app_wakeall.cc:68] `/Users/me/Library/Application Support/Google/GoogleUpdater/156.0.8067.0/GoogleUpdater.app/Contents/MacOS/GoogleUpdater --wake` exited 0
[81986:71538219:1008/082900.530492:VERBOSE1:chrome/updater/app/app_wakeall.cc:58] Launching `/Users/me/Library/Application Support/Google/GoogleUpdater/152.0.7933.0/GoogleUpdater.app/Contents/MacOS/GoogleUpdater --wake`
[81998:71538246:1008/082900.548624:VERBOSE1:chrome/updater/updater.cc:374] Version: 152.0.7933.0, opt, ARM_64, command line: /Users/me/Library/Application Support/Google/GoogleUpdater/152.0.7933.0/GoogleUpdater.app/Contents/MacOS/GoogleUpdater --wake --enable-logging --vmodule=*/components/update_client/*=2,*/chrome/enterprise_companion/*=2,*/chrome/updater/*=2
[81998:71538246:1008/082900.549108:VERBOSE1:chrome/updater/updater.cc:377] OS version: 26.6.2, arch: arm64, System uptime (seconds): 1012907, parent pid: 81986
[81998:71538246:1008/082900.550805:VERBOSE1:chrome/updater/updater.cc:382] Available disk space in install directory (/Users/me/Library/Application Support/Google/GoogleUpdater): 837148672B (798.367MiB) / 994662584320B (926.352GiB)
[81998:71538246:1008/082900.550830:VERBOSE1:chrome/updater/updater.cc:386] Available disk space in temporary directory (/var/folders/_b/0vl_rrg956l17vk8xl5mxps40000gn/T/): 837148672B (798.367MiB) / 994662584320B (926.352GiB)
[81998:71538246:1008/082900.551001:VERBOSE2:chrome/updater/event_history.cc:265] Emitted a UPDATER_PROCESS START event to the history log
[82000:71538250:1008/082900.559787:VERBOSE1:chrome/updater/updater.cc:374] Version: 152.0.7933.0, opt, ARM_64, command line: /Users/me/Library/Application Support/Google/GoogleUpdater/152.0.7933.0/GoogleUpdater.app/Contents/MacOS/GoogleUpdater --crash-handler --database=/Users/me/Library/Application Support/Google/GoogleUpdater/152.0.7933.0/Crashpad --url=https://clients2.google.com/cr/report --annotation=prod=Update4 --annotation=ver=152.0.7933.0 --handshake-fd=6 --enable-logging --vmodule=*/components/update_client/*=2,*/chrome/enterprise_companion/*=2,*/chrome/updater/*=2
[82000:71538250:1008/082900.560290:VERBOSE1:chrome/updater/updater.cc:377] OS version: 26.6.2, arch: arm64, System uptime (seconds): 1012907, parent pid: 1
[82000:71538250:1008/082900.562138:VERBOSE1:chrome/updater/updater.cc:382] Available disk space in install directory (/Users/me/Library/Application Support/Google/GoogleUpdater): 837148672B (798.367MiB) / 994662584320B (926.352GiB)
[82000:71538250:1008/082900.562157:VERBOSE1:chrome/updater/updater.cc:386] Available disk space in temporary directory (/var/folders/_b/0vl_rrg956l17vk8xl5mxps40000gn/T/): 837148672B (798.367MiB) / 994662584320B (926.352GiB)
[82000:71538250:1008/082900.562239:VERBOSE2:chrome/updater/event_history.cc:265] Emitted a UPDATER_PROCESS START event to the history log
[81998:71538246:1008/082900.562798:VERBOSE1:chrome/updater/crash_reporter.cc:124] Crash handler launched and ready.
[81998:71538246:1008/082900.563426:VERBOSE1:chrome/updater/crash_client.cc:108] Found 0 completed crash reports
[81998:71538246:1008/082900.563487:VERBOSE1:chrome/updater/crash_client.cc:132] Found 0 pending crash reports
[81998:71538246:1008/082900.563583:ERROR:third_party/crashpad/crashpad/util/file/file_io_posix.cc:145] open /Users/me/Library/Application Support/Google/RLZ/Crashpad/settings.dat: No such file or directory (2)
[81998:71538246:1008/082900.563814:VERBOSE1:chrome/updater/updater.cc:105] Crash reporting initialized.
[81998:71538246:1008/082900.564177:VERBOSE1:chrome/updater/ipc/update_service_internal_proxy_mojo.cc:61] Run
[81998:71538258:1008/082900.568128:VERBOSE1:chrome/updater/ipc/update_service_dialer_mac.cc:37] DialUpdateService launcher failure: launcher: posix_spawn failed: No such file or directory

[81998:71538258:1008/082900.568174:VERBOSE1:chrome/updater/ipc/update_service_dialer_posix.cc:56] Failed to connect to remote mojo service, is_internal_service: 1, scope: User, no updater exists.
[81998:71538246:1008/082900.568215:VERBOSE2:chrome/updater/ipc/update_service_internal_proxy_mojo.cc:119] No endpoint received.
[81998:71538246:1008/082900.568259:VERBOSE1:chrome/updater/ipc/update_service_internal_proxy_mojo.cc:61] Run
[81998:71538258:1008/082900.572933:VERBOSE1:chrome/updater/ipc/update_service_dialer_mac.cc:37] DialUpdateService launcher failure: launcher: posix_spawn failed: No such file or directory

[81998:71538258:1008/082900.572981:VERBOSE1:chrome/updater/ipc/update_service_dialer_posix.cc:56] Failed to connect to remote mojo service, is_internal_service: 1, scope: User, no updater exists.
[81998:71538246:1008/082900.573008:VERBOSE2:chrome/updater/ipc/update_service_internal_proxy_mojo.cc:119] No endpoint received.
[81998:71538246:1008/082900.573038:VERBOSE1:chrome/updater/ipc/update_service_internal_proxy_mojo.cc:61] Run
[81998:71538258:1008/082900.576754:VERBOSE1:chrome/updater/ipc/update_service_dialer_mac.cc:37] DialUpdateService launcher failure: launcher: posix_spawn failed: No such file or directory

[81998:71538258:1008/082900.576789:VERBOSE1:chrome/updater/ipc/update_service_dialer_posix.cc:56] Failed to connect to remote mojo service, is_internal_service: 1, scope: User, no updater exists.
[81998:71538246:1008/082900.576822:VERBOSE2:chrome/updater/ipc/update_service_internal_proxy_mojo.cc:119] No endpoint received.
[81998:71538246:1008/082900.576843:VERBOSE1:chrome/updater/app/app.cc:52] Shutdown: 0
[81998:71538246:1008/082900.577097:VERBOSE2:chrome/updater/event_history.cc:265] Emitted a UPDATER_PROCESS END event to the history log
[81998:71538246:1008/082900.577108:VERBOSE1:chrome/updater/updater.cc:419] UpdaterMain (--wake) returned 0.
[82000:71538250:1008/082900.578315:VERBOSE2:chrome/updater/event_history.cc:265] Emitted a UPDATER_PROCESS END event to the history log
[82000:71538250:1008/082900.578335:VERBOSE1:chrome/updater/updater.cc:419] UpdaterMain (--crash-handler) returned 0.
[81986:71538219:1008/082900.579880:VERBOSE1:chrome/updater/app/app_wakeall.cc:68] `/Users/me/Library/Application Support/Google/GoogleUpdater/152.0.7933.0/GoogleUpdater.app/Contents/MacOS/GoogleUpdater --wake` exited 0
[81986:71538207:1008/082900.579952:VERBOSE1:chrome/updater/app/app.cc:52] Shutdown: 0
[81986:71538207:1008/082900.580184:VERBOSE2:chrome/updater/event_history.cc:266] Emitted a UPDATER_PROCESS END event to the history log
[81986:71538207:1008/082900.580197:VERBOSE1:chrome/updater/updater.cc:409] UpdaterMain (--wake-all) returned 0.
[81988:71538211:1008/082900.581272:VERBOSE2:chrome/updater/event_history.cc:266] Emitted a UPDATER_PROCESS END event to the history log
[81988:71538211:1008/082900.581311:VERBOSE1:chrome/updater/updater.cc:409] UpdaterMain (--crash-handler) returned 0.
[78129:71477092:1008/082901.752252:ERROR:net/socket/ssl_client_socket_impl.cc:949] handshake failed; returned -1, SSL error code 1, net_error -3
