✔ display orders retain every canonical option exactly once and are immutable (15.142042ms)
✔ a stable source replays an order and changed input can put the answer in every display position (0.771902ms)
✔ invalid counts or random values cannot produce duplicate, missing, or unaddressable choices (0.374113ms)
✔ varied displayed choices keep review, corrected practice and study notes tied to their original text (12.016824ms)
✔ the direct-file author page is generated from all current author modules (53.016603ms)
✔ sixteen original items round trip through current native deck and authoring APIs (2.390508ms)
✔ displayed vector answers satisfy the independent stated arithmetic (0.430177ms)
✔ subdivision keys preserve traversal and explicitly map local parameters (0.294193ms)
✔ qualitative claims retain the stated hypotheses and degeneracy distinctions (0.127552ms)
✔ current learner, review, practice and study notes consume every new course item (16.284346ms)
✔ worked quadratic retains every level and correctly ordered subcurve controls (2.015593ms)
✔ direct Bernstein and differentiated-polynomial oracles agree on 504 changed cases (54.122001ms)
✔ subdivision polygons reproduce the original polynomial under both local parameter maps (6.466852ms)
✔ reversing controls reverses the parameter and derivative; translating preserves construction (0.501634ms)
✔ stationary endpoint, constant curve, and collinear nonuniform speed remain distinct (0.25251ms)
✔ parser admits exact text grammar and reduces only in the trace (0.743999ms)
✔ malformed and out-of-domain text is refused with an actionable field (0.614374ms)
✔ public model rejects coercion, sparse arrays and invalid parameter records (0.350828ms)
✔ all result state is detached and frozen; repeated calls are deterministic (5.639376ms)
✔ the binary-search course round-trips through the published deck contract (2.308063ms)
✔ worked first-occurrence and absent examples agree with an independent linear partition (0.190136ms)
✔ midpoint and branch answers use the course’s half-open interval convention (0.147071ms)
✔ the worked trace and worst-case count follow strictly shrinking intervals (7.650613ms)
✔ the actual adaptive learner visits every new question and preserves worked feedback (14.033118ms)
✔ duplicate equality classifies a suffix while retaining the first possible boundary (1.422981ms)
✔ empty, before-first and after-end results remain boundaries rather than invented elements (0.208784ms)
✔ the guide’s two equal-length paths retain their different ordering-comparison counts (0.178699ms)
✔ a complete 32-value trace is detached and immutable without changing the caller (0.343797ms)
✔ text admission preserves order, allows repeats and refuses an invalid current draft (0.773294ms)
✔ every teaching preset is admitted and its complete record survives JSON transport (0.344889ms)
✔ standalone build retains the original course and guide bytes exactly (142.090447ms)
✔ the committed direct-file explorer exactly reproduces from its native modules and checked deck (5.996744ms)
✔ literal course content cannot close the embedded script and is retained byte-for-byte (3.938006ms)
✔ builder refuses invalid decks and ambiguous template/source boundaries (8.006239ms)
✔ the original course is admitted by the unchanged deck validator with the fixed answer map (2.294142ms)
✔ independent finite assignments establish the nontrivial authored choice witnesses (0.352611ms)
✔ native selector → review → separate practice → archive/notes preserves the correct course trace (26.722283ms)
✔ native selector → review → separate practice → archive/notes preserves the missed course trace (7.752687ms)
✔ native selector → review → separate practice → archive/notes preserves the mixed course trace (1.244653ms)
✔ all binary connectives match independently enumerated TT, TF, FT, FF columns (2.363236ms)
✔ the union is alphabetical, complete and unique even with disjoint variables (0.422095ms)
✔ precedence and grouping are explicit, and implication is right associative (0.33855ms)
✔ case, whitespace and parentheses preserve the same formal expression (0.156796ms)
✔ equivalence is exhaustive; converse and incorrect De Morgan variants retain counterexamples (0.381684ms)
✔ valid inference and affirming the consequent differ at a concrete full assignment (0.191899ms)
✔ constants have one empty assignment, and single-expression mode is distinct (0.291659ms)
✔ invalid edits refuse unknown words, partial expressions, code, HTML and unsupported notation (0.888056ms)
✔ boundary inputs admit declared limits and reject the next character, token, parenthesis or operator (1.545526ms)
✔ returned analysis is deeply immutable and subsequent calls do not alter prior results (0.364248ms)
✔ CSV uses the current inputs, full union and every row regardless of any display filter (0.384369ms)
✔ independent receiving columns challenge right grouping, stronger and, and an unused-in-output variable (0.496247ms)
✔ literal text grammar keeps letters, digits and request multiplicity (1.432536ms)
✔ text refuses ambiguous tokens, case conversion and bounded overflows (0.45833ms)
✔ core rejects unsupported capacity and unexpected outer fields (0.582026ms)
✔ core refuses sparse arrays, attached metadata and nonliteral page values (1.112123ms)
✔ FIFO complete trace keeps insertion order on a hit (0.363447ms)
✔ LRU complete trace refreshes recency and can lose this fixed comparison (0.322104ms)
✔ the classic FIFO anomaly retains exact miss positions and capacity totals (0.46505ms)
✔ literal identity, capacity one and a loop that fits retain first-access misses (0.575547ms)
✔ empty input produces zero counts without a manufactured percentage (0.36568ms)
✔ caller mutations cannot change retained input, earlier steps or totals (0.286531ms)
✔ every reachable result object is frozen and mutation attempts fail (0.535015ms)
✔ retained prefixes agree with fresh empty-start runs at each selected capacity (10.863899ms)
✔ state transitions conserve requests, slots and resident page identity (0.530388ms)
✔ course is admitted by the unchanged importer and exact authoring round trip (1.36249ms)
✔ course keeps its independently solved answer map and unique concept coverage (0.415495ms)
✔ the real learner selector exhausts this deck once and preserves first tries during practice (8.725551ms)
✔ standalone generation is deterministic and the committed file is current (18.329348ms)
✔ standalone course embedding preserves exact UTF-8 bytes and HTML-like lesson text (2.883079ms)
✔ builder fails closed when template or source import boundaries change (4.074682ms)
✔ the original twelve-question lesson passes the current unchanged importer contract (8.755666ms)
✔ the actual standalone builder passes parity and embeds the exact downloadable lesson (157.849553ms)
✔ successive integer products retain a distinct starting point and multiplier (1.902463ms)
✔ zero steps mean one explicitly assigned initial row, including zero multiplier (0.402456ms)
✔ a returning quarter-turn sequence retains repeated indexed positions (0.193992ms)
✔ zero starting points and zero multipliers keep their different defined quantities (0.290578ms)
✔ bounded fractional coordinates keep full numeric output and remain finite at both limits (0.353552ms)
✔ invalid and partial coordinate text and unsupported counts refuse the whole experiment (0.814645ms)
✔ plot units are equal, imaginary-positive is upward, and every indexed point fits (0.423006ms)
✔ principal angles, signed zero and approximate formatting have declared behavior (0.230968ms)
✔ accepted snapshots are immutable and JSON retains all unrounded computed values (0.510538ms)
✔ every small-set outcome and count agrees with filtered position assignments (52.470677ms)
✔ largest allowed inputs preserve complete counts and distant outcome addresses (304.229125ms)
✔ empty and impossible selections are different, with explicit zero boundaries (0.740554ms)
✔ multiset representations retain repeated labels and explain unequal group sizes (0.323266ms)
✔ decimal drafts and programmatic inputs reject unsupported numeric forms and models (0.828366ms)
✔ page and outcome addresses are bounded and wrong types cannot silently round (0.661255ms)
✔ result copies stay stable and fully JSON serializable (0.577919ms)
✔ the twelve original questions validate through the published deck contract (0.750119ms)
✔ the generated offline page is current, contains the exact course, and has a parseable script (76.562997ms)
✔ catalog keeps exact raw text and an immutable copy of checked metadata (8.798691ms)
✔ curated paths reject traversal, external URLs, authoring sources and duplicates (1.168479ms)
✔ search uses title and concept substrings with stable order and trimmed case (0.413873ms)
✔ standalone build matches checked-in HTML and embeds every original file unchanged (23.665974ms)
✔ embedded course text cannot terminate the data script or become executable markup (6.141302ms)
✔ builder refuses extra arguments before writing the generated page (160.296455ms)
✔ the standalone Lesson focus file matches its actual modular sources (41.259009ms)
✔ all questions and both prerequisite branches survive a focused lesson (3.230111ms)
✔ requested concepts remain explicit when they are also a prerequisite (0.448364ms)
✔ clearing or changing targets never retains an earlier closure (0.821797ms)
✔ literal names, answer identities and immutable copied results (0.412631ms)
✔ invalid source, selection and title are refused before producing a lesson (1.859749ms)
✔ real supplied courses retain all content when all concepts are chosen (3.250512ms)
✔ compact output fits the real file limit and an oversized result is refused (9.539345ms)
✔ the direct-file handout page is generated from the current validator, document and UI sources (43.574124ms)
✔ worksheet projection contains only original public question fields in canonical order (3.218644ms)
✔ separate answer key maps B, A and F to the original two, four and six option arrays (0.256055ms)
✔ projection is a frozen snapshot and cannot mutate or alias the selected deck (0.608606ms)
✔ downloaded worksheet JSON and HTML omit authored answers and explanations (0.653012ms)
✔ downloaded answer key carries exact authored answers, explanations and credit (0.316436ms)
✔ literal Unicode, markup, line endings and script delimiters survive JSON without becoming executable markup (0.930199ms)
✔ real Deck studio checked downloads retain reordered questions and answer identity (0.815818ms)
✔ real parser rejects malformed, unsupported and oversized local deck input (2.269856ms)
✔ handout creation refuses invalid deck answers instead of producing an untrustworthy key (0.914606ms)
✔ document modes are explicit and invalid choices never silently produce an answer key (0.451079ms)
✔ worksheet and key filenames are distinct bounded local names (0.253372ms)
✔ repeat exports are deterministic and leave the original selected JSON unchanged (0.349897ms)
✔ the existing contract admits twelve original items across four connected concepts (2.054472ms)
✔ canonical correct positions are balanced without a universal longest-answer cue (0.326491ms)
✔ the answer key matches independently worked charge, connection and power values (0.181744ms)
✔ existing selection, review, separate retries and study notes retain every course item (10.788014ms)
✔ the direct-file artifact rebuilds exactly and embeds the original course bytes (2.491059ms)
✔ 12 V across 100 and 200 ohms agrees with independently worked branch values (1.813119ms)
✔ zero voltage has finite equivalent resistance and zero current and power (0.337668ms)
✔ charge, loop-voltage and power relationships hold throughout a deterministic input grid (5.20348ms)
✔ permuting resistors swaps their values without changing source behavior (0.300032ms)
✔ a branch change and a voltage change preserve the stated ideal-source assumptions (0.276285ms)
✔ equal resistors use four times as much total power in parallel at fixed nonzero voltage (0.836338ms)
✔ model refuses missing, coerced, nonfinite and out-of-domain parameters (1.237152ms)
✔ text edits require explicit decimal values and never turn a blank into zero (0.691521ms)
✔ results are independent immutable snapshots of their input parameters (0.474033ms)
✔ CSV keeps both modes, physical units and full numeric precision (1.729773ms)
✔ unfinished and completely empty drafts save without claiming lesson validity (4.947265ms)
✔ duplicate text, cyclic and self prerequisites, and unfinished selections survive for repair (1.192625ms)
✔ ready imported lessons retain public IDs, ordered content, answer identity and checked bytes (1.435781ms)
✔ canonical private keys recover near-limit counters without changing public IDs or live state (0.774345ms)
✔ staged drafts are deeply frozen and replacement copies remain editable (0.449907ms)
✔ missing or ambiguous internal references, malformed shape and unsafe counters refuse before admission (7.803383ms)
✔ only recognized editor fields cross the draft boundary (0.436417ms)
✔ a lesson larger than its admission limit can be saved as a draft and repaired later (19.165422ms)
✔ draft size limits count actual UTF-8 bytes and failed saving leaves writing intact (84.51233ms)
✔ compact drafts remain saveable near and exactly at the byte limit without added whitespace (159.109118ms)
✔ a file whose canonical private keys exceed the saved limit is refused before admission (27.195316ms)
✔ a valid deck stages without touching authored text and commits once with full immutable content (9.432735ms)
✔ invalid JSON, invalid answer, oversized file and unreadable file preserve the draft and allow retry (6.780334ms)
✔ unfinished and cyclic draft files stage visibly and replace once with an immutable editable state (2.87763ms)
✔ a draft suffix cannot admit an oversized lesson deck through the larger draft-file limit (8.658651ms)
✔ malformed and unsupported editable drafts preserve the old draft and retire pending previews (6.436066ms)
✔ newest selected format wins across slow draft-to-deck and deck-to-draft reads (1.744836ms)
✔ explicit Keep current draft clears staged replacement and restores the open control focus (0.677139ms)
✔ opening another chooser invalidates its old preview even when the chooser is cancelled (0.778581ms)
✔ a newer valid choice wins over an earlier slow success or failure (1.509031ms)
✔ cancelled or empty file selection prevents a late read from reopening a preview (1.012314ms)
✔ invalid newer files invalidate an earlier pending or staged valid deck (2.280112ms)
✔ malformed UTF-8 in either format refuses atomically, retires an earlier preview and allows retry (13.266164ms)
✔ literal replacement, accented, decomposed, astral and embedded BOM characters remain exact (2.291579ms)
✔ a second leading BOM remains JSON content and is refused as before (0.577639ms)
✔ raw bytes retain exact two-MiB admission and pre-read and post-read overflow refusal (12.350366ms)
✔ late malformed bytes cannot replace a newer valid preview or overwrite a cancellation status (7.304442ms)
✔ undo restores all writing while clearing only references to deliberately removed concepts (1.659677ms)
✔ undo retains known selections and even unfinished self links while removing a missing prerequisite (0.242044ms)
✔ blank editor requires authored metadata and a deliberate answer (2.7712ms)
✔ opening a validated lesson makes an independent editable draft and preserves IDs and literals (0.914456ms)
✔ correctness follows an option when moved or when a preceding option is removed (0.796569ms)
✔ option limits refuse without deleting text or changing the answer (0.653063ms)
✔ concept renaming updates question and prerequisite references while used deletion is refused (0.552852ms)
✔ cycles, uncovered concepts and duplicate answer text remain repairable drafts (0.812783ms)
✔ question reordering and undo restore the removed question without rolling back later edits (0.842838ms)
✔ new question IDs do not overwrite IDs from an opened deck (0.605781ms)
✔ checked snapshots are immutable, deterministic, and separate from later draft edits (2.343837ms)
✔ individually valid multibyte content cannot export a file larger than the importer admits (13.851284ms)
✔ download filenames are bounded local names (0.493343ms)
✔ the existing bundled deck imports unchanged without a format field (3.086825ms)
✔ a deck is an immutable copy, and unknown fields cannot configure the runtime (0.80395ms)
✔ malformed JSON, unsupported versions and wrong top-level values give actionable errors (0.404158ms)
✔ JSON byte limit counts multibyte text and accepts the exact boundary (2.02657ms)
✔ required readable metadata and bounded question fields are validated (0.729358ms)
✔ empty and oversized collections and duplicate identities are refused (0.585831ms)
✔ every question and prerequisite must name a known covered concept (0.410368ms)
✔ self-requirements and concept cycles across different questions are refused (0.308364ms)
✔ choices require distinct readable options and an actual integer answer index (0.647524ms)
✔ 100 questions and 32 concepts work through the existing selector to exhaustion (131.181221ms)
✔ imported answer indices, literal text and object-key names survive learning and practice (0.75759ms)
✔ downloadable example round-trips through the import contract with full attribution (0.446082ms)
✔ the exact original course is bounded, admitted, balanced and round-trippable (2.440933ms)
▶ every stated answer follows the literal graph, with one correct option
  ✔ dg-links-1 (0.557038ms)
  ✔ dg-links-2 (0.51163ms)
  ✔ dg-links-3 (1.633589ms)
  ✔ dg-reach-1 (0.303076ms)
  ✔ dg-reach-2 (0.302135ms)
  ✔ dg-reach-3 (0.228304ms)
  ✔ dg-order-1 (0.303076ms)
  ✔ dg-order-2 (0.328584ms)
  ✔ dg-order-3 (0.419691ms)
  ✔ dg-update-1 (0.650428ms)
  ✔ dg-update-2 (0.314083ms)
  ✔ dg-update-3 (0.515195ms)
✔ every stated answer follows the literal graph, with one correct option (9.833127ms)
✔ structurally valid changed content exposes graph reversal and blocked-descendant mistakes (2.128193ms)
✔ the real selector, review, practice, notes and trace consumer preserve this course (18.854494ms)
✔ literal input preserves case, Unicode and prototype-like names (2.682647ms)
✔ bounded input rejects ambiguity, duplicate arrows and unknown names (1.628541ms)
✔ the graph model copies and freezes input instead of sharing mutable arrays (0.447543ms)
✔ completion requires every prerequisite and never permits a repeated job (12.811911ms)
✔ undo and reset retain the graph and earlier completion order (0.764841ms)
✔ a downstream blocked job is not mislabeled as part of a cycle (0.791632ms)
✔ separate strongly connected groups, a self-loop and their descendants stay distinct (0.341213ms)
✔ reachability follows direction and counts positive-length paths (0.774986ms)
✔ order enumeration extends the exact prefix and reports a cap only when exceeded (0.715237ms)
✔ eight independent jobs produce bounded, stable complete orders (0.405751ms)
✔ the standalone build and original course download retain exact source text (16.77825ms)
✔ the builder escapes source text for HTML while recovering the original UTF-8 string (1.071092ms)
✔ unsupported module changes and missing or duplicated build markers fail explicitly (83.278023ms)
✔ timing exports the admitted API and preserves every tied critical branch (16.608974ms)
✔ all three-job DAGs and binary duration vectors match enumerated maximal paths (38.653128ms)
✔ zero milestones and disconnected jobs use the global project deadline (1.7943ms)
✔ eight-job bounds retain exact integer arithmetic and all tight zero branches (10.894415ms)
✔ cyclic projects retain separate SCC, blocked-descendant and ready-job explanations (0.509998ms)
✔ duration records are complete, exact-own-key, strict integer inputs even for cycles (1.994126ms)
✔ literal Unicode and prototype-like job names preserve exact identities and order (4.822577ms)
✔ graph refusal remains delegated to the unchanged original admission contract (0.321955ms)
✔ returned timing is detached and deeply frozen without freezing caller input (2.097607ms)
✔ duration admission refuses accessors without executing getters or coercion (3.246435ms)
✔ the checked-in timing page exactly matches the native builder output (21.707828ms)
✔ original lesson imports and round-trips through the unchanged deck contract (1.825187ms)
✔ worked course examples obey the declared sign, normalization and omissions (1.162099ms)
✔ generated offline page is current, compiles and embeds the exact admitted deck (46.454062ms)
✔ build check detects stale artifacts and invalid course input in a private fixture (427.36268ms)
✔ decimal/scientific parser accepts mixed separators without evaluating expressions (2.142154ms)
✔ admission refuses sparse, nonnumeric and unsupported arrays (1.3753ms)
✔ real-input transform is linear and inverse round-trips an asymmetric grid (3.129129ms)
✔ interior selection preserves the conjugate pair and acts as a projection (0.427484ms)
✔ empty selection is explicit zero synthesis, not select-all (0.407683ms)
✔ phase resolution is declared without clamping complex coefficients (0.236126ms)
✔ records copy caller inputs and serialize only regenerated portable calculations (0.686123ms)
✔ the committed standalone page exactly matches its native source builder (4.298098ms)
✔ the actual embedded course text retains the qualified twelve-question identity byte for byte (1.499216ms)
✔ the fixed uninhibited enzyme reproduces the existing course example (2.014101ms)
✔ one independently worked comparison distinguishes rate, fraction and apparent parameters (0.246321ms)
✔ zero substrate yields zero rates and undefined fractions, including with zero inhibitor (0.253441ms)
✔ zero inhibitor makes all cases coincide; each Km locates its own half limiting rate (0.344548ms)
✔ adding substrate reduces competitive fractional loss while the pure special case stays proportional (0.17935ms)
✔ a deterministic domain grid preserves saturation, ordering and fixed baseline parameters (4.725771ms)
✔ invalid or coerced inputs and incomplete text never silently reuse a prior comparison (1.104473ms)
✔ snapshots are independent and the sampled curve includes exact endpoints and course points (7.180616ms)
✔ CSV exports the current point, complete sample grid, units and explicit undefined cells (6.929758ms)
✔ positive subnormal substrate retains analytic fractions instead of a quotient of quantized rates (6.683828ms)
✔ the original twelve-question course enters the unchanged deck contract with all four concepts (0.887766ms)
✔ a complete adaptive session retains two first misses while separate practice and notes use this course (10.958691ms)
✔ a fully correct course still yields complete review and notes without invented retries (1.304873ms)
✔ the committed direct-file explorer matches its exact modular inputs (113.077012ms)
✔ decimal-text inputs normalize whitespace and leading zeros without number coercion (1.62123ms)
✔ ambiguous, out-of-range and nontext inputs are refused before computation (0.69078ms)
✔ the original ordered pair produces the exact worked four-division trace (0.382105ms)
✔ smaller-first inputs retain their real quotient-zero first division (0.244778ms)
✔ zero, equal and exactly divisible pairs have their actual division counts (0.258438ms)
✔ all 6,561 pairs from zero through eighty agree with common-divisor enumeration (55.424617ms)
✔ boundary and long-chain pairs agree with a separate binary-gcd oracle (14.24067ms)
✔ the saved trace is exact JSON with decimal integer strings and independent frozen results (0.690389ms)
✔ the original course imports through the unchanged learner contract and round trips (2.114252ms)
✔ the course explicitly teaches the hand-calculated update, multiplier and strict boundary (0.21247ms)
✔ the generated explorer contains the exact course bytes and current model source (102.9325ms)
✔ the default rule follows a hand-calculated update and approaches 2/3, not r=1 (3.346837ms)
✔ two starts obey the signed geometric separation and cancel common forcing (0.304037ms)
✔ q=0 reaches the same unique fixed point after one update (0.27938ms)
✔ boundary cases distinguish persistent separation, drift and repeating deviations (0.269165ms)
✔ an exact equilibrium can stay flat while a nearby start grows (0.217217ms)
✔ constant input and reference move the fixed point without changing q (0.181603ms)
✔ the admitted longest extreme trajectories remain finite and follow a closed form (1.553688ms)
✔ validation rejects unbounded, fractional, empty and nonnumeric settings without changing the input (0.648977ms)
✔ terminal CSV fields mean N updates and N+1 states; settings survive every row (0.47182ms)
✔ finite-precision subtraction remains distinct from the analytical separation (0.368164ms)
✔ the original twelve-question course satisfies the current public deck contract (2.023696ms)
✔ course answer identities agree with separately specified arithmetic and conventions (0.499972ms)
✔ the actual adaptive, review, retry, and study-note consumers receive all course content (10.42596ms)
✔ the direct-file lab is an exact build with the original downloadable course bytes (1.8345ms)
✔ full signed convolution retains cancellation and the final product (1.754781ms)
✔ each selected index exposes reversed kernel indices and outside-list zeros (0.402967ms)
✔ convolution is distinguished from the declared zero-lag correlation (0.220922ms)
✔ impulses preserve origin, delays, and the declared full zero padding (0.171668ms)
✔ averaging and differencing include both finite boundaries (0.185069ms)
✔ fixed-kernel superposition and operand exchange hold on distinct signed cases (0.417959ms)
✔ four-place inputs preserve eight-place signed products and exact cancellation (0.310207ms)
✔ the maximum admitted lists retain 47 finite outputs and the exact peak (0.289555ms)
✔ text admission keeps literal values and refuses ambiguous or out-of-domain input (0.812813ms)
✔ direct numerical callers cannot admit holes, non-numbers, extra precision, or invalid indices (6.773854ms)
✔ a recorded calculation owns immutable inputs, outputs, and per-index terms (0.423237ms)
✔ the original floating-point course enters the existing deck importer unchanged (2.103576ms)
✔ reordered answer positions retain the independent numerical answer contract (2.386251ms)
✔ the actual standalone build embeds the same admitted lesson and complete runnable script (87.544443ms)
✔ reference decoding retains exact binary values rather than printed decimals (1.04292ms)
✔ binary32 representation and input-to-storage error use independent known bit patterns (0.380953ms)
✔ halfway rounding selects both the lower and upper even neighbor (0.283556ms)
✔ neighbor spacing changes at a power of two and respects numerical order (0.209244ms)
✔ subnormals, halfway underflow, signed zero, and the next representable input stay distinct (0.235855ms)
✔ overflow is explicit and is not reported as a finite exact reference (0.135865ms)
✔ association changes the result at actual rounding boundaries and keeps the exact control (0.847285ms)
✔ zero-origin control distinguishes intended decimal geometry from its binary32 input (0.581876ms)
✔ the original production counterexample retains its actual nonzero reversed winding (0.357749ms)
✔ larger origins are not a monotonic conditioning score or a fidelity guarantee (3.776012ms)
✔ a bounded power-of-two change of all units preserves the reversal and relative shape (2.33921ms)
✔ invalid controls cannot admit a different numeric model (0.701005ms)
✔ downloaded experiment keeps exact fractions and the stated storage boundary (1.413337ms)
✔ standalone artifact exactly matches sources and contains a valid offline script (3.243621ms)
✔ course survives the existing validator and editable-format round trip (2.67778ms)
✔ literal markup and Unicode in admitted course content cannot close the generated script (4.138317ms)
✔ check mode reports stale output without replacing a retained artifact (68.415525ms)
✔ unexpected UI dependency refuses the build before overwriting its artifact (70.469147ms)
▶ direct entry paths run the same check, refusal and rebuild commands
  ✔ canonical (361.572604ms)
  ✔ directory alias (377.928739ms)
  ✔ file alias (283.307906ms)
✔ direct entry paths run the same check, refusal and rebuild commands (1024.124157ms)
✔ ordinary imports and missing caller entries do not execute the CLI (264.137011ms)
✔ fictional reversal retains denominators and uses common weights only for reference (2.074743ms)
✔ ties and conflicting subgroup directions are not a strict reversal (0.519852ms)
✔ empty cells remain unavailable unless their reference weight is exactly zero (5.637414ms)
✔ an entirely empty option has no pooled rate or inferred group mix (0.185128ms)
✔ invalid numeric inputs are refused without truncation or coercion (0.811411ms)
✔ native count entry distinguishes blank and invalid text from zero (12.715405ms)
✔ a strict difference too small for percentage display is not declared equal (0.286341ms)
✔ label and group transformations preserve the intended descriptive quantities (1.413086ms)
✔ shared weights preserve both strict subgroup advantages at every permitted mix (5.782822ms)
✔ download contains exact inputs, unavailable values and deterministic recomputable fractions (3.13664ms)
✔ signed homes, exact admission and canonical copies (3.748981ms)
✔ search crosses a tombstone and insertion reuses it only after absence proof (0.796319ms)
✔ a tombstone before an existing key does not create a duplicate (0.628286ms)
✔ wraparound, full refusal, duplicate success and full-cycle tombstone reuse (0.50496ms)
✔ probe frames observe the pre-state; only a result frame applies changes (0.706574ms)
✔ the original course passes the existing importer and preserves its permission (20.637407ms)
✔ standalone page is reproducible and embeds the exact downloadable deck text (118.22959ms)
✔ BKT probabilities stay bounded across repeated evidence (4.888817ms)
✔ correct evidence raises and incorrect evidence lowers posterior for interior prior (0.127361ms)
✔ parameter validation rejects impossible probabilities (0.37861ms)
✔ entropy and information gain have expected bounds and peak near uncertainty (2.049274ms)
✔ selector prioritizes a weak prerequisite and is stable after exhaustion (0.42473ms)
✔ initial mastery creates independent named concept values (0.650439ms)
✔ scripted learner simulation is deterministic, bounded, and distinguishes selector modes (0.394083ms)
✔ written scalars retain exact decimal/fraction intent and bounded admission (1.837855ms)
✔ noisy example has exact coefficients, each residual, and the minimum identity (1.128829ms)
✔ changing the middle point changes the intercept and flips residuals without inventing zero SSE (0.296516ms)
✔ all authored examples have independently worked exact outcomes (1.922544ms)
✔ all-equal x determines the shared fitted value and minimum, not arbitrary coefficients (0.54551ms)
✔ ordinary repeated x and duplicate points count as rows; constant y is a valid unique horizontal fit (0.424478ms)
✔ translation, x-unit change and row permutation preserve the appropriate exact quantities (0.469436ms)
✔ extreme admitted geometry produces copyable exact coefficients without display rounding (0.695156ms)
✔ prediction location uses exact rational comparison at both endpoints (0.579252ms)
✔ zero signed error alone does not minimize the squared criterion (0.323857ms)
✔ bounded changed-input corpus satisfies normal equations and direct numerical score comparison (18.531056ms)
✔ invalid inputs refuse without mutating caller rows or leaving a writable result (0.585541ms)
✔ the emitted course uses the real learner format and retains all original worked items (11.447477ms)
✔ the standalone artifact embeds exact course and guide bytes with no unresolved module dependency (5.03708ms)
✔ mixed partial save preserves exact native prefix, next item, option orders and uninterrupted continuation (19.675719ms)
✔ a started lesson with no answers restores the first native question and all initial estimates (1.612116ms)
✔ feedback retains the last chosen option while Next remains the next unanswered question (2.641746ms)
✔ complete sessions remain in the existing trace format, including its separate practice state (3.708201ms)
✔ course content and array order are bound; harmless JSON object key order is accepted (9.040365ms)
✔ model identity and every BKT parameter must match the native model (4.034511ms)
✔ first answers must form the actual native adaptive prefix with canonical option indices (6.59882ms)
✔ mastery is replayed at full precision and never accepted from rounded or altered values (4.892873ms)
✔ question, feedback and complete per-item permutations are checked before restoration (8.955837ms)
✔ successful and refused reads leave caller state untouched and return deeply immutable independent copies (3.223431ms)
✔ the JSON boundary rejects malformed, unsupported, deep and oversized files with a UTF-8 byte limit (38.806729ms)
✔ save times are canonical UTC values and invalid save inputs cannot mutate a session (3.685626ms)
✔ ordinary course identifiers that match object prototype names survive without shared object mutation (0.848958ms)
✔ original v1 fixture bytes are unchanged from the pre-repair native witness (1.256611ms)
✔ fresh default selection keeps its native de locale order (78.630259ms)
✔ fresh default selection keeps its native sv locale order (84.726853ms)
✔ unchanged original unicode-de v1 archive restores in de (134.251911ms)
✔ unchanged original unicode-de v1 archive restores in sv (101.881729ms)
✔ unchanged original unicode-sv v1 archive restores in de (116.169641ms)
✔ unchanged original unicode-sv v1 archive restores in sv (117.101372ms)
✔ unchanged original ascii-de v1 archive restores in de (102.668182ms)
✔ unchanged original ascii-de v1 archive restores in sv (100.038384ms)
✔ unchanged original ascii-sv v1 archive restores in de (72.345801ms)
✔ unchanged original ascii-sv v1 archive restores in sv (109.166972ms)
✔ zero-answer question keeps its recorded tie from de to sv (217.579179ms)
✔ feedback preserves the original answer from de to sv (179.595328ms)
✔ a pending tie after a shared first answer survives de to sv (177.635167ms)
✔ zero-answer question keeps its recorded tie from sv to de (163.29367ms)
✔ feedback preserves the original answer from sv to de (137.054915ms)
✔ a pending tie after a shared first answer survives sv to de (142.755269ms)
✔ an optional recorded ID may choose either exact maximum tie (22.912167ms)
✔ absent, unknown, already-asked and exhausted preferences keep native behavior (0.436126ms)
✔ a recorded preference cannot override a strictly better prerequisite-repair score (0.2458ms)
✔ a recorded preference cannot turn a near but unequal information gain into a tie (2.037235ms)
✔ archive replay refuses a lower-scoring first answer with otherwise exact recomputed mastery (3.849623ms)
✔ archive replay refuses a lower-scoring zero-answer pending question (0.614385ms)
✔ the original fourteen-question course passes the real bounded importer and reviewed key (5.840469ms)
✔ integer percentages reject malformed input instead of parsing a numeric prefix (0.71766ms)
✔ matrix and initial admission reject shape, type, sparse values and wrong totals (0.590339ms)
✔ every preset and independent custom system agree with exact rational weights through step 30 (7.07008ms)
✔ mixing has the original worked values and an independent closed-form solution (0.446893ms)
✔ alternation is periodic while its stationary distribution remains fixed (0.498881ms)
✔ absorbing and two-closed-state systems preserve reachability and initial dependence (0.579412ms)
✔ step zero, bounds, copied inputs and deep immutability keep an observation coherent (0.33853ms)
✔ observation export binds applied inputs, selected step and full computed precision (1.168428ms)
✔ the direct-open explorer contains exact course bytes and matches the maintained builder (104.940452ms)
Independent arithmetic cases: 1458; finite rows received: 14580
✔ six worked examples distinguish base, step and finite evidence (4.647855ms)
✔ independent finite sums and differences receive 1458 bounded exact certificates (75.399742ms)
✔ coefficient extremes and denominator bounds preserve exact arithmetic (0.812252ms)
✔ equivalent rational representation and zero denominator refusal (0.589186ms)
✔ strict admission rejects malformed, missing, fractional and out-of-range inputs (0.830099ms)
✔ accepted inputs and every exported record branch are immutable (0.494414ms)
✔ course uses unchanged native deck contract and frozen independent question wording (14.643727ms)
✔ the original course is admitted by the existing deck contract with all four concepts covered (2.108253ms)
✔ answer positions are balanced and no correct option is uniquely the longest (0.231098ms)
✔ each numerical answer uses the stated correction sign, denominator or independence assumption (0.286461ms)
✔ standalone artifact is deterministic, preserves the exact deck bytes and contains executable classic scripts (5.924775ms)
✔ worked four-reading budget distinguishes raw mean, correction, sample scatter and mean uncertainty (1.171383ms)
✔ a shared additive correction shifts the estimate without changing either uncertainty component (0.207121ms)
✔ identical readings retain a nonzero shared component and are not rejected for numerical repetition (0.165609ms)
✔ future independent sample sizes hold shared calibration fixed while repeatability shrinks by square root (0.429407ms)
✔ shared covariance gives the same calibration contribution for a mean of any sample size (0.176806ms)
✔ compensated raw means preserve small residuals after large opposing readings cancel (0.309486ms)
✔ centered scatter remains meaningful for a large shared offset and at supported extremes (0.854987ms)
✔ reordering observations preserves the summary but does not assert statistical independence (2.251268ms)
✔ input parsing keeps every observation and refuses malformed or missing comma fields (2.03993ms)
✔ supported magnitude and nonnegative half-width boundaries are explicit (0.399461ms)
✔ public calculations reject missing observations and invalid forecast counts (0.259481ms)
✔ calculation snapshots do not mutate caller arrays or change after later edits (0.187312ms)
✔ the original twelve-item course has native schema, prerequisite closure and exact export/reopen (2.602546ms)
✔ correct course answers complete the actual selector, separate practice and literal study notes (18.95175ms)
✔ mixed course answers complete the actual selector, separate practice and literal study notes (2.072089ms)
✔ missed course answers complete the actual selector, separate practice and literal study notes (0.602637ms)
✔ the direct-open artifact is deterministic and embeds the exact validated course text (2.907716ms)
✔ CLI check through a symlink refuses stale output and accepts the exact current artifact (176.389994ms)
✔ gametes carry one allele per locus and preserve equal segregation (1.98687ms)
✔ Aa × Aa keeps both heterozygote routes and distinguishes genotype from phenotype (0.707695ms)
✔ test crosses and complementary homozygotes have their own outcomes (0.348164ms)
✔ the sixteen-route cross gives nine genotypes and 9:3:3:1 only under its stated assumptions (0.313291ms)
✔ asymmetric AABb × Aabb derives the course answer without a memorized ratio (0.57173ms)
✔ all 90 bounded parent pairs agree with the allele-copy oracle, conserve probability and commute (33.360123ms)
✔ unsupported inputs cannot become a silently different cross (1.015758ms)
✔ a saved cross is a complete immutable record with explicit model boundaries (0.496007ms)
✔ the original course uses the existing deck contract with complete balanced concept coverage (2.308144ms)
✔ the stated worked answers retain the numeric and graph-objective distinctions (0.771801ms)
✔ the actual learner imports every question and keeps practice separate from original answers (13.831785ms)
✔ the connected worked graph records all decisions, including later cycle rejections (2.142034ms)
✔ ties retain input identity and endpoint orientation while negative weights remain eligible (0.425079ms)
✔ disconnected and edge-free inputs keep every vertex in the final forest (1.428639ms)
✔ admission refuses ambiguous graphs and snapshots remain detached from later edits (1.825807ms)
✔ the delivered standalone file rebuilds exactly and embeds the unmodified course and guide (131.139398ms)
✔ the builder retains literal closing-tag text and refuses a duplicated template marker (193.79149ms)
✔ original twelve-question course passes the unchanged learner codec and independent key (2.735696ms)
✔ worked unequal-mass event distinguishes the separating branch from unchanged motion (1.207658ms)
✔ equal or growing positive gaps do not receive hypothetical collision endpoints (1.073836ms)
✔ saved analysis recomputes accepted entered values and rejects extra physical claims (0.47864ms)
✔ committed standalone explorer reproduces exactly from the owned source inputs (127.750688ms)
✔ rerouting cancels one exact original edge and increases total flow (4.187721ms)
✔ all worked presets meet independent cuts and conservation (3.815793ms)
✔ opposite original edge and cancellation remain two residual options (0.513022ms)
✔ all 4096 directed unit-capacity four-vertex networks match exhaustive cuts (261.529828ms)
✔ seeded integer networks up to eight vertices match cut enumeration (191.891672ms)
✔ empty, direct, zero and irrelevant source/sink reverse edges (0.290848ms)
✔ input and every retained snapshot are detached and immutable (0.868167ms)
✔ structural and numeric refusals happen before solving (0.668546ms)
✔ text parsing and observation downloads preserve the applied inputs (3.065874ms)
✔ original course is accepted by the unchanged native deck validator (1.329952ms)
✔ the standalone explorer matches its exact maintained inputs (99.82933ms)
✔ Newton lesson is admitted by the actual learner with twelve complete original questions (2.660413ms)
✔ lesson numerical answers agree with independently written exact arithmetic (0.373061ms)
✔ worked guide retains exact examples and separates residual, root and bounded computation (0.373342ms)
✔ standalone page embeds byte-exact course and guide strings in one parseable script (2.111658ms)
✔ committed explorer is fresh according to the actual project builder (82.057446ms)
✔ builder rejects unsupported arguments without changing its artifact (136.512163ms)
✔ an affine tangent lands exactly on its root (2.017216ms)
✔ square-root steps retain exact residuals instead of rounded convergence (2.648966ms)
✔ a nonroot horizontal tangent stops without fabricating a step (0.301935ms)
✔ an exact initial root wins over a zero derivative (0.204808ms)
✔ constant functions retain their distinct meanings (0.297508ms)
✔ the cubic 0 to 1 to 0 cycle is detected exactly (0.439732ms)
✔ a repeated root approaches without being declared equal (2.83751ms)
✔ a cubic can land on an exact root in one genuine step (0.327503ms)
✔ multiplying a polynomial by a nonzero constant preserves its tangent intercepts (0.598541ms)
✔ opposite initial signs can approach different roots (0.408504ms)
✔ finite decimal and fraction inputs are parsed as exact rationals (0.359191ms)
✔ input bounds refuse partial parsing, coercion and unreasonable requests (2.054051ms)
✔ the bounded arithmetic stop keeps only complete steps (37.609438ms)
✔ drawing an enormous numerator and denominator does not produce Infinity over Infinity (0.315665ms)
✔ input objects stay unchanged and each run is independent (0.765903ms)
✔ polynomial labels and all presets describe admissible independent experiments (2.185929ms)
✔ original course uses the unchanged checked-deck contract (10.998522ms)
✔ applied experiment is a detached immutable record (0.80382ms)
✔ observation retains applied values and signed joule residual (0.86406ms)
✔ sampling includes exact window endpoints with sufficient fastest-mode resolution (21.248847ms)
✔ standalone parity is exact; refused content and publication preserve prior state (34.983636ms)
✔ lesson literals remain exact data during standalone substitution (10.784629ms)
✔ small dyadic arithmetic keeps exact operand and result values (2.147051ms)
✔ decimal sum retains exact conversion and operation contributions (0.346892ms)
✔ conversion can erase a difference while subtraction itself is exact (0.30563ms)
✔ operation rounding can lose an exact integer step (0.22652ms)
✔ nonzero signed contributions can cancel at an exactly represented result (0.298119ms)
✔ individual exact integers outside the safe interval are kept distinct from the API guarantee (0.282846ms)
✔ signs, exact raw strings and negative zero remain explicit (1.555781ms)
✔ the declared decimal input bounds admit edges and refuse other syntax (7.004881ms)
✔ worked records are complete, deterministic and deeply immutable (1.832088ms)
✔ the original lesson passes the unchanged native deck contract with exact export parity (20.319588ms)
✔ language-specific worked examples agree with actual native Number and BigInt operations (0.424198ms)
✔ the directly openable explorer is an exact build of its native inputs (89.365664ms)
✔ embedded lesson download preserves exact source bytes (14.584968ms)
✔ pack preserves exact raw bytes in one deterministic, directly openable folder (373.038139ms)
✔ --check refuses missing and stale artifacts without creating or changing files (201.138512ms)
▶ invalid arguments are refused before publication or input access
  ✔ ["--help"] (105.590605ms)
  ✔ ["extra"] (96.967668ms)
  ✔ ["--check","extra"] (100.216878ms)
  ✔ ["--check","--check"] (84.095362ms)
  ✔ [""] (89.931765ms)
✔ invalid arguments are refused before publication or input access (479.051124ms)
▶ invalid registration never replaces a previous archive
  ✔ [] (66.148895ms)
  ✔ ["courses/z-course.json","courses/z-course.json"] (78.731824ms)
  ✔ ["../outside.json"] (57.800164ms)
  ✔ ["/outside.json"] (40.321063ms)
  ✔ ["courses/sub/file.json"] (44.668929ms)
  ✔ ["courses\\file.json"] (54.50772ms)
  ✔ [null] (48.736255ms)
  ✔ {"courses":["courses/a-course.json"]} (44.195688ms)
  ✔ ["courses/course-0.json","courses/course-1.json","courses/course-2.json","courses/course-3.json","co (51.23166ms)
✔ invalid registration never replaces a previous archive (489.362213ms)
✔ catalog and course mismatches are rejected, then exact updated bytes can be published (215.086869ms)
▶ missing, malformed, oversized and linked inputs are refused before publishing
  ✔ missing learner (53.791642ms)
  ✔ invalid UTF-8 learner (49.99861ms)
  ✔ invalid UTF-8 course (45.211356ms)
  ✔ non-JSON course (50.930106ms)
  ✔ oversized learner (49.873988ms)
  ✔ missing catalog data (51.951673ms)
  ✔ duplicate catalog data (43.198402ms)
  ✔ wrong catalog data element (43.700738ms)
  ✔ course symlink (63.57259ms)
  ✔ output symlink (41.335639ms)
  ✔ output directory (39.491615ms)
✔ missing, malformed, oversized and linked inputs are refused before publishing (535.442179ms)
▶ write synchronization and atomic replacement failures keep the previous archive and clean temporary files
  ✔ fsync (55.846584ms)
  ✔ replace (47.287295ms)
✔ write synchronization and atomic replacement failures keep the previous archive and clean temporary files (104.142327ms)
✔ committed offline pack matches the current compiled pages and registered courses (37.384964ms)
✔ the original phasor course meets the complete native deck contract (3.100256ms)
✔ the unchanged native selector reaches every imported item with bounded mastery estimates (14.885761ms)
✔ course answer identities agree with the separately solved blind receiving key (0.454965ms)
✔ the 3 + 4i example has amplitude five and the independently derived cosine projections (2.790559ms)
✔ admission refuses omitted, blank, nonfinite, coerced and out-of-range settings (6.919913ms)
✔ equal opposite waves cancel exactly at arbitrary common rotations and both half-turn signs (1.782783ms)
✔ zero input and one absent component have distinct well-defined amplitude behavior (0.378971ms)
✔ a small real residual is retained instead of being relabeled exact cancellation (2.561395ms)
✔ common rotation preserves magnitude and cycle average while moving the real projection (0.307463ms)
✔ principal phase respects the branch cut and zero never acquires a fabricated angle (0.413292ms)
✔ independent real-signal equations, amplitude law and full-cycle numerical averages agree (49.679751ms)
✔ changing frequency changes seconds but keeps every fixed-cycle signal value (1.564354ms)
✔ cursor changes select a point without rewriting the two-cycle trace (1.244043ms)
✔ a snapshot copies inputs and freezes all nested numerical results (0.618601ms)
✔ JSON exports the checked snapshot, explicit assumptions and undefined zero phase as null (3.075658ms)
✔ CSV preserves all 129 full-precision samples and all six experiment settings (3.27594ms)
✔ display formatting retains zero sign policy and small nonzero values (0.182214ms)
✔ constant rate accumulates with units and negative rate retains direction (2.777179ms)
✔ out-and-back prefixes retain signed and absolute accumulation separately (5.230081ms)
✔ an interior zero is split before distance accumulation (0.649918ms)
✔ a non-grid zero retains exact rational area (0.236696ms)
✔ zero duration, complete rest and touching zero are distinct (0.328705ms)
✔ acceleration records corners, straight inserted knots and one-sided boundaries (0.794585ms)
✔ covered segment rows agree with manually worked rest and cruise prefixes (0.858883ms)
✔ sign reversal negates signed values but preserves distance over many prefixes (31.509859ms)
✔ all declared edges are admitted and all invalid inputs are refused before a result (1.234388ms)
✔ records are immutable, deterministic and retain complete authored input (0.902819ms)
✔ the original course passes unchanged deck admission and balanced answer positions (13.226405ms)
✔ standalone parity and embedded exact course/guide bytes (87.206865ms)
✔ circuit admission copies the four finite values and normalizes negative zero (4.347593ms)
✔ invalid records, nonfinite values and values outside each bound are refused (1.40859ms)
✔ text input accepts explicit decimals and exponent notation without empty coercion (0.768497ms)
✔ initial capacitor voltage is continuous and initial current uses the signed gap (0.288604ms)
✔ discharge, reversed steps and a precharged source preserve current and power signs (0.506492ms)
✔ equilibrium retains stored energy while all transfers vanish (0.293782ms)
✔ resistance and capacitance scaling distinguish physical time from normalized time (0.3328ms)
✔ finite five-tau and eight-tau results retain a nonzero gap (0.284688ms)
✔ tiny positive time retains a finite change and signed energy balance (0.633593ms)
✔ the trace is a frozen 161-sample applied snapshot including both endpoints (11.392554ms)
✔ observation JSON keeps applied inputs, SI units and full-precision selected results (2.947055ms)
✔ the original course validates in the unchanged parser with balanced concept coverage (1.403392ms)
✔ the checked-in standalone lab matches its sources and preserves both download payloads (2.825592ms)
✔ the twelve-question course is an exact native importer/serializer round trip (2.176035ms)
✔ base cases and the unreachable countdown use their declared inputs (5.408369ms)
✔ waiting-parent, completion-order and second-child answers preserve unfinished work (1.093966ms)
✔ chain and branching call counts agree with independent products and binomial sums (0.214823ms)
✔ fresh-cache answers account for every invocation and preserve a stored zero (0.262325ms)
✔ every numeric Fibonacci guide row matches the separate reference (0.327943ms)
✔ the existing author conversion can reopen and check every content field without loss (2.327523ms)
✔ actual selection, review, practice and study notes retain the imported answer identity (25.034504ms)
✔ a damaged late answer or an explorer trace format is refused by the unmodified importer (2.774074ms)
✔ all 33 bounded runs agree with independent numeric and invocation-count oracles (45.822317ms)
✔ every prefix preserves stack identity, parent ownership, monotone counters, and exact return delivery (27.199307ms)
✔ factorial unwinds in actual return order and retains each multiplication until its child returns (0.484419ms)
✔ Fibonacci completes the left child first and preserves it across the right branch (0.509106ms)
✔ memoization starts empty, caches bases, counts cache-hit frames, and never shares a previous run (1.340738ms)
✔ inspection is reversible, immutable, and exported cursor binds the exact displayed state (11.237631ms)
✔ invalid and ambiguous input is refused before tracing (0.660844ms)
✔ checked-in direct-file page reproduces exactly and contains no runtime module imports (82.938145ms)
✔ question identity survives reordered review, edits and clearing without changing earlier notes (2.231148ms)
✔ application writing is separate and a fresh session starts with every field empty (1.247147ms)
✔ unknown or duplicate question identities and non-text edits are refused (0.381514ms)
✔ actual study notes bind writing to questions while retaining native review, estimates and a paused retry (3.353016ms)
✔ actual export uses the most recent edit and represents cleared fields as unwritten (0.765102ms)
✔ export refuses missing, duplicate or foreign notebook identities instead of attaching notes by position (0.602847ms)
✔ study notes retain the displayed imported-course application prompt without changing notebook or first-session data (1.905908ms)
✔ a notebook export refuses a missing or non-text displayed application prompt (0.369987ms)
✔ review preserves session order and the actual chosen answer (1.445154ms)
✔ review is an immutable snapshot independent of mutable input arrays (0.562757ms)
✔ a review rejects unknown, duplicate, or invalid first answers (0.237678ms)
✔ practice includes only initially missed questions in first-attempt order (0.252891ms)
✔ correct and incorrect retries remain separate from the immutable original trace (0.279861ms)
✔ practice resumes at the next unanswered question and refuses duplicate or out-of-order writes (0.21952ms)
✔ an all-correct or empty review has no practice question (0.162604ms)
✔ the original course survives native validation and serialization with complete connected content (3.431905ms)
✔ native item selection reaches all twelve questions and can prioritize the weak sample clock (12.310516ms)
✔ answer text matches independently stated calculations and explicit sampling assumptions (0.389006ms)
✔ each supported sample clock uses inclusive endpoints and an actually different matching cosine (28.345266ms)
✔ DC, reflected aliases, the half-rate and input limits preserve their distinct meaning (0.264908ms)
✔ invalid numerical input is refused and snapshots cannot be changed after observation (0.661645ms)
✔ CSV carries full precision and current parameter identity, ignoring supplied forged sample rows (1.138474ms)
✔ notes retain the actual first choices, session order, corrections, transfers, and attribution (2.082483ms)
✔ paused and completed retries cannot replace the first answers or alter the model (0.738982ms)
✔ unstarted, zero-answer paused, and all-correct sessions have honest practice labels (0.426762ms)
✔ incomplete, duplicate, legacy choice-less or malformed traces are refused rather than fabricated (0.836629ms)
✔ plain-text output preserves Unicode and literal markup without creating executable content (1.187497ms)
✔ the original five-vertex example has the hand-calculated settling order and cost-7 route (2.632031ms)
✔ target discovery remains tentative; the cheaper route is final only on target settlement (0.407253ms)
✔ zero weights and equal routes preserve the stated alphabetical and first-predecessor policies (1.68773ms)
✔ all preset source/target pairs agree with exhaustive simple paths, including reverse direction (1.823424ms)
✔ 80 deterministic bounded graphs agree with a simple-path oracle for every source (70.26222ms)
✔ invalid graphs are refused before a runnable state exists (5.61548ms)
✔ run, graph, presets and trace snapshots cannot be changed by later edits (0.581244ms)
✔ the original twelve-question course is valid, canonical and has balanced answer positions (0.709998ms)
✔ existing knowledge, review, practice and notes contracts accept the new deck without changing the app (23.308186ms)
✔ the original twelve-item SQL course uses the published import contract without changing its native meaning (2.22601ms)
✔ actual SQLite regenerates all twenty-two saved queries and their exact course/default bindings (97.382168ms)
✔ native adaptive selection, shuffled choices, review, practice and notes preserve all twelve SQL questions (17.629781ms)
✔ a changed answer or invalid query refuses the build and preserves both saved artifacts (141.718618ms)
✔ a stale generated explorer fails --check without silently replacing the changed file (70.424149ms)
✔ original course fits the existing deck contract with all four concepts represented (1.879218ms)
✔ authored answer keys retain the independently worked quantities and conceptual distinctions (0.236486ms)
✔ course completes native selection, correct first answers, review, retry and study notes (16.773873ms)
✔ course completes native selection, mixed first answers, review, retry and study notes (1.339556ms)
✔ course completes native selection, missed first answers, review, retry and study notes (0.640725ms)
✔ generated direct-open artifact has exact build parity and embeds the qualified course (106.098465ms)
✔ standalone rendering keeps embedded source and course text inside their script elements (0.601235ms)
✔ water: 6 / 2 mol → second (1.593658ms)
✔ water: 2 / 2 mol → first (0.142985ms)
✔ water: 4 / 2 mol → matched (0.101423ms)
✔ water: 0 / 5 mol → no-product (0.221653ms)
✔ water: 5 / 0 mol → no-product (0.194192ms)
✔ water: 0 / 0 mol → no-product (0.098097ms)
✔ ammonia: 2 / 3 mol → second (0.129024ms)
✔ ammonia: 1 / 2.4 mol → second (0.154342ms)
✔ ammonia: 2 / 4.8 mol → second (0.169415ms)
✔ ammonia: 0.1 / 0.3 mol → matched (0.290177ms)
✔ ammonia: 0.001 / 0.001 mol → second (0.114192ms)
✔ ammonia: 0.001 / 0.003 mol → matched (0.079209ms)
✔ ammonia: 0.001 / 0.004 mol → first (0.085168ms)
✔ magnesium: 1.5 / 1 mol → first (1.973841ms)
✔ magnesium: 1 / 0.499 mol → second (0.130877ms)
✔ magnesium: 1 / 0.5 mol → matched (0.075874ms)
✔ magnesium: 1 / 0.501 mol → first (1.265034ms)
✔ water: 1000 / 1000 mol → first (0.097246ms)
✔ authored equations use the declared species and conserve each element (2.470518ms)
✔ all admitted decimal spellings resolve to exact millimoles (0.10588ms)
✔ invalid or ambiguous amount inputs are refused without numeric coercion (1.472045ms)
✔ positive amounts straddling an exact ratio are never classified using a floating tolerance (0.099219ms)
✔ start = used + left and atom inventory is conserved across a changed-input grid (9.025351ms)
✔ doubling both supplies doubles theoretical product and excess without changing the limiting identity (0.461084ms)
✔ reaction definitions and solved records are deeply immutable without changing caller inputs (0.245389ms)
✔ worked record carries this prediction, mole accounting and the explicit theoretical model (0.57139ms)
✔ completed first answers restore in their original adaptive order with exact, unrounded estimates (14.064625ms)
✔ unstarted, zero-answer, paused and complete practice remain distinct and can resume once (7.158944ms)
✔ all-correct and all-missed completed traces use canonical answer indices (1.601831ms)
✔ incomplete, duplicate, unknown and out-of-range first answers are refused (5.921932ms)
✔ a different course revision cannot replace the current deck; property order is immaterial (2.706253ms)
✔ changed model parameters, rounded estimates and incompatible versions are refused (4.32563ms)
✔ practice replay refuses duplicate, reordered, correct-first and extra answers (4.781887ms)
✔ bounded parsing refuses invalid JSON and oversized UTF-8 before exposing state (4.315344ms)
✔ identical completed files inspect independently with no invented differences or chronology (11.273365ms)
✔ canonical joins preserve both orders, all correctness transitions and two different wrong answers (2.437008ms)
✔ changed question order alone is not an answer difference (2.156505ms)
✔ unstarted, pending, incorrect retry and correct retry remain separate from first answers (3.684935ms)
✔ the current raw bundled deck remains compatible without normalizing its archive identity (4.324277ms)
✔ object property ordering preserves identity while changed course content refuses the pair (3.686648ms)
✔ incomplete, malformed, changed-model and altered-estimate inputs keep the native refusals (5.042288ms)
✔ inspection validates bounded deck content before using an archived deck as context (12.642535ms)
✔ literal course content and prototype-looking IDs survive without mutable returned records (2.33202ms)
✔ independent concurrent file reads only publish their current pair (5.570823ms)
✔ a replacement retires the old pair immediately and a superseded read cannot overwrite it (13.742621ms)
✔ clearing a pending file or receiving its late failure cannot restore comparison state (2.095814ms)
✔ rejected or incompatible replacements clear paired output and permit ordinary recovery (10.931831ms)
✔ file admission refuses oversized metadata before reading and rejects malformed UTF-8 bytes (0.796759ms)
✔ cancelled selection preserves accepted files and the immutable paired snapshot (5.434117ms)
✔ the checked-in offline explorer contains the current source and exact admitted lesson (7.275178ms)
✔ linear conversions keep the quantity while changing the numerical value (3.824615ms)
✔ a prefix scales every powered dimension (0.774355ms)
✔ both numerator and denominator scales participate in rates and density (0.657719ms)
✔ derived units reduce to their stated m/kg/s powers (0.599643ms)
✔ cancellation retains scale even when the resulting dimension is one (0.404789ms)
✔ division is left-associative and parentheses change denominator grouping (1.100886ms)
✔ Unicode conveniences are explicit and whitespace is not multiplication (0.947977ms)
✔ zero does not make incompatible dimensions convertible (0.602176ms)
✔ repeating ratios remain exact and displayed rounding is explicit (0.500874ms)
✔ large entered integers and small decimal distinctions survive without Number conversion (0.536337ms)
✔ quantity parsing requires complete bounded decimal text (0.493943ms)
✔ the unit grammar rejects incomplete, excessive and unsupported expressions (0.833915ms)
✔ returned records are immutable JSON with exact rational strings (0.627395ms)
✔ normalized expressions retain every grouping and remain valid within the input bound (1.372395ms)
✔ the downloadable course is the exact admitted course, without external dependencies (1.751676ms)
✔ rebuilding the embedded course preserves already current standalone bytes (111.646503ms)
✔ the course example retains a component and reconstructs the exact original (1.09629ms)
✔ the geometric line is unchanged by a positive or negative direction rescaling (0.31232ms)
✔ perpendicular, parallel, axis-aligned and zero-original cases remain defined (0.257217ms)
✔ malformed, missing, out-of-domain and zero direction values are refused (0.620374ms)
✔ calculation does not mutate or alias its input coordinates (2.355455ms)
✔ 2,000 independently checked geometries satisfy the projection characterization and plot bounds (33.049986ms)
✔ course has twelve original items, two per concept, with a balanced canonical answer key (1.703864ms)
✔ displacement subtracts the starting point, including its negative component (0.651831ms)
✔ sequential displacements combine componentwise and retain the same final point (0.270507ms)
✔ Euclidean length is the square root of the sum of squared components (0.250037ms)
✔ the unit direction has length one and preserves the original orientation (0.275184ms)
✔ the two nonzero perpendicular vectors have zero dot product (0.170947ms)
✔ a unit-axis component retains the sign of the projected displacement (0.374072ms)
✔ the projection lies on the nonunit direction line and leaves an orthogonal residual (0.292821ms)
✔ the requested residual reconstructs b as well as being perpendicular (0.33924ms)
✔ row dot products implement the stated column-vector matrix convention (0.363747ms)
✔ basis images retain the coefficients of the input linear combination (0.304548ms)
✔ rotation before horizontal stretch differs from the reverse order (0.292891ms)
✔ the stated distinct inputs collide under the flattening map (0.238059ms)
✔ the authored greedy counterexample has the complete expected table and schedule (1.810695ms)
✔ a changed value recomputes the selected prefix and does not mutate the example (0.536768ms)
✔ touching endpoints are compatible and a positive overlap changes that decision (0.220622ms)
✔ backtracking from a smaller prefix can differ from the complete optimum (0.193912ms)
✔ equal alternatives keep the previous prefix under the declared stable order (0.187703ms)
✔ a predecessor row supplies its best prefix, not necessarily its own activity (0.162525ms)
✔ empty and zero-valued inputs return a real empty optimum (0.211458ms)
✔ the admitted bounds and code-unit ID tie order are exact (0.216075ms)
✔ invalid representable activity inputs are refused without changing supplied data (4.494219ms)
✔ results are detached from both admitted inputs and future solver calls (1.869534ms)
✔ the original twelve-question course is canonical and covers every concept (0.430047ms)
✔ the deck goes through the existing adaptive learner, review, practice and notes consumers (9.370371ms)
✔ the direct-file page matches the maintained builder and original deck download (86.284051ms)
ℹ tests 740
ℹ suites 0
ℹ pass 740
ℹ fail 0
ℹ cancelled 0
ℹ skipped 0
ℹ todo 0
ℹ duration_ms 4532.483173
