TAP version 13
# Subtest: the existing bundled deck imports unchanged without a format field
ok 1 - the existing bundled deck imports unchanged without a format field
  ---
  duration_ms: 75.765355
  type: 'test'
  ...
# Subtest: a deck is an immutable copy, and unknown fields cannot configure the runtime
ok 2 - a deck is an immutable copy, and unknown fields cannot configure the runtime
  ---
  duration_ms: 14.052457
  type: 'test'
  ...
# Subtest: malformed JSON, unsupported versions and wrong top-level values give actionable errors
ok 3 - malformed JSON, unsupported versions and wrong top-level values give actionable errors
  ---
  duration_ms: 12.37248
  type: 'test'
  ...
# Subtest: JSON byte limit counts multibyte text and accepts the exact boundary
ok 4 - JSON byte limit counts multibyte text and accepts the exact boundary
  ---
  duration_ms: 28.79186
  type: 'test'
  ...
# Subtest: required readable metadata and bounded question fields are validated
ok 5 - required readable metadata and bounded question fields are validated
  ---
  duration_ms: 21.628653
  type: 'test'
  ...
# Subtest: empty and oversized collections and duplicate identities are refused
ok 6 - empty and oversized collections and duplicate identities are refused
  ---
  duration_ms: 2.43627
  type: 'test'
  ...
# Subtest: every question and prerequisite must name a known covered concept
ok 7 - every question and prerequisite must name a known covered concept
  ---
  duration_ms: 2.113763
  type: 'test'
  ...
# Subtest: self-requirements and concept cycles across different questions are refused
ok 8 - self-requirements and concept cycles across different questions are refused
  ---
  duration_ms: 11.511095
  type: 'test'
  ...
# Subtest: choices require distinct readable options and an actual integer answer index
ok 9 - choices require distinct readable options and an actual integer answer index
  ---
  duration_ms: 11.001036
  type: 'test'
  ...
# Subtest: 100 questions and 32 concepts work through the existing selector to exhaustion
ok 10 - 100 questions and 32 concepts work through the existing selector to exhaustion
  ---
  duration_ms: 972.830566
  type: 'test'
  ...
# Subtest: imported answer indices, literal text and object-key names survive learning and practice
ok 11 - imported answer indices, literal text and object-key names survive learning and practice
  ---
  duration_ms: 9.867074
  type: 'test'
  ...
# Subtest: downloadable example round-trips through the import contract with full attribution
ok 12 - downloadable example round-trips through the import contract with full attribution
  ---
  duration_ms: 10.204456
  type: 'test'
  ...
# Subtest: BKT probabilities stay bounded across repeated evidence
ok 13 - BKT probabilities stay bounded across repeated evidence
  ---
  duration_ms: 45.212253
  type: 'test'
  ...
# Subtest: correct evidence raises and incorrect evidence lowers posterior for interior prior
ok 14 - correct evidence raises and incorrect evidence lowers posterior for interior prior
  ---
  duration_ms: 4.918517
  type: 'test'
  ...
# Subtest: parameter validation rejects impossible probabilities
ok 15 - parameter validation rejects impossible probabilities
  ---
  duration_ms: 8.645329
  type: 'test'
  ...
# Subtest: entropy and information gain have expected bounds and peak near uncertainty
ok 16 - entropy and information gain have expected bounds and peak near uncertainty
  ---
  duration_ms: 17.003811
  type: 'test'
  ...
# Subtest: selector prioritizes a weak prerequisite and is stable after exhaustion
ok 17 - selector prioritizes a weak prerequisite and is stable after exhaustion
  ---
  duration_ms: 2.452534
  type: 'test'
  ...
# Subtest: initial mastery creates independent named concept values
ok 18 - initial mastery creates independent named concept values
  ---
  duration_ms: 23.228465
  type: 'test'
  ...
# Subtest: scripted learner simulation is deterministic, bounded, and distinguishes selector modes
ok 19 - scripted learner simulation is deterministic, bounded, and distinguishes selector modes
  ---
  duration_ms: 8.395782
  type: 'test'
  ...
# Subtest: review preserves session order and the actual chosen answer
ok 20 - review preserves session order and the actual chosen answer
  ---
  duration_ms: 51.014011
  type: 'test'
  ...
# Subtest: review is an immutable snapshot independent of mutable input arrays
ok 21 - review is an immutable snapshot independent of mutable input arrays
  ---
  duration_ms: 9.588815
  type: 'test'
  ...
# Subtest: a review rejects unknown, duplicate, or invalid first answers
ok 22 - a review rejects unknown, duplicate, or invalid first answers
  ---
  duration_ms: 8.237815
  type: 'test'
  ...
# Subtest: practice includes only initially missed questions in first-attempt order
ok 23 - practice includes only initially missed questions in first-attempt order
  ---
  duration_ms: 1.687936
  type: 'test'
  ...
# Subtest: correct and incorrect retries remain separate from the immutable original trace
ok 24 - correct and incorrect retries remain separate from the immutable original trace
  ---
  duration_ms: 7.520315
  type: 'test'
  ...
# Subtest: practice resumes at the next unanswered question and refuses duplicate or out-of-order writes
ok 25 - practice resumes at the next unanswered question and refuses duplicate or out-of-order writes
  ---
  duration_ms: 13.798489
  type: 'test'
  ...
# Subtest: an all-correct or empty review has no practice question
ok 26 - an all-correct or empty review has no practice question
  ---
  duration_ms: 10.173093
  type: 'test'
  ...
1..26
# tests 26
# suites 0
# pass 26
# fail 0
# cancelled 0
# skipped 0
# todo 0
# duration_ms 3251.02968
