TAP version 13
# Subtest: display orders retain every canonical option exactly once and are immutable
ok 1 - display orders retain every canonical option exactly once and are immutable
  ---
  duration_ms: 38.662993
  type: 'test'
  ...
# Subtest: a stable source replays an order and changed input can put the answer in every display position
ok 2 - a stable source replays an order and changed input can put the answer in every display position
  ---
  duration_ms: 5.493415
  type: 'test'
  ...
# Subtest: invalid counts or random values cannot produce duplicate, missing, or unaddressable choices
ok 3 - invalid counts or random values cannot produce duplicate, missing, or unaddressable choices
  ---
  duration_ms: 0.908266
  type: 'test'
  ...
# Subtest: varied displayed choices keep review, corrected practice and study notes tied to their original text
ok 4 - varied displayed choices keep review, corrected practice and study notes tied to their original text
  ---
  duration_ms: 36.403449
  type: 'test'
  ...
# Subtest: the direct-file author page is generated from all current author modules
ok 5 - the direct-file author page is generated from all current author modules
  ---
  duration_ms: 184.439072
  type: 'test'
  ...
# Subtest: unfinished and completely empty drafts save without claiming lesson validity
ok 6 - unfinished and completely empty drafts save without claiming lesson validity
  ---
  duration_ms: 19.801472
  type: 'test'
  ...
# Subtest: duplicate text, cyclic and self prerequisites, and unfinished selections survive for repair
ok 7 - duplicate text, cyclic and self prerequisites, and unfinished selections survive for repair
  ---
  duration_ms: 6.798102
  type: 'test'
  ...
# Subtest: ready imported lessons retain public IDs, ordered content, answer identity and checked bytes
ok 8 - ready imported lessons retain public IDs, ordered content, answer identity and checked bytes
  ---
  duration_ms: 9.480743
  type: 'test'
  ...
# Subtest: canonical private keys recover near-limit counters without changing public IDs or live state
ok 9 - canonical private keys recover near-limit counters without changing public IDs or live state
  ---
  duration_ms: 1.924152
  type: 'test'
  ...
# Subtest: staged drafts are deeply frozen and replacement copies remain editable
ok 10 - staged drafts are deeply frozen and replacement copies remain editable
  ---
  duration_ms: 3.105189
  type: 'test'
  ...
# Subtest: missing or ambiguous internal references, malformed shape and unsafe counters refuse before admission
ok 11 - missing or ambiguous internal references, malformed shape and unsafe counters refuse before admission
  ---
  duration_ms: 10.559292
  type: 'test'
  ...
# Subtest: only recognized editor fields cross the draft boundary
ok 12 - only recognized editor fields cross the draft boundary
  ---
  duration_ms: 4.113718
  type: 'test'
  ...
# Subtest: a lesson larger than its admission limit can be saved as a draft and repaired later
ok 13 - a lesson larger than its admission limit can be saved as a draft and repaired later
  ---
  duration_ms: 38.002428
  type: 'test'
  ...
# Subtest: draft size limits count actual UTF-8 bytes and failed saving leaves writing intact
ok 14 - draft size limits count actual UTF-8 bytes and failed saving leaves writing intact
  ---
  duration_ms: 102.061402
  type: 'test'
  ...
# Subtest: compact drafts remain saveable near and exactly at the byte limit without added whitespace
ok 15 - compact drafts remain saveable near and exactly at the byte limit without added whitespace
  ---
  duration_ms: 330.701529
  type: 'test'
  ...
# Subtest: a file whose canonical private keys exceed the saved limit is refused before admission
ok 16 - a file whose canonical private keys exceed the saved limit is refused before admission
  ---
  duration_ms: 76.68668
  type: 'test'
  ...
# Subtest: a valid deck stages without touching authored text and commits once with full immutable content
ok 17 - a valid deck stages without touching authored text and commits once with full immutable content
  ---
  duration_ms: 24.357465
  type: 'test'
  ...
# Subtest: invalid JSON, invalid answer, oversized file and unreadable file preserve the draft and allow retry
ok 18 - invalid JSON, invalid answer, oversized file and unreadable file preserve the draft and allow retry
  ---
  duration_ms: 13.627408
  type: 'test'
  ...
# Subtest: unfinished and cyclic draft files stage visibly and replace once with an immutable editable state
ok 19 - unfinished and cyclic draft files stage visibly and replace once with an immutable editable state
  ---
  duration_ms: 9.314445
  type: 'test'
  ...
# Subtest: a draft suffix cannot admit an oversized lesson deck through the larger draft-file limit
ok 20 - a draft suffix cannot admit an oversized lesson deck through the larger draft-file limit
  ---
  duration_ms: 8.316599
  type: 'test'
  ...
# Subtest: malformed and unsupported editable drafts preserve the old draft and retire pending previews
ok 21 - malformed and unsupported editable drafts preserve the old draft and retire pending previews
  ---
  duration_ms: 6.47058
  type: 'test'
  ...
# Subtest: newest selected format wins across slow draft-to-deck and deck-to-draft reads
ok 22 - newest selected format wins across slow draft-to-deck and deck-to-draft reads
  ---
  duration_ms: 4.251467
  type: 'test'
  ...
# Subtest: explicit Keep current draft clears staged replacement and restores the open control focus
ok 23 - explicit Keep current draft clears staged replacement and restores the open control focus
  ---
  duration_ms: 2.190077
  type: 'test'
  ...
# Subtest: opening another chooser invalidates its old preview even when the chooser is cancelled
ok 24 - opening another chooser invalidates its old preview even when the chooser is cancelled
  ---
  duration_ms: 2.343146
  type: 'test'
  ...
# Subtest: a newer valid choice wins over an earlier slow success or failure
ok 25 - a newer valid choice wins over an earlier slow success or failure
  ---
  duration_ms: 3.85065
  type: 'test'
  ...
# Subtest: cancelled or empty file selection prevents a late read from reopening a preview
ok 26 - cancelled or empty file selection prevents a late read from reopening a preview
  ---
  duration_ms: 5.586868
  type: 'test'
  ...
# Subtest: invalid newer files invalidate an earlier pending or staged valid deck
ok 27 - invalid newer files invalidate an earlier pending or staged valid deck
  ---
  duration_ms: 3.482563
  type: 'test'
  ...
# Subtest: undo restores all writing while clearing only references to deliberately removed concepts
ok 28 - undo restores all writing while clearing only references to deliberately removed concepts
  ---
  duration_ms: 7.973772
  type: 'test'
  ...
# Subtest: undo retains known selections and even unfinished self links while removing a missing prerequisite
ok 29 - undo retains known selections and even unfinished self links while removing a missing prerequisite
  ---
  duration_ms: 0.80831
  type: 'test'
  ...
# Subtest: blank editor requires authored metadata and a deliberate answer
ok 30 - blank editor requires authored metadata and a deliberate answer
  ---
  duration_ms: 10.022664
  type: 'test'
  ...
# Subtest: opening a validated lesson makes an independent editable draft and preserves IDs and literals
ok 31 - opening a validated lesson makes an independent editable draft and preserves IDs and literals
  ---
  duration_ms: 2.446738
  type: 'test'
  ...
# Subtest: correctness follows an option when moved or when a preceding option is removed
ok 32 - correctness follows an option when moved or when a preceding option is removed
  ---
  duration_ms: 1.6388
  type: 'test'
  ...
# Subtest: option limits refuse without deleting text or changing the answer
ok 33 - option limits refuse without deleting text or changing the answer
  ---
  duration_ms: 1.351198
  type: 'test'
  ...
# Subtest: concept renaming updates question and prerequisite references while used deletion is refused
ok 34 - concept renaming updates question and prerequisite references while used deletion is refused
  ---
  duration_ms: 1.1647
  type: 'test'
  ...
# Subtest: cycles, uncovered concepts and duplicate answer text remain repairable drafts
ok 35 - cycles, uncovered concepts and duplicate answer text remain repairable drafts
  ---
  duration_ms: 1.359114
  type: 'test'
  ...
# Subtest: question reordering and undo restore the removed question without rolling back later edits
ok 36 - question reordering and undo restore the removed question without rolling back later edits
  ---
  duration_ms: 1.37057
  type: 'test'
  ...
# Subtest: new question IDs do not overwrite IDs from an opened deck
ok 37 - new question IDs do not overwrite IDs from an opened deck
  ---
  duration_ms: 0.887312
  type: 'test'
  ...
# Subtest: checked snapshots are immutable, deterministic, and separate from later draft edits
ok 38 - checked snapshots are immutable, deterministic, and separate from later draft edits
  ---
  duration_ms: 1.606851
  type: 'test'
  ...
# Subtest: individually valid multibyte content cannot export a file larger than the importer admits
ok 39 - individually valid multibyte content cannot export a file larger than the importer admits
  ---
  duration_ms: 16.737826
  type: 'test'
  ...
# Subtest: download filenames are bounded local names
ok 40 - download filenames are bounded local names
  ---
  duration_ms: 0.924199
  type: 'test'
  ...
# Subtest: the existing bundled deck imports unchanged without a format field
ok 41 - the existing bundled deck imports unchanged without a format field
  ---
  duration_ms: 9.314669
  type: 'test'
  ...
# Subtest: a deck is an immutable copy, and unknown fields cannot configure the runtime
ok 42 - a deck is an immutable copy, and unknown fields cannot configure the runtime
  ---
  duration_ms: 1.659811
  type: 'test'
  ...
# Subtest: malformed JSON, unsupported versions and wrong top-level values give actionable errors
ok 43 - malformed JSON, unsupported versions and wrong top-level values give actionable errors
  ---
  duration_ms: 0.658743
  type: 'test'
  ...
# Subtest: JSON byte limit counts multibyte text and accepts the exact boundary
ok 44 - JSON byte limit counts multibyte text and accepts the exact boundary
  ---
  duration_ms: 3.341301
  type: 'test'
  ...
# Subtest: required readable metadata and bounded question fields are validated
ok 45 - required readable metadata and bounded question fields are validated
  ---
  duration_ms: 1.444078
  type: 'test'
  ...
# Subtest: empty and oversized collections and duplicate identities are refused
ok 46 - empty and oversized collections and duplicate identities are refused
  ---
  duration_ms: 2.127594
  type: 'test'
  ...
# Subtest: every question and prerequisite must name a known covered concept
ok 47 - every question and prerequisite must name a known covered concept
  ---
  duration_ms: 0.855811
  type: 'test'
  ...
# Subtest: self-requirements and concept cycles across different questions are refused
ok 48 - self-requirements and concept cycles across different questions are refused
  ---
  duration_ms: 0.754949
  type: 'test'
  ...
# Subtest: choices require distinct readable options and an actual integer answer index
ok 49 - choices require distinct readable options and an actual integer answer index
  ---
  duration_ms: 3.843403
  type: 'test'
  ...
# Subtest: 100 questions and 32 concepts work through the existing selector to exhaustion
ok 50 - 100 questions and 32 concepts work through the existing selector to exhaustion
  ---
  duration_ms: 409.059408
  type: 'test'
  ...
# Subtest: imported answer indices, literal text and object-key names survive learning and practice
ok 51 - imported answer indices, literal text and object-key names survive learning and practice
  ---
  duration_ms: 4.643771
  type: 'test'
  ...
# Subtest: downloadable example round-trips through the import contract with full attribution
ok 52 - downloadable example round-trips through the import contract with full attribution
  ---
  duration_ms: 0.999598
  type: 'test'
  ...
# Subtest: the exact original course is bounded, admitted, balanced and round-trippable
ok 53 - the exact original course is bounded, admitted, balanced and round-trippable
  ---
  duration_ms: 8.798642
  type: 'test'
  ...
# Subtest: every stated answer follows the literal graph, with one correct option
    # Subtest: dg-links-1
    ok 1 - dg-links-1
      ---
      duration_ms: 0.928309
      type: 'test'
      ...
    # Subtest: dg-links-2
    ok 2 - dg-links-2
      ---
      duration_ms: 0.95955
      type: 'test'
      ...
    # Subtest: dg-links-3
    ok 3 - dg-links-3
      ---
      duration_ms: 0.919407
      type: 'test'
      ...
    # Subtest: dg-reach-1
    ok 4 - dg-reach-1
      ---
      duration_ms: 0.868671
      type: 'test'
      ...
    # Subtest: dg-reach-2
    ok 5 - dg-reach-2
      ---
      duration_ms: 0.754072
      type: 'test'
      ...
    # Subtest: dg-reach-3
    ok 6 - dg-reach-3
      ---
      duration_ms: 0.365688
      type: 'test'
      ...
    # Subtest: dg-order-1
    ok 7 - dg-order-1
      ---
      duration_ms: 0.762167
      type: 'test'
      ...
    # Subtest: dg-order-2
    ok 8 - dg-order-2
      ---
      duration_ms: 3.300928
      type: 'test'
      ...
    # Subtest: dg-order-3
    ok 9 - dg-order-3
      ---
      duration_ms: 1.214546
      type: 'test'
      ...
    # Subtest: dg-update-1
    ok 10 - dg-update-1
      ---
      duration_ms: 3.52556
      type: 'test'
      ...
    # Subtest: dg-update-2
    ok 11 - dg-update-2
      ---
      duration_ms: 0.86949
      type: 'test'
      ...
    # Subtest: dg-update-3
    ok 12 - dg-update-3
      ---
      duration_ms: 0.730929
      type: 'test'
      ...
    1..12
ok 54 - every stated answer follows the literal graph, with one correct option
  ---
  duration_ms: 19.929316
  type: 'test'
  ...
# Subtest: structurally valid changed content exposes graph reversal and blocked-descendant mistakes
ok 55 - structurally valid changed content exposes graph reversal and blocked-descendant mistakes
  ---
  duration_ms: 5.339343
  type: 'test'
  ...
# Subtest: the real selector, review, practice, notes and trace consumer preserve this course
ok 56 - the real selector, review, practice, notes and trace consumer preserve this course
  ---
  duration_ms: 35.953544
  type: 'test'
  ...
# Subtest: BKT probabilities stay bounded across repeated evidence
ok 57 - BKT probabilities stay bounded across repeated evidence
  ---
  duration_ms: 15.625939
  type: 'test'
  ...
# Subtest: correct evidence raises and incorrect evidence lowers posterior for interior prior
ok 58 - correct evidence raises and incorrect evidence lowers posterior for interior prior
  ---
  duration_ms: 0.573467
  type: 'test'
  ...
# Subtest: parameter validation rejects impossible probabilities
ok 59 - parameter validation rejects impossible probabilities
  ---
  duration_ms: 1.045322
  type: 'test'
  ...
# Subtest: entropy and information gain have expected bounds and peak near uncertainty
ok 60 - entropy and information gain have expected bounds and peak near uncertainty
  ---
  duration_ms: 5.950312
  type: 'test'
  ...
# Subtest: selector prioritizes a weak prerequisite and is stable after exhaustion
ok 61 - selector prioritizes a weak prerequisite and is stable after exhaustion
  ---
  duration_ms: 2.692811
  type: 'test'
  ...
# Subtest: initial mastery creates independent named concept values
ok 62 - initial mastery creates independent named concept values
  ---
  duration_ms: 3.365868
  type: 'test'
  ...
# Subtest: scripted learner simulation is deterministic, bounded, and distinguishes selector modes
ok 63 - scripted learner simulation is deterministic, bounded, and distinguishes selector modes
  ---
  duration_ms: 1.271619
  type: 'test'
  ...
# Subtest: the original course is admitted by the existing deck contract with all four concepts covered
ok 64 - the original course is admitted by the existing deck contract with all four concepts covered
  ---
  duration_ms: 8.92679
  type: 'test'
  ...
# Subtest: answer positions are balanced and no correct option is uniquely the longest
ok 65 - answer positions are balanced and no correct option is uniquely the longest
  ---
  duration_ms: 1.17026
  type: 'test'
  ...
# Subtest: each numerical answer uses the stated correction sign, denominator or independence assumption
ok 66 - each numerical answer uses the stated correction sign, denominator or independence assumption
  ---
  duration_ms: 0.87955
  type: 'test'
  ...
# Subtest: standalone artifact is deterministic, preserves the exact deck bytes and contains executable classic scripts
ok 67 - standalone artifact is deterministic, preserves the exact deck bytes and contains executable classic scripts
  ---
  duration_ms: 6.983575
  type: 'test'
  ...
# Subtest: worked four-reading budget distinguishes raw mean, correction, sample scatter and mean uncertainty
ok 68 - worked four-reading budget distinguishes raw mean, correction, sample scatter and mean uncertainty
  ---
  duration_ms: 10.120433
  type: 'test'
  ...
# Subtest: a shared additive correction shifts the estimate without changing either uncertainty component
ok 69 - a shared additive correction shifts the estimate without changing either uncertainty component
  ---
  duration_ms: 3.868694
  type: 'test'
  ...
# Subtest: identical readings retain a nonzero shared component and are not rejected for numerical repetition
ok 70 - identical readings retain a nonzero shared component and are not rejected for numerical repetition
  ---
  duration_ms: 0.459867
  type: 'test'
  ...
# Subtest: future independent sample sizes hold shared calibration fixed while repeatability shrinks by square root
ok 71 - future independent sample sizes hold shared calibration fixed while repeatability shrinks by square root
  ---
  duration_ms: 1.026001
  type: 'test'
  ...
# Subtest: shared covariance gives the same calibration contribution for a mean of any sample size
ok 72 - shared covariance gives the same calibration contribution for a mean of any sample size
  ---
  duration_ms: 0.524821
  type: 'test'
  ...
# Subtest: compensated raw means preserve small residuals after large opposing readings cancel
ok 73 - compensated raw means preserve small residuals after large opposing readings cancel
  ---
  duration_ms: 3.588542
  type: 'test'
  ...
# Subtest: centered scatter remains meaningful for a large shared offset and at supported extremes
ok 74 - centered scatter remains meaningful for a large shared offset and at supported extremes
  ---
  duration_ms: 0.835285
  type: 'test'
  ...
# Subtest: reordering observations preserves the summary but does not assert statistical independence
ok 75 - reordering observations preserves the summary but does not assert statistical independence
  ---
  duration_ms: 7.880879
  type: 'test'
  ...
# Subtest: input parsing keeps every observation and refuses malformed or missing comma fields
ok 76 - input parsing keeps every observation and refuses malformed or missing comma fields
  ---
  duration_ms: 8.120484
  type: 'test'
  ...
# Subtest: supported magnitude and nonnegative half-width boundaries are explicit
ok 77 - supported magnitude and nonnegative half-width boundaries are explicit
  ---
  duration_ms: 4.088447
  type: 'test'
  ...
# Subtest: public calculations reject missing observations and invalid forecast counts
ok 78 - public calculations reject missing observations and invalid forecast counts
  ---
  duration_ms: 4.397451
  type: 'test'
  ...
# Subtest: calculation snapshots do not mutate caller arrays or change after later edits
ok 79 - calculation snapshots do not mutate caller arrays or change after later edits
  ---
  duration_ms: 0.505021
  type: 'test'
  ...
# Subtest: review preserves session order and the actual chosen answer
ok 80 - review preserves session order and the actual chosen answer
  ---
  duration_ms: 6.950588
  type: 'test'
  ...
# Subtest: review is an immutable snapshot independent of mutable input arrays
ok 81 - review is an immutable snapshot independent of mutable input arrays
  ---
  duration_ms: 2.109828
  type: 'test'
  ...
# Subtest: a review rejects unknown, duplicate, or invalid first answers
ok 82 - a review rejects unknown, duplicate, or invalid first answers
  ---
  duration_ms: 0.891076
  type: 'test'
  ...
# Subtest: practice includes only initially missed questions in first-attempt order
ok 83 - practice includes only initially missed questions in first-attempt order
  ---
  duration_ms: 0.855035
  type: 'test'
  ...
# Subtest: correct and incorrect retries remain separate from the immutable original trace
ok 84 - correct and incorrect retries remain separate from the immutable original trace
  ---
  duration_ms: 0.847554
  type: 'test'
  ...
# Subtest: practice resumes at the next unanswered question and refuses duplicate or out-of-order writes
ok 85 - practice resumes at the next unanswered question and refuses duplicate or out-of-order writes
  ---
  duration_ms: 0.879061
  type: 'test'
  ...
# Subtest: an all-correct or empty review has no practice question
ok 86 - an all-correct or empty review has no practice question
  ---
  duration_ms: 0.475157
  type: 'test'
  ...
# Subtest: notes retain the actual first choices, session order, corrections, transfers, and attribution
ok 87 - notes retain the actual first choices, session order, corrections, transfers, and attribution
  ---
  duration_ms: 6.278639
  type: 'test'
  ...
# Subtest: paused and completed retries cannot replace the first answers or alter the model
ok 88 - paused and completed retries cannot replace the first answers or alter the model
  ---
  duration_ms: 2.261493
  type: 'test'
  ...
# Subtest: unstarted, zero-answer paused, and all-correct sessions have honest practice labels
ok 89 - unstarted, zero-answer paused, and all-correct sessions have honest practice labels
  ---
  duration_ms: 1.125105
  type: 'test'
  ...
# Subtest: incomplete, duplicate, legacy choice-less or malformed traces are refused rather than fabricated
ok 90 - incomplete, duplicate, legacy choice-less or malformed traces are refused rather than fabricated
  ---
  duration_ms: 2.821003
  type: 'test'
  ...
# Subtest: plain-text output preserves Unicode and literal markup without creating executable content
ok 91 - plain-text output preserves Unicode and literal markup without creating executable content
  ---
  duration_ms: 0.870693
  type: 'test'
  ...
# Subtest: completed first answers restore in their original adaptive order with exact, unrounded estimates
ok 92 - completed first answers restore in their original adaptive order with exact, unrounded estimates
  ---
  duration_ms: 34.953509
  type: 'test'
  ...
# Subtest: unstarted, zero-answer, paused and complete practice remain distinct and can resume once
ok 93 - unstarted, zero-answer, paused and complete practice remain distinct and can resume once
  ---
  duration_ms: 10.531691
  type: 'test'
  ...
# Subtest: all-correct and all-missed completed traces use canonical answer indices
ok 94 - all-correct and all-missed completed traces use canonical answer indices
  ---
  duration_ms: 4.169889
  type: 'test'
  ...
# Subtest: incomplete, duplicate, unknown and out-of-range first answers are refused
ok 95 - incomplete, duplicate, unknown and out-of-range first answers are refused
  ---
  duration_ms: 13.399098
  type: 'test'
  ...
# Subtest: a different course revision cannot replace the current deck; property order is immaterial
ok 96 - a different course revision cannot replace the current deck; property order is immaterial
  ---
  duration_ms: 6.812638
  type: 'test'
  ...
# Subtest: changed model parameters, rounded estimates and incompatible versions are refused
ok 97 - changed model parameters, rounded estimates and incompatible versions are refused
  ---
  duration_ms: 8.457733
  type: 'test'
  ...
# Subtest: practice replay refuses duplicate, reordered, correct-first and extra answers
ok 98 - practice replay refuses duplicate, reordered, correct-first and extra answers
  ---
  duration_ms: 7.990055
  type: 'test'
  ...
# Subtest: bounded parsing refuses invalid JSON and oversized UTF-8 before exposing state
ok 99 - bounded parsing refuses invalid JSON and oversized UTF-8 before exposing state
  ---
  duration_ms: 5.21908
  type: 'test'
  ...
1..99
# tests 111
# suites 0
# pass 111
# fail 0
# cancelled 0
# skipped 0
# todo 0
# duration_ms 1478.644662
