TAP version 13
# Subtest: the committed standalone page exactly matches its native source builder
ok 1 - the committed standalone page exactly matches its native source builder
  ---
  duration_ms: 9.099768
  type: 'test'
  ...
# Subtest: the actual embedded course text retains the qualified twelve-question identity byte for byte
ok 2 - the actual embedded course text retains the qualified twelve-question identity byte for byte
  ---
  duration_ms: 3.588501
  type: 'test'
  ...
# Subtest: the fixed uninhibited enzyme reproduces the existing course example
ok 3 - the fixed uninhibited enzyme reproduces the existing course example
  ---
  duration_ms: 4.789303
  type: 'test'
  ...
# Subtest: one independently worked comparison distinguishes rate, fraction and apparent parameters
ok 4 - one independently worked comparison distinguishes rate, fraction and apparent parameters
  ---
  duration_ms: 0.576504
  type: 'test'
  ...
# Subtest: zero substrate yields zero rates and undefined fractions, including with zero inhibitor
ok 5 - zero substrate yields zero rates and undefined fractions, including with zero inhibitor
  ---
  duration_ms: 0.503406
  type: 'test'
  ...
# Subtest: zero inhibitor makes all cases coincide; each Km locates its own half limiting rate
ok 6 - zero inhibitor makes all cases coincide; each Km locates its own half limiting rate
  ---
  duration_ms: 0.607435
  type: 'test'
  ...
# Subtest: adding substrate reduces competitive fractional loss while the pure special case stays proportional
ok 7 - adding substrate reduces competitive fractional loss while the pure special case stays proportional
  ---
  duration_ms: 0.284618
  type: 'test'
  ...
# Subtest: a deterministic domain grid preserves saturation, ordering and fixed baseline parameters
ok 8 - a deterministic domain grid preserves saturation, ordering and fixed baseline parameters
  ---
  duration_ms: 1.032652
  type: 'test'
  ...
# Subtest: invalid or coerced inputs and incomplete text never silently reuse a prior comparison
ok 9 - invalid or coerced inputs and incomplete text never silently reuse a prior comparison
  ---
  duration_ms: 1.858323
  type: 'test'
  ...
# Subtest: snapshots are independent and the sampled curve includes exact endpoints and course points
ok 10 - snapshots are independent and the sampled curve includes exact endpoints and course points
  ---
  duration_ms: 0.999928
  type: 'test'
  ...
# Subtest: CSV exports the current point, complete sample grid, units and explicit undefined cells
ok 11 - CSV exports the current point, complete sample grid, units and explicit undefined cells
  ---
  duration_ms: 7.277338
  type: 'test'
  ...
1..11
# tests 11
# suites 0
# pass 11
# fail 0
# cancelled 0
# skipped 0
# todo 0
# duration_ms 268.586725
