TAP version 13
# Subtest: positive subnormal substrate retains analytic fractions instead of a quotient of quantized rates
not ok 1 - positive subnormal substrate retains analytic fractions instead of a quotient of quantized rates
  ---
  duration_ms: 4.517886
  type: 'test'
  location: '/home/jacob/recallweave-enzyme-kinetics-20261008-a0eb/source/tests/enzyme-kinetics.test.mjs:157:1'
  failureType: 'testCodeFailure'
  error: |-
    Expected values to be strictly equal:
    
    0.2 !== 0.25
    
  code: 'ERR_ASSERTION'
  name: 'AssertionError'
  expected: 0.25
  actual: 0.2
  operator: 'strictEqual'
  stack: |-
    TestContext.<anonymous> (file:///home/jacob/recallweave-enzyme-kinetics-20261008-a0eb/source/tests/enzyme-kinetics.test.mjs:163:12)
    Test.runInAsyncScope (node:async_hooks:214:14)
    Test.run (node:internal/test_runner/test:1047:25)
    Test.start (node:internal/test_runner/test:944:17)
    startSubtestAfterBootstrap (node:internal/test_runner/harness:296:17)
  ...
1..1
# tests 1
# suites 0
# pass 0
# fail 1
# cancelled 0
# skipped 0
# todo 0
# duration_ms 201.090457
