2026-10-08T15:06:30.9008034Z Current runner version: '2.337.0'
2026-10-08T15:06:30.9030837Z ##[group]Runner Image Provisioner
2026-10-08T15:06:30.9031664Z Hosted Compute Agent
2026-10-08T15:06:30.9032196Z Version: 20260901.588
2026-10-08T15:06:30.9032788Z Commit: f88ec8081b781fac6c440065ac7ff9e710ce3d0b
2026-10-08T15:06:30.9033437Z Build Date: 2026-09-01T19:56:44Z
2026-10-08T15:06:30.9034040Z Worker ID: {2f216759-26c2-4ae8-bc89-46170e0f8ee6}
2026-10-08T15:06:30.9034695Z Azure Region: westus3
2026-10-08T15:06:30.9035234Z ##[endgroup]
2026-10-08T15:06:30.9036741Z ##[group]Operating System
2026-10-08T15:06:30.9037302Z Ubuntu
2026-10-08T15:06:30.9037759Z 24.04.5
2026-10-08T15:06:30.9038230Z LTS
2026-10-08T15:06:30.9038683Z ##[endgroup]
2026-10-08T15:06:30.9039173Z ##[group]Runner Image
2026-10-08T15:06:30.9039732Z Image: ubuntu-24.04
2026-10-08T15:06:30.9040371Z Version: 20260927.320.1
2026-10-08T15:06:30.9041519Z Included Software: https://github.com/actions/runner-images/blob/ubuntu24/20260927.320/images/ubuntu/Ubuntu2404-Readme.md
2026-10-08T15:06:30.9042878Z Image Release: https://github.com/actions/runner-images/releases/tag/ubuntu24%2F20260927.320
2026-10-08T15:06:30.9043751Z ##[endgroup]
2026-10-08T15:06:30.9044792Z ##[group]GITHUB_TOKEN Permissions
2026-10-08T15:06:30.9046930Z Contents: read
2026-10-08T15:06:30.9047513Z Metadata: read
2026-10-08T15:06:30.9048073Z Pages: write
2026-10-08T15:06:30.9048606Z ##[endgroup]
2026-10-08T15:06:30.9050800Z Secret source: Actions
2026-10-08T15:06:30.9051686Z Cache mode: read
2026-10-08T15:06:30.9052382Z Prepare workflow directory
2026-10-08T15:06:30.9366460Z Prepare all required actions
2026-10-08T15:06:30.9463683Z Complete job name: report-build-status
2026-10-08T15:06:31.6653859Z ##[group]Run gh api -X POST "repos/$GITHUB_REPOSITORY/pages/telemetry" \
2026-10-08T15:06:31.6654855Z [36;1mgh api -X POST "repos/$GITHUB_REPOSITORY/pages/telemetry" \[0m
2026-10-08T15:06:31.6655619Z [36;1m  -F github_run_id="$GITHUB_RUN_ID" \[0m
2026-10-08T15:06:31.6656317Z [36;1m  -F conclusion="$CONCLUSION"[0m
2026-10-08T15:06:31.7233373Z shell: /usr/bin/bash -e {0}
2026-10-08T15:06:31.7234264Z env:
2026-10-08T15:06:31.7238817Z   GITHUB_TOKEN: ***
2026-10-08T15:06:31.7239347Z   CONCLUSION: failure
2026-10-08T15:06:31.7239897Z ##[endgroup]
2026-10-08T15:06:32.5465407Z {}
2026-10-08T15:06:32.5611607Z Cleaning up orphan processes
