TAP version 13
# Subtest: mixed partial save preserves exact native prefix, next item, option orders and uninterrupted continuation
ok 1 - mixed partial save preserves exact native prefix, next item, option orders and uninterrupted continuation
  ---
  duration_ms: 13.037447
  type: 'test'
  ...
# Subtest: a started lesson with no answers restores the first native question and all initial estimates
ok 2 - a started lesson with no answers restores the first native question and all initial estimates
  ---
  duration_ms: 1.21004
  type: 'test'
  ...
# Subtest: feedback retains the last chosen option while Next remains the next unanswered question
ok 3 - feedback retains the last chosen option while Next remains the next unanswered question
  ---
  duration_ms: 1.553937
  type: 'test'
  ...
# Subtest: complete sessions remain in the existing trace format, including its separate practice state
ok 4 - complete sessions remain in the existing trace format, including its separate practice state
  ---
  duration_ms: 2.638318
  type: 'test'
  ...
# Subtest: course content and array order are bound; harmless JSON object key order is accepted
ok 5 - course content and array order are bound; harmless JSON object key order is accepted
  ---
  duration_ms: 4.383723
  type: 'test'
  ...
# Subtest: model identity and every BKT parameter must match the native model
ok 6 - model identity and every BKT parameter must match the native model
  ---
  duration_ms: 2.058726
  type: 'test'
  ...
# Subtest: first answers must form the actual native adaptive prefix with canonical option indices
ok 7 - first answers must form the actual native adaptive prefix with canonical option indices
  ---
  duration_ms: 4.099656
  type: 'test'
  ...
# Subtest: mastery is replayed at full precision and never accepted from rounded or altered values
ok 8 - mastery is replayed at full precision and never accepted from rounded or altered values
  ---
  duration_ms: 2.791368
  type: 'test'
  ...
# Subtest: question, feedback and complete per-item permutations are checked before restoration
ok 9 - question, feedback and complete per-item permutations are checked before restoration
  ---
  duration_ms: 5.482184
  type: 'test'
  ...
# Subtest: successful and refused reads leave caller state untouched and return deeply immutable independent copies
ok 10 - successful and refused reads leave caller state untouched and return deeply immutable independent copies
  ---
  duration_ms: 2.270194
  type: 'test'
  ...
# Subtest: the JSON boundary rejects malformed, unsupported, deep and oversized files with a UTF-8 byte limit
ok 11 - the JSON boundary rejects malformed, unsupported, deep and oversized files with a UTF-8 byte limit
  ---
  duration_ms: 26.774616
  type: 'test'
  ...
# Subtest: save times are canonical UTC values and invalid save inputs cannot mutate a session
ok 12 - save times are canonical UTC values and invalid save inputs cannot mutate a session
  ---
  duration_ms: 2.192507
  type: 'test'
  ...
# Subtest: ordinary course identifiers that match object prototype names survive without shared object mutation
ok 13 - ordinary course identifiers that match object prototype names survive without shared object mutation
  ---
  duration_ms: 0.805871
  type: 'test'
  ...
1..13
# tests 13
# suites 0
# pass 13
# fail 0
# cancelled 0
# skipped 0
# todo 0
# duration_ms 153.525969
