✔ Newton lesson is admitted by the actual learner with twelve complete original questions (1.6531ms)
✔ lesson numerical answers agree with independently written exact arithmetic (0.2318ms)
✔ worked guide retains exact examples and separates residual, root and bounded computation (0.1746ms)
✔ standalone page embeds byte-exact course and guide strings in one parseable script (1.0903ms)
✔ committed explorer is fresh according to the actual project builder (41.2541ms)
✔ builder rejects unsupported arguments without changing its artifact (38.9603ms)
✔ an affine tangent lands exactly on its root (1.8771ms)
✔ square-root steps retain exact residuals instead of rounded convergence (0.3521ms)
✔ a nonroot horizontal tangent stops without fabricating a step (0.1406ms)
✔ an exact initial root wins over a zero derivative (0.1356ms)
✔ constant functions retain their distinct meanings (0.2115ms)
✔ the cubic 0 to 1 to 0 cycle is detected exactly (0.2415ms)
✔ a repeated root approaches without being declared equal (0.2198ms)
✔ a cubic can land on an exact root in one genuine step (0.138ms)
✔ multiplying a polynomial by a nonzero constant preserves its tangent intercepts (0.3022ms)
✔ opposite initial signs can approach different roots (0.7294ms)
✔ finite decimal and fraction inputs are parsed as exact rationals (0.23ms)
✔ input bounds refuse partial parsing, coercion and unreasonable requests (0.4797ms)
✔ the bounded arithmetic stop keeps only complete steps (13.958ms)
✔ drawing an enormous numerator and denominator does not produce Infinity over Infinity (0.2485ms)
✔ input objects stay unchanged and each run is independent (0.2345ms)
✔ polynomial labels and all presets describe admissible independent experiments (0.6483ms)
ℹ tests 22
ℹ suites 0
ℹ pass 22
ℹ fail 0
ℹ cancelled 0
ℹ skipped 0
ℹ todo 0
ℹ duration_ms 140.876
