✔ display orders retain every canonical option exactly once and are immutable (8.9529ms)
✔ a stable source replays an order and changed input can put the answer in every display position (0.763ms)
✔ invalid counts or random values cannot produce duplicate, missing, or unaddressable choices (0.3613ms)
✔ varied displayed choices keep review, corrected practice and study notes tied to their original text (11.6706ms)
✔ the direct-file author page is generated from all current author modules (139.8538ms)
✔ sixteen original items round trip through current native deck and authoring APIs (3.8108ms)
✔ displayed vector answers satisfy the independent stated arithmetic (0.5318ms)
✔ subdivision keys preserve traversal and explicitly map local parameters (0.2629ms)
✔ qualitative claims retain the stated hypotheses and degeneracy distinctions (0.1899ms)
✔ current learner, review, practice and study notes consume every new course item (33.6444ms)
✔ worked quadratic retains every level and correctly ordered subcurve controls (5.2722ms)
✔ direct Bernstein and differentiated-polynomial oracles agree on 504 changed cases (60.9813ms)
✔ subdivision polygons reproduce the original polynomial under both local parameter maps (10.4726ms)
✔ reversing controls reverses the parameter and derivative; translating preserves construction (0.7791ms)
✔ stationary endpoint, constant curve, and collinear nonuniform speed remain distinct (0.3654ms)
✔ parser admits exact text grammar and reduces only in the trace (1.0793ms)
✔ malformed and out-of-domain text is refused with an actionable field (1.0379ms)
✔ public model rejects coercion, sparse arrays and invalid parameter records (0.7301ms)
✔ all result state is detached and frozen; repeated calls are deterministic (0.5178ms)
✔ the binary-search course round-trips through the published deck contract (3.4554ms)
✔ worked first-occurrence and absent examples agree with an independent linear partition (0.2796ms)
✔ midpoint and branch answers use the course’s half-open interval convention (1.2246ms)
✔ the worked trace and worst-case count follow strictly shrinking intervals (8.1248ms)
✔ the actual adaptive learner visits every new question and preserves worked feedback (31.0296ms)
✔ duplicate equality classifies a suffix while retaining the first possible boundary (3.8095ms)
✔ empty, before-first and after-end results remain boundaries rather than invented elements (0.2237ms)
✔ the guide’s two equal-length paths retain their different ordering-comparison counts (0.2322ms)
✔ a complete 32-value trace is detached and immutable without changing the caller (0.5517ms)
✔ text admission preserves order, allows repeats and refuses an invalid current draft (0.7024ms)
✔ every teaching preset is admitted and its complete record survives JSON transport (0.3734ms)
✔ standalone build retains the original course and guide bytes exactly (148.4273ms)
✔ the committed direct-file explorer exactly reproduces from its native modules and checked deck (8.0805ms)
✔ literal course content cannot close the embedded script and is retained byte-for-byte (1.8967ms)
✔ builder refuses invalid decks and ambiguous template/source boundaries (2.6716ms)
✔ the original course is admitted by the unchanged deck validator with the fixed answer map (3.1871ms)
✔ independent finite assignments establish the nontrivial authored choice witnesses (0.6125ms)
✔ native selector → review → separate practice → archive/notes preserves the correct course trace (24.624ms)
✔ native selector → review → separate practice → archive/notes preserves the missed course trace (4.0709ms)
✔ native selector → review → separate practice → archive/notes preserves the mixed course trace (1.9575ms)
✔ all binary connectives match independently enumerated TT, TF, FT, FF columns (5.2336ms)
✔ the union is alphabetical, complete and unique even with disjoint variables (0.7167ms)
✔ precedence and grouping are explicit, and implication is right associative (0.5161ms)
✔ case, whitespace and parentheses preserve the same formal expression (0.4703ms)
✔ equivalence is exhaustive; converse and incorrect De Morgan variants retain counterexamples (0.5254ms)
✔ valid inference and affirming the consequent differ at a concrete full assignment (0.2578ms)
✔ constants have one empty assignment, and single-expression mode is distinct (1.1907ms)
✔ invalid edits refuse unknown words, partial expressions, code, HTML and unsupported notation (1.276ms)
✔ boundary inputs admit declared limits and reject the next character, token, parenthesis or operator (1.452ms)
✔ returned analysis is deeply immutable and subsequent calls do not alter prior results (0.5585ms)
✔ CSV uses the current inputs, full union and every row regardless of any display filter (0.5675ms)
✔ independent receiving columns challenge right grouping, stronger and, and an unused-in-output variable (0.6073ms)
✔ literal text grammar keeps letters, digits and request multiplicity (2.1637ms)
✔ text refuses ambiguous tokens, case conversion and bounded overflows (1.4785ms)
✔ core rejects unsupported capacity and unexpected outer fields (1.2238ms)
✔ core refuses sparse arrays, attached metadata and nonliteral page values (0.4339ms)
✔ FIFO complete trace keeps insertion order on a hit (0.9223ms)
✔ LRU complete trace refreshes recency and can lose this fixed comparison (0.9251ms)
✔ the classic FIFO anomaly retains exact miss positions and capacity totals (0.9657ms)
✔ literal identity, capacity one and a loop that fits retain first-access misses (2.0897ms)
✔ empty input produces zero counts without a manufactured percentage (1.4802ms)
✔ caller mutations cannot change retained input, earlier steps or totals (0.4629ms)
✔ every reachable result object is frozen and mutation attempts fail (1.5441ms)
✔ retained prefixes agree with fresh empty-start runs at each selected capacity (13.679ms)
✔ state transitions conserve requests, slots and resident page identity (0.799ms)
✔ course is admitted by the unchanged importer and exact authoring round trip (2.014ms)
✔ course keeps its independently solved answer map and unique concept coverage (0.4133ms)
✔ the real learner selector exhausts this deck once and preserves first tries during practice (18.9595ms)
✔ standalone generation is deterministic and the committed file is current (12.971ms)
✔ standalone course embedding preserves exact UTF-8 bytes and HTML-like lesson text (1.6081ms)
✔ builder fails closed when template or source import boundaries change (1.3308ms)
✔ the original twelve-question lesson passes the current unchanged importer contract (16.012ms)
✔ the actual standalone builder passes parity and embeds the exact downloadable lesson (121.5617ms)
✔ successive integer products retain a distinct starting point and multiplier (3.3159ms)
✔ zero steps mean one explicitly assigned initial row, including zero multiplier (0.4057ms)
✔ a returning quarter-turn sequence retains repeated indexed positions (0.2614ms)
✔ zero starting points and zero multipliers keep their different defined quantities (0.5058ms)
✔ bounded fractional coordinates keep full numeric output and remain finite at both limits (1.2821ms)
✔ invalid and partial coordinate text and unsupported counts refuse the whole experiment (2.463ms)
✔ plot units are equal, imaginary-positive is upward, and every indexed point fits (2.8445ms)
✔ principal angles, signed zero and approximate formatting have declared behavior (0.3291ms)
✔ accepted snapshots are immutable and JSON retains all unrounded computed values (0.5631ms)
✔ every small-set outcome and count agrees with filtered position assignments (37.8634ms)
✔ largest allowed inputs preserve complete counts and distant outcome addresses (461.7208ms)
✔ empty and impossible selections are different, with explicit zero boundaries (0.7788ms)
✔ multiset representations retain repeated labels and explain unequal group sizes (0.4819ms)
✔ decimal drafts and programmatic inputs reject unsupported numeric forms and models (1.0111ms)
✔ page and outcome addresses are bounded and wrong types cannot silently round (0.5269ms)
✔ result copies stay stable and fully JSON serializable (0.6344ms)
✔ the twelve original questions validate through the published deck contract (1.2459ms)
✔ the generated offline page is current, contains the exact course, and has a parseable script (111.6861ms)
✔ catalog keeps exact raw text and an immutable copy of checked metadata (2.993ms)
✔ curated paths reject traversal, external URLs, authoring sources and duplicates (1.2918ms)
✔ search uses title and concept substrings with stable order and trimmed case (0.5159ms)
✔ standalone build matches checked-in HTML and embeds every original file unchanged (37.5784ms)
✔ embedded course text cannot terminate the data script or become executable markup (1.701ms)
✔ builder refuses extra arguments before writing the generated page (85.9335ms)
✔ the standalone Lesson focus file matches its actual modular sources (138.6038ms)
✔ all questions and both prerequisite branches survive a focused lesson (4.4443ms)
✔ requested concepts remain explicit when they are also a prerequisite (0.5873ms)
✔ clearing or changing targets never retains an earlier closure (1.0208ms)
✔ literal names, answer identities and immutable copied results (0.499ms)
✔ invalid source, selection and title are refused before producing a lesson (1.4353ms)
✔ real supplied courses retain all content when all concepts are chosen (6.5642ms)
✔ compact output fits the real file limit and an oversized result is refused (13.2733ms)
✔ the direct-file handout page is generated from the current validator, document and UI sources (136.4289ms)
✔ worksheet projection contains only original public question fields in canonical order (2.9669ms)
✔ separate answer key maps B, A and F to the original two, four and six option arrays (0.3564ms)
✔ projection is a frozen snapshot and cannot mutate or alias the selected deck (0.7987ms)
✔ downloaded worksheet JSON and HTML omit authored answers and explanations (1.0549ms)
✔ downloaded answer key carries exact authored answers, explanations and credit (0.496ms)
✔ literal Unicode, markup, line endings and script delimiters survive JSON without becoming executable markup (3.8847ms)
✔ real Deck studio checked downloads retain reordered questions and answer identity (1.5392ms)
✔ real parser rejects malformed, unsupported and oversized local deck input (2.2505ms)
✔ handout creation refuses invalid deck answers instead of producing an untrustworthy key (0.6424ms)
✔ document modes are explicit and invalid choices never silently produce an answer key (0.9097ms)
✔ worksheet and key filenames are distinct bounded local names (0.3643ms)
✔ repeat exports are deterministic and leave the original selected JSON unchanged (0.7627ms)
✔ the existing contract admits twelve original items across four connected concepts (2.1352ms)
✔ canonical correct positions are balanced without a universal longest-answer cue (0.3627ms)
✔ the answer key matches independently worked charge, connection and power values (0.2519ms)
✔ existing selection, review, separate retries and study notes retain every course item (17.1289ms)
✔ the direct-file artifact rebuilds exactly and embeds the original course bytes (2.9979ms)
✔ 12 V across 100 and 200 ohms agrees with independently worked branch values (3.1845ms)
✔ zero voltage has finite equivalent resistance and zero current and power (0.3385ms)
✔ charge, loop-voltage and power relationships hold throughout a deterministic input grid (2.24ms)
✔ permuting resistors swaps their values without changing source behavior (0.2696ms)
✔ a branch change and a voltage change preserve the stated ideal-source assumptions (0.2756ms)
✔ equal resistors use four times as much total power in parallel at fixed nonzero voltage (0.2394ms)
✔ model refuses missing, coerced, nonfinite and out-of-domain parameters (1.2166ms)
✔ text edits require explicit decimal values and never turn a blank into zero (5.252ms)
✔ results are independent immutable snapshots of their input parameters (7.2172ms)
✔ CSV keeps both modes, physical units and full numeric precision (1.9139ms)
✔ unfinished and completely empty drafts save without claiming lesson validity (5.8274ms)
✔ duplicate text, cyclic and self prerequisites, and unfinished selections survive for repair (1.4255ms)
✔ ready imported lessons retain public IDs, ordered content, answer identity and checked bytes (1.3169ms)
✔ canonical private keys recover near-limit counters without changing public IDs or live state (0.7632ms)
✔ staged drafts are deeply frozen and replacement copies remain editable (0.5131ms)
✔ missing or ambiguous internal references, malformed shape and unsafe counters refuse before admission (2.6191ms)
✔ only recognized editor fields cross the draft boundary (0.3554ms)
✔ a lesson larger than its admission limit can be saved as a draft and repaired later (19.3079ms)
✔ draft size limits count actual UTF-8 bytes and failed saving leaves writing intact (71.8951ms)
✔ compact drafts remain saveable near and exactly at the byte limit without added whitespace (242.9007ms)
✔ a file whose canonical private keys exceed the saved limit is refused before admission (60.7748ms)
✔ a valid deck stages without touching authored text and commits once with full immutable content (9.1029ms)
✔ invalid JSON, invalid answer, oversized file and unreadable file preserve the draft and allow retry (7.4517ms)
✔ unfinished and cyclic draft files stage visibly and replace once with an immutable editable state (2.684ms)
✔ a draft suffix cannot admit an oversized lesson deck through the larger draft-file limit (6.942ms)
✔ malformed and unsupported editable drafts preserve the old draft and retire pending previews (2.711ms)
✔ newest selected format wins across slow draft-to-deck and deck-to-draft reads (1.6868ms)
✔ explicit Keep current draft clears staged replacement and restores the open control focus (0.8594ms)
✔ opening another chooser invalidates its old preview even when the chooser is cancelled (0.8585ms)
✔ a newer valid choice wins over an earlier slow success or failure (1.5997ms)
✔ cancelled or empty file selection prevents a late read from reopening a preview (1.0408ms)
✔ invalid newer files invalidate an earlier pending or staged valid deck (1.1543ms)
✔ undo restores all writing while clearing only references to deliberately removed concepts (3.0351ms)
✔ undo retains known selections and even unfinished self links while removing a missing prerequisite (1.5567ms)
✔ blank editor requires authored metadata and a deliberate answer (3.5431ms)
✔ opening a validated lesson makes an independent editable draft and preserves IDs and literals (0.9763ms)
✔ correctness follows an option when moved or when a preceding option is removed (0.8351ms)
✔ option limits refuse without deleting text or changing the answer (0.664ms)
✔ concept renaming updates question and prerequisite references while used deletion is refused (0.5304ms)
✔ cycles, uncovered concepts and duplicate answer text remain repairable drafts (0.6867ms)
✔ question reordering and undo restore the removed question without rolling back later edits (1.7672ms)
✔ new question IDs do not overwrite IDs from an opened deck (0.3598ms)
✔ checked snapshots are immutable, deterministic, and separate from later draft edits (0.9475ms)
✔ individually valid multibyte content cannot export a file larger than the importer admits (14.281ms)
✔ download filenames are bounded local names (0.3434ms)
✔ the existing bundled deck imports unchanged without a format field (3.1327ms)
✔ a deck is an immutable copy, and unknown fields cannot configure the runtime (0.9209ms)
✔ malformed JSON, unsupported versions and wrong top-level values give actionable errors (0.4158ms)
✔ JSON byte limit counts multibyte text and accepts the exact boundary (2.1301ms)
✔ required readable metadata and bounded question fields are validated (0.76ms)
✔ empty and oversized collections and duplicate identities are refused (0.6092ms)
✔ every question and prerequisite must name a known covered concept (1.4288ms)
✔ self-requirements and concept cycles across different questions are refused (0.4673ms)
✔ choices require distinct readable options and an actual integer answer index (0.6566ms)
✔ 100 questions and 32 concepts work through the existing selector to exhaustion (198.3237ms)
✔ imported answer indices, literal text and object-key names survive learning and practice (0.7039ms)
✔ downloadable example round-trips through the import contract with full attribution (0.3723ms)
✔ the exact original course is bounded, admitted, balanced and round-trippable (3.5229ms)
▶ every stated answer follows the literal graph, with one correct option
  ✔ dg-links-1 (0.4961ms)
  ✔ dg-links-2 (0.5557ms)
  ✔ dg-links-3 (0.5553ms)
  ✔ dg-reach-1 (1.1005ms)
  ✔ dg-reach-2 (1.067ms)
  ✔ dg-reach-3 (0.2239ms)
  ✔ dg-order-1 (0.2805ms)
  ✔ dg-order-2 (0.3253ms)
  ✔ dg-order-3 (0.4476ms)
  ✔ dg-update-1 (0.5867ms)
  ✔ dg-update-2 (0.3244ms)
  ✔ dg-update-3 (0.4311ms)
✔ every stated answer follows the literal graph, with one correct option (10.591ms)
✔ structurally valid changed content exposes graph reversal and blocked-descendant mistakes (5.4489ms)
✔ the real selector, review, practice, notes and trace consumer preserve this course (23.7374ms)
✔ literal input preserves case, Unicode and prototype-like names (3.7866ms)
✔ bounded input rejects ambiguity, duplicate arrows and unknown names (2.3488ms)
✔ the graph model copies and freezes input instead of sharing mutable arrays (1.3979ms)
✔ completion requires every prerequisite and never permits a repeated job (1.5919ms)
✔ undo and reset retain the graph and earlier completion order (1.2888ms)
✔ a downstream blocked job is not mislabeled as part of a cycle (1.0354ms)
✔ separate strongly connected groups, a self-loop and their descendants stay distinct (0.5207ms)
✔ reachability follows direction and counts positive-length paths (0.7007ms)
✔ order enumeration extends the exact prefix and reports a cap only when exceeded (0.8245ms)
✔ eight independent jobs produce bounded, stable complete orders (0.6151ms)
✔ the standalone build and original course download retain exact source text (5.5087ms)
✔ the builder escapes source text for HTML while recovering the original UTF-8 string (2.8955ms)
✔ unsupported module changes and missing or duplicated build markers fail explicitly (84.0054ms)
✔ timing exports the admitted API and preserves every tied critical branch (8.165ms)
✔ all three-job DAGs and binary duration vectors match enumerated maximal paths (62.8434ms)
✔ zero milestones and disconnected jobs use the global project deadline (1.0414ms)
✔ eight-job bounds retain exact integer arithmetic and all tight zero branches (6.3198ms)
✔ cyclic projects retain separate SCC, blocked-descendant and ready-job explanations (0.7504ms)
✔ duration records are complete, exact-own-key, strict integer inputs even for cycles (2.6648ms)
✔ literal Unicode and prototype-like job names preserve exact identities and order (0.9545ms)
✔ graph refusal remains delegated to the unchanged original admission contract (0.3598ms)
✔ returned timing is detached and deeply frozen without freezing caller input (1.5335ms)
✔ duration admission refuses accessors without executing getters or coercion (3.3652ms)
✔ the checked-in timing page exactly matches the native builder output (10.1174ms)
✔ original lesson imports and round-trips through the unchanged deck contract (3.364ms)
✔ worked course examples obey the declared sign, normalization and omissions (1.9167ms)
✔ generated offline page is current, compiles and embeds the exact admitted deck (9.175ms)
✔ build check detects stale artifacts and invalid course input in a private fixture (750.0495ms)
✔ decimal/scientific parser accepts mixed separators without evaluating expressions (2.4609ms)
✔ admission refuses sparse, nonnumeric and unsupported arrays (3.001ms)
✔ real-input transform is linear and inverse round-trips an asymmetric grid (2.6187ms)
✔ interior selection preserves the conjugate pair and acts as a projection (0.4645ms)
✔ empty selection is explicit zero synthesis, not select-all (0.4259ms)
✔ phase resolution is declared without clamping complex coefficients (0.3491ms)
✔ records copy caller inputs and serialize only regenerated portable calculations (1.0441ms)
✔ the committed standalone page exactly matches its native source builder (7.073ms)
✔ the actual embedded course text retains the qualified twelve-question identity byte for byte (7.3625ms)
✔ the fixed uninhibited enzyme reproduces the existing course example (6.2862ms)
✔ one independently worked comparison distinguishes rate, fraction and apparent parameters (0.4367ms)
✔ zero substrate yields zero rates and undefined fractions, including with zero inhibitor (0.4305ms)
✔ zero inhibitor makes all cases coincide; each Km locates its own half limiting rate (0.4831ms)
✔ adding substrate reduces competitive fractional loss while the pure special case stays proportional (0.2366ms)
✔ a deterministic domain grid preserves saturation, ordering and fixed baseline parameters (0.6931ms)
✔ invalid or coerced inputs and incomplete text never silently reuse a prior comparison (1.5418ms)
✔ snapshots are independent and the sampled curve includes exact endpoints and course points (4.21ms)
✔ CSV exports the current point, complete sample grid, units and explicit undefined cells (4.6383ms)
✔ positive subnormal substrate retains analytic fractions instead of a quotient of quantized rates (1.7036ms)
✔ the original twelve-question course enters the unchanged deck contract with all four concepts (1.3683ms)
✔ a complete adaptive session retains two first misses while separate practice and notes use this course (21.0294ms)
✔ a fully correct course still yields complete review and notes without invented retries (1.823ms)
✔ the committed direct-file explorer matches its exact modular inputs (142.7479ms)
✔ decimal-text inputs normalize whitespace and leading zeros without number coercion (2.342ms)
✔ ambiguous, out-of-range and nontext inputs are refused before computation (2.1218ms)
✔ the original ordered pair produces the exact worked four-division trace (0.5967ms)
✔ smaller-first inputs retain their real quotient-zero first division (0.3706ms)
✔ zero, equal and exactly divisible pairs have their actual division counts (0.3343ms)
✔ all 6,561 pairs from zero through eighty agree with common-divisor enumeration (92.4784ms)
✔ boundary and long-chain pairs agree with a separate binary-gcd oracle (17.6747ms)
✔ the saved trace is exact JSON with decimal integer strings and independent frozen results (0.9533ms)
✔ the original course imports through the unchanged learner contract and round trips (3.272ms)
✔ the course explicitly teaches the hand-calculated update, multiplier and strict boundary (0.295ms)
✔ the generated explorer contains the exact course bytes and current model source (155.7197ms)
✔ the default rule follows a hand-calculated update and approaches 2/3, not r=1 (4.9695ms)
✔ two starts obey the signed geometric separation and cancel common forcing (0.3735ms)
✔ q=0 reaches the same unique fixed point after one update (0.3069ms)
✔ boundary cases distinguish persistent separation, drift and repeating deviations (0.4805ms)
✔ an exact equilibrium can stay flat while a nearby start grows (0.3226ms)
✔ constant input and reference move the fixed point without changing q (0.2891ms)
✔ the admitted longest extreme trajectories remain finite and follow a closed form (3.0685ms)
✔ validation rejects unbounded, fractional, empty and nonnumeric settings without changing the input (0.7807ms)
✔ terminal CSV fields mean N updates and N+1 states; settings survive every row (0.7526ms)
✔ finite-precision subtraction remains distinct from the analytical separation (0.3244ms)
✔ the original twelve-question course satisfies the current public deck contract (2.6906ms)
✔ course answer identities agree with separately specified arithmetic and conventions (0.9183ms)
✔ the actual adaptive, review, retry, and study-note consumers receive all course content (31.192ms)
✔ the direct-file lab is an exact build with the original downloadable course bytes (2.6848ms)
✔ full signed convolution retains cancellation and the final product (14.9242ms)
✔ each selected index exposes reversed kernel indices and outside-list zeros (0.6523ms)
✔ convolution is distinguished from the declared zero-lag correlation (0.308ms)
✔ impulses preserve origin, delays, and the declared full zero padding (0.2298ms)
✔ averaging and differencing include both finite boundaries (0.2115ms)
✔ fixed-kernel superposition and operand exchange hold on distinct signed cases (0.3358ms)
✔ four-place inputs preserve eight-place signed products and exact cancellation (0.3498ms)
✔ the maximum admitted lists retain 47 finite outputs and the exact peak (0.4335ms)
✔ text admission keeps literal values and refuses ambiguous or out-of-domain input (1.157ms)
✔ direct numerical callers cannot admit holes, non-numbers, extra precision, or invalid indices (1.0167ms)
✔ a recorded calculation owns immutable inputs, outputs, and per-index terms (0.9228ms)
✔ standalone artifact exactly matches sources and contains a valid offline script (5.1409ms)
✔ course survives the existing validator and editable-format round trip (1.5446ms)
✔ literal markup and Unicode in admitted course content cannot close the generated script (176.6777ms)
✔ check mode reports stale output without replacing a retained artifact (261.9958ms)
✔ unexpected UI dependency refuses the build before overwriting its artifact (278.6421ms)
▶ direct entry paths run the same check, refusal and rebuild commands
  ✔ canonical (349.665ms)
  ✔ directory alias (261.0235ms)
  ✔ file alias (226.5325ms)
✔ direct entry paths run the same check, refusal and rebuild commands (838.1426ms)
✔ ordinary imports and missing caller entries do not execute the CLI (126.404ms)
✔ fictional reversal retains denominators and uses common weights only for reference (5.3194ms)
✔ ties and conflicting subgroup directions are not a strict reversal (0.6807ms)
✔ empty cells remain unavailable unless their reference weight is exactly zero (0.4632ms)
✔ an entirely empty option has no pooled rate or inferred group mix (0.2464ms)
✔ invalid numeric inputs are refused without truncation or coercion (1.3551ms)
✔ native count entry distinguishes blank and invalid text from zero (25.2024ms)
✔ a strict difference too small for percentage display is not declared equal (0.3629ms)
✔ label and group transformations preserve the intended descriptive quantities (1.7134ms)
✔ shared weights preserve both strict subgroup advantages at every permitted mix (8.2948ms)
✔ download contains exact inputs, unavailable values and deterministic recomputable fractions (1.0205ms)
✔ signed homes, exact admission and canonical copies (3.8468ms)
✔ search crosses a tombstone and insertion reuses it only after absence proof (0.7712ms)
✔ a tombstone before an existing key does not create a duplicate (0.5468ms)
✔ wraparound, full refusal, duplicate success and full-cycle tombstone reuse (0.4885ms)
✔ probe frames observe the pre-state; only a result frame applies changes (0.5916ms)
✔ the original course passes the existing importer and preserves its permission (19.374ms)
✔ standalone page is reproducible and embeds the exact downloadable deck text (154.4618ms)
✔ BKT probabilities stay bounded across repeated evidence (7.2744ms)
✔ correct evidence raises and incorrect evidence lowers posterior for interior prior (0.1942ms)
✔ parameter validation rejects impossible probabilities (0.547ms)
✔ entropy and information gain have expected bounds and peak near uncertainty (1.2853ms)
✔ selector prioritizes a weak prerequisite and is stable after exhaustion (0.4112ms)
✔ initial mastery creates independent named concept values (0.9208ms)
✔ scripted learner simulation is deterministic, bounded, and distinguishes selector modes (0.7838ms)
✔ written scalars retain exact decimal/fraction intent and bounded admission (3.099ms)
✔ noisy example has exact coefficients, each residual, and the minimum identity (1.5623ms)
✔ changing the middle point changes the intercept and flips residuals without inventing zero SSE (0.3983ms)
✔ all authored examples have independently worked exact outcomes (4.2777ms)
✔ all-equal x determines the shared fitted value and minimum, not arbitrary coefficients (0.786ms)
✔ ordinary repeated x and duplicate points count as rows; constant y is a valid unique horizontal fit (0.5542ms)
✔ translation, x-unit change and row permutation preserve the appropriate exact quantities (0.5469ms)
✔ extreme admitted geometry produces copyable exact coefficients without display rounding (0.5979ms)
✔ prediction location uses exact rational comparison at both endpoints (0.5563ms)
✔ zero signed error alone does not minimize the squared criterion (0.3661ms)
✔ bounded changed-input corpus satisfies normal equations and direct numerical score comparison (20.0307ms)
✔ invalid inputs refuse without mutating caller rows or leaving a writable result (0.8213ms)
✔ the emitted course uses the real learner format and retains all original worked items (32.7431ms)
✔ the standalone artifact embeds exact course and guide bytes with no unresolved module dependency (5.337ms)
✔ mixed partial save preserves exact native prefix, next item, option orders and uninterrupted continuation (20.3321ms)
✔ a started lesson with no answers restores the first native question and all initial estimates (1.723ms)
✔ feedback retains the last chosen option while Next remains the next unanswered question (2.4243ms)
✔ complete sessions remain in the existing trace format, including its separate practice state (3.2966ms)
✔ course content and array order are bound; harmless JSON object key order is accepted (7.1528ms)
✔ model identity and every BKT parameter must match the native model (2.8828ms)
✔ first answers must form the actual native adaptive prefix with canonical option indices (6.3328ms)
✔ mastery is replayed at full precision and never accepted from rounded or altered values (4.9195ms)
✔ question, feedback and complete per-item permutations are checked before restoration (18.6108ms)
✔ successful and refused reads leave caller state untouched and return deeply immutable independent copies (2.4727ms)
✔ the JSON boundary rejects malformed, unsupported, deep and oversized files with a UTF-8 byte limit (54.6183ms)
✔ save times are canonical UTC values and invalid save inputs cannot mutate a session (3.3417ms)
✔ ordinary course identifiers that match object prototype names survive without shared object mutation (1.4731ms)
✔ original v1 fixture bytes are unchanged from the pre-repair native witness (2.4389ms)
✖ fresh default selection keeps its native de locale order (152.6428ms)
✖ fresh default selection keeps its native sv locale order (176.0242ms)
✖ unchanged original unicode-de v1 archive restores in de (130.4137ms)
✖ unchanged original unicode-de v1 archive restores in sv (194.0542ms)
✖ unchanged original unicode-sv v1 archive restores in de (72.2265ms)
✖ unchanged original unicode-sv v1 archive restores in sv (65.7941ms)
✖ unchanged original ascii-de v1 archive restores in de (55.0857ms)
✖ unchanged original ascii-de v1 archive restores in sv (55.0029ms)
✖ unchanged original ascii-sv v1 archive restores in de (52.7525ms)
✖ unchanged original ascii-sv v1 archive restores in sv (53.4562ms)
✖ zero-answer question keeps its recorded tie from de to sv (50.7955ms)
✖ feedback preserves the original answer from de to sv (53.0535ms)
✖ a pending tie after a shared first answer survives de to sv (52.6042ms)
✖ zero-answer question keeps its recorded tie from sv to de (45.0756ms)
✖ feedback preserves the original answer from sv to de (46.2926ms)
✖ a pending tie after a shared first answer survives sv to de (45.5403ms)
✔ an optional recorded ID may choose either exact maximum tie (7.3277ms)
✔ absent, unknown, already-asked and exhausted preferences keep native behavior (0.1678ms)
✔ a recorded preference cannot override a strictly better prerequisite-repair score (0.1446ms)
✔ a recorded preference cannot turn a near but unequal information gain into a tie (0.1845ms)
✔ archive replay refuses a lower-scoring first answer with otherwise exact recomputed mastery (1.7191ms)
✔ archive replay refuses a lower-scoring zero-answer pending question (0.2812ms)
✔ the original fourteen-question course passes the real bounded importer and reviewed key (23.3497ms)
✔ integer percentages reject malformed input instead of parsing a numeric prefix (0.9116ms)
✔ matrix and initial admission reject shape, type, sparse values and wrong totals (0.867ms)
✔ every preset and independent custom system agree with exact rational weights through step 30 (7.2098ms)
✔ mixing has the original worked values and an independent closed-form solution (1.078ms)
✔ alternation is periodic while its stationary distribution remains fixed (0.7669ms)
✔ absorbing and two-closed-state systems preserve reachability and initial dependence (1.077ms)
✔ step zero, bounds, copied inputs and deep immutability keep an observation coherent (0.5268ms)
✔ observation export binds applied inputs, selected step and full computed precision (1.8856ms)
✔ the direct-open explorer contains exact course bytes and matches the maintained builder (186.0367ms)
Independent arithmetic cases: 1458; finite rows received: 14580
✔ six worked examples distinguish base, step and finite evidence (4.2829ms)
✔ independent finite sums and differences receive 1458 bounded exact certificates (116.005ms)
✔ coefficient extremes and denominator bounds preserve exact arithmetic (1.1011ms)
✔ equivalent rational representation and zero denominator refusal (0.6442ms)
✔ strict admission rejects malformed, missing, fractional and out-of-range inputs (0.9506ms)
✔ accepted inputs and every exported record branch are immutable (0.5151ms)
✔ course uses unchanged native deck contract and frozen independent question wording (16.7551ms)
✔ the original course is admitted by the existing deck contract with all four concepts covered (2.5752ms)
✔ answer positions are balanced and no correct option is uniquely the longest (0.4293ms)
✔ each numerical answer uses the stated correction sign, denominator or independence assumption (0.5205ms)
✔ standalone artifact is deterministic, preserves the exact deck bytes and contains executable classic scripts (5.7482ms)
✔ worked four-reading budget distinguishes raw mean, correction, sample scatter and mean uncertainty (2.8803ms)
✔ a shared additive correction shifts the estimate without changing either uncertainty component (0.3376ms)
✔ identical readings retain a nonzero shared component and are not rejected for numerical repetition (0.264ms)
✔ future independent sample sizes hold shared calibration fixed while repeatability shrinks by square root (0.3588ms)
✔ shared covariance gives the same calibration contribution for a mean of any sample size (0.2723ms)
✔ compensated raw means preserve small residuals after large opposing readings cancel (0.2484ms)
✔ centered scatter remains meaningful for a large shared offset and at supported extremes (0.2534ms)
✔ reordering observations preserves the summary but does not assert statistical independence (0.9684ms)
✔ input parsing keeps every observation and refuses malformed or missing comma fields (1.2928ms)
✔ supported magnitude and nonnegative half-width boundaries are explicit (0.6157ms)
✔ public calculations reject missing observations and invalid forecast counts (0.4275ms)
✔ calculation snapshots do not mutate caller arrays or change after later edits (0.2043ms)
✔ the original twelve-item course has native schema, prerequisite closure and exact export/reopen (2.5915ms)
✔ correct course answers complete the actual selector, separate practice and literal study notes (28.3834ms)
✔ mixed course answers complete the actual selector, separate practice and literal study notes (1.2346ms)
✔ missed course answers complete the actual selector, separate practice and literal study notes (0.9534ms)
✔ the direct-open artifact is deterministic and embeds the exact validated course text (3.1578ms)
✔ CLI check through a symlink refuses stale output and accepts the exact current artifact (353.0097ms)
✔ gametes carry one allele per locus and preserve equal segregation (2.3199ms)
✔ Aa × Aa keeps both heterozygote routes and distinguishes genotype from phenotype (2.2443ms)
✔ test crosses and complementary homozygotes have their own outcomes (0.6127ms)
✔ the sixteen-route cross gives nine genotypes and 9:3:3:1 only under its stated assumptions (0.5023ms)
✔ asymmetric AABb × Aabb derives the course answer without a memorized ratio (0.4288ms)
✔ all 90 bounded parent pairs agree with the allele-copy oracle, conserve probability and commute (17.3637ms)
✔ unsupported inputs cannot become a silently different cross (1.7927ms)
✔ a saved cross is a complete immutable record with explicit model boundaries (0.9702ms)
✔ original twelve-question course passes the unchanged learner codec and independent key (4.6722ms)
✔ worked unequal-mass event distinguishes the separating branch from unchanged motion (0.9538ms)
✔ equal or growing positive gaps do not receive hypothetical collision endpoints (0.3993ms)
✔ saved analysis recomputes accepted entered values and rejects extra physical claims (0.7508ms)
✔ committed standalone explorer reproduces exactly from the owned source inputs (168.8746ms)
✔ rerouting cancels one exact original edge and increases total flow (4.2697ms)
✔ all worked presets meet independent cuts and conservation (3.9393ms)
✔ opposite original edge and cancellation remain two residual options (0.5356ms)
✔ all 4096 directed unit-capacity four-vertex networks match exhaustive cuts (486.0697ms)
✔ seeded integer networks up to eight vertices match cut enumeration (246.4564ms)
✔ empty, direct, zero and irrelevant source/sink reverse edges (0.3132ms)
✔ input and every retained snapshot are detached and immutable (0.9472ms)
✔ structural and numeric refusals happen before solving (0.9559ms)
✔ text parsing and observation downloads preserve the applied inputs (1.7611ms)
✔ original course is accepted by the unchanged native deck validator (1.4308ms)
✔ the standalone explorer matches its exact maintained inputs (52.5031ms)
✔ Newton lesson is admitted by the actual learner with twelve complete original questions (2.7262ms)
✔ lesson numerical answers agree with independently written exact arithmetic (0.4159ms)
✔ worked guide retains exact examples and separates residual, root and bounded computation (0.2899ms)
✔ standalone page embeds byte-exact course and guide strings in one parseable script (1.8863ms)
✔ committed explorer is fresh according to the actual project builder (189.5639ms)
✔ builder rejects unsupported arguments without changing its artifact (112.6968ms)
✔ an affine tangent lands exactly on its root (9.9658ms)
✔ square-root steps retain exact residuals instead of rounded convergence (0.6446ms)
✔ a nonroot horizontal tangent stops without fabricating a step (0.219ms)
✔ an exact initial root wins over a zero derivative (0.2072ms)
✔ constant functions retain their distinct meanings (0.3585ms)
✔ the cubic 0 to 1 to 0 cycle is detected exactly (1.4911ms)
✔ a repeated root approaches without being declared equal (0.3486ms)
✔ a cubic can land on an exact root in one genuine step (0.1969ms)
✔ multiplying a polynomial by a nonzero constant preserves its tangent intercepts (0.4886ms)
✔ opposite initial signs can approach different roots (1.2197ms)
✔ finite decimal and fraction inputs are parsed as exact rationals (0.3438ms)
✔ input bounds refuse partial parsing, coercion and unreasonable requests (0.8903ms)
✔ the bounded arithmetic stop keeps only complete steps (44.8691ms)
✔ drawing an enormous numerator and denominator does not produce Infinity over Infinity (0.3794ms)
✔ input objects stay unchanged and each run is independent (0.3982ms)
✔ polynomial labels and all presets describe admissible independent experiments (1.4703ms)
✔ small dyadic arithmetic keeps exact operand and result values (2.4693ms)
✔ decimal sum retains exact conversion and operation contributions (0.442ms)
✔ conversion can erase a difference while subtraction itself is exact (0.3331ms)
✔ operation rounding can lose an exact integer step (0.3096ms)
✔ nonzero signed contributions can cancel at an exactly represented result (0.3711ms)
✔ individual exact integers outside the safe interval are kept distinct from the API guarantee (2.7512ms)
✔ signs, exact raw strings and negative zero remain explicit (0.6137ms)
✔ the declared decimal input bounds admit edges and refuse other syntax (2.4642ms)
✔ worked records are complete, deterministic and deeply immutable (2.7727ms)
✔ the original lesson passes the unchanged native deck contract with exact export parity (33.5554ms)
✔ language-specific worked examples agree with actual native Number and BigInt operations (0.3344ms)
✔ the directly openable explorer is an exact build of its native inputs (150.8012ms)
✔ embedded lesson download preserves exact source bytes (8.8013ms)
✔ the original phasor course meets the complete native deck contract (3.1045ms)
✔ the unchanged native selector reaches every imported item with bounded mastery estimates (16.2633ms)
✔ course answer identities agree with the separately solved blind receiving key (0.3976ms)
✔ the 3 + 4i example has amplitude five and the independently derived cosine projections (4.6844ms)
✔ admission refuses omitted, blank, nonfinite, coerced and out-of-range settings (6.2808ms)
✔ equal opposite waves cancel exactly at arbitrary common rotations and both half-turn signs (2.5075ms)
✔ zero input and one absent component have distinct well-defined amplitude behavior (0.5982ms)
✔ a small real residual is retained instead of being relabeled exact cancellation (1.8337ms)
✔ common rotation preserves magnitude and cycle average while moving the real projection (0.5943ms)
✔ principal phase respects the branch cut and zero never acquires a fabricated angle (0.967ms)
✔ independent real-signal equations, amplitude law and full-cycle numerical averages agree (75.0627ms)
✔ changing frequency changes seconds but keeps every fixed-cycle signal value (0.8141ms)
✔ cursor changes select a point without rewriting the two-cycle trace (0.835ms)
✔ a snapshot copies inputs and freezes all nested numerical results (0.4394ms)
✔ JSON exports the checked snapshot, explicit assumptions and undefined zero phase as null (2.2891ms)
✔ CSV preserves all 129 full-precision samples and all six experiment settings (1.9808ms)
✔ display formatting retains zero sign policy and small nonzero values (0.137ms)
✔ constant rate accumulates with units and negative rate retains direction (3.2773ms)
✔ out-and-back prefixes retain signed and absolute accumulation separately (1.2085ms)
✔ an interior zero is split before distance accumulation (2.3307ms)
✔ a non-grid zero retains exact rational area (0.3768ms)
✔ zero duration, complete rest and touching zero are distinct (0.571ms)
✔ acceleration records corners, straight inserted knots and one-sided boundaries (1.0603ms)
✔ covered segment rows agree with manually worked rest and cruise prefixes (1.1262ms)
✔ sign reversal negates signed values but preserves distance over many prefixes (34.3077ms)
✔ all declared edges are admitted and all invalid inputs are refused before a result (1.4397ms)
✔ records are immutable, deterministic and retain complete authored input (0.9038ms)
✔ the original course passes unchanged deck admission and balanced answer positions (33.8176ms)
✔ standalone parity and embedded exact course/guide bytes (113.0521ms)
✔ circuit admission copies the four finite values and normalizes negative zero (2.4323ms)
✔ invalid records, nonfinite values and values outside each bound are refused (1.0486ms)
✔ text input accepts explicit decimals and exponent notation without empty coercion (0.5236ms)
✔ initial capacitor voltage is continuous and initial current uses the signed gap (0.1906ms)
✔ discharge, reversed steps and a precharged source preserve current and power signs (0.3414ms)
✔ equilibrium retains stored energy while all transfers vanish (0.2275ms)
✔ resistance and capacitance scaling distinguish physical time from normalized time (0.2517ms)
✔ finite five-tau and eight-tau results retain a nonzero gap (0.208ms)
✔ tiny positive time retains a finite change and signed energy balance (1.5801ms)
✔ the trace is a frozen 161-sample applied snapshot including both endpoints (2.2742ms)
✔ observation JSON keeps applied inputs, SI units and full-precision selected results (4.0315ms)
✔ the original course validates in the unchanged parser with balanced concept coverage (2.2433ms)
✔ the checked-in standalone lab matches its sources and preserves both download payloads (6.3344ms)
✔ the twelve-question course is an exact native importer/serializer round trip (4.2373ms)
✔ base cases and the unreachable countdown use their declared inputs (0.3512ms)
✔ waiting-parent, completion-order and second-child answers preserve unfinished work (0.205ms)
✔ chain and branching call counts agree with independent products and binomial sums (0.2316ms)
✔ fresh-cache answers account for every invocation and preserve a stored zero (0.3241ms)
✔ every numeric Fibonacci guide row matches the separate reference (0.3532ms)
✔ the existing author conversion can reopen and check every content field without loss (1.3654ms)
✔ actual selection, review, practice and study notes retain the imported answer identity (20.3107ms)
✔ a damaged late answer or an explorer trace format is refused by the unmodified importer (2.8376ms)
✔ all 33 bounded runs agree with independent numeric and invocation-count oracles (69.1237ms)
✔ every prefix preserves stack identity, parent ownership, monotone counters, and exact return delivery (25.8146ms)
✔ factorial unwinds in actual return order and retains each multiplication until its child returns (0.5125ms)
✔ Fibonacci completes the left child first and preserves it across the right branch (0.474ms)
✔ memoization starts empty, caches bases, counts cache-hit frames, and never shares a previous run (1.4715ms)
✔ inspection is reversible, immutable, and exported cursor binds the exact displayed state (7.6084ms)
✔ invalid and ambiguous input is refused before tracing (0.7024ms)
✔ checked-in direct-file page reproduces exactly and contains no runtime module imports (172.3248ms)
✔ question identity survives reordered review, edits and clearing without changing earlier notes (1.9049ms)
✔ application writing is separate and a fresh session starts with every field empty (1.018ms)
✔ unknown or duplicate question identities and non-text edits are refused (0.3475ms)
✔ actual study notes bind writing to questions while retaining native review, estimates and a paused retry (2.9972ms)
✔ actual export uses the most recent edit and represents cleared fields as unwritten (1.232ms)
✔ export refuses missing, duplicate or foreign notebook identities instead of attaching notes by position (1.3664ms)
✔ study notes retain the displayed imported-course application prompt without changing notebook or first-session data (0.597ms)
✔ a notebook export refuses a missing or non-text displayed application prompt (0.4636ms)
✔ review preserves session order and the actual chosen answer (2.7361ms)
✔ review is an immutable snapshot independent of mutable input arrays (6.9691ms)
✔ a review rejects unknown, duplicate, or invalid first answers (0.3925ms)
✔ practice includes only initially missed questions in first-attempt order (0.3715ms)
✔ correct and incorrect retries remain separate from the immutable original trace (0.486ms)
✔ practice resumes at the next unanswered question and refuses duplicate or out-of-order writes (0.4176ms)
✔ an all-correct or empty review has no practice question (0.2827ms)
✔ the original course survives native validation and serialization with complete connected content (3.2676ms)
✔ native item selection reaches all twelve questions and can prioritize the weak sample clock (17.2056ms)
✔ answer text matches independently stated calculations and explicit sampling assumptions (0.3952ms)
✔ each supported sample clock uses inclusive endpoints and an actually different matching cosine (16.7736ms)
✔ DC, reflected aliases, the half-rate and input limits preserve their distinct meaning (0.274ms)
✔ invalid numerical input is refused and snapshots cannot be changed after observation (0.8341ms)
✔ CSV carries full precision and current parameter identity, ignoring supplied forged sample rows (1.3031ms)
✔ notes retain the actual first choices, session order, corrections, transfers, and attribution (6.8703ms)
✔ paused and completed retries cannot replace the first answers or alter the model (1.056ms)
✔ unstarted, zero-answer paused, and all-correct sessions have honest practice labels (1.4954ms)
✔ incomplete, duplicate, legacy choice-less or malformed traces are refused rather than fabricated (1.3064ms)
✔ plain-text output preserves Unicode and literal markup without creating executable content (1.2085ms)
✔ the original five-vertex example has the hand-calculated settling order and cost-7 route (3.3384ms)
✔ target discovery remains tentative; the cheaper route is final only on target settlement (0.4909ms)
✔ zero weights and equal routes preserve the stated alphabetical and first-predecessor policies (1.8264ms)
✔ all preset source/target pairs agree with exhaustive simple paths, including reverse direction (2.6731ms)
✔ 80 deterministic bounded graphs agree with a simple-path oracle for every source (48.7924ms)
✔ invalid graphs are refused before a runnable state exists (3.1635ms)
✔ run, graph, presets and trace snapshots cannot be changed by later edits (0.6695ms)
✔ the original twelve-question course is valid, canonical and has balanced answer positions (1.2812ms)
✔ existing knowledge, review, practice and notes contracts accept the new deck without changing the app (29.421ms)
✔ the original twelve-item SQL course uses the published import contract without changing its native meaning (4.2998ms)
✖ actual SQLite regenerates all twenty-two saved queries and their exact course/default bindings (155.3805ms)
✔ native adaptive selection, shuffled choices, review, practice and notes preserve all twelve SQL questions (13.6732ms)
✔ a changed answer or invalid query refuses the build and preserves both saved artifacts (315.5783ms)
✔ a stale generated explorer fails --check without silently replacing the changed file (92.6313ms)
✔ original course fits the existing deck contract with all four concepts represented (3.1278ms)
✔ authored answer keys retain the independently worked quantities and conceptual distinctions (0.3719ms)
✔ course completes native selection, correct first answers, review, retry and study notes (25.6005ms)
✔ course completes native selection, mixed first answers, review, retry and study notes (1.4383ms)
✔ course completes native selection, missed first answers, review, retry and study notes (1.5163ms)
✔ generated direct-open artifact has exact build parity and embeds the qualified course (112.228ms)
✔ standalone rendering keeps embedded source and course text inside their script elements (0.4314ms)
✔ water: 6 / 2 mol → second (1.9344ms)
✔ water: 2 / 2 mol → first (0.1715ms)
✔ water: 4 / 2 mol → matched (0.1511ms)
✔ water: 0 / 5 mol → no-product (0.1559ms)
✔ water: 5 / 0 mol → no-product (0.1774ms)
✔ water: 0 / 0 mol → no-product (0.1207ms)
✔ ammonia: 2 / 3 mol → second (0.1593ms)
✔ ammonia: 1 / 2.4 mol → second (0.1817ms)
✔ ammonia: 2 / 4.8 mol → second (0.1866ms)
✔ ammonia: 0.1 / 0.3 mol → matched (0.244ms)
✔ ammonia: 0.001 / 0.001 mol → second (0.1349ms)
✔ ammonia: 0.001 / 0.003 mol → matched (1.4143ms)
✔ ammonia: 0.001 / 0.004 mol → first (0.163ms)
✔ magnesium: 1.5 / 1 mol → first (0.1006ms)
✔ magnesium: 1 / 0.499 mol → second (0.1041ms)
✔ magnesium: 1 / 0.5 mol → matched (0.1601ms)
✔ magnesium: 1 / 0.501 mol → first (0.0986ms)
✔ water: 1000 / 1000 mol → first (0.1019ms)
✔ authored equations use the declared species and conserve each element (1.3712ms)
✔ all admitted decimal spellings resolve to exact millimoles (0.144ms)
✔ invalid or ambiguous amount inputs are refused without numeric coercion (0.8824ms)
✔ positive amounts straddling an exact ratio are never classified using a floating tolerance (0.1467ms)
✔ start = used + left and atom inventory is conserved across a changed-input grid (5.1668ms)
✔ doubling both supplies doubles theoretical product and excess without changing the limiting identity (0.7738ms)
✔ reaction definitions and solved records are deeply immutable without changing caller inputs (0.3078ms)
✔ worked record carries this prediction, mole accounting and the explicit theoretical model (0.7527ms)
✔ completed first answers restore in their original adaptive order with exact, unrounded estimates (18.7627ms)
✔ unstarted, zero-answer, paused and complete practice remain distinct and can resume once (3.5267ms)
✔ all-correct and all-missed completed traces use canonical answer indices (1.975ms)
✔ incomplete, duplicate, unknown and out-of-range first answers are refused (7.308ms)
✔ a different course revision cannot replace the current deck; property order is immaterial (2.9537ms)
✔ changed model parameters, rounded estimates and incompatible versions are refused (4.787ms)
✔ practice replay refuses duplicate, reordered, correct-first and extra answers (3.9922ms)
✔ bounded parsing refuses invalid JSON and oversized UTF-8 before exposing state (3.5879ms)
✔ identical completed files inspect independently with no invented differences or chronology (8.6637ms)
✔ canonical joins preserve both orders, all correctness transitions and two different wrong answers (1.6689ms)
✔ changed question order alone is not an answer difference (1.1487ms)
✔ unstarted, pending, incorrect retry and correct retry remain separate from first answers (4.1032ms)
✔ the current raw bundled deck remains compatible without normalizing its archive identity (3.7997ms)
✔ object property ordering preserves identity while changed course content refuses the pair (3.2134ms)
✔ incomplete, malformed, changed-model and altered-estimate inputs keep the native refusals (5.6024ms)
✔ inspection validates bounded deck content before using an archived deck as context (6.0324ms)
✔ literal course content and prototype-looking IDs survive without mutable returned records (1.5703ms)
✔ independent concurrent file reads only publish their current pair (2.2118ms)
✔ a replacement retires the old pair immediately and a superseded read cannot overwrite it (3.3749ms)
✔ clearing a pending file or receiving its late failure cannot restore comparison state (1.9168ms)
✔ rejected or incompatible replacements clear paired output and permit ordinary recovery (7.1458ms)
✔ file admission refuses oversized metadata before reading and rejects malformed UTF-8 bytes (0.5996ms)
✔ cancelled selection preserves accepted files and the immutable paired snapshot (1.9908ms)
✔ the checked-in offline explorer contains the current source and exact admitted lesson (6.2966ms)
✔ linear conversions keep the quantity while changing the numerical value (3.4018ms)
✔ a prefix scales every powered dimension (0.6765ms)
✔ both numerator and denominator scales participate in rates and density (0.5159ms)
✔ derived units reduce to their stated m/kg/s powers (1.2557ms)
✔ cancellation retains scale even when the resulting dimension is one (0.3316ms)
✔ division is left-associative and parentheses change denominator grouping (0.2763ms)
✔ Unicode conveniences are explicit and whitespace is not multiplication (0.8287ms)
✔ zero does not make incompatible dimensions convertible (0.5637ms)
✔ repeating ratios remain exact and displayed rounding is explicit (0.4089ms)
✔ large entered integers and small decimal distinctions survive without Number conversion (0.4173ms)
✔ quantity parsing requires complete bounded decimal text (0.3234ms)
✔ the unit grammar rejects incomplete, excessive and unsupported expressions (0.6403ms)
✔ returned records are immutable JSON with exact rational strings (0.534ms)
✔ normalized expressions retain every grouping and remain valid within the input bound (0.9707ms)
✔ the downloadable course is the exact admitted course, without external dependencies (12.1746ms)
✔ rebuilding the embedded course preserves already current standalone bytes (112.2119ms)
✔ the course example retains a component and reconstructs the exact original (1.1445ms)
✔ the geometric line is unchanged by a positive or negative direction rescaling (0.3591ms)
✔ perpendicular, parallel, axis-aligned and zero-original cases remain defined (0.3296ms)
✔ malformed, missing, out-of-domain and zero direction values are refused (0.8631ms)
✔ calculation does not mutate or alias its input coordinates (0.9744ms)
✔ 2,000 independently checked geometries satisfy the projection characterization and plot bounds (22.4151ms)
✔ course has twelve original items, two per concept, with a balanced canonical answer key (2.3703ms)
✔ displacement subtracts the starting point, including its negative component (0.8141ms)
✔ sequential displacements combine componentwise and retain the same final point (0.307ms)
✔ Euclidean length is the square root of the sum of squared components (0.3374ms)
✔ the unit direction has length one and preserves the original orientation (0.3281ms)
✔ the two nonzero perpendicular vectors have zero dot product (1.1054ms)
✔ a unit-axis component retains the sign of the projected displacement (0.1986ms)
✔ the projection lies on the nonunit direction line and leaves an orthogonal residual (0.392ms)
✔ the requested residual reconstructs b as well as being perpendicular (0.2729ms)
✔ row dot products implement the stated column-vector matrix convention (0.3413ms)
✔ basis images retain the coefficients of the input linear combination (0.208ms)
✔ rotation before horizontal stretch differs from the reverse order (0.2637ms)
✔ the stated distinct inputs collide under the flattening map (0.2446ms)
✔ the authored greedy counterexample has the complete expected table and schedule (3.0859ms)
✔ a changed value recomputes the selected prefix and does not mutate the example (0.4369ms)
✔ touching endpoints are compatible and a positive overlap changes that decision (0.4705ms)
✔ backtracking from a smaller prefix can differ from the complete optimum (1.3702ms)
✔ equal alternatives keep the previous prefix under the declared stable order (0.4999ms)
✔ a predecessor row supplies its best prefix, not necessarily its own activity (0.248ms)
✔ empty and zero-valued inputs return a real empty optimum (6.0365ms)
✔ the admitted bounds and code-unit ID tie order are exact (0.562ms)
✔ invalid representable activity inputs are refused without changing supplied data (2.2232ms)
✔ results are detached from both admitted inputs and future solver calls (1.6302ms)
✔ the original twelve-question course is canonical and covers every concept (0.6133ms)
✔ the deck goes through the existing adaptive learner, review, practice and notes consumers (16.3423ms)
✔ the direct-file page matches the maintained builder and original deck download (70.8927ms)
ℹ tests 669
ℹ suites 0
ℹ pass 652
ℹ fail 17
ℹ cancelled 0
ℹ skipped 0
ℹ todo 0
ℹ duration_ms 2313.9973

✖ failing tests:

test at tests\lesson-locale.test.mjs:62:3
✖ fresh default selection keeps its native de locale order (152.6428ms)
  AssertionError [ERR_ASSERTION]: actual native ICU locale
      at native (file:///C:/Users/minec/hamon-newton-c77045b4/tests/lesson-locale.test.mjs:40:10)
      at TestContext.<anonymous> (file:///C:/Users/minec/hamon-newton-c77045b4/tests/lesson-locale.test.mjs:63:20)
      at Test.runInAsyncScope (node:async_hooks:227:14)
      at Test.run (node:internal/test_runner/test:1402:25)
      at Test.processPendingSubtests (node:internal/test_runner/test:974:18)
      at Test.postRun (node:internal/test_runner/test:1542:19)
      at Test.run (node:internal/test_runner/test:1467:12)
      at async startSubtestAfterBootstrap (node:internal/test_runner/harness:387:3) {
    generatedMessage: false,
    code: 'ERR_ASSERTION',
    actual: 'en-US',
    expected: /^de(?:-|$)/,
    operator: 'match',
    diff: 'simple'
  }

test at tests\lesson-locale.test.mjs:62:3
✖ fresh default selection keeps its native sv locale order (176.0242ms)
  AssertionError [ERR_ASSERTION]: actual native ICU locale
      at native (file:///C:/Users/minec/hamon-newton-c77045b4/tests/lesson-locale.test.mjs:40:10)
      at TestContext.<anonymous> (file:///C:/Users/minec/hamon-newton-c77045b4/tests/lesson-locale.test.mjs:63:20)
      at Test.runInAsyncScope (node:async_hooks:227:14)
      at Test.run (node:internal/test_runner/test:1402:25)
      at Test.processPendingSubtests (node:internal/test_runner/test:974:18)
      at Test.postRun (node:internal/test_runner/test:1542:19)
      at Test.run (node:internal/test_runner/test:1467:12)
      at async Test.processPendingSubtests (node:internal/test_runner/test:974:7) {
    generatedMessage: false,
    code: 'ERR_ASSERTION',
    actual: 'en-US',
    expected: /^sv(?:-|$)/,
    operator: 'match',
    diff: 'simple'
  }

test at tests\lesson-locale.test.mjs:72:5
✖ unchanged original unicode-de v1 archive restores in de (130.4137ms)
  AssertionError [ERR_ASSERTION]: actual native ICU locale
      at native (file:///C:/Users/minec/hamon-newton-c77045b4/tests/lesson-locale.test.mjs:40:10)
      at TestContext.<anonymous> (file:///C:/Users/minec/hamon-newton-c77045b4/tests/lesson-locale.test.mjs:73:22)
      at Test.runInAsyncScope (node:async_hooks:227:14)
      at Test.run (node:internal/test_runner/test:1402:25)
      at Test.processPendingSubtests (node:internal/test_runner/test:974:18)
      at Test.postRun (node:internal/test_runner/test:1542:19)
      at Test.run (node:internal/test_runner/test:1467:12)
      at async Test.processPendingSubtests (node:internal/test_runner/test:974:7) {
    generatedMessage: false,
    code: 'ERR_ASSERTION',
    actual: 'en-US',
    expected: /^de(?:-|$)/,
    operator: 'match',
    diff: 'simple'
  }

test at tests\lesson-locale.test.mjs:72:5
✖ unchanged original unicode-de v1 archive restores in sv (194.0542ms)
  AssertionError [ERR_ASSERTION]: actual native ICU locale
      at native (file:///C:/Users/minec/hamon-newton-c77045b4/tests/lesson-locale.test.mjs:40:10)
      at TestContext.<anonymous> (file:///C:/Users/minec/hamon-newton-c77045b4/tests/lesson-locale.test.mjs:73:22)
      at Test.runInAsyncScope (node:async_hooks:227:14)
      at Test.run (node:internal/test_runner/test:1402:25)
      at Test.processPendingSubtests (node:internal/test_runner/test:974:18)
      at Test.postRun (node:internal/test_runner/test:1542:19)
      at Test.run (node:internal/test_runner/test:1467:12)
      at async Test.processPendingSubtests (node:internal/test_runner/test:974:7) {
    generatedMessage: false,
    code: 'ERR_ASSERTION',
    actual: 'en-US',
    expected: /^sv(?:-|$)/,
    operator: 'match',
    diff: 'simple'
  }

test at tests\lesson-locale.test.mjs:72:5
✖ unchanged original unicode-sv v1 archive restores in de (72.2265ms)
  AssertionError [ERR_ASSERTION]: actual native ICU locale
      at native (file:///C:/Users/minec/hamon-newton-c77045b4/tests/lesson-locale.test.mjs:40:10)
      at TestContext.<anonymous> (file:///C:/Users/minec/hamon-newton-c77045b4/tests/lesson-locale.test.mjs:73:22)
      at Test.runInAsyncScope (node:async_hooks:227:14)
      at Test.run (node:internal/test_runner/test:1402:25)
      at Test.processPendingSubtests (node:internal/test_runner/test:974:18)
      at Test.postRun (node:internal/test_runner/test:1542:19)
      at Test.run (node:internal/test_runner/test:1467:12)
      at async Test.processPendingSubtests (node:internal/test_runner/test:974:7) {
    generatedMessage: false,
    code: 'ERR_ASSERTION',
    actual: 'en-US',
    expected: /^de(?:-|$)/,
    operator: 'match',
    diff: 'simple'
  }

test at tests\lesson-locale.test.mjs:72:5
✖ unchanged original unicode-sv v1 archive restores in sv (65.7941ms)
  AssertionError [ERR_ASSERTION]: actual native ICU locale
      at native (file:///C:/Users/minec/hamon-newton-c77045b4/tests/lesson-locale.test.mjs:40:10)
      at TestContext.<anonymous> (file:///C:/Users/minec/hamon-newton-c77045b4/tests/lesson-locale.test.mjs:73:22)
      at Test.runInAsyncScope (node:async_hooks:227:14)
      at Test.run (node:internal/test_runner/test:1402:25)
      at Test.processPendingSubtests (node:internal/test_runner/test:974:18)
      at Test.postRun (node:internal/test_runner/test:1542:19)
      at Test.run (node:internal/test_runner/test:1467:12)
      at async Test.processPendingSubtests (node:internal/test_runner/test:974:7) {
    generatedMessage: false,
    code: 'ERR_ASSERTION',
    actual: 'en-US',
    expected: /^sv(?:-|$)/,
    operator: 'match',
    diff: 'simple'
  }

test at tests\lesson-locale.test.mjs:72:5
✖ unchanged original ascii-de v1 archive restores in de (55.0857ms)
  AssertionError [ERR_ASSERTION]: actual native ICU locale
      at native (file:///C:/Users/minec/hamon-newton-c77045b4/tests/lesson-locale.test.mjs:40:10)
      at TestContext.<anonymous> (file:///C:/Users/minec/hamon-newton-c77045b4/tests/lesson-locale.test.mjs:73:22)
      at Test.runInAsyncScope (node:async_hooks:227:14)
      at Test.run (node:internal/test_runner/test:1402:25)
      at Test.processPendingSubtests (node:internal/test_runner/test:974:18)
      at Test.postRun (node:internal/test_runner/test:1542:19)
      at Test.run (node:internal/test_runner/test:1467:12)
      at async Test.processPendingSubtests (node:internal/test_runner/test:974:7) {
    generatedMessage: false,
    code: 'ERR_ASSERTION',
    actual: 'en-US',
    expected: /^de(?:-|$)/,
    operator: 'match',
    diff: 'simple'
  }

test at tests\lesson-locale.test.mjs:72:5
✖ unchanged original ascii-de v1 archive restores in sv (55.0029ms)
  AssertionError [ERR_ASSERTION]: actual native ICU locale
      at native (file:///C:/Users/minec/hamon-newton-c77045b4/tests/lesson-locale.test.mjs:40:10)
      at TestContext.<anonymous> (file:///C:/Users/minec/hamon-newton-c77045b4/tests/lesson-locale.test.mjs:73:22)
      at Test.runInAsyncScope (node:async_hooks:227:14)
      at Test.run (node:internal/test_runner/test:1402:25)
      at Test.processPendingSubtests (node:internal/test_runner/test:974:18)
      at Test.postRun (node:internal/test_runner/test:1542:19)
      at Test.run (node:internal/test_runner/test:1467:12)
      at async Test.processPendingSubtests (node:internal/test_runner/test:974:7) {
    generatedMessage: false,
    code: 'ERR_ASSERTION',
    actual: 'en-US',
    expected: /^sv(?:-|$)/,
    operator: 'match',
    diff: 'simple'
  }

test at tests\lesson-locale.test.mjs:72:5
✖ unchanged original ascii-sv v1 archive restores in de (52.7525ms)
  AssertionError [ERR_ASSERTION]: actual native ICU locale
      at native (file:///C:/Users/minec/hamon-newton-c77045b4/tests/lesson-locale.test.mjs:40:10)
      at TestContext.<anonymous> (file:///C:/Users/minec/hamon-newton-c77045b4/tests/lesson-locale.test.mjs:73:22)
      at Test.runInAsyncScope (node:async_hooks:227:14)
      at Test.run (node:internal/test_runner/test:1402:25)
      at Test.processPendingSubtests (node:internal/test_runner/test:974:18)
      at Test.postRun (node:internal/test_runner/test:1542:19)
      at Test.run (node:internal/test_runner/test:1467:12)
      at async Test.processPendingSubtests (node:internal/test_runner/test:974:7) {
    generatedMessage: false,
    code: 'ERR_ASSERTION',
    actual: 'en-US',
    expected: /^de(?:-|$)/,
    operator: 'match',
    diff: 'simple'
  }

test at tests\lesson-locale.test.mjs:72:5
✖ unchanged original ascii-sv v1 archive restores in sv (53.4562ms)
  AssertionError [ERR_ASSERTION]: actual native ICU locale
      at native (file:///C:/Users/minec/hamon-newton-c77045b4/tests/lesson-locale.test.mjs:40:10)
      at TestContext.<anonymous> (file:///C:/Users/minec/hamon-newton-c77045b4/tests/lesson-locale.test.mjs:73:22)
      at Test.runInAsyncScope (node:async_hooks:227:14)
      at Test.run (node:internal/test_runner/test:1402:25)
      at Test.processPendingSubtests (node:internal/test_runner/test:974:18)
      at Test.postRun (node:internal/test_runner/test:1542:19)
      at Test.run (node:internal/test_runner/test:1467:12)
      at async Test.processPendingSubtests (node:internal/test_runner/test:974:7) {
    generatedMessage: false,
    code: 'ERR_ASSERTION',
    actual: 'en-US',
    expected: /^sv(?:-|$)/,
    operator: 'match',
    diff: 'simple'
  }

test at tests\lesson-locale.test.mjs:82:3
✖ zero-answer question keeps its recorded tie from de to sv (50.7955ms)
  AssertionError [ERR_ASSERTION]: actual native ICU locale
      at native (file:///C:/Users/minec/hamon-newton-c77045b4/tests/lesson-locale.test.mjs:40:10)
      at TestContext.<anonymous> (file:///C:/Users/minec/hamon-newton-c77045b4/tests/lesson-locale.test.mjs:83:22)
      at Test.runInAsyncScope (node:async_hooks:227:14)
      at Test.run (node:internal/test_runner/test:1402:25)
      at Test.processPendingSubtests (node:internal/test_runner/test:974:18)
      at Test.postRun (node:internal/test_runner/test:1542:19)
      at Test.run (node:internal/test_runner/test:1467:12)
      at async Test.processPendingSubtests (node:internal/test_runner/test:974:7) {
    generatedMessage: false,
    code: 'ERR_ASSERTION',
    actual: 'en-US',
    expected: /^de(?:-|$)/,
    operator: 'match',
    diff: 'simple'
  }

test at tests\lesson-locale.test.mjs:89:3
✖ feedback preserves the original answer from de to sv (53.0535ms)
  AssertionError [ERR_ASSERTION]: actual native ICU locale
      at native (file:///C:/Users/minec/hamon-newton-c77045b4/tests/lesson-locale.test.mjs:40:10)
      at TestContext.<anonymous> (file:///C:/Users/minec/hamon-newton-c77045b4/tests/lesson-locale.test.mjs:90:22)
      at Test.runInAsyncScope (node:async_hooks:227:14)
      at Test.run (node:internal/test_runner/test:1402:25)
      at Test.processPendingSubtests (node:internal/test_runner/test:974:18)
      at Test.postRun (node:internal/test_runner/test:1542:19)
      at Test.run (node:internal/test_runner/test:1467:12)
      at async Test.processPendingSubtests (node:internal/test_runner/test:974:7) {
    generatedMessage: false,
    code: 'ERR_ASSERTION',
    actual: 'en-US',
    expected: /^de(?:-|$)/,
    operator: 'match',
    diff: 'simple'
  }

test at tests\lesson-locale.test.mjs:96:3
✖ a pending tie after a shared first answer survives de to sv (52.6042ms)
  AssertionError [ERR_ASSERTION]: actual native ICU locale
      at native (file:///C:/Users/minec/hamon-newton-c77045b4/tests/lesson-locale.test.mjs:40:10)
      at TestContext.<anonymous> (file:///C:/Users/minec/hamon-newton-c77045b4/tests/lesson-locale.test.mjs:97:22)
      at Test.runInAsyncScope (node:async_hooks:227:14)
      at Test.run (node:internal/test_runner/test:1402:25)
      at Test.processPendingSubtests (node:internal/test_runner/test:974:18)
      at Test.postRun (node:internal/test_runner/test:1542:19)
      at Test.run (node:internal/test_runner/test:1467:12)
      at async Test.processPendingSubtests (node:internal/test_runner/test:974:7) {
    generatedMessage: false,
    code: 'ERR_ASSERTION',
    actual: 'en-US',
    expected: /^de(?:-|$)/,
    operator: 'match',
    diff: 'simple'
  }

test at tests\lesson-locale.test.mjs:82:3
✖ zero-answer question keeps its recorded tie from sv to de (45.0756ms)
  AssertionError [ERR_ASSERTION]: actual native ICU locale
      at native (file:///C:/Users/minec/hamon-newton-c77045b4/tests/lesson-locale.test.mjs:40:10)
      at TestContext.<anonymous> (file:///C:/Users/minec/hamon-newton-c77045b4/tests/lesson-locale.test.mjs:83:22)
      at Test.runInAsyncScope (node:async_hooks:227:14)
      at Test.run (node:internal/test_runner/test:1402:25)
      at Test.processPendingSubtests (node:internal/test_runner/test:974:18)
      at Test.postRun (node:internal/test_runner/test:1542:19)
      at Test.run (node:internal/test_runner/test:1467:12)
      at async Test.processPendingSubtests (node:internal/test_runner/test:974:7) {
    generatedMessage: false,
    code: 'ERR_ASSERTION',
    actual: 'en-US',
    expected: /^sv(?:-|$)/,
    operator: 'match',
    diff: 'simple'
  }

test at tests\lesson-locale.test.mjs:89:3
✖ feedback preserves the original answer from sv to de (46.2926ms)
  AssertionError [ERR_ASSERTION]: actual native ICU locale
      at native (file:///C:/Users/minec/hamon-newton-c77045b4/tests/lesson-locale.test.mjs:40:10)
      at TestContext.<anonymous> (file:///C:/Users/minec/hamon-newton-c77045b4/tests/lesson-locale.test.mjs:90:22)
      at Test.runInAsyncScope (node:async_hooks:227:14)
      at Test.run (node:internal/test_runner/test:1402:25)
      at Test.processPendingSubtests (node:internal/test_runner/test:974:18)
      at Test.postRun (node:internal/test_runner/test:1542:19)
      at Test.run (node:internal/test_runner/test:1467:12)
      at async Test.processPendingSubtests (node:internal/test_runner/test:974:7) {
    generatedMessage: false,
    code: 'ERR_ASSERTION',
    actual: 'en-US',
    expected: /^sv(?:-|$)/,
    operator: 'match',
    diff: 'simple'
  }

test at tests\lesson-locale.test.mjs:96:3
✖ a pending tie after a shared first answer survives sv to de (45.5403ms)
  AssertionError [ERR_ASSERTION]: actual native ICU locale
      at native (file:///C:/Users/minec/hamon-newton-c77045b4/tests/lesson-locale.test.mjs:40:10)
      at TestContext.<anonymous> (file:///C:/Users/minec/hamon-newton-c77045b4/tests/lesson-locale.test.mjs:97:22)
      at Test.runInAsyncScope (node:async_hooks:227:14)
      at Test.run (node:internal/test_runner/test:1402:25)
      at Test.processPendingSubtests (node:internal/test_runner/test:974:18)
      at Test.postRun (node:internal/test_runner/test:1542:19)
      at Test.run (node:internal/test_runner/test:1467:12)
      at async Test.processPendingSubtests (node:internal/test_runner/test:974:7) {
    generatedMessage: false,
    code: 'ERR_ASSERTION',
    actual: 'en-US',
    expected: /^sv(?:-|$)/,
    operator: 'match',
    diff: 'simple'
  }

test at tests\sql-query-foundations.test.mjs:52:1
✖ actual SQLite regenerates all twenty-two saved queries and their exact course/default bindings (155.3805ms)
  AssertionError [ERR_ASSERTION]: The input did not match the regular expression /^SQL_BUILD OK questions=12 prepared_queries=22 engine=SQLite-\S+ mode=check\n$/. Input:
  
  'SQL_BUILD OK questions=12 prepared_queries=22 engine=SQLite-3.53.4 mode=check\r\n'
  
      at TestContext.<anonymous> (file:///C:/Users/minec/hamon-newton-c77045b4/tests/sql-query-foundations.test.mjs:55:10)
      at Test.runInAsyncScope (node:async_hooks:227:14)
      at Test.run (node:internal/test_runner/test:1402:25)
      at Test.processPendingSubtests (node:internal/test_runner/test:974:18)
      at Test.postRun (node:internal/test_runner/test:1542:19)
      at Test.run (node:internal/test_runner/test:1467:12)
      at async startSubtestAfterBootstrap (node:internal/test_runner/harness:387:3) {
    generatedMessage: true,
    code: 'ERR_ASSERTION',
    actual: 'SQL_BUILD OK questions=12 prepared_queries=22 engine=SQLite-3.53.4 mode=check\r\n',
    expected: /^SQL_BUILD OK questions=12 prepared_queries=22 engine=SQLite-\S+ mode=check\n$/,
    operator: 'match',
    diff: 'simple'
  }
