TAP version 13
# Subtest: rerouting cancels one exact original edge and increases total flow
ok 1 - rerouting cancels one exact original edge and increases total flow
  ---
  duration_ms: 14.022362
  type: 'test'
  ...
# Subtest: all worked presets meet independent cuts and conservation
ok 2 - all worked presets meet independent cuts and conservation
  ---
  duration_ms: 10.16553
  type: 'test'
  ...
# Subtest: opposite original edge and cancellation remain two residual options
ok 3 - opposite original edge and cancellation remain two residual options
  ---
  duration_ms: 4.16115
  type: 'test'
  ...
# Subtest: all 4096 directed unit-capacity four-vertex networks match exhaustive cuts
ok 4 - all 4096 directed unit-capacity four-vertex networks match exhaustive cuts
  ---
  duration_ms: 1018.003971
  type: 'test'
  ...
# Subtest: seeded integer networks up to eight vertices match cut enumeration
ok 5 - seeded integer networks up to eight vertices match cut enumeration
  ---
  duration_ms: 695.865553
  type: 'test'
  ...
# Subtest: empty, direct, zero and irrelevant source/sink reverse edges
ok 6 - empty, direct, zero and irrelevant source/sink reverse edges
  ---
  duration_ms: 0.842733
  type: 'test'
  ...
# Subtest: input and every retained snapshot are detached and immutable
ok 7 - input and every retained snapshot are detached and immutable
  ---
  duration_ms: 3.440665
  type: 'test'
  ...
# Subtest: structural and numeric refusals happen before solving
ok 8 - structural and numeric refusals happen before solving
  ---
  duration_ms: 2.901311
  type: 'test'
  ...
# Subtest: text parsing and observation downloads preserve the applied inputs
ok 9 - text parsing and observation downloads preserve the applied inputs
  ---
  duration_ms: 5.358019
  type: 'test'
  ...
# Subtest: original course is accepted by the unchanged native deck validator
ok 10 - original course is accepted by the unchanged native deck validator
  ---
  duration_ms: 10.260991
  type: 'test'
  ...
1..10
# tests 10
# suites 0
# pass 10
# fail 0
# cancelled 0
# skipped 0
# todo 0
# duration_ms 2315.44559
